Listening for transport dt_socket at address: 8000
Sep 25, 2014 2:42:02 PM org.apache.catalina.core.AprLifecycleListener init
INFO: The APR based Apache Tomcat Native library which allows optimal performance in production environments was not found on the java.library.path: /usr/lib/jvm/java-1.6.0-openjdk-1.6.0.0.x86_64/jre/lib/amd64/server:/usr/lib/jvm/java-1.6.0-openjdk-1.6.0.0.x86_64/jre/lib/amd64:/usr/lib/jvm/java-1.6.0-openjdk-1.6.0.0.x86_64/jre/../lib/amd64:/usr/java/packages/lib/amd64:/usr/lib64:/lib64:/lib:/usr/lib
1.153: [GC 1.153: [ParNew: 17024K->2112K(19136K), 0.0131970 secs] 17024K->2157K(1046464K), 0.0132850 secs] [Times: user=0.02 sys=0.00, real=0.01 secs] 
Sep 25, 2014 2:42:02 PM org.apache.coyote.AbstractProtocol init
INFO: Initializing ProtocolHandler ["http-bio-8080"]
Sep 25, 2014 2:42:02 PM org.apache.coyote.AbstractProtocol init
INFO: Initializing ProtocolHandler ["ajp-bio-8009"]
Sep 25, 2014 2:42:02 PM org.apache.catalina.startup.Catalina load
INFO: Initialization processed in 811 ms
Sep 25, 2014 2:42:02 PM org.apache.catalina.core.StandardService startInternal
INFO: Starting service Catalina
Sep 25, 2014 2:42:02 PM org.apache.catalina.core.StandardEngine startInternal
INFO: Starting Servlet Engine: Apache Tomcat/7.0.40
Sep 25, 2014 2:42:02 PM org.apache.catalina.startup.HostConfig deployWAR
INFO: Deploying web application archive /opt/projects/trading/shared/pss/webapps/GenericPositionSubsystemWeb.war
1.656: [GC 1.657: [ParNew: 19127K->1787K(19136K), 0.0238780 secs] 19172K->4102K(1046464K), 0.0239550 secs] [Times: user=0.03 sys=0.01, real=0.02 secs] 
2.883: [GC 2.883: [ParNew: 18811K->2112K(19136K), 0.0070520 secs] 21126K->5431K(1046464K), 0.0071180 secs] [Times: user=0.01 sys=0.00, real=0.00 secs] 
4.030: [GC 4.030: [ParNew: 19136K->1518K(19136K), 0.0038050 secs] 22455K->5420K(1046464K), 0.0038760 secs] [Times: user=0.00 sys=0.00, real=0.01 secs] 
4.600: [GC 4.600: [ParNew: 18542K->649K(19136K), 0.0020960 secs] 22444K->4551K(1046464K), 0.0021570 secs] [Times: user=0.01 sys=0.00, real=0.00 secs] 
4.798: [GC 4.798: [ParNew: 17673K->774K(19136K), 0.0013320 secs] 21575K->4676K(1046464K), 0.0014010 secs] [Times: user=0.00 sys=0.00, real=0.00 secs] 
4.896: [GC 4.896: [ParNew: 17798K->769K(19136K), 0.0014400 secs] 21700K->4671K(1046464K), 0.0015090 secs] [Times: user=0.00 sys=0.01, real=0.00 secs] 
5.030: [GC 5.030: [ParNew: 17793K->566K(19136K), 0.0016680 secs] 21695K->4735K(1046464K), 0.0017250 secs] [Times: user=0.00 sys=0.00, real=0.00 secs] 
5.119: [GC 5.119: [ParNew: 17590K->124K(19136K), 0.0017590 secs] 21759K->4506K(1046464K), 0.0018210 secs] [Times: user=0.00 sys=0.00, real=0.00 secs] 
5.219: [GC 5.219: [ParNew: 17148K->1438K(19136K), 0.0021990 secs] 21530K->5819K(1046464K), 0.0022610 secs] [Times: user=0.01 sys=0.00, real=0.00 secs] 
5.363: [GC 5.363: [ParNew: 18462K->777K(19136K), 0.0029560 secs] 22843K->5716K(1046464K), 0.0030170 secs] [Times: user=0.01 sys=0.00, real=0.01 secs] 
5.478: [GC 5.478: [ParNew: 17801K->367K(19136K), 0.0050840 secs] 22740K->5306K(1046464K), 0.0051460 secs] [Times: user=0.00 sys=0.00, real=0.00 secs] 
5.553: [GC 5.554: [ParNew: 17391K->383K(19136K), 0.0007790 secs] 22330K->5322K(1046464K), 0.0008400 secs] [Times: user=0.00 sys=0.00, real=0.00 secs] 
5.630: [GC 5.630: [ParNew: 17407K->529K(19136K), 0.0008950 secs] 22346K->5468K(1046464K), 0.0009690 secs] [Times: user=0.00 sys=0.00, real=0.00 secs] 
5.710: [GC 5.710: [ParNew: 17553K->325K(19136K), 0.0011510 secs] 22492K->5417K(1046464K), 0.0012120 secs] [Times: user=0.00 sys=0.00, real=0.00 secs] 
5.787: [GC 5.787: [ParNew: 17349K->55K(19136K), 0.0009860 secs] 22441K->5245K(1046464K), 0.0010540 secs] [Times: user=0.01 sys=0.00, real=0.00 secs] 
5.855: [GC 5.855: [ParNew: 17079K->76K(19136K), 0.0005440 secs] 22269K->5267K(1046464K), 0.0006060 secs] [Times: user=0.00 sys=0.00, real=0.00 secs] 
5.915: [GC 5.915: [ParNew: 17100K->71K(19136K), 0.0005050 secs] 22291K->5262K(1046464K), 0.0005650 secs] [Times: user=0.00 sys=0.00, real=0.00 secs] 
5.972: [GC 5.972: [ParNew: 17095K->59K(19136K), 0.0005120 secs] 22286K->5250K(1046464K), 0.0005960 secs] [Times: user=0.00 sys=0.00, real=0.00 secs] 
6.031: [GC 6.031: [ParNew: 17083K->18K(19136K), 0.0004890 secs] 22274K->5208K(1046464K), 0.0005500 secs] [Times: user=0.00 sys=0.00, real=0.00 secs] 
6.177: [GC 6.178: [ParNew: 17042K->71K(19136K), 0.0005360 secs] 22232K->5261K(1046464K), 0.0005970 secs] [Times: user=0.00 sys=0.00, real=0.00 secs] 
6.244: [GC 6.244: [ParNew: 17095K->59K(19136K), 0.0004690 secs] 22285K->5249K(1046464K), 0.0005300 secs] [Times: user=0.00 sys=0.00, real=0.00 secs] 
6.616: [GC 6.616: [ParNew: 17083K->1946K(19136K), 0.0026440 secs] 22273K->7136K(1046464K), 0.0027080 secs] [Times: user=0.01 sys=0.00, real=0.00 secs] 
7.497: [GC 7.497: [ParNew: 18970K->987K(19136K), 0.0021970 secs] 24160K->6541K(1046464K), 0.0022590 secs] [Times: user=0.00 sys=0.00, real=0.00 secs] 
8.279: [GC 8.279: [ParNew: 18011K->575K(19136K), 0.0024770 secs] 23565K->6129K(1046464K), 0.0025410 secs] [Times: user=0.00 sys=0.00, real=0.00 secs] 
8.331: [Full GC 8.331: [CMS: 5554K->4667K(1027328K), 0.1358060 secs] 8012K->4667K(1046464K), [CMS Perm : 21246K->21228K(21248K)], 0.1360440 secs] [Times: user=0.09 sys=0.05, real=0.14 secs] 
2014-09-25 14:42:10.214 Oracle Coherence 3.3.1/389 <Info> (thread=localhost-startStop-1, member=n/a): Loaded operational configuration from resource "jar:file:/opt/projects/trading/shared/lib/coherence.jar!/tangosol-coherence.xml"
2014-09-25 14:42:10.220 Oracle Coherence 3.3.1/389 <Info> (thread=localhost-startStop-1, member=n/a): Loaded operational overrides from resource "file:/opt/projects/trading/shared/conf/tangosol-coherence-override-prod.xml"
2014-09-25 14:42:10.220 Oracle Coherence 3.3.1/389 <D5> (thread=localhost-startStop-1, member=n/a): Optional configuration override "/tangosol-coherence-override.xml" is not specified

Oracle Coherence Version 3.3.1/389
 Grid Edition: Production mode
Copyright (c) 2000-2007 Oracle. All rights reserved.

2014-09-25 14:42:10.676 Oracle Coherence GE 3.3.1/389 <D5> (thread=Cluster, member=n/a): Service Cluster joined the cluster with senior service member n/a
2014-09-25 14:42:10.885 Oracle Coherence GE 3.3.1/389 <Info> (thread=Cluster, member=n/a): This Member(Id=6, Timestamp=2014-09-25 14:42:10.701, Address=10.199.0.26:8089, MachineId=52506, Location=process:2864@pssprod01, Edition=Grid Edition, Mode=Production, CpuCount=2, SocketCount=1) joined cluster with senior Member(Id=1, Timestamp=2014-09-25 14:41:50.371, Address=10.199.0.30:8088, MachineId=52510, Location=process:19583@dssprod01, Edition=Grid Edition, Mode=Production, CpuCount=2, SocketCount=1)
2014-09-25 14:42:10.888 Oracle Coherence GE 3.3.1/389 <D5> (thread=Cluster, member=n/a): Member(Id=2, Timestamp=2014-09-25 14:41:55.763, Address=10.199.0.26:8088, MachineId=52506, Location=process:2769@pssprod01) joined Cluster with senior member 1
2014-09-25 14:42:10.889 Oracle Coherence GE 3.3.1/389 <D5> (thread=Cluster, member=n/a): Member(Id=3, Timestamp=2014-09-25 14:41:55.818, Address=10.199.0.32:8088, MachineId=52512, Location=process:9053@dssprod02) joined Cluster with senior member 1
2014-09-25 14:42:10.889 Oracle Coherence GE 3.3.1/389 <D5> (thread=Cluster, member=n/a): Member(Id=4, Timestamp=2014-09-25 14:41:55.834, Address=10.199.0.27:8088, MachineId=52507, Location=process:14840@pssprod02) joined Cluster with senior member 1
2014-09-25 14:42:10.889 Oracle Coherence GE 3.3.1/389 <D5> (thread=Cluster, member=n/a): Member(Id=5, Timestamp=2014-09-25 14:41:57.721, Address=10.199.0.29:8088, MachineId=52509, Location=process:5974@pssprod03) joined Cluster with senior member 1
2014-09-25 14:42:10.897 Oracle Coherence GE 3.3.1/389 <D5> (thread=Cluster, member=n/a): Member 1 joined Service DistributedCache with senior member 1
2014-09-25 14:42:10.898 Oracle Coherence GE 3.3.1/389 <D5> (thread=Cluster, member=n/a): Member 1 joined Service ReplicatedCache with senior member 1
2014-09-25 14:42:10.902 Oracle Coherence GE 3.3.1/389 <D5> (thread=Cluster, member=n/a): Member 2 joined Service DistributedCache with senior member 1
2014-09-25 14:42:10.902 Oracle Coherence GE 3.3.1/389 <D5> (thread=Cluster, member=n/a): Member 2 joined Service ReplicatedCache with senior member 1
2014-09-25 14:42:10.903 Oracle Coherence GE 3.3.1/389 <D5> (thread=Cluster, member=n/a): Member 3 joined Service DistributedCache with senior member 1
2014-09-25 14:42:10.903 Oracle Coherence GE 3.3.1/389 <D5> (thread=Cluster, member=n/a): Member 3 joined Service ReplicatedCache with senior member 1
2014-09-25 14:42:10.904 Oracle Coherence GE 3.3.1/389 <D5> (thread=Cluster, member=n/a): Member 4 joined Service DistributedCache with senior member 1
2014-09-25 14:42:10.904 Oracle Coherence GE 3.3.1/389 <D5> (thread=Cluster, member=n/a): Member 4 joined Service ReplicatedCache with senior member 1
2014-09-25 14:42:10.904 Oracle Coherence GE 3.3.1/389 <D5> (thread=Cluster, member=n/a): Member 5 joined Service DistributedCache with senior member 1
2014-09-25 14:42:10.905 Oracle Coherence GE 3.3.1/389 <D5> (thread=Cluster, member=n/a): Member 5 joined Service ReplicatedCache with senior member 1
2014-09-25 14:42:11.081 Oracle Coherence GE 3.3.1/389 <D5> (thread=Cluster, member=6): TcpRing: connecting to member 3 using TcpSocket{State=STATE_OPEN, Socket=Socket[addr=/10.199.0.32,port=8088,localport=40628]}
logging configured from : config/log4j.xml, successfully.
2014-09-25 14:42:11,243 INFO  [WamServer] Load with config files:
2014-09-25 14:42:11,244 INFO  [WamServer] file:config/pssDAOContext.xml
2014-09-25 14:42:11,244 INFO  [WamServer] file:config/pssJmsContext.xml
2014-09-25 14:42:11,244 INFO  [WamServer] file:config/pssSubsystemContext.xml
2014-09-25 14:42:11,244 INFO  [WamServer] file:config/pssContext.xml
2014-09-25 14:42:11,244 INFO  [WamServer] file:config/pssJmxContext.xml
2014-09-25 14:42:11,244 INFO  [WamServer] file:config/sweeperContext.xml
log4j:WARN No appenders could be found for logger (org.springframework.context.support.ClassPathXmlApplicationContext).
log4j:WARN Please initialize the log4j system properly.
9.819: [GC 9.819: [ParNew: 34112K->1615K(38336K), 0.0083400 secs] 38779K->6283K(1065664K), 0.0084250 secs] [Times: user=0.02 sys=0.00, real=0.01 secs] 
2014-09-25 14:42:12,403 INFO  [JMSConnection] JMSConnection.setupConnection Attempting to connect
2014-09-25 14:42:12,404 INFO  [SonicMQConnectionFactoryProvider] ********************************************************
2014-09-25 14:42:12,404 INFO  [SonicMQConnectionFactoryProvider] WesternAsset JMS Framework
2014-09-25 14:42:12,404 INFO  [SonicMQConnectionFactoryProvider] SonicMQConnectionFactoryProvider.getConnectionFactory
2014-09-25 14:42:12,404 INFO  [SonicMQConnectionFactoryProvider] using brokerUrlList: sonicprod1:2507,sonicprod2:2508,sonicprod2:2507,sonicprod1:2508
2014-09-25 14:42:12,404 INFO  [SonicMQConnectionFactoryProvider] ********************************************************
10.934: [GC 10.934: [ParNew: 35727K->2927K(38336K), 0.0118190 secs] 40395K->7595K(1065664K), 0.0119020 secs] [Times: user=0.02 sys=0.00, real=0.02 secs] 
2014-09-25 14:42:12,738 INFO  [JMSConnection] JMSConnection.setupConnection Connection created
11.067: [Full GC 11.067: [CMS: 4667K->7018K(1027328K), 0.1223020 secs] 10698K->7018K(1065664K), [CMS Perm : 35286K->35272K(35384K)], 0.1225610 secs] [Times: user=0.12 sys=0.00, real=0.12 secs] 
2014-09-25 14:42:12,942 INFO  [SubsystemImpl] Subsystem: P3PortfolioSubsystem loaded
2014-09-25 14:42:12,942 INFO  [JMSSubscriber] createTopicSubscription:com.westernasset.framework.subsystem.function.request.AllSubsystems.describe,null
2014-09-25 14:42:12,974 INFO  [JMSSubscriber] createTopicSubscription:[[P3PortfolioSubsystem]]com.westernasset.framework.subsystem.function.request.P3PortfolioSubsystem.GetPortfolio,null
2014-09-25 14:42:12,997 INFO  [SubsystemImpl] Subsystem: P3PortfolioSubsystem function registered: GetPortfolio
2014-09-25 14:42:12,997 INFO  [JMSSubscriber] createTopicSubscription:[[P3PortfolioSubsystem]]com.westernasset.framework.subsystem.function.request.P3PortfolioSubsystem.GetPortfolioByNumber,null
2014-09-25 14:42:13,122 INFO  [SubsystemImpl] Subsystem: P3PortfolioSubsystem function registered: GetPortfolioByNumber
2014-09-25 14:42:13,123 INFO  [JMSSubscriber] createTopicSubscription:[[P3PortfolioSubsystem]]com.westernasset.framework.subsystem.function.request.P3PortfolioSubsystem.GetAllPortfolios,null
2014-09-25 14:42:13,143 INFO  [SubsystemImpl] Subsystem: P3PortfolioSubsystem function registered: GetAllPortfolios
2014-09-25 14:42:13,143 INFO  [JMSSubscriber] createTopicSubscription:[[P3PortfolioSubsystem]]com.westernasset.framework.subsystem.function.request.P3PortfolioSubsystem.GetAllPortfolioGroups,null
2014-09-25 14:42:13,164 INFO  [SubsystemImpl] Subsystem: P3PortfolioSubsystem function registered: GetAllPortfolioGroups
2014-09-25 14:42:13,164 INFO  [JMSSubscriber] createTopicSubscription:[[P3PortfolioSubsystem]]com.westernasset.framework.subsystem.function.request.P3PortfolioSubsystem.GetPortfolioIdsForGroup,null
2014-09-25 14:42:13,184 INFO  [SubsystemImpl] Subsystem: P3PortfolioSubsystem function registered: GetPortfolioIdsForGroup
2014-09-25 14:42:13,184 INFO  [JMSSubscriber] createTopicSubscription:[[P3PortfolioSubsystem]]com.westernasset.framework.subsystem.function.request.P3PortfolioSubsystem.GetAllNotes,null
2014-09-25 14:42:13,200 INFO  [SubsystemImpl] Subsystem: P3PortfolioSubsystem function registered: GetAllNotes
2014-09-25 14:42:13,200 INFO  [JMSSubscriber] createTopicSubscription:[[P3PortfolioSubsystem]]com.westernasset.framework.subsystem.function.request.P3PortfolioSubsystem.GetNotesFor,null
2014-09-25 14:42:13,221 INFO  [SubsystemImpl] Subsystem: P3PortfolioSubsystem function registered: GetNotesFor
2014-09-25 14:42:13,221 INFO  [JMSSubscriber] createTopicSubscription:[[P3PortfolioSubsystem]]com.westernasset.framework.subsystem.function.request.P3PortfolioSubsystem.ValidatePortfolios,null
2014-09-25 14:42:13,245 INFO  [SubsystemImpl] Subsystem: P3PortfolioSubsystem function registered: ValidatePortfolios
2014-09-25 14:42:13,245 INFO  [JMSSubscriber] createTopicSubscription:[[P3PortfolioSubsystem]]com.westernasset.framework.subsystem.function.request.P3PortfolioSubsystem.GetPortfolioSettings,null
2014-09-25 14:42:13,260 INFO  [SubsystemImpl] Subsystem: P3PortfolioSubsystem function registered: GetPortfolioSettings
2014-09-25 14:42:13,284 INFO  [JMSSubscriber] createTopicSubscription:[[P3PortfolioSubsystem]]com.westernasset.framework.subsystem.function.request.P3PortfolioSubsystem.GetCurrentBusinessDate,null
2014-09-25 14:42:13,302 INFO  [SubsystemImpl] Subsystem: P3PortfolioSubsystem function registered: GetCurrentBusinessDate
2014-09-25 14:42:13,302 INFO  [JMSSubscriber] createTopicSubscription:[[P3PortfolioSubsystem]]com.westernasset.framework.subsystem.function.request.P3PortfolioSubsystem.UpdateNotes,null
2014-09-25 14:42:13,322 INFO  [SubsystemImpl] Subsystem: P3PortfolioSubsystem function registered: UpdateNotes
2014-09-25 14:42:13,322 INFO  [JMSSubscriber] createTopicSubscription:[[P3PortfolioSubsystem]]com.westernasset.framework.subsystem.function.request.P3PortfolioSubsystem.UpdateIssuerThreshold,null
2014-09-25 14:42:13,339 INFO  [SubsystemImpl] Subsystem: P3PortfolioSubsystem function registered: UpdateIssuerThreshold
2014-09-25 14:42:13,339 INFO  [JMSSubscriber] createTopicSubscription:[[P3PortfolioSubsystem]]com.westernasset.framework.subsystem.function.request.P3PortfolioSubsystem.AddNotes,null
2014-09-25 14:42:13,359 INFO  [SubsystemImpl] Subsystem: P3PortfolioSubsystem function registered: AddNotes
2014-09-25 14:42:13,359 INFO  [JMSSubscriber] createTopicSubscription:[[P3PortfolioSubsystem]]com.westernasset.framework.subsystem.function.request.P3PortfolioSubsystem.RemoveNotes,null
2014-09-25 14:42:13,374 INFO  [SubsystemImpl] Subsystem: P3PortfolioSubsystem function registered: RemoveNotes
2014-09-25 14:42:13,374 INFO  [JMSSubscriber] createTopicSubscription:[[P3PortfolioSubsystem]]com.westernasset.framework.subsystem.function.request.P3PortfolioSubsystem.SavePortfolioSettings,null
2014-09-25 14:42:13,394 INFO  [SubsystemImpl] Subsystem: P3PortfolioSubsystem function registered: SavePortfolioSettings
2014-09-25 14:42:13,394 INFO  [JMSSubscriber] createTopicSubscription:[[P3PortfolioSubsystem]]com.westernasset.framework.subsystem.function.request.P3PortfolioSubsystem.LoadAllPortfolios,null
2014-09-25 14:42:13,410 INFO  [SubsystemImpl] Subsystem: P3PortfolioSubsystem function registered: LoadAllPortfolios
2014-09-25 14:42:13,410 INFO  [JMSSubscriber] createTopicSubscription:[[P3PortfolioSubsystem]]com.westernasset.framework.subsystem.function.request.P3PortfolioSubsystem.LoadAllPortfolioGroups,null
2014-09-25 14:42:13,430 INFO  [SubsystemImpl] Subsystem: P3PortfolioSubsystem function registered: LoadAllPortfolioGroups
2014-09-25 14:42:13.449 Oracle Coherence GE 3.3.1/389 <Info> (thread=localhost-startStop-1, member=6): Loaded cache configuration from resource "file:/opt/projects/trading/shared/conf/wam-cache-config.xml"
2014-09-25 14:42:13.598 Oracle Coherence GE 3.3.1/389 <D5> (thread=DistributedCache, member=6): Service DistributedCache joined the cluster with senior service member 1
2014-09-25 14:42:13.622 Oracle Coherence GE 3.3.1/389 <D5> (thread=DistributedCache, member=6): Service DistributedCache: received ServiceConfigSync containing 258 entries
2014-09-25 14:42:13,672 INFO  [PortfolioSubsystem] Extracting AllPortfolios from database.
2014-09-25 14:42:14,746 INFO  [PortfolioSubsystem] Loading portfolios into Cache that are fetched from database. size is :1745
15.737: [GC 15.737: [ParNew: 34112K->4224K(38336K), 0.0167300 secs] 41130K->11643K(1065664K), 0.0168200 secs] [Times: user=0.03 sys=0.01, real=0.01 secs] 
2014-09-25 14:42:19,456 INFO  [PortfolioSubsystem] Loaded portfolios into Cache 1745
2014-09-25 14:42:19,456 INFO  [PortfolioSubsystem] Extracting AllNotes from database.
2014-09-25 14:42:19,491 INFO  [PortfolioSubsystem] Loading notes into Cache that are fetched from database. size is :1
2014-09-25 14:42:19,513 INFO  [PortfolioSubsystem] Loaded notes into Cache 1
2014-09-25 14:42:19,513 INFO  [PortfolioSubsystem] Extracting AllGroups from database.
20.701: [GC 20.702: [ParNew: 38336K->4224K(38336K), 0.0398320 secs] 45755K->18902K(1065664K), 0.0399180 secs] [Times: user=0.06 sys=0.01, real=0.04 secs] 
21.470: [GC 21.470: [ParNew: 38336K->4224K(38336K), 0.0591270 secs] 53014K->33861K(1065664K), 0.0592090 secs] [Times: user=0.09 sys=0.02, real=0.06 secs] 
21.955: [GC 21.955: [ParNew: 38336K->4224K(38336K), 0.0595710 secs] 67973K->48070K(1065664K), 0.0596610 secs] [Times: user=0.09 sys=0.02, real=0.06 secs] 
22.129: [GC 22.129: [ParNew: 38336K->4213K(38336K), 0.0179000 secs] 82182K->52280K(1065664K), 0.0180000 secs] [Times: user=0.03 sys=0.00, real=0.02 secs] 
22.172: [GC 22.172: [ParNew: 38325K->1903K(38336K), 0.0089290 secs] 86392K->52155K(1065664K), 0.0090090 secs] [Times: user=0.02 sys=0.01, real=0.01 secs] 
22.207: [GC 22.207: [ParNew: 36015K->492K(38336K), 0.0010560 secs] 86267K->50744K(1065664K), 0.0011330 secs] [Times: user=0.00 sys=0.00, real=0.00 secs] 
22.232: [GC 22.232: [ParNew: 34604K->150K(38336K), 0.0011020 secs] 84856K->50402K(1065664K), 0.0011660 secs] [Times: user=0.00 sys=0.00, real=0.00 secs] 
22.258: [GC 22.258: [ParNew: 34262K->172K(38336K), 0.0011060 secs] 84514K->50424K(1065664K), 0.0011770 secs] [Times: user=0.01 sys=0.00, real=0.00 secs] 
22.283: [GC 22.283: [ParNew: 34284K->241K(38336K), 0.0012320 secs] 84536K->50493K(1065664K), 0.0012960 secs] [Times: user=0.00 sys=0.00, real=0.00 secs] 
22.309: [GC 22.309: [ParNew: 34353K->160K(38336K), 0.0011400 secs] 84605K->50412K(1065664K), 0.0012050 secs] [Times: user=0.00 sys=0.00, real=0.00 secs] 
22.340: [GC 22.340: [ParNew: 34272K->324K(38336K), 0.0013400 secs] 84524K->50576K(1065664K), 0.0014070 secs] [Times: user=0.00 sys=0.00, real=0.00 secs] 
22.366: [GC 22.366: [ParNew: 34436K->456K(38336K), 0.0014180 secs] 84688K->50708K(1065664K), 0.0015000 secs] [Times: user=0.01 sys=0.00, real=0.00 secs] 
22.392: [GC 22.392: [ParNew: 34568K->282K(38336K), 0.0014270 secs] 84820K->50534K(1065664K), 0.0014900 secs] [Times: user=0.00 sys=0.00, real=0.00 secs] 
22.417: [GC 22.417: [ParNew: 34394K->553K(38336K), 0.0013500 secs] 84646K->50805K(1065664K), 0.0014160 secs] [Times: user=0.00 sys=0.00, real=0.00 secs] 
22.443: [GC 22.443: [ParNew: 34665K->179K(38336K), 0.0019470 secs] 84917K->50633K(1065664K), 0.0020150 secs] [Times: user=0.01 sys=0.00, real=0.00 secs] 
22.471: [GC 22.471: [ParNew: 34291K->206K(38336K), 0.0011190 secs] 84745K->50660K(1065664K), 0.0011850 secs] [Times: user=0.00 sys=0.00, real=0.00 secs] 
22.498: [GC 22.498: [ParNew: 34318K->233K(38336K), 0.0024350 secs] 84772K->50687K(1065664K), 0.0025290 secs] [Times: user=0.00 sys=0.00, real=0.00 secs] 
22.525: [GC 22.525: [ParNew: 34345K->171K(38336K), 0.0023190 secs] 84799K->50625K(1065664K), 0.0023990 secs] [Times: user=0.00 sys=0.00, real=0.01 secs] 
22.554: [GC 22.554: [ParNew: 34283K->251K(38336K), 0.0012940 secs] 84737K->50706K(1065664K), 0.0013600 secs] [Times: user=0.01 sys=0.00, real=0.00 secs] 
22.581: [GC 22.581: [ParNew: 34363K->344K(38336K), 0.0012930 secs] 84818K->50799K(1065664K), 0.0013850 secs] [Times: user=0.00 sys=0.00, real=0.00 secs] 
22.613: [GC 22.613: [ParNew: 34456K->311K(38336K), 0.0013020 secs] 84911K->50766K(1065664K), 0.0013660 secs] [Times: user=0.00 sys=0.00, real=0.00 secs] 
22.643: [GC 22.643: [ParNew: 34423K->458K(38336K), 0.0014550 secs] 84878K->50912K(1065664K), 0.0015210 secs] [Times: user=0.00 sys=0.00, real=0.00 secs] 
22.673: [GC 22.673: [ParNew: 34570K->510K(38336K), 0.0020770 secs] 85024K->51091K(1065664K), 0.0021410 secs] [Times: user=0.01 sys=0.00, real=0.00 secs] 
22.699: [GC 22.699: [ParNew: 34622K->648K(38336K), 0.0017820 secs] 85203K->51279K(1065664K), 0.0018460 secs] [Times: user=0.00 sys=0.00, real=0.00 secs] 
22.726: [GC 22.726: [ParNew: 34760K->675K(38336K), 0.0018610 secs] 85391K->51356K(1065664K), 0.0019260 secs] [Times: user=0.00 sys=0.00, real=0.00 secs] 
22.752: [GC 22.752: [ParNew: 34787K->760K(38336K), 0.0021440 secs] 85468K->51584K(1065664K), 0.0022080 secs] [Times: user=0.00 sys=0.00, real=0.00 secs] 
22.787: [GC 22.787: [ParNew: 34872K->427K(38336K), 0.0034000 secs] 85696K->51446K(1065664K), 0.0034710 secs] [Times: user=0.01 sys=0.00, real=0.00 secs] 
22.814: [GC 22.814: [ParNew: 34539K->269K(38336K), 0.0012600 secs] 85558K->51288K(1065664K), 0.0013300 secs] [Times: user=0.00 sys=0.00, real=0.00 secs] 
22.839: [GC 22.839: [ParNew: 34381K->341K(38336K), 0.0018380 secs] 85400K->51498K(1065664K), 0.0019110 secs] [Times: user=0.00 sys=0.00, real=0.00 secs] 
22.865: [GC 22.865: [ParNew: 34453K->231K(38336K), 0.0011990 secs] 85610K->51388K(1065664K), 0.0012680 secs] [Times: user=0.00 sys=0.00, real=0.01 secs] 
22.889: [GC 22.889: [ParNew: 34343K->291K(38336K), 0.0013030 secs] 85500K->51448K(1065664K), 0.0013680 secs] [Times: user=0.01 sys=0.00, real=0.00 secs] 
22.914: [GC 22.914: [ParNew: 34403K->363K(38336K), 0.0012840 secs] 85560K->51520K(1065664K), 0.0013570 secs] [Times: user=0.00 sys=0.00, real=0.01 secs] 
22.939: [GC 22.940: [ParNew: 34475K->245K(38336K), 0.0012430 secs] 85632K->51401K(1065664K), 0.0013170 secs] [Times: user=0.00 sys=0.01, real=0.00 secs] 
22.964: [GC 22.964: [ParNew: 34357K->332K(38336K), 0.0012400 secs] 85513K->51488K(1065664K), 0.0013080 secs] [Times: user=0.00 sys=0.00, real=0.01 secs] 
22.990: [GC 22.990: [ParNew: 34444K->296K(38336K), 0.0013180 secs] 85600K->51452K(1065664K), 0.0014040 secs] [Times: user=0.01 sys=0.00, real=0.00 secs] 
23.015: [GC 23.015: [ParNew: 34408K->413K(38336K), 0.0013460 secs] 85564K->51570K(1065664K), 0.0014190 secs] [Times: user=0.00 sys=0.00, real=0.01 secs] 
23.040: [GC 23.040: [ParNew: 34525K->261K(38336K), 0.0018710 secs] 85682K->51563K(1065664K), 0.0019430 secs] [Times: user=0.01 sys=0.00, real=0.00 secs] 
23.066: [GC 23.066: [ParNew: 34373K->222K(38336K), 0.0011830 secs] 85675K->51524K(1065664K), 0.0012490 secs] [Times: user=0.00 sys=0.00, real=0.01 secs] 
23.090: [GC 23.090: [ParNew: 34334K->154K(38336K), 0.0012220 secs] 85636K->51457K(1065664K), 0.0013040 secs] [Times: user=0.00 sys=0.00, real=0.00 secs] 
23.114: [GC 23.114: [ParNew: 34266K->220K(38336K), 0.0011340 secs] 85569K->51523K(1065664K), 0.0012000 secs] [Times: user=0.00 sys=0.00, real=0.01 secs] 
23.139: [GC 23.139: [ParNew: 34332K->344K(38336K), 0.0013850 secs] 85635K->51647K(1065664K), 0.0014500 secs] [Times: user=0.00 sys=0.00, real=0.00 secs] 
23.164: [GC 23.164: [ParNew: 34456K->529K(38336K), 0.0013640 secs] 85759K->51832K(1065664K), 0.0014310 secs] [Times: user=0.00 sys=0.00, real=0.00 secs] 
23.189: [GC 23.189: [ParNew: 34641K->663K(38336K), 0.0014900 secs] 85944K->51966K(1065664K), 0.0015630 secs] [Times: user=0.00 sys=0.00, real=0.00 secs] 
23.214: [GC 23.214: [ParNew: 34775K->450K(38336K), 0.0019050 secs] 86078K->51889K(1065664K), 0.0019750 secs] [Times: user=0.01 sys=0.00, real=0.01 secs] 
23.239: [GC 23.239: [ParNew: 34562K->227K(38336K), 0.0016700 secs] 86001K->51784K(1065664K), 0.0017340 secs] [Times: user=0.00 sys=0.00, real=0.00 secs] 
23.265: [GC 23.265: [ParNew: 34339K->161K(38336K), 0.0011480 secs] 85896K->51718K(1065664K), 0.0012120 secs] [Times: user=0.00 sys=0.00, real=0.00 secs] 
23.290: [GC 23.290: [ParNew: 34273K->241K(38336K), 0.0011870 secs] 85830K->51797K(1065664K), 0.0012560 secs] [Times: user=0.00 sys=0.00, real=0.00 secs] 
23.315: [GC 23.316: [ParNew: 34353K->356K(38336K), 0.0014210 secs] 85909K->51913K(1065664K), 0.0014850 secs] [Times: user=0.00 sys=0.00, real=0.01 secs] 
23.341: [GC 23.341: [ParNew: 34468K->518K(38336K), 0.0014480 secs] 86025K->52075K(1065664K), 0.0015130 secs] [Times: user=0.00 sys=0.00, real=0.00 secs] 
23.366: [GC 23.366: [ParNew: 34630K->666K(38336K), 0.0014680 secs] 86187K->52223K(1065664K), 0.0015420 secs] [Times: user=0.00 sys=0.00, real=0.01 secs] 
23.391: [GC 23.391: [ParNew: 34778K->567K(38336K), 0.0015750 secs] 86335K->52124K(1065664K), 0.0016420 secs] [Times: user=0.00 sys=0.00, real=0.00 secs] 
23.416: [GC 23.416: [ParNew: 34679K->380K(38336K), 0.0024740 secs] 86236K->52218K(1065664K), 0.0025500 secs] [Times: user=0.01 sys=0.00, real=0.01 secs] 
23.442: [GC 23.442: [ParNew: 34492K->305K(38336K), 0.0012860 secs] 86330K->52143K(1065664K), 0.0013530 secs] [Times: user=0.00 sys=0.00, real=0.00 secs] 
23.468: [GC 23.468: [ParNew: 34417K->159K(38336K), 0.0011670 secs] 86255K->51998K(1065664K), 0.0012340 secs] [Times: user=0.00 sys=0.00, real=0.00 secs] 
23.492: [GC 23.492: [ParNew: 34271K->191K(38336K), 0.0012130 secs] 86110K->52030K(1065664K), 0.0012960 secs] [Times: user=0.00 sys=0.00, real=0.00 secs] 
23.517: [GC 23.517: [ParNew: 34303K->245K(38336K), 0.0012260 secs] 86142K->52084K(1065664K), 0.0012930 secs] [Times: user=0.00 sys=0.00, real=0.01 secs] 
23.542: [GC 23.542: [ParNew: 34357K->252K(38336K), 0.0011930 secs] 86196K->52091K(1065664K), 0.0012620 secs] [Times: user=0.01 sys=0.00, real=0.00 secs] 
23.566: [GC 23.567: [ParNew: 34364K->324K(38336K), 0.0013060 secs] 86203K->52163K(1065664K), 0.0013830 secs] [Times: user=0.00 sys=0.00, real=0.01 secs] 
23.591: [GC 23.591: [ParNew: 34436K->442K(38336K), 0.0013150 secs] 86275K->52280K(1065664K), 0.0013800 secs] [Times: user=0.01 sys=0.00, real=0.00 secs] 
23.616: [GC 23.616: [ParNew: 34554K->228K(38336K), 0.0016480 secs] 86392K->52174K(1065664K), 0.0017130 secs] [Times: user=0.00 sys=0.00, real=0.01 secs] 
23.641: [GC 23.641: [ParNew: 34340K->174K(38336K), 0.0011310 secs] 86286K->52120K(1065664K), 0.0011970 secs] [Times: user=0.00 sys=0.00, real=0.00 secs] 
23.666: [GC 23.666: [ParNew: 34286K->296K(38336K), 0.0012390 secs] 86232K->52241K(1065664K), 0.0013050 secs] [Times: user=0.01 sys=0.00, real=0.01 secs] 
23.690: [GC 23.690: [ParNew: 34408K->391K(38336K), 0.0012520 secs] 86353K->52337K(1065664K), 0.0013160 secs] [Times: user=0.00 sys=0.01, real=0.00 secs] 
23.715: [GC 23.715: [ParNew: 34503K->258K(38336K), 0.0012290 secs] 86449K->52204K(1065664K), 0.0012940 secs] [Times: user=0.01 sys=0.00, real=0.00 secs] 
23.740: [GC 23.740: [ParNew: 34370K->335K(38336K), 0.0013180 secs] 86316K->52281K(1065664K), 0.0014030 secs] [Times: user=0.00 sys=0.00, real=0.00 secs] 
23.765: [GC 23.765: [ParNew: 34447K->288K(38336K), 0.0012670 secs] 86393K->52233K(1065664K), 0.0013340 secs] [Times: user=0.01 sys=0.00, real=0.01 secs] 
23.790: [GC 23.790: [ParNew: 34400K->414K(38336K), 0.0012870 secs] 86345K->52360K(1065664K), 0.0013620 secs] [Times: user=0.00 sys=0.00, real=0.00 secs] 
23.815: [GC 23.815: [ParNew: 34526K->210K(38336K), 0.0015960 secs] 86472K->52260K(1065664K), 0.0016850 secs] [Times: user=0.01 sys=0.00, real=0.01 secs] 
23.841: [GC 23.841: [ParNew: 34322K->162K(38336K), 0.0011410 secs] 86372K->52213K(1065664K), 0.0012070 secs] [Times: user=0.00 sys=0.00, real=0.00 secs] 
23.865: [GC 23.865: [ParNew: 34274K->188K(38336K), 0.0011500 secs] 86325K->52238K(1065664K), 0.0012180 secs] [Times: user=0.00 sys=0.00, real=0.00 secs] 
23.889: [GC 23.889: [ParNew: 34300K->184K(38336K), 0.0012250 secs] 86350K->52234K(1065664K), 0.0012920 secs] [Times: user=0.00 sys=0.00, real=0.00 secs] 
23.915: [GC 23.915: [ParNew: 34296K->262K(38336K), 0.0012290 secs] 86346K->52312K(1065664K), 0.0013070 secs] [Times: user=0.00 sys=0.00, real=0.00 secs] 
23.940: [GC 23.940: [ParNew: 34374K->365K(38336K), 0.0012900 secs] 86424K->52415K(1065664K), 0.0013650 secs] [Times: user=0.01 sys=0.00, real=0.00 secs] 
23.965: [GC 23.965: [ParNew: 34477K->443K(38336K), 0.0013020 secs] 86527K->52493K(1065664K), 0.0013750 secs] [Times: user=0.00 sys=0.00, real=0.00 secs] 
23.990: [GC 23.990: [ParNew: 34555K->141K(38336K), 0.0016650 secs] 86605K->52296K(1065664K), 0.0017330 secs] [Times: user=0.00 sys=0.00, real=0.00 secs] 
24.016: [GC 24.016: [ParNew: 34253K->165K(38336K), 0.0011710 secs] 86408K->52320K(1065664K), 0.0012400 secs] [Times: user=0.00 sys=0.00, real=0.01 secs] 
24.040: [GC 24.040: [ParNew: 34277K->226K(38336K), 0.0011790 secs] 86432K->52381K(1065664K), 0.0012460 secs] [Times: user=0.00 sys=0.00, real=0.00 secs] 
24.065: [GC 24.065: [ParNew: 34338K->284K(38336K), 0.0012430 secs] 86493K->52439K(1065664K), 0.0013080 secs] [Times: user=0.00 sys=0.00, real=0.00 secs] 
24.089: [GC 24.089: [ParNew: 34396K->234K(38336K), 0.0012650 secs] 86551K->52388K(1065664K), 0.0013370 secs] [Times: user=0.00 sys=0.00, real=0.00 secs] 
24.114: [GC 24.114: [ParNew: 34346K->304K(38336K), 0.0012250 secs] 86500K->52459K(1065664K), 0.0012900 secs] [Times: user=0.00 sys=0.00, real=0.00 secs] 
24.139: [GC 24.139: [ParNew: 34416K->354K(38336K), 0.0012250 secs] 86571K->52509K(1065664K), 0.0012890 secs] [Times: user=0.00 sys=0.00, real=0.00 secs] 
24.163: [GC 24.163: [ParNew: 34466K->238K(38336K), 0.0011960 secs] 86621K->52393K(1065664K), 0.0012820 secs] [Times: user=0.00 sys=0.00, real=0.00 secs] 
24.188: [GC 24.188: [ParNew: 34350K->172K(38336K), 0.0015360 secs] 86505K->52435K(1065664K), 0.0016000 secs] [Times: user=0.00 sys=0.00, real=0.00 secs] 
24.213: [GC 24.213: [ParNew: 34284K->144K(38336K), 0.0011920 secs] 86547K->52407K(1065664K), 0.0012600 secs] [Times: user=0.00 sys=0.00, real=0.00 secs] 
24.237: [GC 24.237: [ParNew: 34256K->283K(38336K), 0.0013050 secs] 86519K->52546K(1065664K), 0.0013690 secs] [Times: user=0.00 sys=0.00, real=0.00 secs] 
24.262: [GC 24.262: [ParNew: 34395K->202K(38336K), 0.0011890 secs] 86658K->52465K(1065664K), 0.0012680 secs] [Times: user=0.01 sys=0.00, real=0.00 secs] 
24.287: [GC 24.287: [ParNew: 34314K->292K(38336K), 0.0012690 secs] 86577K->52555K(1065664K), 0.0013440 secs] [Times: user=0.00 sys=0.00, real=0.00 secs] 
24.312: [GC 24.312: [ParNew: 34404K->370K(38336K), 0.0012750 secs] 86667K->52633K(1065664K), 0.0013460 secs] [Times: user=0.00 sys=0.00, real=0.00 secs] 
24.337: [GC 24.337: [ParNew: 34482K->249K(38336K), 0.0012780 secs] 86745K->52512K(1065664K), 0.0013480 secs] [Times: user=0.00 sys=0.00, real=0.00 secs] 
24.362: [GC 24.362: [ParNew: 34361K->285K(38336K), 0.0016820 secs] 86624K->52653K(1065664K), 0.0017470 secs] [Times: user=0.00 sys=0.00, real=0.00 secs] 
24.387: [GC 24.387: [ParNew: 34397K->202K(38336K), 0.0012300 secs] 86765K->52569K(1065664K), 0.0012950 secs] [Times: user=0.01 sys=0.00, real=0.00 secs] 
24.412: [GC 24.412: [ParNew: 34314K->285K(38336K), 0.0012100 secs] 86681K->52653K(1065664K), 0.0012830 secs] [Times: user=0.00 sys=0.00, real=0.00 secs] 
24.437: [GC 24.437: [ParNew: 34397K->190K(38336K), 0.0012270 secs] 86765K->52557K(1065664K), 0.0013090 secs] [Times: user=0.00 sys=0.00, real=0.01 secs] 
24.462: [GC 24.462: [ParNew: 34302K->224K(38336K), 0.0012170 secs] 86669K->52591K(1065664K), 0.0013070 secs] [Times: user=0.00 sys=0.00, real=0.00 secs] 
24.487: [GC 24.487: [ParNew: 34336K->244K(38336K), 0.0012630 secs] 86703K->52613K(1065664K), 0.0013360 secs] [Times: user=0.00 sys=0.00, real=0.01 secs] 
24.512: [GC 24.512: [ParNew: 34356K->330K(38336K), 0.0012380 secs] 86725K->52698K(1065664K), 0.0013030 secs] [Times: user=0.01 sys=0.00, real=0.00 secs] 
24.536: [GC 24.536: [ParNew: 34442K->230K(38336K), 0.0012480 secs] 86810K->52598K(1065664K), 0.0013210 secs] [Times: user=0.00 sys=0.00, real=0.00 secs] 
24.561: [GC 24.561: [ParNew: 34342K->93K(38336K), 0.0015980 secs] 86710K->52566K(1065664K), 0.0016730 secs] [Times: user=0.01 sys=0.00, real=0.00 secs] 
24.586: [GC 24.586: [ParNew: 34205K->219K(38336K), 0.0011010 secs] 86678K->52692K(1065664K), 0.0011840 secs] [Times: user=0.00 sys=0.00, real=0.01 secs] 
24.609: [GC 24.609: [ParNew: 34331K->320K(38336K), 0.0012890 secs] 86804K->52793K(1065664K), 0.0013530 secs] [Times: user=0.00 sys=0.00, real=0.00 secs] 
24.634: [GC 24.634: [ParNew: 34432K->191K(38336K), 0.0011630 secs] 86905K->52664K(1065664K), 0.0012290 secs] [Times: user=0.00 sys=0.00, real=0.00 secs] 
24.659: [GC 24.659: [ParNew: 34303K->275K(38336K), 0.0011530 secs] 86776K->52748K(1065664K), 0.0012200 secs] [Times: user=0.00 sys=0.00, real=0.00 secs] 
24.684: [GC 24.684: [ParNew: 34387K->276K(38336K), 0.0012430 secs] 86860K->52749K(1065664K), 0.0013170 secs] [Times: user=0.00 sys=0.00, real=0.00 secs] 
24.709: [GC 24.709: [ParNew: 34388K->277K(38336K), 0.0012110 secs] 86861K->52750K(1065664K), 0.0012750 secs] [Times: user=0.01 sys=0.00, real=0.00 secs] 
24.734: [GC 24.734: [ParNew: 34389K->92K(38336K), 0.0016470 secs] 86862K->52669K(1065664K), 0.0017190 secs] [Times: user=0.00 sys=0.00, real=0.00 secs] 
24.759: [GC 24.759: [ParNew: 34204K->212K(38336K), 0.0011380 secs] 86781K->52789K(1065664K), 0.0012040 secs] [Times: user=0.01 sys=0.00, real=0.00 secs] 
24.784: [GC 24.784: [ParNew: 34324K->216K(38336K), 0.0012250 secs] 86901K->52794K(1065664K), 0.0012940 secs] [Times: user=0.00 sys=0.00, real=0.00 secs] 
24.808: [GC 24.808: [ParNew: 34328K->318K(38336K), 0.0012580 secs] 86906K->52896K(1065664K), 0.0013430 secs] [Times: user=0.00 sys=0.00, real=0.00 secs] 
24.833: [GC 24.833: [ParNew: 34430K->188K(38336K), 0.0011820 secs] 87008K->52766K(1065664K), 0.0012550 secs] [Times: user=0.00 sys=0.00, real=0.00 secs] 
24.858: [GC 24.858: [ParNew: 34300K->243K(38336K), 0.0012000 secs] 86878K->52820K(1065664K), 0.0012660 secs] [Times: user=0.00 sys=0.00, real=0.00 secs] 
24.883: [GC 24.883: [ParNew: 34355K->335K(38336K), 0.0012170 secs] 86932K->52912K(1065664K), 0.0012820 secs] [Times: user=0.00 sys=0.00, real=0.00 secs] 
24.908: [GC 24.908: [ParNew: 34447K->415K(38336K), 0.0013020 secs] 87024K->52992K(1065664K), 0.0013670 secs] [Times: user=0.00 sys=0.00, real=0.00 secs] 
24.933: [GC 24.933: [ParNew: 34527K->212K(38336K), 0.0016780 secs] 87104K->52894K(1065664K), 0.0017420 secs] [Times: user=0.00 sys=0.00, real=0.00 secs] 
24.958: [GC 24.958: [ParNew: 34324K->151K(38336K), 0.0011530 secs] 87006K->52834K(1065664K), 0.0012280 secs] [Times: user=0.00 sys=0.00, real=0.00 secs] 
24.983: [GC 24.983: [ParNew: 34263K->248K(38336K), 0.0012790 secs] 86946K->52931K(1065664K), 0.0013490 secs] [Times: user=0.01 sys=0.00, real=0.00 secs] 
25.007: [GC 25.007: [ParNew: 34360K->321K(38336K), 0.0011950 secs] 87043K->53003K(1065664K), 0.0012600 secs] [Times: user=0.00 sys=0.00, real=0.00 secs] 
25.031: [GC 25.031: [ParNew: 34433K->220K(38336K), 0.0011360 secs] 87115K->52902K(1065664K), 0.0012110 secs] [Times: user=0.01 sys=0.00, real=0.00 secs] 
25.056: [GC 25.056: [ParNew: 34332K->300K(38336K), 0.0012460 secs] 87014K->52982K(1065664K), 0.0013300 secs] [Times: user=0.00 sys=0.00, real=0.01 secs] 
25.081: [GC 25.081: [ParNew: 34412K->352K(38336K), 0.0012630 secs] 87094K->53034K(1065664K), 0.0013300 secs] [Times: user=0.01 sys=0.00, real=0.00 secs] 
25.106: [GC 25.106: [ParNew: 34464K->432K(38336K), 0.0012410 secs] 87146K->53114K(1065664K), 0.0013150 secs] [Times: user=0.00 sys=0.00, real=0.01 secs] 
25.131: [GC 25.131: [ParNew: 34544K->277K(38336K), 0.0016770 secs] 87226K->53063K(1065664K), 0.0017670 secs] [Times: user=0.00 sys=0.00, real=0.00 secs] 
25.156: [GC 25.156: [ParNew: 34389K->140K(38336K), 0.0011270 secs] 87175K->52927K(1065664K), 0.0011920 secs] [Times: user=0.00 sys=0.00, real=0.01 secs] 
25.180: [GC 25.180: [ParNew: 34252K->296K(38336K), 0.0013310 secs] 87039K->53083K(1065664K), 0.0013960 secs] [Times: user=0.00 sys=0.00, real=0.00 secs] 
25.205: [GC 25.205: [ParNew: 34408K->189K(38336K), 0.0012040 secs] 87195K->52976K(1065664K), 0.0012850 secs] [Times: user=0.00 sys=0.00, real=0.00 secs] 
25.230: [GC 25.230: [ParNew: 34301K->303K(38336K), 0.0012260 secs] 87088K->53089K(1065664K), 0.0013130 secs] [Times: user=0.00 sys=0.01, real=0.00 secs] 
25.255: [GC 25.255: [ParNew: 34415K->358K(38336K), 0.0013460 secs] 87201K->53145K(1065664K), 0.0014170 secs] [Times: user=0.00 sys=0.00, real=0.01 secs] 
25.280: [GC 25.280: [ParNew: 34470K->318K(38336K), 0.0013070 secs] 87257K->53105K(1065664K), 0.0013820 secs] [Times: user=0.00 sys=0.00, real=0.00 secs] 
25.305: [GC 25.305: [ParNew: 34430K->108K(38336K), 0.0015740 secs] 87217K->53000K(1065664K), 0.0016490 secs] [Times: user=0.01 sys=0.00, real=0.01 secs] 
25.330: [GC 25.330: [ParNew: 34220K->231K(38336K), 0.0012110 secs] 87112K->53122K(1065664K), 0.0012850 secs] [Times: user=0.00 sys=0.00, real=0.00 secs] 
25.355: [GC 25.355: [ParNew: 34343K->164K(38336K), 0.0012120 secs] 87234K->53055K(1065664K), 0.0012760 secs] [Times: user=0.00 sys=0.00, real=0.01 secs] 
25.379: [GC 25.380: [ParNew: 34276K->258K(38336K), 0.0012390 secs] 87167K->53149K(1065664K), 0.0013130 secs] [Times: user=0.00 sys=0.00, real=0.00 secs] 
25.405: [GC 25.405: [ParNew: 34370K->178K(38336K), 0.0012170 secs] 87261K->53069K(1065664K), 0.0012830 secs] [Times: user=0.00 sys=0.00, real=0.00 secs] 
25.430: [GC 25.430: [ParNew: 34290K->267K(38336K), 0.0013210 secs] 87181K->53159K(1065664K), 0.0013880 secs] [Times: user=0.01 sys=0.00, real=0.00 secs] 
25.455: [GC 25.455: [ParNew: 34379K->359K(38336K), 0.0012930 secs] 87271K->53250K(1065664K), 0.0013670 secs] [Times: user=0.00 sys=0.00, real=0.00 secs] 
25.479: [GC 25.479: [ParNew: 34471K->244K(38336K), 0.0012460 secs] 87362K->53135K(1065664K), 0.0013120 secs] [Times: user=0.01 sys=0.00, real=0.00 secs] 
25.503: [GC 25.503: [ParNew: 34356K->173K(38336K), 0.0016920 secs] 87247K->53170K(1065664K), 0.0017560 secs] [Times: user=0.00 sys=0.00, real=0.00 secs] 
25.529: [GC 25.529: [ParNew: 34285K->152K(38336K), 0.0011930 secs] 87282K->53148K(1065664K), 0.0012660 secs] [Times: user=0.00 sys=0.00, real=0.00 secs] 
25.553: [GC 25.553: [ParNew: 34264K->282K(38336K), 0.0012920 secs] 87260K->53279K(1065664K), 0.0013660 secs] [Times: user=0.00 sys=0.00, real=0.00 secs] 
25.577: [GC 25.578: [ParNew: 34394K->197K(38336K), 0.0011650 secs] 87391K->53193K(1065664K), 0.0012380 secs] [Times: user=0.00 sys=0.00, real=0.00 secs] 
25.603: [GC 25.603: [ParNew: 34309K->281K(38336K), 0.0012570 secs] 87305K->53278K(1065664K), 0.0013290 secs] [Times: user=0.01 sys=0.00, real=0.00 secs] 
25.628: [GC 25.628: [ParNew: 34393K->360K(38336K), 0.0013130 secs] 87390K->53356K(1065664K), 0.0013760 secs] [Times: user=0.00 sys=0.00, real=0.00 secs] 
25.653: [GC 25.653: [ParNew: 34472K->237K(38336K), 0.0012780 secs] 87468K->53234K(1065664K), 0.0013490 secs] [Times: user=0.00 sys=0.00, real=0.00 secs] 
25.677: [GC 25.678: [ParNew: 34349K->183K(38336K), 0.0017780 secs] 87346K->53285K(1065664K), 0.0018520 secs] [Times: user=0.01 sys=0.00, real=0.00 secs] 
25.703: [GC 25.703: [ParNew: 34295K->214K(38336K), 0.0012330 secs] 87397K->53316K(1065664K), 0.0013010 secs] [Times: user=0.00 sys=0.00, real=0.00 secs] 
25.728: [GC 25.728: [ParNew: 34326K->318K(38336K), 0.0012770 secs] 87428K->53419K(1065664K), 0.0013500 secs] [Times: user=0.01 sys=0.00, real=0.00 secs] 
25.753: [GC 25.753: [ParNew: 34430K->202K(38336K), 0.0012560 secs] 87531K->53303K(1065664K), 0.0013200 secs] [Times: user=0.00 sys=0.00, real=0.00 secs] 
25.778: [GC 25.778: [ParNew: 34314K->306K(38336K), 0.0012600 secs] 87415K->53407K(1065664K), 0.0013240 secs] [Times: user=0.00 sys=0.00, real=0.00 secs] 
25.803: [GC 25.803: [ParNew: 34418K->204K(38336K), 0.0012600 secs] 87519K->53306K(1065664K), 0.0013390 secs] [Times: user=0.01 sys=0.00, real=0.00 secs] 
25.828: [GC 25.828: [ParNew: 34316K->310K(38336K), 0.0012690 secs] 87418K->53412K(1065664K), 0.0013460 secs] [Times: user=0.00 sys=0.00, real=0.00 secs] 
25.853: [GC 25.853: [ParNew: 34422K->387K(38336K), 0.0012510 secs] 87524K->53489K(1065664K), 0.0013200 secs] [Times: user=0.01 sys=0.00, real=0.00 secs] 
25.878: [GC 25.878: [ParNew: 34499K->132K(38336K), 0.0016990 secs] 87601K->53338K(1065664K), 0.0017640 secs] [Times: user=0.00 sys=0.00, real=0.00 secs] 
25.904: [GC 25.904: [ParNew: 34244K->233K(38336K), 0.0012280 secs] 87450K->53440K(1065664K), 0.0012970 secs] [Times: user=0.00 sys=0.00, real=0.00 secs] 
25.928: [GC 25.928: [ParNew: 34345K->359K(38336K), 0.0013110 secs] 87552K->53565K(1065664K), 0.0013840 secs] [Times: user=0.01 sys=0.00, real=0.00 secs] 
25.953: [GC 25.953: [ParNew: 34471K->201K(38336K), 0.0011320 secs] 87677K->53407K(1065664K), 0.0011950 secs] [Times: user=0.00 sys=0.00, real=0.00 secs] 
25.977: [GC 25.977: [ParNew: 34313K->238K(38336K), 0.0013970 secs] 87519K->53444K(1065664K), 0.0014630 secs] [Times: user=0.01 sys=0.00, real=0.00 secs] 
26.002: [GC 26.002: [ParNew: 34350K->280K(38336K), 0.0012780 secs] 87556K->53486K(1065664K), 0.0013430 secs] [Times: user=0.00 sys=0.00, real=0.00 secs] 
26.027: [GC 26.027: [ParNew: 34392K->196K(38336K), 0.0012090 secs] 87598K->53402K(1065664K), 0.0012730 secs] [Times: user=0.00 sys=0.00, real=0.00 secs] 
26.052: [GC 26.052: [ParNew: 34308K->187K(38336K), 0.0016340 secs] 87514K->53498K(1065664K), 0.0017050 secs] [Times: user=0.00 sys=0.00, real=0.00 secs] 
26.077: [GC 26.077: [ParNew: 34299K->159K(38336K), 0.0011670 secs] 87610K->53470K(1065664K), 0.0012700 secs] [Times: user=0.00 sys=0.00, real=0.00 secs] 
26.102: [GC 26.102: [ParNew: 34271K->200K(38336K), 0.0012260 secs] 87582K->53511K(1065664K), 0.0012890 secs] [Times: user=0.00 sys=0.00, real=0.00 secs] 
26.127: [GC 26.127: [ParNew: 34312K->338K(38336K), 0.0012840 secs] 87623K->53649K(1065664K), 0.0013480 secs] [Times: user=0.00 sys=0.00, real=0.01 secs] 
26.152: [GC 26.152: [ParNew: 34450K->198K(38336K), 0.0012440 secs] 87761K->53509K(1065664K), 0.0013270 secs] [Times: user=0.01 sys=0.00, real=0.00 secs] 
26.177: [GC 26.177: [ParNew: 34310K->316K(38336K), 0.0012490 secs] 87621K->53627K(1065664K), 0.0013140 secs] [Times: user=0.00 sys=0.00, real=0.00 secs] 
26.203: [GC 26.203: [ParNew: 34428K->293K(38336K), 0.0012690 secs] 87739K->53604K(1065664K), 0.0013440 secs] [Times: user=0.00 sys=0.00, real=0.00 secs] 
26.227: [GC 26.227: [ParNew: 34405K->399K(38336K), 0.0012890 secs] 87716K->53710K(1065664K), 0.0013600 secs] [Times: user=0.00 sys=0.00, real=0.00 secs] 
26.252: [GC 26.252: [ParNew: 34511K->267K(38336K), 0.0016510 secs] 87822K->53683K(1065664K), 0.0017170 secs] [Times: user=0.00 sys=0.01, real=0.00 secs] 
26.278: [GC 26.278: [ParNew: 34379K->130K(38336K), 0.0011470 secs] 87795K->53546K(1065664K), 0.0012170 secs] [Times: user=0.00 sys=0.00, real=0.00 secs] 
26.303: [GC 26.303: [ParNew: 34242K->229K(38336K), 0.0012440 secs] 87658K->53644K(1065664K), 0.0013160 secs] [Times: user=0.00 sys=0.00, real=0.00 secs] 
26.328: [GC 26.328: [ParNew: 34341K->321K(38336K), 0.0011870 secs] 87756K->53736K(1065664K), 0.0012530 secs] [Times: user=0.01 sys=0.00, real=0.00 secs] 
26.353: [GC 26.353: [ParNew: 34433K->210K(38336K), 0.0012420 secs] 87848K->53626K(1065664K), 0.0013050 secs] [Times: user=0.00 sys=0.00, real=0.00 secs] 
26.378: [GC 26.378: [ParNew: 34322K->281K(38336K), 0.0012260 secs] 87738K->53697K(1065664K), 0.0013100 secs] [Times: user=0.00 sys=0.00, real=0.00 secs] 
26.403: [GC 26.403: [ParNew: 34393K->238K(38336K), 0.0012600 secs] 87809K->53654K(1065664K), 0.0013540 secs] [Times: user=0.00 sys=0.00, real=0.00 secs] 
26.428: [GC 26.428: [ParNew: 34350K->262K(38336K), 0.0013100 secs] 87766K->53678K(1065664K), 0.0013820 secs] [Times: user=0.00 sys=0.00, real=0.00 secs] 
26.453: [GC 26.453: [ParNew: 34374K->277K(38336K), 0.0017160 secs] 87790K->53797K(1065664K), 0.0018080 secs] [Times: user=0.01 sys=0.00, real=0.00 secs] 
26.479: [GC 26.479: [ParNew: 34389K->238K(38336K), 0.0020810 secs] 87909K->53758K(1065664K), 0.0021560 secs] [Times: user=0.01 sys=0.00, real=0.00 secs] 
26.504: [GC 26.504: [ParNew: 34350K->363K(38336K), 0.0012980 secs] 87870K->53884K(1065664K), 0.0013590 secs] [Times: user=0.00 sys=0.00, real=0.00 secs] 
26.529: [GC 26.529: [ParNew: 34475K->186K(38336K), 0.0011770 secs] 87996K->53706K(1065664K), 0.0012430 secs] [Times: user=0.01 sys=0.00, real=0.00 secs] 
26.554: [GC 26.554: [ParNew: 34298K->254K(38336K), 0.0012220 secs] 87818K->53775K(1065664K), 0.0012990 secs] [Times: user=0.00 sys=0.00, real=0.00 secs] 
26.579: [GC 26.579: [ParNew: 34366K->334K(38336K), 0.0012530 secs] 87887K->53855K(1065664K), 0.0013180 secs] [Times: user=0.00 sys=0.00, real=0.00 secs] 
26.603: [GC 26.603: [ParNew: 34446K->404K(38336K), 0.0011650 secs] 87967K->53925K(1065664K), 0.0012260 secs] [Times: user=0.00 sys=0.00, real=0.00 secs] 
26.626: [GC 26.626: [ParNew: 34516K->192K(38336K), 0.0016760 secs] 88037K->53817K(1065664K), 0.0017410 secs] [Times: user=0.01 sys=0.00, real=0.00 secs] 
26.650: [GC 26.650: [ParNew: 34304K->155K(38336K), 0.0010550 secs] 87929K->53780K(1065664K), 0.0011370 secs] [Times: user=0.00 sys=0.00, real=0.00 secs] 
26.674: [GC 26.674: [ParNew: 34267K->236K(38336K), 0.0011730 secs] 87892K->53861K(1065664K), 0.0012430 secs] [Times: user=0.01 sys=0.00, real=0.00 secs] 
26.698: [GC 26.698: [ParNew: 34348K->162K(38336K), 0.0012250 secs] 87973K->53788K(1065664K), 0.0013110 secs] [Times: user=0.00 sys=0.00, real=0.00 secs] 
26.723: [GC 26.723: [ParNew: 34274K->217K(38336K), 0.0012830 secs] 87900K->53843K(1065664K), 0.0013820 secs] [Times: user=0.01 sys=0.00, real=0.00 secs] 
26.748: [GC 26.748: [ParNew: 34329K->310K(38336K), 0.0011610 secs] 87955K->53936K(1065664K), 0.0012320 secs] [Times: user=0.00 sys=0.00, real=0.00 secs] 
26.772: [GC 26.772: [ParNew: 34422K->264K(38336K), 0.0011520 secs] 88048K->53889K(1065664K), 0.0012180 secs] [Times: user=0.01 sys=0.00, real=0.00 secs] 
26.796: [GC 26.796: [ParNew: 34376K->348K(38336K), 0.0011470 secs] 88001K->53973K(1065664K), 0.0012140 secs] [Times: user=0.00 sys=0.00, real=0.01 secs] 
26.819: [GC 26.819: [ParNew: 34460K->227K(38336K), 0.0017620 secs] 88085K->53957K(1065664K), 0.0018390 secs] [Times: user=0.01 sys=0.00, real=0.00 secs] 
26.844: [GC 26.844: [ParNew: 34339K->163K(38336K), 0.0011500 secs] 88069K->53893K(1065664K), 0.0012250 secs] [Times: user=0.00 sys=0.00, real=0.00 secs] 
26.867: [GC 26.867: [ParNew: 34275K->242K(38336K), 0.0013070 secs] 88005K->53972K(1065664K), 0.0013800 secs] [Times: user=0.00 sys=0.00, real=0.00 secs] 
26.891: [GC 26.891: [ParNew: 34354K->197K(38336K), 0.0011930 secs] 88084K->53927K(1065664K), 0.0012680 secs] [Times: user=0.00 sys=0.00, real=0.00 secs] 
26.915: [GC 26.915: [ParNew: 34309K->308K(38336K), 0.0012190 secs] 88039K->54038K(1065664K), 0.0012940 secs] [Times: user=0.00 sys=0.00, real=0.01 secs] 
26.939: [GC 26.939: [ParNew: 34420K->357K(38336K), 0.0011530 secs] 88150K->54087K(1065664K), 0.0012170 secs] [Times: user=0.00 sys=0.00, real=0.00 secs] 
26.963: [GC 26.963: [ParNew: 34469K->234K(38336K), 0.0011660 secs] 88199K->53964K(1065664K), 0.0012300 secs] [Times: user=0.00 sys=0.00, real=0.00 secs] 
26.986: [GC 26.986: [ParNew: 34346K->271K(38336K), 0.0017160 secs] 88076K->54105K(1065664K), 0.0017890 secs] [Times: user=0.00 sys=0.00, real=0.01 secs] 
27.010: [GC 27.011: [ParNew: 34383K->182K(38336K), 0.0012600 secs] 88217K->54016K(1065664K), 0.0013400 secs] [Times: user=0.00 sys=0.00, real=0.00 secs] 
27.036: [GC 27.036: [ParNew: 34294K->205K(38336K), 0.0017250 secs] 88128K->54040K(1065664K), 0.0018190 secs] [Times: user=0.00 sys=0.00, real=0.01 secs] 
27.061: [GC 27.061: [ParNew: 34317K->296K(38336K), 0.0011650 secs] 88152K->54131K(1065664K), 0.0012370 secs] [Times: user=0.00 sys=0.00, real=0.00 secs] 
27.085: [GC 27.085: [ParNew: 34408K->189K(38336K), 0.0011250 secs] 88243K->54024K(1065664K), 0.0011900 secs] [Times: user=0.00 sys=0.00, real=0.00 secs] 
27.108: [GC 27.108: [ParNew: 34301K->296K(38336K), 0.0011210 secs] 88136K->54131K(1065664K), 0.0012030 secs] [Times: user=0.00 sys=0.00, real=0.00 secs] 
27.131: [GC 27.131: [ParNew: 34408K->304K(38336K), 0.0011440 secs] 88243K->54139K(1065664K), 0.0012100 secs] [Times: user=0.01 sys=0.00, real=0.00 secs] 
27.154: [GC 27.154: [ParNew: 34416K->360K(38336K), 0.0011990 secs] 88251K->54195K(1065664K), 0.0012620 secs] [Times: user=0.00 sys=0.01, real=0.00 secs] 
27.178: [GC 27.179: [ParNew: 34472K->213K(38336K), 0.0017480 secs] 88307K->54152K(1065664K), 0.0018290 secs] [Times: user=0.00 sys=0.00, real=0.00 secs] 
27.205: [GC 27.205: [ParNew: 34325K->237K(38336K), 0.0012840 secs] 88264K->54177K(1065664K), 0.0013540 secs] [Times: user=0.00 sys=0.00, real=0.00 secs] 
27.230: [GC 27.230: [ParNew: 34349K->339K(38336K), 0.0013760 secs] 88289K->54278K(1065664K), 0.0014600 secs] [Times: user=0.01 sys=0.00, real=0.00 secs] 
27.255: [GC 27.255: [ParNew: 34451K->206K(38336K), 0.0013900 secs] 88390K->54146K(1065664K), 0.0014820 secs] [Times: user=0.00 sys=0.00, real=0.01 secs] 
27.280: [GC 27.280: [ParNew: 34318K->190K(38336K), 0.0012270 secs] 88258K->54129K(1065664K), 0.0013080 secs] [Times: user=0.01 sys=0.00, real=0.00 secs] 
27.305: [GC 27.305: [ParNew: 34302K->288K(38336K), 0.0012910 secs] 88241K->54227K(1065664K), 0.0013530 secs] [Times: user=0.00 sys=0.00, real=0.01 secs] 
27.330: [GC 27.330: [ParNew: 34400K->198K(38336K), 0.0012430 secs] 88339K->54137K(1065664K), 0.0013150 secs] [Times: user=0.00 sys=0.00, real=0.00 secs] 
27.353: [GC 27.354: [ParNew: 34310K->181K(38336K), 0.0015750 secs] 88249K->54225K(1065664K), 0.0016400 secs] [Times: user=0.00 sys=0.00, real=0.00 secs] 
27.377: [GC 27.377: [ParNew: 34293K->171K(38336K), 0.0010420 secs] 88337K->54215K(1065664K), 0.0011210 secs] [Times: user=0.00 sys=0.00, real=0.00 secs] 
27.400: [GC 27.401: [ParNew: 34283K->237K(38336K), 0.0012050 secs] 88327K->54281K(1065664K), 0.0012720 secs] [Times: user=0.00 sys=0.00, real=0.00 secs] 
27.424: [GC 27.424: [ParNew: 34349K->315K(38336K), 0.0012160 secs] 88393K->54359K(1065664K), 0.0012910 secs] [Times: user=0.00 sys=0.00, real=0.00 secs] 
27.447: [GC 27.447: [ParNew: 34427K->214K(38336K), 0.0011580 secs] 88471K->54258K(1065664K), 0.0012240 secs] [Times: user=0.00 sys=0.00, real=0.01 secs] 
27.470: [GC 27.470: [ParNew: 34326K->287K(38336K), 0.0011830 secs] 88370K->54332K(1065664K), 0.0012480 secs] [Times: user=0.00 sys=0.00, real=0.00 secs] 
27.493: [GC 27.493: [ParNew: 34399K->276K(38336K), 0.0011590 secs] 88444K->54320K(1065664K), 0.0012340 secs] [Times: user=0.01 sys=0.00, real=0.00 secs] 
27.516: [GC 27.516: [ParNew: 34388K->384K(38336K), 0.0012110 secs] 88432K->54428K(1065664K), 0.0012760 secs] [Times: user=0.00 sys=0.00, real=0.01 secs] 
27.539: [GC 27.539: [ParNew: 34496K->194K(38336K), 0.0017190 secs] 88540K->54343K(1065664K), 0.0017960 secs] [Times: user=0.00 sys=0.01, real=0.00 secs] 
27.563: [GC 27.563: [ParNew: 34306K->273K(38336K), 0.0011620 secs] 88455K->54422K(1065664K), 0.0012270 secs] [Times: user=0.01 sys=0.00, real=0.00 secs] 
27.587: [GC 27.587: [ParNew: 34385K->183K(38336K), 0.0011190 secs] 88534K->54332K(1065664K), 0.0011840 secs] [Times: user=0.00 sys=0.00, real=0.01 secs] 
27.609: [GC 27.609: [ParNew: 34295K->165K(38336K), 0.0011400 secs] 88444K->54314K(1065664K), 0.0012200 secs] [Times: user=0.00 sys=0.00, real=0.00 secs] 
27.633: [GC 27.633: [ParNew: 34277K->327K(38336K), 0.0011470 secs] 88426K->54477K(1065664K), 0.0012120 secs] [Times: user=0.00 sys=0.00, real=0.00 secs] 
27.656: [GC 27.656: [ParNew: 34439K->221K(38336K), 0.0011360 secs] 88589K->54370K(1065664K), 0.0012010 secs] [Times: user=0.00 sys=0.00, real=0.01 secs] 
27.679: [GC 27.679: [ParNew: 34333K->295K(38336K), 0.0011910 secs] 88482K->54444K(1065664K), 0.0012580 secs] [Times: user=0.01 sys=0.00, real=0.00 secs] 
27.702: [GC 27.702: [ParNew: 34407K->386K(38336K), 0.0011560 secs] 88556K->54535K(1065664K), 0.0012340 secs] [Times: user=0.00 sys=0.00, real=0.00 secs] 
27.725: [GC 27.725: [ParNew: 34498K->188K(38336K), 0.0016040 secs] 88647K->54442K(1065664K), 0.0016720 secs] [Times: user=0.00 sys=0.00, real=0.01 secs] 
27.749: [GC 27.749: [ParNew: 34300K->273K(38336K), 0.0011980 secs] 88554K->54526K(1065664K), 0.0012620 secs] [Times: user=0.00 sys=0.00, real=0.00 secs] 
27.772: [GC 27.772: [ParNew: 34385K->382K(38336K), 0.0012250 secs] 88638K->54636K(1065664K), 0.0012900 secs] [Times: user=0.00 sys=0.00, real=0.00 secs] 
27.795: [GC 27.795: [ParNew: 34494K->220K(38336K), 0.0010950 secs] 88748K->54474K(1065664K), 0.0011610 secs] [Times: user=0.01 sys=0.00, real=0.00 secs] 
27.818: [GC 27.819: [ParNew: 34332K->207K(38336K), 0.0011160 secs] 88586K->54461K(1065664K), 0.0011810 secs] [Times: user=0.00 sys=0.00, real=0.00 secs] 
27.842: [GC 27.842: [ParNew: 34319K->311K(38336K), 0.0011410 secs] 88573K->54565K(1065664K), 0.0012060 secs] [Times: user=0.01 sys=0.00, real=0.00 secs] 
27.867: [GC 27.867: [ParNew: 34423K->287K(38336K), 0.0013290 secs] 88677K->54541K(1065664K), 0.0014120 secs] [Times: user=0.00 sys=0.00, real=0.01 secs] 
27.891: [GC 27.891: [ParNew: 34399K->193K(38336K), 0.0015530 secs] 88653K->54551K(1065664K), 0.0016190 secs] [Times: user=0.01 sys=0.00, real=0.00 secs] 
27.915: [GC 27.915: [ParNew: 34305K->332K(38336K), 0.0013090 secs] 88663K->54691K(1065664K), 0.0013830 secs] [Times: user=0.00 sys=0.00, real=0.00 secs] 
27.938: [GC 27.938: [ParNew: 34444K->174K(38336K), 0.0011000 secs] 88803K->54532K(1065664K), 0.0011640 secs] [Times: user=0.01 sys=0.00, real=0.00 secs] 
27.960: [GC 27.961: [ParNew: 34286K->174K(38336K), 0.0010490 secs] 88644K->54532K(1065664K), 0.0011140 secs] [Times: user=0.00 sys=0.00, real=0.00 secs] 
27.984: [GC 27.984: [ParNew: 34286K->225K(38336K), 0.0011510 secs] 88644K->54584K(1065664K), 0.0012160 secs] [Times: user=0.00 sys=0.00, real=0.00 secs] 
28.007: [GC 28.007: [ParNew: 34337K->315K(38336K), 0.0011540 secs] 88696K->54673K(1065664K), 0.0012290 secs] [Times: user=0.01 sys=0.00, real=0.01 secs] 
28.030: [GC 28.030: [ParNew: 34427K->217K(38336K), 0.0011690 secs] 88785K->54576K(1065664K), 0.0012330 secs] [Times: user=0.00 sys=0.00, real=0.00 secs] 
28.055: [GC 28.055: [ParNew: 34329K->356K(38336K), 0.0013340 secs] 88688K->54715K(1065664K), 0.0013990 secs] [Times: user=0.01 sys=0.00, real=0.00 secs] 
28.080: [GC 28.080: [ParNew: 34468K->237K(38336K), 0.0016190 secs] 88827K->54700K(1065664K), 0.0016860 secs] [Times: user=0.00 sys=0.00, real=0.00 secs] 
28.105: [GC 28.105: [ParNew: 34349K->288K(38336K), 0.0012630 secs] 88812K->54752K(1065664K), 0.0013480 secs] [Times: user=0.00 sys=0.00, real=0.00 secs] 
28.130: [GC 28.130: [ParNew: 34400K->144K(38336K), 0.0012230 secs] 88864K->54607K(1065664K), 0.0013060 secs] [Times: user=0.00 sys=0.00, real=0.00 secs] 
28.155: [GC 28.155: [ParNew: 34256K->211K(38336K), 0.0012900 secs] 88719K->54674K(1065664K), 0.0013720 secs] [Times: user=0.00 sys=0.00, real=0.00 secs] 
28.180: [GC 28.180: [ParNew: 34323K->194K(38336K), 0.0012840 secs] 88786K->54657K(1065664K), 0.0013700 secs] [Times: user=0.01 sys=0.00, real=0.00 secs] 
28.205: [GC 28.205: [ParNew: 34306K->286K(38336K), 0.0011650 secs] 88769K->54749K(1065664K), 0.0012280 secs] [Times: user=0.00 sys=0.00, real=0.01 secs] 
28.229: [GC 28.229: [ParNew: 34398K->292K(38336K), 0.0011590 secs] 88861K->54755K(1065664K), 0.0012210 secs] [Times: user=0.00 sys=0.00, real=0.00 secs] 
28.252: [GC 28.253: [ParNew: 34404K->206K(38336K), 0.0015030 secs] 88867K->54774K(1065664K), 0.0015670 secs] [Times: user=0.00 sys=0.00, real=0.00 secs] 
28.276: [GC 28.276: [ParNew: 34318K->301K(38336K), 0.0011020 secs] 88886K->54869K(1065664K), 0.0011670 secs] [Times: user=0.00 sys=0.01, real=0.01 secs] 
28.300: [GC 28.300: [ParNew: 34413K->205K(38336K), 0.0011080 secs] 88981K->54772K(1065664K), 0.0011730 secs] [Times: user=0.01 sys=0.00, real=0.00 secs] 
28.322: [GC 28.323: [ParNew: 34317K->266K(38336K), 0.0010980 secs] 88884K->54834K(1065664K), 0.0011640 secs] [Times: user=0.00 sys=0.00, real=0.00 secs] 
28.345: [GC 28.345: [ParNew: 34378K->183K(38336K), 0.0011030 secs] 88946K->54750K(1065664K), 0.0011850 secs] [Times: user=0.00 sys=0.00, real=0.01 secs] 
28.373: [GC 28.373: [ParNew: 34295K->205K(38336K), 0.0012070 secs] 88862K->54773K(1065664K), 0.0012710 secs] [Times: user=0.00 sys=0.00, real=0.00 secs] 
28.396: [GC 28.396: [ParNew: 34317K->314K(38336K), 0.0016570 secs] 88885K->54881K(1065664K), 0.0017220 secs] [Times: user=0.00 sys=0.00, real=0.01 secs] 
28.420: [GC 28.420: [ParNew: 34426K->271K(38336K), 0.0011510 secs] 88993K->54839K(1065664K), 0.0012170 secs] [Times: user=0.00 sys=0.00, real=0.00 secs] 
28.443: [GC 28.443: [ParNew: 34383K->359K(38336K), 0.0015320 secs] 88951K->55032K(1065664K), 0.0015980 secs] [Times: user=0.01 sys=0.00, real=0.00 secs] 
28.467: [GC 28.467: [ParNew: 34471K->226K(38336K), 0.0012400 secs] 89144K->54900K(1065664K), 0.0013080 secs] [Times: user=0.00 sys=0.00, real=0.01 secs] 
28.489: [GC 28.490: [ParNew: 34338K->179K(38336K), 0.0010820 secs] 89012K->54853K(1065664K), 0.0011460 secs] [Times: user=0.00 sys=0.00, real=0.00 secs] 
28.516: [GC 28.517: [ParNew: 34291K->1221K(38336K), 0.0032980 secs] 88965K->55895K(1065664K), 0.0033670 secs] [Times: user=0.00 sys=0.00, real=0.01 secs] 
2014-09-25 14:42:30,249 INFO  [PortfolioSubsystem] Loading portfolios into Cache that are fetched from database. size is :406
2014-09-25 14:42:30,553 INFO  [PortfolioSubsystem] Loaded groups into Cache 406
2014-09-25 14:42:30,553 INFO  [PortfolioSubsystem] Extracting Cash Allocator portfolio Settings from database.
2014-09-25 14:42:30,553 INFO  [PortfolioDAOImpl] Executing select pf_id, settings from cash_alloc_pf_setting procedure started.
2014-09-25 14:42:30,558 INFO  [PortfolioDAOImpl] Executing select pf_id, settings from cash_alloc_pf_setting procedure completed.
2014-09-25 14:42:30,685 INFO  [PortfolioDAOImpl] Fetched all Cash Allocator pf settings. Size is :6
2014-09-25 14:42:30,685 INFO  [PortfolioSubsystem] Loading settings into Cache that are fetched from database. size is :6
2014-09-25 14:42:30,724 INFO  [PortfolioSubsystem] Loaded groups into Cache 6
2014-09-25 14:42:30.789 Oracle Coherence GE 3.3.1/389 <D5> (thread=ReplicatedCache, member=6): Service ReplicatedCache joined the cluster with senior service member 1
2014-09-25 14:42:30,833 INFO  [DatabaseService] Begin Init method 79 MB
2014-09-25 14:42:30,864 INFO  [BusinessDateHelper] Current Business Date is - Thu Sep 25 00:00:00 PDT 2014
2014-09-25 14:42:30,870 INFO  [BusinessDateHelper] Put key currentBusinessDate:=[Thu Sep 25 00:00:00 PDT 2014, Fri Sep 26 00:00:00 PDT 2014, Sat Sep 27 00:00:00 PDT 2014, Sun Sep 28 00:00:00 PDT 2014, Mon Sep 29 00:00:00 PDT 2014, Tue Sep 30 00:00:00 PDT 2014, Wed Oct 01 00:00:00 PDT 2014, Thu Oct 02 00:00:00 PDT 2014, Fri Oct 03 00:00:00 PDT 2014, Sat Oct 04 00:00:00 PDT 2014, Sun Oct 05 00:00:00 PDT 2014, Mon Oct 06 00:00:00 PDT 2014, Tue Oct 07 00:00:00 PDT 2014, Wed Oct 08 00:00:00 PDT 2014, Thu Oct 09 00:00:00 PDT 2014, Fri Oct 10 00:00:00 PDT 2014, Sat Oct 11 00:00:00 PDT 2014, Sun Oct 12 00:00:00 PDT 2014, Mon Oct 13 00:00:00 PDT 2014, Tue Oct 14 00:00:00 PDT 2014]
2014-09-25 14:42:30,870 INFO  [SecurityMasterDAOImpl] Executing db_get_comp_issuer procedure started.
2014-09-25 14:42:30,881 INFO  [SecurityMasterDAOImpl] Executing db_get_comp_issuer procedure completed.
29.204: [GC 29.204: [ParNew: 35333K->4224K(38336K), 0.0219470 secs] 90007K->61093K(1065664K), 0.0220450 secs] [Times: user=0.04 sys=0.00, real=0.02 secs] 
2014-09-25 14:42:30,987 INFO  [SecurityMasterDAOImpl] Fetched all CompIssuer rows. Size is :23493
2014-09-25 14:42:31,001 INFO  [SecurityCacheManager] SecurityMasterSubsystem began caching CompIssuer size is :23493
2014-09-25 14:42:31,069 INFO  [SecurityCacheManager] near-com.westernasset.cache.CompIssuerCache count = 1000
2014-09-25 14:42:31,124 INFO  [SecurityCacheManager] near-com.westernasset.cache.CompIssuerCache count = 2000
2014-09-25 14:42:31,159 INFO  [SecurityCacheManager] near-com.westernasset.cache.CompIssuerCache count = 3000
2014-09-25 14:42:31,199 INFO  [SecurityCacheManager] near-com.westernasset.cache.CompIssuerCache count = 4000
2014-09-25 14:42:31,237 INFO  [SecurityCacheManager] near-com.westernasset.cache.CompIssuerCache count = 5000
2014-09-25 14:42:31,286 INFO  [SecurityCacheManager] near-com.westernasset.cache.CompIssuerCache count = 6000
2014-09-25 14:42:31,329 INFO  [SecurityCacheManager] near-com.westernasset.cache.CompIssuerCache count = 7000
2014-09-25 14:42:31,378 INFO  [SecurityCacheManager] near-com.westernasset.cache.CompIssuerCache count = 8000
2014-09-25 14:42:31,419 INFO  [SecurityCacheManager] near-com.westernasset.cache.CompIssuerCache count = 9000
2014-09-25 14:42:31,459 INFO  [SecurityCacheManager] near-com.westernasset.cache.CompIssuerCache count = 10000
2014-09-25 14:42:31,480 INFO  [SecurityCacheManager] near-com.westernasset.cache.CompIssuerCache count = 11000
2014-09-25 14:42:31,498 INFO  [SecurityCacheManager] near-com.westernasset.cache.CompIssuerCache count = 12000
29.789: [GC 29.789: [ParNew: 38336K->4224K(38336K), 0.0298360 secs] 95205K->65693K(1065664K), 0.0299260 secs] [Times: user=0.04 sys=0.01, real=0.03 secs] 
2014-09-25 14:42:31,548 INFO  [SecurityCacheManager] near-com.westernasset.cache.CompIssuerCache count = 13000
2014-09-25 14:42:31,566 INFO  [SecurityCacheManager] near-com.westernasset.cache.CompIssuerCache count = 14000
2014-09-25 14:42:31,588 INFO  [SecurityCacheManager] near-com.westernasset.cache.CompIssuerCache count = 15000
2014-09-25 14:42:31,607 INFO  [SecurityCacheManager] near-com.westernasset.cache.CompIssuerCache count = 16000
2014-09-25 14:42:31,621 INFO  [SecurityCacheManager] near-com.westernasset.cache.CompIssuerCache count = 17000
2014-09-25 14:42:31,634 INFO  [SecurityCacheManager] near-com.westernasset.cache.CompIssuerCache count = 18000
2014-09-25 14:42:31,652 INFO  [SecurityCacheManager] near-com.westernasset.cache.CompIssuerCache count = 19000
2014-09-25 14:42:31,667 INFO  [SecurityCacheManager] near-com.westernasset.cache.CompIssuerCache count = 20000
2014-09-25 14:42:31,683 INFO  [SecurityCacheManager] near-com.westernasset.cache.CompIssuerCache count = 21000
2014-09-25 14:42:31,702 INFO  [SecurityCacheManager] near-com.westernasset.cache.CompIssuerCache count = 22000
2014-09-25 14:42:31,717 INFO  [SecurityCacheManager] near-com.westernasset.cache.CompIssuerCache count = 23000
2014-09-25 14:42:31,727 INFO  [SecurityCacheManager] near-com.westernasset.cache.CompIssuerCache final count = 23493
2014-09-25 14:42:31,727 INFO  [SecurityCacheManager] SecurityMasterSubsystem completed caching CompIssuer size is :23493
2014-09-25 14:42:31,727 INFO  [SecurityMasterDAOImpl] Executing db_get_security_mapping procedure started.
2014-09-25 14:42:31,744 INFO  [SecurityMasterDAOImpl] Executing db_get_security_mapping procedure completed.
30.079: [GC 30.079: [ParNew: 38336K->2841K(38336K), 0.0110220 secs] 99805K->66868K(1065664K), 0.0111250 secs] [Times: user=0.02 sys=0.00, real=0.01 secs] 
30.227: [GC 30.227: [ParNew: 36953K->758K(38336K), 0.0035360 secs] 100980K->64785K(1065664K), 0.0036170 secs] [Times: user=0.00 sys=0.00, real=0.01 secs] 
2014-09-25 14:42:32,024 INFO  [SecurityMasterDAOImpl] Fetched all SecurityMapping rows. Size is :2003
2014-09-25 14:42:32,024 INFO  [SecurityCacheManager] SecurityMasterSubsystem began caching Security Mapping size is :2003
2014-09-25 14:42:32,056 INFO  [SecurityCacheManager] near-com.westernasset.cache.SecurityMappingCache count = 1000
2014-09-25 14:42:32,070 INFO  [SecurityCacheManager] near-com.westernasset.cache.SecurityMappingCache count = 2000
2014-09-25 14:42:32,076 INFO  [SecurityCacheManager] near-com.westernasset.cache.SecurityMappingCache final count = 2003
2014-09-25 14:42:32,076 INFO  [SecurityCacheManager] SecurityMasterSubsystem completed caching Security Mapping size is :2003
2014-09-25 14:42:32,076 INFO  [SecurityMasterDAOImpl] Executing db_hierarchy_multi_atp procedure started.
2014-09-25 14:42:32,081 INFO  [SecurityMasterDAOImpl] Executing db_hierarchy_multi_atp procedure completed.
30.391: [GC 30.391: [ParNew: 34870K->873K(38336K), 0.0033110 secs] 98897K->64900K(1065664K), 0.0034150 secs] [Times: user=0.00 sys=0.00, real=0.00 secs] 
30.454: [GC 30.454: [ParNew: 34985K->2721K(38336K), 0.0062500 secs] 99012K->66748K(1065664K), 0.0063290 secs] [Times: user=0.01 sys=0.00, real=0.01 secs] 
30.540: [GC 30.540: [ParNew: 36833K->4011K(38336K), 0.0102720 secs] 100860K->68723K(1065664K), 0.0103520 secs] [Times: user=0.02 sys=0.00, real=0.01 secs] 
30.598: [GC 30.598: [ParNew: 38123K->4224K(38336K), 0.0144640 secs] 102835K->70972K(1065664K), 0.0145450 secs] [Times: user=0.02 sys=0.00, real=0.01 secs] 
30.656: [GC 30.656: [ParNew: 38336K->4224K(38336K), 0.0131700 secs] 105084K->72590K(1065664K), 0.0132490 secs] [Times: user=0.02 sys=0.00, real=0.02 secs] 
30.707: [GC 30.707: [ParNew: 38336K->4224K(38336K), 0.0148890 secs] 106702K->75114K(1065664K), 0.0149680 secs] [Times: user=0.02 sys=0.01, real=0.02 secs] 
30.765: [GC 30.765: [ParNew: 38336K->4224K(38336K), 0.0185990 secs] 109226K->77316K(1065664K), 0.0186850 secs] [Times: user=0.04 sys=0.00, real=0.02 secs] 
30.824: [GC 30.824: [ParNew: 38336K->4224K(38336K), 0.0114120 secs] 111428K->78314K(1065664K), 0.0114920 secs] [Times: user=0.02 sys=0.01, real=0.01 secs] 
30.871: [GC 30.872: [ParNew: 38336K->4224K(38336K), 0.0151780 secs] 112426K->80485K(1065664K), 0.0152580 secs] [Times: user=0.03 sys=0.00, real=0.01 secs] 
30.922: [GC 30.922: [ParNew: 38336K->4224K(38336K), 0.0141210 secs] 114597K->82367K(1065664K), 0.0142010 secs] [Times: user=0.02 sys=0.00, real=0.01 secs] 
30.972: [GC 30.972: [ParNew: 38336K->4224K(38336K), 0.0137240 secs] 116479K->84426K(1065664K), 0.0138020 secs] [Times: user=0.02 sys=0.01, real=0.01 secs] 
31.019: [GC 31.019: [ParNew: 38336K->4224K(38336K), 0.0120510 secs] 118538K->85892K(1065664K), 0.0121310 secs] [Times: user=0.03 sys=0.00, real=0.01 secs] 
31.065: [GC 31.065: [ParNew: 38336K->4224K(38336K), 0.0175690 secs] 120004K->88004K(1065664K), 0.0176500 secs] [Times: user=0.02 sys=0.00, real=0.02 secs] 
2014-09-25 14:42:32,799 INFO  [OracleHierarchyDAOImpl] Executing smss_sweeperpkg.db_hierarchy_multi_atp(?) procedure started.
2014-09-25 14:42:35,651 INFO  [OracleHierarchyDAOImpl] Executing smss_sweeperpkg.db_hierarchy_multi_atp(?) procedure completed.
36.813: [GC 36.813: [ParNew: 38336K->4224K(38336K), 0.0306950 secs] 122116K->92588K(1065664K), 0.0307790 secs] [Times: user=0.05 sys=0.01, real=0.03 secs] 
37.090: [GC 37.090: [ParNew: 38336K->3945K(38336K), 0.0144260 secs] 126700K->94594K(1065664K), 0.0145080 secs] [Times: user=0.02 sys=0.01, real=0.01 secs] 
37.274: [GC 37.274: [ParNew: 38057K->1607K(38336K), 0.0051970 secs] 128706K->92256K(1065664K), 0.0052730 secs] [Times: user=0.01 sys=0.00, real=0.01 secs] 
37.329: [GC 37.329: [ParNew: 35719K->3282K(38336K), 0.0087000 secs] 126368K->93932K(1065664K), 0.0087970 secs] [Times: user=0.01 sys=0.01, real=0.00 secs] 
37.504: [GC 37.504: [ParNew: 37394K->3635K(38336K), 0.0111870 secs] 128044K->94655K(1065664K), 0.0112790 secs] [Times: user=0.01 sys=0.00, real=0.01 secs] 
2014-09-25 14:42:39,326 INFO  [SecurityMasterDAOImpl] Executing db_security_related_inst procedure started.
2014-09-25 14:42:39,535 INFO  [SecurityMasterDAOImpl] Executing db_security_related_inst procedure completed.
41.153: [GC 41.153: [ParNew: 37747K->4224K(38336K), 0.0345660 secs] 128767K->100055K(1065664K), 0.0346580 secs] [Times: user=0.07 sys=0.01, real=0.03 secs] 
43.689: [GC 43.689: [ParNew: 38336K->4224K(38336K), 0.1049070 secs] 134167K->123489K(1065664K), 0.1049890 secs] [Times: user=0.18 sys=0.02, real=0.11 secs] 
45.900: [GC 45.900: [ParNew: 38336K->4224K(38336K), 0.1035260 secs] 157601K->144164K(1065664K), 0.1036280 secs] [Times: user=0.18 sys=0.02, real=0.10 secs] 
2014-09-25 14:42:48,847 INFO  [SecurityCacheManager] near-com.westernasset.cache.SecurityInstitutionCacheName count = 1000
47.182: [GC 47.182: [ParNew: 38336K->4224K(38336K), 0.0791960 secs] 178276K->159522K(1065664K), 0.0792880 secs] [Times: user=0.14 sys=0.01, real=0.08 secs] 
2014-09-25 14:42:49,000 INFO  [SecurityCacheManager] near-com.westernasset.cache.SecurityInstitutionCacheName count = 2000
2014-09-25 14:42:49,056 INFO  [SecurityCacheManager] near-com.westernasset.cache.SecurityInstitutionCacheName count = 3000
2014-09-25 14:42:49,106 INFO  [SecurityCacheManager] near-com.westernasset.cache.SecurityInstitutionCacheName count = 4000
2014-09-25 14:42:49,144 INFO  [SecurityCacheManager] near-com.westernasset.cache.SecurityInstitutionCacheName count = 5000
2014-09-25 14:42:49,188 INFO  [SecurityCacheManager] near-com.westernasset.cache.SecurityInstitutionCacheName count = 6000
2014-09-25 14:42:49,220 INFO  [SecurityCacheManager] near-com.westernasset.cache.SecurityInstitutionCacheName count = 7000
2014-09-25 14:42:49,252 INFO  [SecurityCacheManager] near-com.westernasset.cache.SecurityInstitutionCacheName count = 8000
47.557: [GC 47.557: [ParNew: 38336K->4216K(38336K), 0.0186590 secs] 193634K->163169K(1065664K), 0.0187380 secs] [Times: user=0.03 sys=0.01, real=0.02 secs] 
2014-09-25 14:42:49,310 INFO  [SecurityCacheManager] near-com.westernasset.cache.SecurityInstitutionCacheName count = 9000
2014-09-25 14:42:49,352 INFO  [SecurityCacheManager] near-com.westernasset.cache.SecurityInstitutionCacheName count = 10000
2014-09-25 14:42:49,393 INFO  [SecurityCacheManager] near-com.westernasset.cache.SecurityInstitutionCacheName count = 11000
2014-09-25 14:42:49,434 INFO  [SecurityCacheManager] near-com.westernasset.cache.SecurityInstitutionCacheName count = 12000
2014-09-25 14:42:49,483 INFO  [SecurityCacheManager] near-com.westernasset.cache.SecurityInstitutionCacheName count = 13000
2014-09-25 14:42:49,527 INFO  [SecurityCacheManager] near-com.westernasset.cache.SecurityInstitutionCacheName count = 14000
2014-09-25 14:42:49,564 INFO  [SecurityCacheManager] near-com.westernasset.cache.SecurityInstitutionCacheName count = 15000
47.857: [GC 47.857: [ParNew: 38328K->1166K(38336K), 0.0037720 secs] 197281K->160118K(1065664K), 0.0038460 secs] [Times: user=0.01 sys=0.00, real=0.01 secs] 
2014-09-25 14:42:49,605 INFO  [SecurityCacheManager] near-com.westernasset.cache.SecurityInstitutionCacheName count = 16000
2014-09-25 14:42:49,635 INFO  [SecurityCacheManager] near-com.westernasset.cache.SecurityInstitutionCacheName count = 17000
2014-09-25 14:42:49,664 INFO  [SecurityCacheManager] near-com.westernasset.cache.SecurityInstitutionCacheName count = 18000
2014-09-25 14:42:49,706 INFO  [SecurityCacheManager] near-com.westernasset.cache.SecurityInstitutionCacheName count = 19000
2014-09-25 14:42:49,754 INFO  [SecurityCacheManager] near-com.westernasset.cache.SecurityInstitutionCacheName count = 20000
2014-09-25 14:42:49,792 INFO  [SecurityCacheManager] near-com.westernasset.cache.SecurityInstitutionCacheName count = 21000
48.090: [GC 48.090: [ParNew: 35278K->993K(38336K), 0.0041970 secs] 194230K->159945K(1065664K), 0.0042880 secs] [Times: user=0.01 sys=0.00, real=0.00 secs] 
2014-09-25 14:42:49,836 INFO  [SecurityCacheManager] near-com.westernasset.cache.SecurityInstitutionCacheName count = 22000
2014-09-25 14:42:49,870 INFO  [SecurityCacheManager] near-com.westernasset.cache.SecurityInstitutionCacheName count = 23000
2014-09-25 14:42:49,897 INFO  [SecurityCacheManager] near-com.westernasset.cache.SecurityInstitutionCacheName count = 24000
2014-09-25 14:42:49,923 INFO  [SecurityCacheManager] near-com.westernasset.cache.SecurityInstitutionCacheName count = 25000
2014-09-25 14:42:49,950 INFO  [SecurityCacheManager] near-com.westernasset.cache.SecurityInstitutionCacheName count = 26000
2014-09-25 14:42:49,990 INFO  [SecurityCacheManager] near-com.westernasset.cache.SecurityInstitutionCacheName count = 27000
2014-09-25 14:42:50,016 INFO  [SecurityCacheManager] near-com.westernasset.cache.SecurityInstitutionCacheName count = 28000
48.307: [GC 48.307: [ParNew: 35105K->1363K(38336K), 0.0058810 secs] 194057K->160316K(1065664K), 0.0059670 secs] [Times: user=0.01 sys=0.00, real=0.01 secs] 
2014-09-25 14:42:50,056 INFO  [SecurityCacheManager] near-com.westernasset.cache.SecurityInstitutionCacheName count = 29000
2014-09-25 14:42:50,084 INFO  [SecurityCacheManager] near-com.westernasset.cache.SecurityInstitutionCacheName count = 30000
2014-09-25 14:42:50,112 INFO  [SecurityCacheManager] near-com.westernasset.cache.SecurityInstitutionCacheName count = 31000
2014-09-25 14:42:50,139 INFO  [SecurityCacheManager] near-com.westernasset.cache.SecurityInstitutionCacheName count = 32000
2014-09-25 14:42:50,165 INFO  [SecurityCacheManager] near-com.westernasset.cache.SecurityInstitutionCacheName count = 33000
2014-09-25 14:42:50,189 INFO  [SecurityCacheManager] near-com.westernasset.cache.SecurityInstitutionCacheName count = 34000
48.484: [GC 48.484: [ParNew: 35475K->1394K(38336K), 0.0064230 secs] 194428K->160503K(1065664K), 0.0065160 secs] [Times: user=0.01 sys=0.00, real=0.01 secs] 
2014-09-25 14:42:50,221 INFO  [SecurityCacheManager] near-com.westernasset.cache.SecurityInstitutionCacheName count = 35000
2014-09-25 14:42:50,244 INFO  [SecurityCacheManager] near-com.westernasset.cache.SecurityInstitutionCacheName count = 36000
2014-09-25 14:42:50,273 INFO  [SecurityCacheManager] near-com.westernasset.cache.SecurityInstitutionCacheName count = 37000
2014-09-25 14:42:50,300 INFO  [SecurityCacheManager] near-com.westernasset.cache.SecurityInstitutionCacheName count = 38000
2014-09-25 14:42:50,328 INFO  [SecurityCacheManager] near-com.westernasset.cache.SecurityInstitutionCacheName count = 39000
2014-09-25 14:42:50,357 INFO  [SecurityCacheManager] near-com.westernasset.cache.SecurityInstitutionCacheName count = 40000
2014-09-25 14:42:50,387 INFO  [SecurityCacheManager] near-com.westernasset.cache.SecurityInstitutionCacheName count = 41000
48.678: [GC 48.678: [ParNew: 35506K->995K(38336K), 0.0060060 secs] 194615K->160260K(1065664K), 0.0060810 secs] [Times: user=0.01 sys=0.00, real=0.01 secs] 
2014-09-25 14:42:50,415 INFO  [SecurityCacheManager] near-com.westernasset.cache.SecurityInstitutionCacheName count = 42000
2014-09-25 14:42:50,438 INFO  [SecurityCacheManager] near-com.westernasset.cache.SecurityInstitutionCacheName count = 43000
2014-09-25 14:42:50,467 INFO  [SecurityCacheManager] near-com.westernasset.cache.SecurityInstitutionCacheName count = 44000
2014-09-25 14:42:50,493 INFO  [SecurityCacheManager] near-com.westernasset.cache.SecurityInstitutionCacheName count = 45000
2014-09-25 14:42:50,518 INFO  [SecurityCacheManager] near-com.westernasset.cache.SecurityInstitutionCacheName count = 46000
2014-09-25 14:42:50,542 INFO  [SecurityCacheManager] near-com.westernasset.cache.SecurityInstitutionCacheName count = 47000
48.839: [GC 48.839: [ParNew: 35107K->1481K(38336K), 0.0062440 secs] 194372K->160891K(1065664K), 0.0063210 secs] [Times: user=0.01 sys=0.00, real=0.01 secs] 
2014-09-25 14:42:50,573 INFO  [SecurityCacheManager] near-com.westernasset.cache.SecurityInstitutionCacheName count = 48000
2014-09-25 14:42:50,605 INFO  [SecurityCacheManager] near-com.westernasset.cache.SecurityInstitutionCacheName count = 49000
2014-09-25 14:42:50,634 INFO  [SecurityCacheManager] near-com.westernasset.cache.SecurityInstitutionCacheName count = 50000
2014-09-25 14:42:50,660 INFO  [SecurityCacheManager] near-com.westernasset.cache.SecurityInstitutionCacheName count = 51000
2014-09-25 14:42:50,691 INFO  [SecurityCacheManager] near-com.westernasset.cache.SecurityInstitutionCacheName count = 52000
2014-09-25 14:42:50,724 INFO  [SecurityCacheManager] near-com.westernasset.cache.SecurityInstitutionCacheName count = 53000
2014-09-25 14:42:50,748 INFO  [SecurityCacheManager] near-com.westernasset.cache.SecurityInstitutionCacheName count = 54000
49.041: [GC 49.042: [ParNew: 35593K->1391K(38336K), 0.0066610 secs] 195003K->160954K(1065664K), 0.0067380 secs] [Times: user=0.01 sys=0.00, real=0.00 secs] 
2014-09-25 14:42:50,777 INFO  [SecurityCacheManager] near-com.westernasset.cache.SecurityInstitutionCacheName count = 55000
2014-09-25 14:42:50,803 INFO  [SecurityCacheManager] near-com.westernasset.cache.SecurityInstitutionCacheName count = 56000
2014-09-25 14:42:50,824 INFO  [SecurityCacheManager] near-com.westernasset.cache.SecurityInstitutionCacheName count = 57000
2014-09-25 14:42:50,852 INFO  [SecurityCacheManager] near-com.westernasset.cache.SecurityInstitutionCacheName count = 58000
2014-09-25 14:42:50,875 INFO  [SecurityCacheManager] near-com.westernasset.cache.SecurityInstitutionCacheName count = 59000
2014-09-25 14:42:50,898 INFO  [SecurityCacheManager] near-com.westernasset.cache.SecurityInstitutionCacheName count = 60000
49.197: [GC 49.197: [ParNew: 35503K->1353K(38336K), 0.0067310 secs] 195066K->161068K(1065664K), 0.0068210 secs] [Times: user=0.01 sys=0.00, real=0.01 secs] 
2014-09-25 14:42:50,935 INFO  [SecurityCacheManager] near-com.westernasset.cache.SecurityInstitutionCacheName count = 61000
2014-09-25 14:42:50,960 INFO  [SecurityCacheManager] near-com.westernasset.cache.SecurityInstitutionCacheName count = 62000
2014-09-25 14:42:50,985 INFO  [SecurityCacheManager] near-com.westernasset.cache.SecurityInstitutionCacheName count = 63000
2014-09-25 14:42:51,011 INFO  [SecurityCacheManager] near-com.westernasset.cache.SecurityInstitutionCacheName count = 64000
2014-09-25 14:42:51,035 INFO  [SecurityCacheManager] near-com.westernasset.cache.SecurityInstitutionCacheName count = 65000
2014-09-25 14:42:51,060 INFO  [SecurityCacheManager] near-com.westernasset.cache.SecurityInstitutionCacheName count = 66000
2014-09-25 14:42:51,090 INFO  [SecurityCacheManager] near-com.westernasset.cache.SecurityInstitutionCacheName count = 67000
49.387: [GC 49.387: [ParNew: 35465K->1558K(38336K), 0.0066400 secs] 195180K->161428K(1065664K), 0.0067260 secs] [Times: user=0.01 sys=0.00, real=0.01 secs] 
2014-09-25 14:42:51,122 INFO  [SecurityCacheManager] near-com.westernasset.cache.SecurityInstitutionCacheName count = 68000
2014-09-25 14:42:51,145 INFO  [SecurityCacheManager] near-com.westernasset.cache.SecurityInstitutionCacheName count = 69000
2014-09-25 14:42:51,170 INFO  [SecurityCacheManager] near-com.westernasset.cache.SecurityInstitutionCacheName count = 70000
2014-09-25 14:42:51,194 INFO  [SecurityCacheManager] near-com.westernasset.cache.SecurityInstitutionCacheName count = 71000
2014-09-25 14:42:51,220 INFO  [SecurityCacheManager] near-com.westernasset.cache.SecurityInstitutionCacheName count = 72000
2014-09-25 14:42:51,245 INFO  [SecurityCacheManager] near-com.westernasset.cache.SecurityInstitutionCacheName count = 73000
2014-09-25 14:42:51,268 INFO  [SecurityCacheManager] near-com.westernasset.cache.SecurityInstitutionCacheName count = 74000
49.560: [GC 49.560: [ParNew: 35670K->1523K(38336K), 0.0111630 secs] 195540K->161549K(1065664K), 0.0112470 secs] [Times: user=0.02 sys=0.00, real=0.01 secs] 
2014-09-25 14:42:51,301 INFO  [SecurityCacheManager] near-com.westernasset.cache.SecurityInstitutionCacheName count = 75000
2014-09-25 14:42:51,324 INFO  [SecurityCacheManager] near-com.westernasset.cache.SecurityInstitutionCacheName count = 76000
2014-09-25 14:42:51,350 INFO  [SecurityCacheManager] near-com.westernasset.cache.SecurityInstitutionCacheName count = 77000
2014-09-25 14:42:51,374 INFO  [SecurityCacheManager] near-com.westernasset.cache.SecurityInstitutionCacheName count = 78000
2014-09-25 14:42:51,400 INFO  [SecurityCacheManager] near-com.westernasset.cache.SecurityInstitutionCacheName count = 79000
2014-09-25 14:42:51,429 INFO  [SecurityCacheManager] near-com.westernasset.cache.SecurityInstitutionCacheName count = 80000
49.726: [GC 49.726: [ParNew: 35635K->1714K(38336K), 0.0065250 secs] 195661K->161896K(1065664K), 0.0066030 secs] [Times: user=0.01 sys=0.00, real=0.01 secs] 
2014-09-25 14:42:51,461 INFO  [SecurityCacheManager] near-com.westernasset.cache.SecurityInstitutionCacheName count = 81000
2014-09-25 14:42:51,487 INFO  [SecurityCacheManager] near-com.westernasset.cache.SecurityInstitutionCacheName count = 82000
2014-09-25 14:42:51,516 INFO  [SecurityCacheManager] near-com.westernasset.cache.SecurityInstitutionCacheName count = 83000
2014-09-25 14:42:51,539 INFO  [SecurityCacheManager] near-com.westernasset.cache.SecurityInstitutionCacheName count = 84000
2014-09-25 14:42:51,564 INFO  [SecurityCacheManager] near-com.westernasset.cache.SecurityInstitutionCacheName count = 85000
2014-09-25 14:42:51,585 INFO  [SecurityCacheManager] near-com.westernasset.cache.SecurityInstitutionCacheName count = 86000
2014-09-25 14:42:51,614 INFO  [SecurityCacheManager] near-com.westernasset.cache.SecurityInstitutionCacheName count = 87000
49.908: [GC 49.908: [ParNew: 35826K->992K(38336K), 0.0064030 secs] 196008K->161328K(1065664K), 0.0064840 secs] [Times: user=0.01 sys=0.00, real=0.01 secs] 
2014-09-25 14:42:51,643 INFO  [SecurityCacheManager] near-com.westernasset.cache.SecurityInstitutionCacheName count = 88000
2014-09-25 14:42:51,666 INFO  [SecurityCacheManager] near-com.westernasset.cache.SecurityInstitutionCacheName count = 89000
2014-09-25 14:42:51,692 INFO  [SecurityCacheManager] near-com.westernasset.cache.SecurityInstitutionCacheName count = 90000
2014-09-25 14:42:51,886 INFO  [SecurityCacheManager] near-com.westernasset.cache.SecurityInstitutionCacheName count = 91000
2014-09-25 14:42:51,914 INFO  [SecurityCacheManager] near-com.westernasset.cache.SecurityInstitutionCacheName count = 92000
2014-09-25 14:42:51,943 INFO  [SecurityCacheManager] near-com.westernasset.cache.SecurityInstitutionCacheName count = 93000
50.243: [GC 50.243: [ParNew: 35104K->1156K(38336K), 0.0064690 secs] 195440K->161649K(1065664K), 0.0065480 secs] [Times: user=0.01 sys=0.00, real=0.00 secs] 
2014-09-25 14:42:51,974 INFO  [SecurityCacheManager] near-com.westernasset.cache.SecurityInstitutionCacheName count = 94000
2014-09-25 14:42:51,997 INFO  [SecurityCacheManager] near-com.westernasset.cache.SecurityInstitutionCacheName count = 95000
2014-09-25 14:42:52,019 INFO  [SecurityCacheManager] near-com.westernasset.cache.SecurityInstitutionCacheName count = 96000
2014-09-25 14:42:52,040 INFO  [SecurityCacheManager] near-com.westernasset.cache.SecurityInstitutionCacheName count = 97000
2014-09-25 14:42:52,068 INFO  [SecurityCacheManager] near-com.westernasset.cache.SecurityInstitutionCacheName count = 98000
2014-09-25 14:42:52,088 INFO  [SecurityCacheManager] near-com.westernasset.cache.SecurityInstitutionCacheName count = 99000
2014-09-25 14:42:52,109 INFO  [SecurityCacheManager] near-com.westernasset.cache.SecurityInstitutionCacheName count = 100000
50.403: [GC 50.403: [ParNew: 35268K->1520K(38336K), 0.0068500 secs] 195761K->162167K(1065664K), 0.0069520 secs] [Times: user=0.02 sys=0.00, real=0.00 secs] 
2014-09-25 14:42:52,137 INFO  [SecurityCacheManager] near-com.westernasset.cache.SecurityInstitutionCacheName count = 101000
2014-09-25 14:42:52,158 INFO  [SecurityCacheManager] near-com.westernasset.cache.SecurityInstitutionCacheName count = 102000
2014-09-25 14:42:52,185 INFO  [SecurityCacheManager] near-com.westernasset.cache.SecurityInstitutionCacheName count = 103000
2014-09-25 14:42:52,208 INFO  [SecurityCacheManager] near-com.westernasset.cache.SecurityInstitutionCacheName count = 104000
2014-09-25 14:42:52,230 INFO  [SecurityCacheManager] near-com.westernasset.cache.SecurityInstitutionCacheName count = 105000
2014-09-25 14:42:52,253 INFO  [SecurityCacheManager] near-com.westernasset.cache.SecurityInstitutionCacheName count = 106000
2014-09-25 14:42:52,275 INFO  [SecurityCacheManager] near-com.westernasset.cache.SecurityInstitutionCacheName count = 107000
50.566: [GC 50.566: [ParNew: 35632K->1814K(38336K), 0.0063530 secs] 196279K->162615K(1065664K), 0.0064390 secs] [Times: user=0.02 sys=0.00, real=0.01 secs] 
2014-09-25 14:42:52,305 INFO  [SecurityCacheManager] near-com.westernasset.cache.SecurityInstitutionCacheName count = 108000
2014-09-25 14:42:52,329 INFO  [SecurityCacheManager] near-com.westernasset.cache.SecurityInstitutionCacheName count = 109000
2014-09-25 14:42:52,355 INFO  [SecurityCacheManager] near-com.westernasset.cache.SecurityInstitutionCacheName count = 110000
2014-09-25 14:42:52,376 INFO  [SecurityCacheManager] near-com.westernasset.cache.SecurityInstitutionCacheName count = 111000
2014-09-25 14:42:52,396 INFO  [SecurityCacheManager] near-com.westernasset.cache.SecurityInstitutionCacheName count = 112000
2014-09-25 14:42:52,421 INFO  [SecurityCacheManager] near-com.westernasset.cache.SecurityInstitutionCacheName count = 113000
50.719: [GC 50.719: [ParNew: 35926K->1406K(38336K), 0.0059970 secs] 196727K->162362K(1065664K), 0.0060710 secs] [Times: user=0.01 sys=0.00, real=0.01 secs] 
2014-09-25 14:42:52,460 INFO  [SecurityCacheManager] near-com.westernasset.cache.SecurityInstitutionCacheName count = 114000
2014-09-25 14:42:52,483 INFO  [SecurityCacheManager] near-com.westernasset.cache.SecurityInstitutionCacheName count = 115000
2014-09-25 14:42:52,505 INFO  [SecurityCacheManager] near-com.westernasset.cache.SecurityInstitutionCacheName count = 116000
2014-09-25 14:42:52,533 INFO  [SecurityCacheManager] near-com.westernasset.cache.SecurityInstitutionCacheName count = 117000
2014-09-25 14:42:52,564 INFO  [SecurityCacheManager] near-com.westernasset.cache.SecurityInstitutionCacheName count = 118000
2014-09-25 14:42:52,592 INFO  [SecurityCacheManager] near-com.westernasset.cache.SecurityInstitutionCacheName count = 119000
2014-09-25 14:42:52,614 INFO  [SecurityCacheManager] near-com.westernasset.cache.SecurityInstitutionCacheName count = 120000
50.909: [GC 50.909: [ParNew: 35518K->1970K(38336K), 0.0067840 secs] 196474K->163079K(1065664K), 0.0068760 secs] [Times: user=0.02 sys=0.00, real=0.01 secs] 
2014-09-25 14:42:52,643 INFO  [SecurityCacheManager] near-com.westernasset.cache.SecurityInstitutionCacheName count = 121000
2014-09-25 14:42:52,669 INFO  [SecurityCacheManager] near-com.westernasset.cache.SecurityInstitutionCacheName count = 122000
2014-09-25 14:42:52,700 INFO  [SecurityCacheManager] near-com.westernasset.cache.SecurityInstitutionCacheName count = 123000
2014-09-25 14:42:52,724 INFO  [SecurityCacheManager] near-com.westernasset.cache.SecurityInstitutionCacheName count = 124000
2014-09-25 14:42:52,746 INFO  [SecurityCacheManager] near-com.westernasset.cache.SecurityInstitutionCacheName count = 125000
2014-09-25 14:42:52,766 INFO  [SecurityCacheManager] near-com.westernasset.cache.SecurityInstitutionCacheName count = 126000
2014-09-25 14:42:52,786 INFO  [SecurityCacheManager] near-com.westernasset.cache.SecurityInstitutionCacheName count = 127000
51.079: [GC 51.080: [ParNew: 36082K->1718K(38336K), 0.0065990 secs] 197191K->162982K(1065664K), 0.0066860 secs] [Times: user=0.01 sys=0.00, real=0.01 secs] 
2014-09-25 14:42:52,826 INFO  [SecurityCacheManager] near-com.westernasset.cache.SecurityInstitutionCacheName count = 128000
2014-09-25 14:42:52,857 INFO  [SecurityCacheManager] near-com.westernasset.cache.SecurityInstitutionCacheName count = 129000
2014-09-25 14:42:52,879 INFO  [SecurityCacheManager] near-com.westernasset.cache.SecurityInstitutionCacheName count = 130000
2014-09-25 14:42:52,910 INFO  [SecurityCacheManager] near-com.westernasset.cache.SecurityInstitutionCacheName count = 131000
2014-09-25 14:42:52,935 INFO  [SecurityCacheManager] near-com.westernasset.cache.SecurityInstitutionCacheName count = 132000
2014-09-25 14:42:52,956 INFO  [SecurityCacheManager] near-com.westernasset.cache.SecurityInstitutionCacheName count = 133000
2014-09-25 14:42:52,977 INFO  [SecurityCacheManager] near-com.westernasset.cache.SecurityInstitutionCacheName count = 134000
51.269: [GC 51.269: [ParNew: 35830K->1620K(38336K), 0.0061020 secs] 197094K->163039K(1065664K), 0.0061790 secs] [Times: user=0.01 sys=0.00, real=0.01 secs] 
2014-09-25 14:42:53,010 INFO  [SecurityCacheManager] near-com.westernasset.cache.SecurityInstitutionCacheName count = 135000
2014-09-25 14:42:53,029 INFO  [SecurityCacheManager] near-com.westernasset.cache.SecurityInstitutionCacheName count = 136000
2014-09-25 14:42:53,049 INFO  [SecurityCacheManager] near-com.westernasset.cache.SecurityInstitutionCacheName count = 137000
2014-09-25 14:42:53,072 INFO  [SecurityCacheManager] near-com.westernasset.cache.SecurityInstitutionCacheName count = 138000
2014-09-25 14:42:53,093 INFO  [SecurityCacheManager] near-com.westernasset.cache.SecurityInstitutionCacheName count = 139000
2014-09-25 14:42:53,118 INFO  [SecurityCacheManager] near-com.westernasset.cache.SecurityInstitutionCacheName count = 140000
51.417: [GC 51.417: [ParNew: 35732K->1627K(38336K), 0.0061570 secs] 197151K->163205K(1065664K), 0.0062410 secs] [Times: user=0.01 sys=0.00, real=0.01 secs] 
2014-09-25 14:42:53,147 INFO  [SecurityCacheManager] near-com.westernasset.cache.SecurityInstitutionCacheName count = 141000
2014-09-25 14:42:53,173 INFO  [SecurityCacheManager] near-com.westernasset.cache.SecurityInstitutionCacheName count = 142000
2014-09-25 14:42:53,198 INFO  [SecurityCacheManager] near-com.westernasset.cache.SecurityInstitutionCacheName count = 143000
2014-09-25 14:42:53,234 INFO  [SecurityCacheManager] near-com.westernasset.cache.SecurityInstitutionCacheName count = 144000
2014-09-25 14:42:53,257 INFO  [SecurityCacheManager] near-com.westernasset.cache.SecurityInstitutionCacheName count = 145000
2014-09-25 14:42:53,277 INFO  [SecurityCacheManager] near-com.westernasset.cache.SecurityInstitutionCacheName count = 146000
2014-09-25 14:42:53,302 INFO  [SecurityCacheManager] near-com.westernasset.cache.SecurityInstitutionCacheName count = 147000
51.598: [GC 51.598: [ParNew: 35739K->1624K(38336K), 0.0060040 secs] 197317K->163360K(1065664K), 0.0060890 secs] [Times: user=0.02 sys=0.00, real=0.01 secs] 
2014-09-25 14:42:53,328 INFO  [SecurityCacheManager] near-com.westernasset.cache.SecurityInstitutionCacheName count = 148000
2014-09-25 14:42:53,348 INFO  [SecurityCacheManager] near-com.westernasset.cache.SecurityInstitutionCacheName count = 149000
2014-09-25 14:42:53,376 INFO  [SecurityCacheManager] near-com.westernasset.cache.SecurityInstitutionCacheName count = 150000
2014-09-25 14:42:53,395 INFO  [SecurityCacheManager] near-com.westernasset.cache.SecurityInstitutionCacheName count = 151000
2014-09-25 14:42:53,416 INFO  [SecurityCacheManager] near-com.westernasset.cache.SecurityInstitutionCacheName count = 152000
2014-09-25 14:42:53,436 INFO  [SecurityCacheManager] near-com.westernasset.cache.SecurityInstitutionCacheName count = 153000
2014-09-25 14:42:53,455 INFO  [SecurityCacheManager] near-com.westernasset.cache.SecurityInstitutionCacheName count = 154000
51.750: [GC 51.750: [ParNew: 35736K->1536K(38336K), 0.0064330 secs] 197472K->163430K(1065664K), 0.0065090 secs] [Times: user=0.01 sys=0.00, real=0.01 secs] 
2014-09-25 14:42:53,484 INFO  [SecurityCacheManager] near-com.westernasset.cache.SecurityInstitutionCacheName count = 155000
2014-09-25 14:42:53,505 INFO  [SecurityCacheManager] near-com.westernasset.cache.SecurityInstitutionCacheName count = 156000
2014-09-25 14:42:53,527 INFO  [SecurityCacheManager] near-com.westernasset.cache.SecurityInstitutionCacheName count = 157000
2014-09-25 14:42:53,559 INFO  [SecurityCacheManager] near-com.westernasset.cache.SecurityInstitutionCacheName count = 158000
2014-09-25 14:42:53,589 INFO  [SecurityCacheManager] near-com.westernasset.cache.SecurityInstitutionCacheName final count = 158991
2014-09-25 14:42:53,589 INFO  [SecurityMasterDAOImpl] Executing {call db_t_field_lookup(?)} procedure started.
2014-09-25 14:42:53,596 INFO  [SecurityMasterDAOImpl] Executing {call db_t_field_lookup(?)} procedure completed.
2014-09-25 14:42:53,614 INFO  [SecurityCacheManager] near-com.westernasset.cache.IndustriesCacheName final count = 137
2014-09-25 14:42:53,614 INFO  [SecurityMasterDAOImpl] Executing db_institution procedure started.
2014-09-25 14:42:53,623 INFO  [SecurityMasterDAOImpl] Executing db_institution procedure completed.
2014-09-25 14:42:53,672 INFO  [SecurityCacheManager] near-com.westernasset.cache.InstitutionCacheName count = 1000
2014-09-25 14:42:53,680 INFO  [SecurityCacheManager] near-com.westernasset.cache.InstitutionCacheName count = 2000
51.971: [GC 51.971: [ParNew: 35648K->4224K(38336K), 0.0101110 secs] 197542K->166276K(1065664K), 0.0101980 secs] [Times: user=0.02 sys=0.00, real=0.01 secs] 
2014-09-25 14:42:53,698 INFO  [SecurityCacheManager] near-com.westernasset.cache.InstitutionCacheName count = 3000
2014-09-25 14:42:53,705 INFO  [SecurityCacheManager] near-com.westernasset.cache.InstitutionCacheName count = 4000
2014-09-25 14:42:53,715 INFO  [SecurityCacheManager] near-com.westernasset.cache.InstitutionCacheName count = 5000
2014-09-25 14:42:53,727 INFO  [SecurityCacheManager] near-com.westernasset.cache.InstitutionCacheName count = 6000
2014-09-25 14:42:53,739 INFO  [SecurityCacheManager] near-com.westernasset.cache.InstitutionCacheName count = 7000
2014-09-25 14:42:53,746 INFO  [SecurityCacheManager] near-com.westernasset.cache.InstitutionCacheName count = 8000
2014-09-25 14:42:53,755 INFO  [SecurityCacheManager] near-com.westernasset.cache.InstitutionCacheName count = 9000
2014-09-25 14:42:53,763 INFO  [SecurityCacheManager] near-com.westernasset.cache.InstitutionCacheName count = 10000
2014-09-25 14:42:53,770 INFO  [SecurityCacheManager] near-com.westernasset.cache.InstitutionCacheName count = 11000
2014-09-25 14:42:53,777 INFO  [SecurityCacheManager] near-com.westernasset.cache.InstitutionCacheName count = 12000
2014-09-25 14:42:53,784 INFO  [SecurityCacheManager] near-com.westernasset.cache.InstitutionCacheName count = 13000
2014-09-25 14:42:53,791 INFO  [SecurityCacheManager] near-com.westernasset.cache.InstitutionCacheName count = 14000
2014-09-25 14:42:53,799 INFO  [SecurityCacheManager] near-com.westernasset.cache.InstitutionCacheName count = 15000
2014-09-25 14:42:53,807 INFO  [SecurityCacheManager] near-com.westernasset.cache.InstitutionCacheName final count = 15615
2014-09-25 14:42:53,807 INFO  [SecurityMasterDAOImpl] Executing db_all_securities procedure started.
2014-09-25 14:43:14,357 INFO  [SecurityMasterDAOImpl] Executing db_all_securities procedure completed.
2014-09-25 14:43:14,414 INFO  [BusinessDateHelper] Put key T+0:NewYork:=Thu Sep 25 00:00:00 PDT 2014
2014-09-25 14:43:14,430 INFO  [BusinessDateHelper] Put key T+1:NewYork:=Fri Sep 26 00:00:00 PDT 2014
2014-09-25 14:43:14,441 INFO  [BusinessDateHelper] Put key T+5:NewYork:=Thu Oct 02 00:00:00 PDT 2014
2014-09-25 14:43:14,450 INFO  [BusinessDateHelper] Put key T+7:NewYork:=Mon Oct 06 00:00:00 PDT 2014
73.042: [GC 73.042: [ParNew: 38336K->2640K(38336K), 0.0073370 secs] 200388K->165341K(1065664K), 0.0074230 secs] [Times: user=0.02 sys=0.00, real=0.01 secs] 
74.852: [GC 74.852: [ParNew: 36752K->4224K(38336K), 0.0134970 secs] 199453K->167820K(1065664K), 0.0135860 secs] [Times: user=0.03 sys=0.00, real=0.02 secs] 
76.323: [GC 76.323: [ParNew: 38336K->4224K(38336K), 0.0266020 secs] 201932K->172321K(1065664K), 0.0266970 secs] [Times: user=0.05 sys=0.01, real=0.03 secs] 
77.538: [GC 77.538: [ParNew: 38336K->4224K(38336K), 0.0256080 secs] 206433K->176934K(1065664K), 0.0256960 secs] [Times: user=0.04 sys=0.00, real=0.02 secs] 
78.803: [GC 78.803: [ParNew: 38336K->4224K(38336K), 0.0265470 secs] 211046K->181556K(1065664K), 0.0266400 secs] [Times: user=0.04 sys=0.01, real=0.03 secs] 
80.025: [GC 80.025: [ParNew: 38336K->4224K(38336K), 0.0266320 secs] 215668K->186171K(1065664K), 0.0267310 secs] [Times: user=0.05 sys=0.00, real=0.02 secs] 
81.233: [GC 81.233: [ParNew: 38336K->4224K(38336K), 0.0285810 secs] 220283K->190795K(1065664K), 0.0286730 secs] [Times: user=0.04 sys=0.01, real=0.03 secs] 
82.389: [GC 82.389: [ParNew: 38336K->4223K(38336K), 0.0260880 secs] 224907K->195395K(1065664K), 0.0261700 secs] [Times: user=0.04 sys=0.01, real=0.03 secs] 
83.495: [GC 83.495: [ParNew: 38335K->4222K(38336K), 0.0242190 secs] 229507K->200029K(1065664K), 0.0243020 secs] [Times: user=0.04 sys=0.01, real=0.03 secs] 
84.632: [GC 84.632: [ParNew: 38334K->4222K(38336K), 0.0256890 secs] 234141K->204617K(1065664K), 0.0257810 secs] [Times: user=0.05 sys=0.00, real=0.03 secs] 
85.728: [GC 85.728: [ParNew: 38334K->4222K(38336K), 0.0280990 secs] 238729K->209362K(1065664K), 0.0281790 secs] [Times: user=0.05 sys=0.01, real=0.03 secs] 
87.241: [GC 87.241: [ParNew: 38334K->4222K(38336K), 0.0267110 secs] 243474K->213884K(1065664K), 0.0268100 secs] [Times: user=0.04 sys=0.00, real=0.03 secs] 
88.321: [GC 88.321: [ParNew: 38334K->4224K(38336K), 0.0260700 secs] 247996K->217966K(1065664K), 0.0261510 secs] [Times: user=0.04 sys=0.00, real=0.03 secs] 
89.383: [GC 89.383: [ParNew: 38336K->4224K(38336K), 0.0266350 secs] 252078K->222414K(1065664K), 0.0267160 secs] [Times: user=0.04 sys=0.01, real=0.03 secs] 
90.519: [GC 90.519: [ParNew: 38336K->4224K(38336K), 0.0526690 secs] 256526K->228274K(1065664K), 0.0527530 secs] [Times: user=0.05 sys=0.00, real=0.05 secs] 
91.608: [GC 91.608: [ParNew: 38336K->4224K(38336K), 0.0263890 secs] 262386K->231473K(1065664K), 0.0264740 secs] [Times: user=0.04 sys=0.00, real=0.02 secs] 
92.724: [GC 92.724: [ParNew: 38336K->4224K(38336K), 0.0265600 secs] 265585K->235914K(1065664K), 0.0266490 secs] [Times: user=0.04 sys=0.00, real=0.03 secs] 
94.285: [GC 94.285: [ParNew: 38336K->4224K(38336K), 0.0262000 secs] 270026K->240372K(1065664K), 0.0262910 secs] [Times: user=0.04 sys=0.01, real=0.03 secs] 
95.426: [GC 95.427: [ParNew: 38336K->4224K(38336K), 0.0256410 secs] 274484K->244657K(1065664K), 0.0257230 secs] [Times: user=0.04 sys=0.00, real=0.03 secs] 
96.403: [GC 96.403: [ParNew: 38336K->4224K(38336K), 0.0265030 secs] 278769K->249189K(1065664K), 0.0265810 secs] [Times: user=0.05 sys=0.00, real=0.03 secs] 
97.513: [GC 97.513: [ParNew: 38336K->4224K(38336K), 0.0256430 secs] 283301K->253425K(1065664K), 0.0257200 secs] [Times: user=0.05 sys=0.00, real=0.03 secs] 
98.533: [GC 98.533: [ParNew: 38336K->4224K(38336K), 0.0300150 secs] 287537K->257934K(1065664K), 0.0300930 secs] [Times: user=0.04 sys=0.01, real=0.03 secs] 
99.567: [GC 99.567: [ParNew: 38336K->4224K(38336K), 0.0248620 secs] 292046K->262413K(1065664K), 0.0249390 secs] [Times: user=0.05 sys=0.00, real=0.03 secs] 
100.608: [GC 100.608: [ParNew: 38336K->4224K(38336K), 0.0290090 secs] 296525K->266695K(1065664K), 0.0291120 secs] [Times: user=0.05 sys=0.01, real=0.03 secs] 
101.718: [GC 101.718: [ParNew: 38336K->4224K(38336K), 0.0251760 secs] 300807K->270874K(1065664K), 0.0252720 secs] [Times: user=0.04 sys=0.01, real=0.02 secs] 
102.762: [GC 102.762: [ParNew: 38336K->4224K(38336K), 0.0251670 secs] 304986K->275381K(1065664K), 0.0252440 secs] [Times: user=0.05 sys=0.01, real=0.02 secs] 
103.756: [GC 103.756: [ParNew: 38336K->4224K(38336K), 0.0263480 secs] 309493K->279991K(1065664K), 0.0264280 secs] [Times: user=0.05 sys=0.01, real=0.03 secs] 
105.120: [GC 105.120: [ParNew: 38336K->4224K(38336K), 0.0259250 secs] 314103K->284393K(1065664K), 0.0260080 secs] [Times: user=0.04 sys=0.01, real=0.02 secs] 
106.168: [GC 106.168: [ParNew: 38336K->4224K(38336K), 0.0243350 secs] 318505K->288299K(1065664K), 0.0244310 secs] [Times: user=0.04 sys=0.00, real=0.03 secs] 
107.189: [GC 107.189: [ParNew: 38336K->4224K(38336K), 0.0262580 secs] 322411K->292646K(1065664K), 0.0263480 secs] [Times: user=0.05 sys=0.00, real=0.02 secs] 
108.228: [GC 108.229: [ParNew: 38336K->4224K(38336K), 0.0261310 secs] 326758K->296983K(1065664K), 0.0262250 secs] [Times: user=0.04 sys=0.01, real=0.02 secs] 
109.225: [GC 109.225: [ParNew: 38336K->4224K(38336K), 0.0269060 secs] 331095K->301269K(1065664K), 0.0270180 secs] [Times: user=0.04 sys=0.01, real=0.03 secs] 
110.188: [GC 110.188: [ParNew: 38336K->4224K(38336K), 0.0234470 secs] 335381K->305558K(1065664K), 0.0235240 secs] [Times: user=0.04 sys=0.01, real=0.03 secs] 
111.171: [GC 111.171: [ParNew: 38336K->4224K(38336K), 0.0261960 secs] 339670K->309925K(1065664K), 0.0262830 secs] [Times: user=0.05 sys=0.00, real=0.02 secs] 
112.155: [GC 112.156: [ParNew: 38336K->4224K(38336K), 0.0263810 secs] 344037K->314744K(1065664K), 0.0264580 secs] [Times: user=0.04 sys=0.01, real=0.03 secs] 
113.169: [GC 113.169: [ParNew: 38336K->4224K(38336K), 0.0239410 secs] 348856K->318601K(1065664K), 0.0240290 secs] [Times: user=0.04 sys=0.00, real=0.03 secs] 
114.187: [GC 114.187: [ParNew: 38336K->4224K(38336K), 0.0249440 secs] 352713K->322968K(1065664K), 0.0250240 secs] [Times: user=0.04 sys=0.01, real=0.03 secs] 
115.167: [GC 115.167: [ParNew: 38336K->4224K(38336K), 0.0282540 secs] 357080K->327400K(1065664K), 0.0283360 secs] [Times: user=0.04 sys=0.01, real=0.03 secs] 
116.197: [GC 116.197: [ParNew: 38336K->4224K(38336K), 0.0263170 secs] 361512K->331953K(1065664K), 0.0264160 secs] [Times: user=0.05 sys=0.00, real=0.03 secs] 
117.235: [GC 117.235: [ParNew: 38336K->4224K(38336K), 0.0261260 secs] 366065K->336488K(1065664K), 0.0262110 secs] [Times: user=0.04 sys=0.00, real=0.03 secs] 
118.284: [GC 118.284: [ParNew: 38336K->4224K(38336K), 0.0247840 secs] 370600K->340576K(1065664K), 0.0248640 secs] [Times: user=0.05 sys=0.01, real=0.02 secs] 
119.305: [GC 119.305: [ParNew: 38336K->4224K(38336K), 0.0353840 secs] 374688K->345074K(1065664K), 0.0354730 secs] [Times: user=0.06 sys=0.00, real=0.04 secs] 
120.350: [GC 120.350: [ParNew: 38336K->4224K(38336K), 0.0247310 secs] 379186K->349371K(1065664K), 0.0248310 secs] [Times: user=0.04 sys=0.01, real=0.03 secs] 
121.375: [GC 121.375: [ParNew: 38336K->4224K(38336K), 0.0304860 secs] 383483K->355714K(1065664K), 0.0305760 secs] [Times: user=0.06 sys=0.00, real=0.03 secs] 
122.411: [GC 122.411: [ParNew: 38336K->4224K(38336K), 0.0196460 secs] 389826K->358094K(1065664K), 0.0197310 secs] [Times: user=0.03 sys=0.00, real=0.02 secs] 
123.423: [GC 123.423: [ParNew: 38336K->4224K(38336K), 0.0264720 secs] 392206K->362711K(1065664K), 0.0265600 secs] [Times: user=0.05 sys=0.01, real=0.02 secs] 
124.473: [GC 124.473: [ParNew: 38336K->4224K(38336K), 0.0258170 secs] 396823K->367144K(1065664K), 0.0259050 secs] [Times: user=0.05 sys=0.01, real=0.02 secs] 
125.541: [GC 125.541: [ParNew: 38336K->4224K(38336K), 0.0247410 secs] 401256K->371096K(1065664K), 0.0248390 secs] [Times: user=0.04 sys=0.00, real=0.03 secs] 
126.529: [GC 126.529: [ParNew: 38336K->4224K(38336K), 0.0247350 secs] 405208K->375044K(1065664K), 0.0248280 secs] [Times: user=0.04 sys=0.01, real=0.03 secs] 
127.562: [GC 127.562: [ParNew: 38336K->4224K(38336K), 0.0259060 secs] 409156K->379518K(1065664K), 0.0259960 secs] [Times: user=0.05 sys=0.01, real=0.02 secs] 
128.598: [GC 128.598: [ParNew: 38336K->4224K(38336K), 0.0275860 secs] 413630K->385169K(1065664K), 0.0276770 secs] [Times: user=0.05 sys=0.00, real=0.03 secs] 
2014-09-25 14:44:10,473 INFO  [SecurityMasterDAOImpl] Fetched all security rows. Size is :30410
2014-09-25 14:44:10,531 INFO  [SecurityMasterDAOImpl] Executing select security_id, asset_id	from security_master where security_type_id = 26 and (asset_id like '%_CASH' or asset_id like '%_FLOWS' or asset_id like '%MARGIN%' or asset_id like '%RESRVBLE%' or asset_id like '%PREMIUM%')
2014-09-25 14:44:11,939 INFO  [SecurityCacheManager] SecurityMasterSubsystem began caching security master size is :30410
2014-09-25 14:44:12,453 INFO  [SecurityCacheManager] repl-com.westernasset.cache.SecurityMasterCache count = 1000
2014-09-25 14:44:12,805 INFO  [SecurityCacheManager] repl-com.westernasset.cache.SecurityMasterCache count = 2000
131.206: [GC 131.206: [ParNew: 38336K->3806K(38336K), 0.0156190 secs] 419281K->387155K(1065664K), 0.0157080 secs] [Times: user=0.03 sys=0.00, real=0.01 secs] 
2014-09-25 14:44:13,158 INFO  [SecurityCacheManager] repl-com.westernasset.cache.SecurityMasterCache count = 3000
2014-09-25 14:44:13,589 INFO  [SecurityCacheManager] repl-com.westernasset.cache.SecurityMasterCache count = 4000
2014-09-25 14:44:13,934 INFO  [SecurityCacheManager] repl-com.westernasset.cache.SecurityMasterCache count = 5000
132.494: [GC 132.494: [ParNew: 37918K->3954K(38336K), 0.0159180 secs] 421267K->388758K(1065664K), 0.0159990 secs] [Times: user=0.02 sys=0.01, real=0.01 secs] 
2014-09-25 14:44:14,528 INFO  [SecurityCacheManager] repl-com.westernasset.cache.SecurityMasterCache count = 6000
2014-09-25 14:44:14,742 INFO  [SecurityCacheManager] repl-com.westernasset.cache.SecurityMasterCache count = 7000
2014-09-25 14:44:14,965 INFO  [SecurityCacheManager] repl-com.westernasset.cache.SecurityMasterCache count = 8000
133.270: [GC 133.270: [ParNew: 38066K->4224K(38336K), 0.0136130 secs] 422870K->391782K(1065664K), 0.0136950 secs] [Times: user=0.02 sys=0.00, real=0.02 secs] 
2014-09-25 14:44:15,222 INFO  [SecurityCacheManager] repl-com.westernasset.cache.SecurityMasterCache count = 9000
2014-09-25 14:44:15,536 INFO  [SecurityCacheManager] repl-com.westernasset.cache.SecurityMasterCache count = 10000
134.286: [GC 134.286: [ParNew: 38336K->4224K(38336K), 0.0133080 secs] 425894K->394382K(1065664K), 0.0133950 secs] [Times: user=0.03 sys=0.00, real=0.01 secs] 
2014-09-25 14:44:16,021 INFO  [SecurityCacheManager] repl-com.westernasset.cache.SecurityMasterCache count = 11000
2014-09-25 14:44:16,175 INFO  [SecurityCacheManager] repl-com.westernasset.cache.SecurityMasterCache count = 12000
2014-09-25 14:44:16,522 INFO  [SecurityCacheManager] repl-com.westernasset.cache.SecurityMasterCache count = 13000
134.874: [GC 134.874: [ParNew: 38336K->4224K(38336K), 0.0186280 secs] 428494K->399532K(1065664K), 0.0187270 secs] [Times: user=0.03 sys=0.01, real=0.01 secs] 
2014-09-25 14:44:16,634 INFO  [SecurityCacheManager] repl-com.westernasset.cache.SecurityMasterCache count = 14000
2014-09-25 14:44:16,752 INFO  [SecurityCacheManager] repl-com.westernasset.cache.SecurityMasterCache count = 15000
2014-09-25 14:44:16,874 INFO  [SecurityCacheManager] repl-com.westernasset.cache.SecurityMasterCache count = 16000
135.288: [GC 135.288: [ParNew: 38336K->4224K(38336K), 0.0201940 secs] 433644K->405961K(1065664K), 0.0202750 secs] [Times: user=0.04 sys=0.00, real=0.02 secs] 
2014-09-25 14:44:17,061 INFO  [SecurityCacheManager] repl-com.westernasset.cache.SecurityMasterCache count = 17000
2014-09-25 14:44:17,348 INFO  [SecurityCacheManager] repl-com.westernasset.cache.SecurityMasterCache count = 18000
2014-09-25 14:44:17,540 INFO  [SecurityCacheManager] repl-com.westernasset.cache.SecurityMasterCache count = 19000
135.941: [GC 135.941: [ParNew: 38336K->4224K(38336K), 0.0187700 secs] 440073K->412722K(1065664K), 0.0188490 secs] [Times: user=0.03 sys=0.01, real=0.02 secs] 
2014-09-25 14:44:17,940 INFO  [SecurityCacheManager] repl-com.westernasset.cache.SecurityMasterCache count = 20000
2014-09-25 14:44:18,031 INFO  [SecurityCacheManager] repl-com.westernasset.cache.SecurityMasterCache count = 21000
2014-09-25 14:44:18,345 INFO  [SecurityCacheManager] repl-com.westernasset.cache.SecurityMasterCache count = 22000
136.669: [GC 136.669: [ParNew: 38336K->4224K(38336K), 0.0244340 secs] 446834K->421575K(1065664K), 0.0245230 secs] [Times: user=0.03 sys=0.01, real=0.02 secs] 
2014-09-25 14:44:18,543 INFO  [SecurityCacheManager] repl-com.westernasset.cache.SecurityMasterCache count = 23000
2014-09-25 14:44:18,887 INFO  [SecurityCacheManager] repl-com.westernasset.cache.SecurityMasterCache count = 24000
137.356: [GC 137.356: [ParNew: 38336K->4224K(38336K), 0.0261710 secs] 455687K->429971K(1065664K), 0.0262650 secs] [Times: user=0.03 sys=0.02, real=0.02 secs] 
2014-09-25 14:44:19,132 INFO  [SecurityCacheManager] repl-com.westernasset.cache.SecurityMasterCache count = 25000
2014-09-25 14:44:19,328 INFO  [SecurityCacheManager] repl-com.westernasset.cache.SecurityMasterCache count = 26000
2014-09-25 14:44:19,487 INFO  [SecurityCacheManager] repl-com.westernasset.cache.SecurityMasterCache count = 27000
138.186: [GC 138.186: [ParNew: 38336K->4222K(38336K), 0.0344510 secs] 464083K->439527K(1065664K), 0.0345400 secs] [Times: user=0.04 sys=0.01, real=0.03 secs] 
2014-09-25 14:44:20,095 INFO  [SecurityCacheManager] repl-com.westernasset.cache.SecurityMasterCache count = 28000
2014-09-25 14:44:20,392 INFO  [SecurityCacheManager] repl-com.westernasset.cache.SecurityMasterCache count = 29000
2014-09-25 14:44:20,539 INFO  [SecurityCacheManager] repl-com.westernasset.cache.SecurityMasterCache count = 30000
138.854: [GC 138.854: [ParNew: 38334K->4224K(38336K), 0.0189700 secs] 473639K->444190K(1065664K), 0.0190580 secs] [Times: user=0.03 sys=0.00, real=0.02 secs] 
2014-09-25 14:44:20,592 INFO  [SecurityCacheManager] repl-com.westernasset.cache.SecurityMasterCache final count = 30410
2014-09-25 14:44:20,592 INFO  [SecurityCacheManager] SecurityMasterSubsystem completed caching security master size is :30410
2014-09-25 14:44:20,592 INFO  [SecurityCacheManager] SecurityMasterSubsystem began caching AssetId Map size is :30410
139.591: [GC 139.591: [ParNew: 38336K->4224K(38336K), 0.0273800 secs] 478302K->447678K(1065664K), 0.0274800 secs] [Times: user=0.05 sys=0.00, real=0.03 secs] 
139.651: [GC 139.651: [ParNew: 38336K->4224K(38336K), 0.0205070 secs] 481790K->451364K(1065664K), 0.0205960 secs] [Times: user=0.04 sys=0.01, real=0.02 secs] 
2014-09-25 14:44:21,449 INFO  [SecurityCacheManager] SecurityMasterSubsystem completed caching AssetId Map size is :30410
2014-09-25 14:44:21,449 INFO  [SecurityCacheManager] SecurityMasterSubsystem began caching Cash Security size is :47
2014-09-25 14:44:21,458 INFO  [SecurityCacheManager] near-com.westernasset.cache.cashSecurityCacheName final count = 47
2014-09-25 14:44:21,458 INFO  [SecurityCacheManager] SecurityMasterSubsystem completed caching Cash Security size is :47
2014-09-25 14:44:21,458 INFO  [SecurityCacheManager] SecurityMasterSubsystem began caching Compliance Cash Security size is :268
2014-09-25 14:44:21,465 INFO  [SecurityCacheManager] near-com.westernasset.cache.complianceCashSecurityCacheName final count = 268
2014-09-25 14:44:21,465 INFO  [SecurityCacheManager] SecurityMasterSubsystem completed caching CCompliance Cash Security size is :268
2014-09-25 14:44:21,465 INFO  [SecurityMasterDAOImpl] Executing db_get_product procedure started.
2014-09-25 14:44:21,473 INFO  [SecurityMasterDAOImpl] Executing db_get_product procedure completed.
2014-09-25 14:44:21,475 INFO  [SecurityMasterDAOImpl] Fetched all Product rows. Size is :16
2014-09-25 14:44:21,475 INFO  [SecurityCacheManager] SecurityMasterSubsystem began caching Product Mapping size is :16
2014-09-25 14:44:21,481 INFO  [SecurityCacheManager] near-com.westernasset.cache.ProductCache final count = 16
2014-09-25 14:44:21,481 INFO  [SecurityCacheManager] SecurityMasterSubsystem completed caching Product Mapping size is :16
2014-09-25 14:44:21,550 INFO  [SecurityCacheManager] Loading rating map into cache. 8
2014-09-25 14:44:21,559 INFO  [SecurityCacheManager] Done loading rating map into cache. 8
2014-09-25 14:44:21,620 INFO  [SecurityMasterDAOImpl] Executing db_all_llc
2014-09-25 14:44:21,649 INFO  [SecurityCacheManager] near-com.westernasset.cache.LLCSecurityPfIds final count = 640
2014-09-25 14:44:21,649 INFO  [SecurityMasterDAOImpl] processing getpositionAnalyticData started.
2014-09-25 14:44:22,103 INFO  [SecurityMasterDAOImpl] Fetched all position Analytic rows. Size is :844
2014-09-25 14:44:23,264 INFO  [DatabaseService] End Init method 453 MB
2014-09-25 14:44:23,266 INFO  [SubsystemImpl] Subsystem: P3SecurityMasterSubsystem loaded
2014-09-25 14:44:23,266 INFO  [JMSSubscriber] createTopicSubscription:[[P3SecurityMasterSubsystem]]com.westernasset.framework.subsystem.function.request.P3SecurityMasterSubsystem.GetInstrument,null
2014-09-25 14:44:23,289 INFO  [SubsystemImpl] Subsystem: P3SecurityMasterSubsystem function registered: GetInstrument
2014-09-25 14:44:23,289 INFO  [JMSSubscriber] createTopicSubscription:[[P3SecurityMasterSubsystem]]com.westernasset.framework.subsystem.function.request.P3SecurityMasterSubsystem.GetInstrumentByAssetId,null
2014-09-25 14:44:23,307 INFO  [SubsystemImpl] Subsystem: P3SecurityMasterSubsystem function registered: GetInstrumentByAssetId
2014-09-25 14:44:23,307 INFO  [JMSSubscriber] createTopicSubscription:[[P3SecurityMasterSubsystem]]com.westernasset.framework.subsystem.function.request.P3SecurityMasterSubsystem.GetIssuerDescByNyIssuerCode,null
2014-09-25 14:44:23,330 INFO  [SubsystemImpl] Subsystem: P3SecurityMasterSubsystem function registered: GetIssuerDescByNyIssuerCode
2014-09-25 14:44:23,330 INFO  [JMSSubscriber] createTopicSubscription:[[P3SecurityMasterSubsystem]]com.westernasset.framework.subsystem.function.request.P3SecurityMasterSubsystem.GetMoodyRatingStringFromCode,null
2014-09-25 14:44:23,347 INFO  [SubsystemImpl] Subsystem: P3SecurityMasterSubsystem function registered: GetMoodyRatingStringFromCode
2014-09-25 14:44:23,347 INFO  [JMSSubscriber] createTopicSubscription:[[P3SecurityMasterSubsystem]]com.westernasset.framework.subsystem.function.request.P3SecurityMasterSubsystem.GetMoodyShortRatingStringFromCode,null
2014-09-25 14:44:23,365 INFO  [SubsystemImpl] Subsystem: P3SecurityMasterSubsystem function registered: GetMoodyShortRatingStringFromCode
2014-09-25 14:44:23,365 INFO  [JMSSubscriber] createTopicSubscription:[[P3SecurityMasterSubsystem]]com.westernasset.framework.subsystem.function.request.P3SecurityMasterSubsystem.GetSpRatingStringFromCode,null
2014-09-25 14:44:23,385 INFO  [SubsystemImpl] Subsystem: P3SecurityMasterSubsystem function registered: GetSpRatingStringFromCode
2014-09-25 14:44:23,385 INFO  [JMSSubscriber] createTopicSubscription:[[P3SecurityMasterSubsystem]]com.westernasset.framework.subsystem.function.request.P3SecurityMasterSubsystem.GetSpShortRatingStringFromCode,null
2014-09-25 14:44:23,405 INFO  [SubsystemImpl] Subsystem: P3SecurityMasterSubsystem function registered: GetSpShortRatingStringFromCode
2014-09-25 14:44:23,405 INFO  [JMSSubscriber] createTopicSubscription:[[P3SecurityMasterSubsystem]]com.westernasset.framework.subsystem.function.request.P3SecurityMasterSubsystem.GetFitchRatingStringFromCode,null
2014-09-25 14:44:23,432 INFO  [SubsystemImpl] Subsystem: P3SecurityMasterSubsystem function registered: GetFitchRatingStringFromCode
2014-09-25 14:44:23,433 INFO  [JMSSubscriber] createTopicSubscription:[[P3SecurityMasterSubsystem]]com.westernasset.framework.subsystem.function.request.P3SecurityMasterSubsystem.GetFitchShortRatingStringFromCode,null
2014-09-25 14:44:23,450 INFO  [SubsystemImpl] Subsystem: P3SecurityMasterSubsystem function registered: GetFitchShortRatingStringFromCode
2014-09-25 14:44:23,450 INFO  [JMSSubscriber] createTopicSubscription:[[P3SecurityMasterSubsystem]]com.westernasset.framework.subsystem.function.request.P3SecurityMasterSubsystem.GetWaRatingStringFromCode,null
2014-09-25 14:44:23,469 INFO  [SubsystemImpl] Subsystem: P3SecurityMasterSubsystem function registered: GetWaRatingStringFromCode
2014-09-25 14:44:23,469 INFO  [JMSSubscriber] createTopicSubscription:[[P3SecurityMasterSubsystem]]com.westernasset.framework.subsystem.function.request.P3SecurityMasterSubsystem.GetWaShortRatingStringFromCode,null
2014-09-25 14:44:23,493 INFO  [SubsystemImpl] Subsystem: P3SecurityMasterSubsystem function registered: GetWaShortRatingStringFromCode
2014-09-25 14:44:23,493 INFO  [JMSSubscriber] createTopicSubscription:[[P3SecurityMasterSubsystem]]com.westernasset.framework.subsystem.function.request.P3SecurityMasterSubsystem.GetDigitRatingFromString,null
2014-09-25 14:44:23,510 INFO  [SubsystemImpl] Subsystem: P3SecurityMasterSubsystem function registered: GetDigitRatingFromString
2014-09-25 14:44:23,510 INFO  [JMSSubscriber] createTopicSubscription:[[P3SecurityMasterSubsystem]]com.westernasset.framework.subsystem.function.request.P3SecurityMasterSubsystem.AddSecurity,null
2014-09-25 14:44:23,530 INFO  [SubsystemImpl] Subsystem: P3SecurityMasterSubsystem function registered: AddSecurity
2014-09-25 14:44:23,530 INFO  [JMSSubscriber] createTopicSubscription:[[P3SecurityMasterSubsystem]]com.westernasset.framework.subsystem.function.request.P3SecurityMasterSubsystem.GetCashSecurity,null
2014-09-25 14:44:23,551 INFO  [SubsystemImpl] Subsystem: P3SecurityMasterSubsystem function registered: GetCashSecurity
2014-09-25 14:44:23,551 INFO  [JMSSubscriber] createTopicSubscription:[[P3SecurityMasterSubsystem]]com.westernasset.framework.subsystem.function.request.P3SecurityMasterSubsystem.GetAllRatings,null
2014-09-25 14:44:23,570 INFO  [SubsystemImpl] Subsystem: P3SecurityMasterSubsystem function registered: GetAllRatings
2014-09-25 14:44:23,570 INFO  [JMSSubscriber] createTopicSubscription:[[P3SecurityMasterSubsystem]]com.westernasset.framework.subsystem.function.request.P3SecurityMasterSubsystem.GetInstitutionsForSecurity,null
2014-09-25 14:44:23,587 INFO  [SubsystemImpl] Subsystem: P3SecurityMasterSubsystem function registered: GetInstitutionsForSecurity
2014-09-25 14:44:23,587 INFO  [JMSSubscriber] createTopicSubscription:[[P3SecurityMasterSubsystem]]com.westernasset.framework.subsystem.function.request.P3SecurityMasterSubsystem.GetPositionAnalytics,null
2014-09-25 14:44:23,607 INFO  [SubsystemImpl] Subsystem: P3SecurityMasterSubsystem function registered: GetPositionAnalytics
2014-09-25 14:44:23,607 INFO  [JMSSubscriber] createTopicSubscription:[[P3SecurityMasterSubsystem]]com.westernasset.framework.subsystem.function.request.P3SecurityMasterSubsystem.LoadOneSecurity,null
2014-09-25 14:44:23,624 INFO  [SubsystemImpl] Subsystem: P3SecurityMasterSubsystem function registered: LoadOneSecurity
2014-09-25 14:44:23,624 INFO  [JMSSubscriber] createTopicSubscription:[[P3SecurityMasterSubsystem]]com.westernasset.framework.subsystem.function.request.P3SecurityMasterSubsystem.GetRestrictedBrokers,null
2014-09-25 14:44:23,643 INFO  [SubsystemImpl] Subsystem: P3SecurityMasterSubsystem function registered: GetRestrictedBrokers
2014-09-25 14:44:23,657 INFO  [DatabaseService] Begin Init method 454 MB
2014-09-25 14:44:23,657 INFO  [DatabaseService] Loading TradeCache
2014-09-25 14:44:23,657 INFO  [TradeJdbcImpl] Executing {call db_all_trades(?)} procedure started.
2014-09-25 14:44:29,853 INFO  [TradeJdbcImpl] Executing {call db_all_trades(?)} procedure completed.
148.188: [GC 148.188: [ParNew: 38336K->3061K(38336K), 0.0126910 secs] 485476K->452027K(1065664K), 0.0127790 secs] [Times: user=0.02 sys=0.00, real=0.01 secs] 
2014-09-25 14:44:29,922 INFO  [TradeJdbcImpl] Trade count = 1000
2014-09-25 14:44:29,970 INFO  [TradeJdbcImpl] Trade count = 2000
148.268: [GC 148.268: [ParNew: 37173K->2096K(38336K), 0.0053890 secs] 486139K->451062K(1065664K), 0.0054800 secs] [Times: user=0.01 sys=0.00, real=0.00 secs] 
2014-09-25 14:44:30,023 INFO  [TradeJdbcImpl] Trade count = 3000
148.343: [GC 148.343: [ParNew: 36208K->3514K(38336K), 0.0057840 secs] 485174K->452480K(1065664K), 0.0058560 secs] [Times: user=0.01 sys=0.00, real=0.01 secs] 
2014-09-25 14:44:30,079 INFO  [TradeJdbcImpl] Trade count = 4000
148.410: [GC 148.410: [ParNew: 37626K->3871K(38336K), 0.0088630 secs] 486592K->453967K(1065664K), 0.0089400 secs] [Times: user=0.02 sys=0.00, real=0.01 secs] 
2014-09-25 14:44:30,133 INFO  [TradeJdbcImpl] Trade count = 5000
2014-09-25 14:44:30,177 INFO  [TradeJdbcImpl] Trade count = 6000
148.481: [GC 148.481: [ParNew: 37983K->3874K(38336K), 0.0070840 secs] 488079K->454833K(1065664K), 0.0071840 secs] [Times: user=0.01 sys=0.00, real=0.01 secs] 
2014-09-25 14:44:30,229 INFO  [TradeJdbcImpl] Trade count = 7000
148.550: [GC 148.550: [ParNew: 37986K->4224K(38336K), 0.0069830 secs] 488945K->456040K(1065664K), 0.0070710 secs] [Times: user=0.02 sys=0.00, real=0.01 secs] 
2014-09-25 14:44:30,281 INFO  [TradeJdbcImpl] Trade count = 8000
2014-09-25 14:44:30,325 INFO  [TradeJdbcImpl] Trade count = 9000
148.619: [GC 148.619: [ParNew: 38336K->3922K(38336K), 0.0071190 secs] 490152K->456597K(1065664K), 0.0072010 secs] [Times: user=0.02 sys=0.00, real=0.01 secs] 
2014-09-25 14:44:30,377 INFO  [TradeJdbcImpl] Trade count = 10000
148.688: [GC 148.688: [ParNew: 38034K->3921K(38336K), 0.0071250 secs] 490709K->457520K(1065664K), 0.0072060 secs] [Times: user=0.01 sys=0.00, real=0.00 secs] 
2014-09-25 14:44:30,445 INFO  [TradeJdbcImpl] Trade count = 11000
148.767: [GC 148.768: [ParNew: 38033K->3853K(38336K), 0.0082270 secs] 491632K->458314K(1065664K), 0.0083180 secs] [Times: user=0.01 sys=0.00, real=0.01 secs] 
2014-09-25 14:44:30,491 INFO  [TradeJdbcImpl] Trade count = 12000
2014-09-25 14:44:30,531 INFO  [TradeJdbcImpl] Trade count = 13000
148.831: [GC 148.831: [ParNew: 37965K->2686K(38336K), 0.0073300 secs] 492426K->458004K(1065664K), 0.0074090 secs] [Times: user=0.02 sys=0.01, real=0.01 secs] 
2014-09-25 14:44:30,580 INFO  [TradeJdbcImpl] Trade count = 14000
148.895: [GC 148.895: [ParNew: 36798K->3963K(38336K), 0.0073310 secs] 492116K->460144K(1065664K), 0.0074230 secs] [Times: user=0.02 sys=0.00, real=0.01 secs] 
2014-09-25 14:44:30,631 INFO  [TradeJdbcImpl] Trade count = 15000
2014-09-25 14:44:30,674 INFO  [TradeJdbcImpl] Trade count = 16000
148.964: [GC 148.964: [ParNew: 38075K->3961K(38336K), 0.0066820 secs] 494256K->461004K(1065664K), 0.0067570 secs] [Times: user=0.01 sys=0.00, real=0.01 secs] 
2014-09-25 14:44:30,722 INFO  [TradeJdbcImpl] Trade count = 17000
149.029: [GC 149.029: [ParNew: 38073K->3829K(38336K), 0.0065940 secs] 495116K->461858K(1065664K), 0.0066830 secs] [Times: user=0.01 sys=0.00, real=0.01 secs] 
2014-09-25 14:44:30,764 INFO  [TradeJdbcImpl] Trade count = 18000
149.075: [GC 149.076: [ParNew: 37941K->3837K(38336K), 0.0067970 secs] 495970K->462729K(1065664K), 0.0068840 secs] [Times: user=0.01 sys=0.00, real=0.01 secs] 
2014-09-25 14:44:30,800 INFO  [TradeJdbcImpl] Trade count = 19000
2014-09-25 14:44:30,830 INFO  [TradeJdbcImpl] Trade count = 20000
149.124: [GC 149.125: [ParNew: 37949K->3836K(38336K), 0.0072640 secs] 496841K->463587K(1065664K), 0.0073410 secs] [Times: user=0.01 sys=0.00, real=0.01 secs] 
2014-09-25 14:44:30,867 INFO  [TradeJdbcImpl] Trade count = 21000
149.172: [GC 149.172: [ParNew: 37948K->3833K(38336K), 0.0067150 secs] 497699K->464449K(1065664K), 0.0068170 secs] [Times: user=0.02 sys=0.00, real=0.01 secs] 
2014-09-25 14:44:30,903 INFO  [TradeJdbcImpl] Trade count = 22000
149.219: [GC 149.219: [ParNew: 37945K->3827K(38336K), 0.0065830 secs] 498561K->465302K(1065664K), 0.0066570 secs] [Times: user=0.01 sys=0.00, real=0.00 secs] 
2014-09-25 14:44:30,939 INFO  [TradeJdbcImpl] Trade count = 23000
2014-09-25 14:44:30,969 INFO  [TradeJdbcImpl] Trade count = 24000
149.268: [GC 149.268: [ParNew: 37939K->3824K(38336K), 0.0068120 secs] 499414K->466157K(1065664K), 0.0068880 secs] [Times: user=0.01 sys=0.00, real=0.00 secs] 
2014-09-25 14:44:31,007 INFO  [TradeJdbcImpl] Trade count = 25000
149.317: [GC 149.317: [ParNew: 37936K->2805K(38336K), 0.0084070 secs] 500269K->465998K(1065664K), 0.0084850 secs] [Times: user=0.02 sys=0.00, real=0.01 secs] 
2014-09-25 14:44:31,046 INFO  [TradeJdbcImpl] Trade count = 26000
2014-09-25 14:44:31,076 INFO  [TradeJdbcImpl] Trade count = 27000
149.368: [GC 149.368: [ParNew: 36917K->4073K(38336K), 0.0073960 secs] 500110K->468124K(1065664K), 0.0074740 secs] [Times: user=0.01 sys=0.01, real=0.01 secs] 
2014-09-25 14:44:31,113 INFO  [TradeJdbcImpl] Trade count = 28000
149.416: [GC 149.416: [ParNew: 38185K->4075K(38336K), 0.0070570 secs] 502236K->468984K(1065664K), 0.0071340 secs] [Times: user=0.02 sys=0.00, real=0.00 secs] 
2014-09-25 14:44:31,150 INFO  [TradeJdbcImpl] Trade count = 29000
149.463: [GC 149.463: [ParNew: 38187K->4224K(38336K), 0.0070770 secs] 503096K->470243K(1065664K), 0.0071550 secs] [Times: user=0.01 sys=0.00, real=0.01 secs] 
2014-09-25 14:44:31,186 INFO  [TradeJdbcImpl] Trade count = 30000
2014-09-25 14:44:31,215 INFO  [TradeJdbcImpl] Trade count = 31000
149.510: [GC 149.511: [ParNew: 38336K->3829K(38336K), 0.0072900 secs] 504355K->470710K(1065664K), 0.0073670 secs] [Times: user=0.01 sys=0.00, real=0.01 secs] 
2014-09-25 14:44:31,258 INFO  [TradeJdbcImpl] Trade count = 32000
149.619: [GC 149.619: [ParNew: 37941K->3835K(38336K), 0.0073260 secs] 504822K->471575K(1065664K), 0.0074300 secs] [Times: user=0.01 sys=0.00, real=0.01 secs] 
2014-09-25 14:44:31,357 INFO  [TradeJdbcImpl] Trade count = 33000
2014-09-25 14:44:31,426 INFO  [TradeJdbcImpl] Trade count = 34000
149.715: [GC 149.715: [ParNew: 37947K->3829K(38336K), 0.0077800 secs] 505687K->472431K(1065664K), 0.0078680 secs] [Times: user=0.02 sys=0.00, real=0.01 secs] 
2014-09-25 14:44:31,494 INFO  [TradeJdbcImpl] Trade count = 35000
149.801: [GC 149.801: [ParNew: 37941K->3829K(38336K), 0.0075460 secs] 506543K->473294K(1065664K), 0.0076310 secs] [Times: user=0.01 sys=0.00, real=0.01 secs] 
2014-09-25 14:44:31,545 INFO  [TradeJdbcImpl] Trade count = 36000
149.877: [GC 149.877: [ParNew: 37941K->3817K(38336K), 0.0074630 secs] 507406K->474138K(1065664K), 0.0075390 secs] [Times: user=0.01 sys=0.00, real=0.00 secs] 
2014-09-25 14:44:31,603 INFO  [TradeJdbcImpl] Trade count = 37000
2014-09-25 14:44:31,643 INFO  [TradeJdbcImpl] Trade count = 38000
149.936: [GC 149.936: [ParNew: 37929K->3814K(38336K), 0.0070770 secs] 508250K->474996K(1065664K), 0.0071540 secs] [Times: user=0.02 sys=0.00, real=0.00 secs] 
2014-09-25 14:44:31,681 INFO  [TradeJdbcImpl] Trade count = 39000
149.993: [GC 149.993: [ParNew: 37926K->3811K(38336K), 0.0076440 secs] 509108K->475847K(1065664K), 0.0077420 secs] [Times: user=0.01 sys=0.00, real=0.01 secs] 
2014-09-25 14:44:31,727 INFO  [TradeJdbcImpl] Trade count = 40000
150.054: [GC 150.054: [ParNew: 37923K->3819K(38336K), 0.0078890 secs] 509959K->476709K(1065664K), 0.0079770 secs] [Times: user=0.01 sys=0.00, real=0.01 secs] 
2014-09-25 14:44:31,777 INFO  [TradeJdbcImpl] Trade count = 41000
2014-09-25 14:44:31,811 INFO  [TradeJdbcImpl] Trade count = 42000
150.112: [GC 150.112: [ParNew: 37931K->3831K(38336K), 0.0076270 secs] 510821K->477579K(1065664K), 0.0077150 secs] [Times: user=0.01 sys=0.01, real=0.01 secs] 
2014-09-25 14:44:31,856 INFO  [TradeJdbcImpl] Trade count = 43000
150.175: [GC 150.175: [ParNew: 37943K->3832K(38336K), 0.0076280 secs] 511691K->478442K(1065664K), 0.0077240 secs] [Times: user=0.02 sys=0.00, real=0.01 secs] 
2014-09-25 14:44:31,905 INFO  [TradeJdbcImpl] Trade count = 44000
2014-09-25 14:44:31,967 INFO  [TradeJdbcImpl] Trade count = 45000
150.259: [GC 150.260: [ParNew: 37944K->3826K(38336K), 0.0080020 secs] 512554K->479301K(1065664K), 0.0080810 secs] [Times: user=0.01 sys=0.00, real=0.01 secs] 
2014-09-25 14:44:32,009 INFO  [TradeJdbcImpl] Trade count = 46000
150.334: [GC 150.334: [ParNew: 37938K->3814K(38336K), 0.0074980 secs] 513413K->480146K(1065664K), 0.0075860 secs] [Times: user=0.02 sys=0.00, real=0.01 secs] 
2014-09-25 14:44:32,075 INFO  [TradeJdbcImpl] Trade count = 47000
150.392: [GC 150.392: [ParNew: 37926K->3815K(38336K), 0.0077050 secs] 514258K->481004K(1065664K), 0.0078000 secs] [Times: user=0.01 sys=0.00, real=0.01 secs] 
2014-09-25 14:44:32,118 INFO  [TradeJdbcImpl] Trade count = 48000
2014-09-25 14:44:32,152 INFO  [TradeJdbcImpl] Trade count = 49000
150.449: [GC 150.449: [ParNew: 37927K->4224K(38336K), 0.0112670 secs] 515116K->482266K(1065664K), 0.0113720 secs] [Times: user=0.02 sys=0.00, real=0.01 secs] 
2014-09-25 14:44:32,198 INFO  [TradeJdbcImpl] Trade count = 50000
150.504: [GC 150.504: [ParNew: 38336K->2921K(38336K), 0.0100850 secs] 516378K->482680K(1065664K), 0.0101950 secs] [Times: user=0.02 sys=0.00, real=0.01 secs] 
2014-09-25 14:44:32,240 INFO  [TradeJdbcImpl] Trade count = 51000
150.594: [GC 150.594: [ParNew: 37033K->2382K(38336K), 0.0078210 secs] 516792K->483498K(1065664K), 0.0079100 secs] [Times: user=0.02 sys=0.00, real=0.01 secs] 
2014-09-25 14:44:32,316 INFO  [TradeJdbcImpl] Trade count = 52000
2014-09-25 14:44:32,365 INFO  [TradeJdbcImpl] Trade count = 53000
150.680: [GC 150.680: [ParNew: 36494K->3751K(38336K), 0.0057950 secs] 517610K->484866K(1065664K), 0.0059090 secs] [Times: user=0.01 sys=0.00, real=0.01 secs] 
2014-09-25 14:44:32,421 INFO  [TradeJdbcImpl] Trade count = 54000
150.735: [GC 150.735: [ParNew: 37863K->3576K(38336K), 0.0075210 secs] 518978K->485552K(1065664K), 0.0075990 secs] [Times: user=0.01 sys=0.00, real=0.01 secs] 
2014-09-25 14:44:32,464 INFO  [TradeJdbcImpl] Trade count = 55000
2014-09-25 14:44:32,495 INFO  [TradeJdbcImpl] Trade count = 56000
150.786: [GC 150.786: [ParNew: 37688K->3775K(38336K), 0.0076070 secs] 519664K->486614K(1065664K), 0.0076950 secs] [Times: user=0.01 sys=0.00, real=0.00 secs] 
2014-09-25 14:44:32,545 INFO  [TradeJdbcImpl] Trade count = 57000
150.855: [GC 150.855: [ParNew: 37887K->3820K(38336K), 0.0074930 secs] 520726K->487517K(1065664K), 0.0075730 secs] [Times: user=0.01 sys=0.00, real=0.01 secs] 
2014-09-25 14:44:32,591 INFO  [TradeJdbcImpl] Trade count = 58000
150.910: [GC 150.910: [ParNew: 37932K->3827K(38336K), 0.0075100 secs] 521629K->488392K(1065664K), 0.0076060 secs] [Times: user=0.02 sys=0.00, real=0.01 secs] 
2014-09-25 14:44:32,639 INFO  [TradeJdbcImpl] Trade count = 59000
2014-09-25 14:44:32,694 INFO  [TradeJdbcImpl] Trade count = 60000
150.990: [GC 150.990: [ParNew: 37939K->3818K(38336K), 0.0075700 secs] 522504K->489242K(1065664K), 0.0076880 secs] [Times: user=0.01 sys=0.00, real=0.01 secs] 
2014-09-25 14:44:32,733 INFO  [TradeJdbcImpl] Trade count = 61000
151.076: [GC 151.077: [ParNew: 37930K->3820K(38336K), 0.0078790 secs] 523354K->490098K(1065664K), 0.0079580 secs] [Times: user=0.01 sys=0.00, real=0.00 secs] 
2014-09-25 14:44:32,809 INFO  [TradeJdbcImpl] Trade count = 62000
151.128: [GC 151.128: [ParNew: 37932K->3834K(38336K), 0.0074090 secs] 524210K->490969K(1065664K), 0.0074970 secs] [Times: user=0.02 sys=0.00, real=0.01 secs] 
2014-09-25 14:44:32,848 INFO  [TradeJdbcImpl] Trade count = 63000
2014-09-25 14:44:32,906 INFO  [TradeJdbcImpl] Trade count = 64000
151.209: [GC 151.209: [ParNew: 37946K->3845K(38336K), 0.0074970 secs] 525081K->491844K(1065664K), 0.0076000 secs] [Times: user=0.01 sys=0.00, real=0.01 secs] 
2014-09-25 14:44:32,977 INFO  [TradeJdbcImpl] Trade count = 65000
151.325: [GC 151.326: [ParNew: 37957K->3836K(38336K), 0.0081940 secs] 525956K->492701K(1065664K), 0.0082730 secs] [Times: user=0.01 sys=0.00, real=0.00 secs] 
2014-09-25 14:44:33,057 INFO  [TradeJdbcImpl] Trade count = 66000
2014-09-25 14:44:33,103 INFO  [TradeJdbcImpl] Trade count = 67000
151.395: [GC 151.395: [ParNew: 37948K->3813K(38336K), 0.0075550 secs] 526813K->493542K(1065664K), 0.0076420 secs] [Times: user=0.02 sys=0.00, real=0.01 secs] 
2014-09-25 14:44:33,153 INFO  [TradeJdbcImpl] Trade count = 68000
151.460: [GC 151.460: [ParNew: 37925K->3793K(38336K), 0.0075010 secs] 527654K->494376K(1065664K), 0.0075810 secs] [Times: user=0.02 sys=0.00, real=0.01 secs] 
2014-09-25 14:44:33,203 INFO  [TradeJdbcImpl] Trade count = 69000
151.524: [GC 151.524: [ParNew: 37905K->3790K(38336K), 0.0110540 secs] 528488K->495220K(1065664K), 0.0111330 secs] [Times: user=0.02 sys=0.00, real=0.01 secs] 
2014-09-25 14:44:33,254 INFO  [TradeJdbcImpl] Trade count = 70000
2014-09-25 14:44:33,290 INFO  [TradeJdbcImpl] Trade count = 71000
151.585: [GC 151.585: [ParNew: 37902K->3791K(38336K), 0.0077320 secs] 529332K->496072K(1065664K), 0.0078170 secs] [Times: user=0.01 sys=0.00, real=0.01 secs] 
2014-09-25 14:44:33,335 INFO  [TradeJdbcImpl] Trade count = 72000
151.642: [GC 151.643: [ParNew: 37903K->3796K(38336K), 0.0076740 secs] 530184K->496931K(1065664K), 0.0077590 secs] [Times: user=0.02 sys=0.00, real=0.01 secs] 
2014-09-25 14:44:33,377 INFO  [TradeJdbcImpl] Trade count = 73000
151.699: [GC 151.699: [ParNew: 37908K->3790K(38336K), 0.0074820 secs] 531043K->497775K(1065664K), 0.0075700 secs] [Times: user=0.02 sys=0.00, real=0.01 secs] 
2014-09-25 14:44:33,422 INFO  [TradeJdbcImpl] Trade count = 74000
2014-09-25 14:44:33,454 INFO  [TradeJdbcImpl] Trade count = 75000
151.751: [GC 151.752: [ParNew: 37902K->3794K(38336K), 0.0076830 secs] 531887K->498633K(1065664K), 0.0077790 secs] [Times: user=0.01 sys=0.01, real=0.01 secs] 
2014-09-25 14:44:33,494 INFO  [TradeJdbcImpl] Trade count = 76000
151.804: [GC 151.804: [ParNew: 37906K->3797K(38336K), 0.0074390 secs] 532745K->499484K(1065664K), 0.0075480 secs] [Times: user=0.02 sys=0.00, real=0.01 secs] 
2014-09-25 14:44:33,534 INFO  [TradeJdbcImpl] Trade count = 77000
2014-09-25 14:44:33,606 INFO  [TradeJdbcImpl] Trade count = 78000
151.896: [GC 151.896: [ParNew: 37909K->3801K(38336K), 0.0074080 secs] 533596K->500342K(1065664K), 0.0074940 secs] [Times: user=0.01 sys=0.00, real=0.01 secs] 
2014-09-25 14:44:33,668 INFO  [TradeJdbcImpl] Trade count = 79000
151.974: [GC 151.974: [ParNew: 37913K->3796K(38336K), 0.0073310 secs] 534454K->501193K(1065664K), 0.0074530 secs] [Times: user=0.01 sys=0.00, real=0.01 secs] 
2014-09-25 14:44:33,724 INFO  [TradeJdbcImpl] Trade count = 80000
152.052: [GC 152.052: [ParNew: 37908K->3785K(38336K), 0.0073610 secs] 535305K->502033K(1065664K), 0.0074380 secs] [Times: user=0.01 sys=0.00, real=0.01 secs] 
2014-09-25 14:44:33,779 INFO  [TradeJdbcImpl] Trade count = 81000
2014-09-25 14:44:33,816 INFO  [TradeJdbcImpl] Trade count = 82000
152.109: [GC 152.109: [ParNew: 37897K->3778K(38336K), 0.0072790 secs] 536145K->502876K(1065664K), 0.0073670 secs] [Times: user=0.01 sys=0.00, real=0.01 secs] 
2014-09-25 14:44:33,875 INFO  [TradeJdbcImpl] Trade count = 83000
152.179: [GC 152.179: [ParNew: 37890K->3773K(38336K), 0.0078470 secs] 536988K->503718K(1065664K), 0.0079330 secs] [Times: user=0.01 sys=0.00, real=0.01 secs] 
2014-09-25 14:44:33,919 INFO  [TradeJdbcImpl] Trade count = 84000
152.243: [GC 152.243: [ParNew: 37885K->3771K(38336K), 0.0076430 secs] 537830K->504563K(1065664K), 0.0077390 secs] [Times: user=0.02 sys=0.00, real=0.01 secs] 
2014-09-25 14:44:33,967 INFO  [TradeJdbcImpl] Trade count = 85000
2014-09-25 14:44:33,999 INFO  [TradeJdbcImpl] Trade count = 86000
152.295: [GC 152.295: [ParNew: 37883K->3775K(38336K), 0.0078210 secs] 538675K->505414K(1065664K), 0.0079080 secs] [Times: user=0.01 sys=0.00, real=0.01 secs] 
2014-09-25 14:44:34,042 INFO  [TradeJdbcImpl] Trade count = 87000
152.350: [GC 152.350: [ParNew: 37887K->3779K(38336K), 0.0126700 secs] 539526K->506265K(1065664K), 0.0127520 secs] [Times: user=0.01 sys=0.00, real=0.01 secs] 
2014-09-25 14:44:34,089 INFO  [TradeJdbcImpl] Trade count = 88000
152.410: [GC 152.410: [ParNew: 37891K->3785K(38336K), 0.0075920 secs] 540377K->507121K(1065664K), 0.0076760 secs] [Times: user=0.02 sys=0.00, real=0.01 secs] 
2014-09-25 14:44:34,131 INFO  [TradeJdbcImpl] Trade count = 89000
2014-09-25 14:44:34,164 INFO  [TradeJdbcImpl] Trade count = 90000
152.474: [GC 152.474: [ParNew: 37897K->3785K(38336K), 0.0085360 secs] 541233K->507972K(1065664K), 0.0086250 secs] [Times: user=0.01 sys=0.00, real=0.01 secs] 
2014-09-25 14:44:34,216 INFO  [TradeJdbcImpl] Trade count = 91000
152.527: [GC 152.527: [ParNew: 37897K->3781K(38336K), 0.0077110 secs] 542084K->508820K(1065664K), 0.0077920 secs] [Times: user=0.01 sys=0.00, real=0.00 secs] 
2014-09-25 14:44:34,256 INFO  [TradeJdbcImpl] Trade count = 92000
2014-09-25 14:44:34,297 INFO  [TradeJdbcImpl] Trade count = 93000
152.588: [GC 152.588: [ParNew: 37893K->3776K(38336K), 0.0075500 secs] 542932K->509663K(1065664K), 0.0076280 secs] [Times: user=0.02 sys=0.00, real=0.00 secs] 
2014-09-25 14:44:34,337 INFO  [TradeJdbcImpl] Trade count = 94000
152.640: [GC 152.640: [ParNew: 37888K->3781K(38336K), 0.0069020 secs] 543775K->510515K(1065664K), 0.0069800 secs] [Times: user=0.01 sys=0.00, real=0.01 secs] 
2014-09-25 14:44:34,376 INFO  [TradeJdbcImpl] Trade count = 95000
152.695: [GC 152.695: [ParNew: 37893K->3786K(38336K), 0.0071440 secs] 544627K->511369K(1065664K), 0.0072250 secs] [Times: user=0.01 sys=0.00, real=0.01 secs] 
2014-09-25 14:44:34,421 INFO  [TradeJdbcImpl] Trade count = 96000
2014-09-25 14:44:34,473 INFO  [TradeJdbcImpl] Trade count = 97000
152.772: [GC 152.772: [ParNew: 37898K->3790K(38336K), 0.0081740 secs] 545481K->512224K(1065664K), 0.0082560 secs] [Times: user=0.01 sys=0.00, real=0.01 secs] 
2014-09-25 14:44:34,530 INFO  [TradeJdbcImpl] Trade count = 98000
152.843: [GC 152.844: [ParNew: 37902K->4224K(38336K), 0.0160330 secs] 546336K->513510K(1065664K), 0.0161250 secs] [Times: user=0.03 sys=0.00, real=0.02 secs] 
2014-09-25 14:44:34,588 INFO  [TradeJdbcImpl] Trade count = 99000
152.904: [GC 152.904: [ParNew: 38336K->3752K(38336K), 0.0114320 secs] 547622K->514736K(1065664K), 0.0115190 secs] [Times: user=0.02 sys=0.00, real=0.01 secs] 
2014-09-25 14:44:34,632 INFO  [TradeJdbcImpl] Trade count = 100000
2014-09-25 14:44:34,662 INFO  [TradeJdbcImpl] Trade count = 101000
152.957: [GC 152.958: [ParNew: 37864K->2637K(38336K), 0.0088660 secs] 548848K->515469K(1065664K), 0.0089420 secs] [Times: user=0.01 sys=0.00, real=0.01 secs] 
2014-09-25 14:44:34,702 INFO  [TradeJdbcImpl] Trade count = 102000
153.010: [GC 153.010: [ParNew: 36749K->3856K(38336K), 0.0054520 secs] 549581K->516688K(1065664K), 0.0055280 secs] [Times: user=0.01 sys=0.00, real=0.01 secs] 
2014-09-25 14:44:34,742 INFO  [TradeJdbcImpl] Trade count = 103000
153.071: [GC 153.071: [ParNew: 37968K->3570K(38336K), 0.0126270 secs] 550800K->517253K(1065664K), 0.0127030 secs] [Times: user=0.02 sys=0.00, real=0.01 secs] 
153.085: [GC [1 CMS-initial-mark: 513682K(1027328K)] 517936K(1065664K), 0.0026260 secs] [Times: user=0.00 sys=0.00, real=0.01 secs] 
153.087: [CMS-concurrent-mark-start]
2014-09-25 14:44:34,801 INFO  [TradeJdbcImpl] Trade count = 104000
2014-09-25 14:44:34,833 INFO  [TradeJdbcImpl] Trade count = 105000
153.135: [GC 153.135: [ParNew: 37682K->3734K(38336K), 0.0075860 secs] 551365K->518273K(1065664K), 0.0076610 secs] [Times: user=0.02 sys=0.00, real=0.01 secs] 
2014-09-25 14:44:34,893 INFO  [TradeJdbcImpl] Trade count = 106000
153.211: [GC 153.211: [ParNew: 37846K->3770K(38336K), 0.0071790 secs] 552385K->519160K(1065664K), 0.0072660 secs] [Times: user=0.02 sys=0.00, real=0.01 secs] 
2014-09-25 14:44:34,940 INFO  [TradeJdbcImpl] Trade count = 107000
2014-09-25 14:44:34,976 INFO  [TradeJdbcImpl] Trade count = 108000
153.265: [GC 153.265: [ParNew: 37882K->3775K(38336K), 0.0071330 secs] 553272K->520012K(1065664K), 0.0072100 secs] [Times: user=0.01 sys=0.00, real=0.01 secs] 
2014-09-25 14:44:35,026 INFO  [TradeJdbcImpl] Trade count = 109000
153.328: [GC 153.328: [ParNew: 37887K->3787K(38336K), 0.0070690 secs] 554124K->520874K(1065664K), 0.0071460 secs] [Times: user=0.01 sys=0.00, real=0.00 secs] 
2014-09-25 14:44:35,066 INFO  [TradeJdbcImpl] Trade count = 110000
153.390: [GC 153.391: [ParNew: 37899K->3790K(38336K), 0.0071920 secs] 554986K->521725K(1065664K), 0.0072820 secs] [Times: user=0.01 sys=0.00, real=0.01 secs] 
2014-09-25 14:44:35,117 INFO  [TradeJdbcImpl] Trade count = 111000
2014-09-25 14:44:35,158 INFO  [TradeJdbcImpl] Trade count = 112000
153.450: [GC 153.450: [ParNew: 37902K->3794K(38336K), 0.0076050 secs] 555837K->522585K(1065664K), 0.0076920 secs] [Times: user=0.01 sys=0.00, real=0.01 secs] 
2014-09-25 14:44:35,201 INFO  [TradeJdbcImpl] Trade count = 113000
153.506: [GC 153.506: [ParNew: 37906K->3786K(38336K), 0.0080890 secs] 556697K->523428K(1065664K), 0.0081680 secs] [Times: user=0.01 sys=0.00, real=0.00 secs] 
2014-09-25 14:44:35,244 INFO  [TradeJdbcImpl] Trade count = 114000
153.559: [GC 153.559: [ParNew: 37898K->3786K(38336K), 0.0071150 secs] 557540K->524279K(1065664K), 0.0071930 secs] [Times: user=0.02 sys=0.00, real=0.01 secs] 
2014-09-25 14:44:35,282 INFO  [TradeJdbcImpl] Trade count = 115000
2014-09-25 14:44:35,328 INFO  [TradeJdbcImpl] Trade count = 116000
153.623: [GC 153.624: [ParNew: 37898K->3784K(38336K), 0.0071690 secs] 558391K->525125K(1065664K), 0.0072440 secs] [Times: user=0.01 sys=0.00, real=0.01 secs] 
2014-09-25 14:44:35,366 INFO  [TradeJdbcImpl] Trade count = 117000
153.679: [GC 153.679: [ParNew: 37896K->3787K(38336K), 0.0071850 secs] 559237K->525980K(1065664K), 0.0072620 secs] [Times: user=0.01 sys=0.00, real=0.01 secs] 
2014-09-25 14:44:35,411 INFO  [TradeJdbcImpl] Trade count = 118000
153.712: [CMS-concurrent-mark: 0.554/0.624 secs] [Times: user=1.08 sys=0.07, real=0.62 secs] 
153.712: [CMS-concurrent-preclean-start]
153.720: [CMS-concurrent-preclean: 0.007/0.008 secs] [Times: user=0.01 sys=0.00, real=0.01 secs] 
153.720: [CMS-concurrent-abortable-preclean-start]
153.738: [GC 153.738: [ParNew: 37899K->3788K(38336K), 0.0071610 secs] 560092K->526831K(1065664K), 0.0072350 secs] [Times: user=0.02 sys=0.00, real=0.00 secs] 
2014-09-25 14:44:35,459 INFO  [TradeJdbcImpl] Trade count = 119000
2014-09-25 14:44:35,496 INFO  [TradeJdbcImpl] Trade count = 120000
153.807: [GC 153.807: [ParNew: 37900K->3793K(38336K), 0.0080450 secs] 560943K->527688K(1065664K), 0.0081330 secs] [Times: user=0.02 sys=0.00, real=0.00 secs] 
2014-09-25 14:44:35,558 INFO  [TradeJdbcImpl] Trade count = 121000
153.872: [GC 153.872: [ParNew: 37905K->3792K(38336K), 0.0072810 secs] 561800K->528536K(1065664K), 0.0073570 secs] [Times: user=0.01 sys=0.00, real=0.01 secs] 
2014-09-25 14:44:35,602 INFO  [TradeJdbcImpl] Trade count = 122000
2014-09-25 14:44:35,671 INFO  [TradeJdbcImpl] Trade count = 123000
153.961: [GC 153.962: [ParNew: 37904K->3792K(38336K), 0.0073580 secs] 562648K->529392K(1065664K), 0.0074360 secs] [Times: user=0.02 sys=0.00, real=0.01 secs] 
2014-09-25 14:44:35,718 INFO  [TradeJdbcImpl] Trade count = 124000
154.037: [GC 154.037: [ParNew: 37904K->3783K(38336K), 0.0073190 secs] 563504K->530232K(1065664K), 0.0074050 secs] [Times: user=0.02 sys=0.00, real=0.00 secs] 
2014-09-25 14:44:35,788 INFO  [TradeJdbcImpl] Trade count = 125000
154.115: [GC 154.115: [ParNew: 37895K->3778K(38336K), 0.0079760 secs] 564344K->531076K(1065664K), 0.0080630 secs] [Times: user=0.02 sys=0.00, real=0.00 secs] 
2014-09-25 14:44:35,843 INFO  [TradeJdbcImpl] Trade count = 126000
2014-09-25 14:44:35,877 INFO  [TradeJdbcImpl] Trade count = 127000
154.170: [GC 154.170: [ParNew: 37890K->3771K(38336K), 0.0108770 secs] 565188K->531918K(1065664K), 0.0109670 secs] [Times: user=0.02 sys=0.00, real=0.01 secs] 
2014-09-25 14:44:35,923 INFO  [TradeJdbcImpl] Trade count = 128000
154.246: [GC 154.246: [ParNew: 37883K->3768K(38336K), 0.0070370 secs] 566030K->532760K(1065664K), 0.0071130 secs] [Times: user=0.01 sys=0.00, real=0.00 secs] 
2014-09-25 14:44:35,993 INFO  [TradeJdbcImpl] Trade count = 129000
154.329: [GC 154.329: [ParNew: 37880K->3773K(38336K), 0.0072160 secs] 566872K->533611K(1065664K), 0.0073300 secs] [Times: user=0.02 sys=0.00, real=0.01 secs] 
2014-09-25 14:44:36,053 INFO  [TradeJdbcImpl] Trade count = 130000
2014-09-25 14:44:36,103 INFO  [TradeJdbcImpl] Trade count = 131000
154.398: [GC 154.398: [ParNew: 37885K->3771K(38336K), 0.0073840 secs] 567723K->534458K(1065664K), 0.0074880 secs] [Times: user=0.01 sys=0.00, real=0.01 secs] 
2014-09-25 14:44:36,142 INFO  [TradeJdbcImpl] Trade count = 132000
154.457: [GC 154.457: [ParNew: 37883K->3769K(38336K), 0.0074790 secs] 568570K->535304K(1065664K), 0.0075560 secs] [Times: user=0.02 sys=0.00, real=0.00 secs] 
2014-09-25 14:44:36,189 INFO  [TradeJdbcImpl] Trade count = 133000
154.517: [GC 154.517: [ParNew: 37881K->3763K(38336K), 0.0070040 secs] 569416K->536142K(1065664K), 0.0070810 secs] [Times: user=0.02 sys=0.00, real=0.00 secs] 
2014-09-25 14:44:36,238 INFO  [TradeJdbcImpl] Trade count = 134000
2014-09-25 14:44:36,268 INFO  [TradeJdbcImpl] Trade count = 135000
154.571: [GC 154.571: [ParNew: 37875K->3764K(38336K), 0.0073230 secs] 570254K->536989K(1065664K), 0.0074030 secs] [Times: user=0.01 sys=0.00, real=0.01 secs] 
2014-09-25 14:44:36,313 INFO  [TradeJdbcImpl] Trade count = 136000
154.635: [GC 154.635: [ParNew: 37876K->3768K(38336K), 0.0073780 secs] 571101K->537839K(1065664K), 0.0074560 secs] [Times: user=0.01 sys=0.00, real=0.01 secs] 
2014-09-25 14:44:36,367 INFO  [TradeJdbcImpl] Trade count = 137000
2014-09-25 14:44:36,421 INFO  [TradeJdbcImpl] Trade count = 138000
154.711: [GC 154.711: [ParNew: 37880K->3772K(38336K), 0.0076330 secs] 571951K->538688K(1065664K), 0.0077210 secs] [Times: user=0.01 sys=0.00, real=0.01 secs] 
2014-09-25 14:44:36,494 INFO  [TradeJdbcImpl] Trade count = 139000
154.795: [GC 154.795: [ParNew: 37884K->3774K(38336K), 0.0074820 secs] 572800K->539537K(1065664K), 0.0075590 secs] [Times: user=0.02 sys=0.00, real=0.00 secs] 
2014-09-25 14:44:36,537 INFO  [TradeJdbcImpl] Trade count = 140000
154.866: [GC 154.866: [ParNew: 37886K->3776K(38336K), 0.0071160 secs] 573649K->540391K(1065664K), 0.0072050 secs] [Times: user=0.02 sys=0.00, real=0.01 secs] 
2014-09-25 14:44:36,593 INFO  [TradeJdbcImpl] Trade count = 141000
2014-09-25 14:44:36,644 INFO  [TradeJdbcImpl] Trade count = 142000
154.937: [GC 154.937: [ParNew: 37888K->3774K(38336K), 0.0073070 secs] 574503K->541234K(1065664K), 0.0073830 secs] [Times: user=0.02 sys=0.00, real=0.00 secs] 
2014-09-25 14:44:36,699 INFO  [TradeJdbcImpl] Trade count = 143000
155.019: [GC 155.019: [ParNew: 37886K->3783K(38336K), 0.0072230 secs] 575346K->542090K(1065664K), 0.0073000 secs] [Times: user=0.01 sys=0.00, real=0.01 secs] 
2014-09-25 14:44:36,765 INFO  [TradeJdbcImpl] Trade count = 144000
155.088: [GC 155.088: [ParNew: 37895K->3789K(38336K), 0.0076120 secs] 576202K->542946K(1065664K), 0.0076960 secs] [Times: user=0.01 sys=0.00, real=0.00 secs] 
2014-09-25 14:44:36,816 INFO  [TradeJdbcImpl] Trade count = 145000
2014-09-25 14:44:36,866 INFO  [TradeJdbcImpl] Trade count = 146000
155.166: [GC 155.167: [ParNew: 37901K->3794K(38336K), 0.0077150 secs] 577058K->543805K(1065664K), 0.0077920 secs] [Times: user=0.01 sys=0.00, real=0.00 secs] 
2014-09-25 14:44:36,924 INFO  [TradeJdbcImpl] Trade count = 147000
155.232: [GC 155.232: [ParNew: 37906K->3785K(38336K), 0.0072790 secs] 577917K->544646K(1065664K), 0.0073570 secs] [Times: user=0.01 sys=0.00, real=0.01 secs] 
2014-09-25 14:44:36,967 INFO  [TradeJdbcImpl] Trade count = 148000
155.293: [GC 155.293: [ParNew: 37897K->3781K(38336K), 0.0073580 secs] 578758K->545494K(1065664K), 0.0074320 secs] [Times: user=0.01 sys=0.01, real=0.01 secs] 
2014-09-25 14:44:37,017 INFO  [TradeJdbcImpl] Trade count = 149000
2014-09-25 14:44:37,060 INFO  [TradeJdbcImpl] Trade count = 150000
155.356: [GC 155.356: [ParNew: 37893K->3822K(38336K), 0.0078520 secs] 579606K->546381K(1065664K), 0.0079660 secs] [Times: user=0.01 sys=0.00, real=0.01 secs] 
2014-09-25 14:44:37,108 INFO  [TradeJdbcImpl] Trade count = 151000
155.424: [GC 155.424: [ParNew: 37934K->3861K(38336K), 0.0082440 secs] 580493K->547269K(1065664K), 0.0083300 secs] [Times: user=0.01 sys=0.00, real=0.01 secs] 
2014-09-25 14:44:37,159 INFO  [TradeJdbcImpl] Trade count = 152000
155.499: [GC 155.499: [ParNew: 37973K->3877K(38336K), 0.0081650 secs] 581381K->548174K(1065664K), 0.0082440 secs] [Times: user=0.02 sys=0.00, real=0.01 secs] 
2014-09-25 14:44:37,223 INFO  [TradeJdbcImpl] Trade count = 153000
2014-09-25 14:44:37,269 INFO  [TradeJdbcImpl] Trade count = 154000
155.566: [GC 155.566: [ParNew: 37989K->3851K(38336K), 0.0078260 secs] 582286K->549019K(1065664K), 0.0079040 secs] [Times: user=0.02 sys=0.00, real=0.01 secs] 
2014-09-25 14:44:37,310 INFO  [TradeJdbcImpl] Trade count = 155000
155.618: [GC 155.618: [ParNew: 37963K->3847K(38336K), 0.0078950 secs] 583131K->549870K(1065664K), 0.0079730 secs] [Times: user=0.01 sys=0.00, real=0.01 secs] 
2014-09-25 14:44:37,351 INFO  [TradeJdbcImpl] Trade count = 156000
155.671: [GC 155.671: [ParNew: 37959K->3861K(38336K), 0.0081840 secs] 583982K->550746K(1065664K), 0.0082710 secs] [Times: user=0.02 sys=0.01, real=0.01 secs] 
2014-09-25 14:44:37,392 INFO  [TradeJdbcImpl] Trade count = 157000
2014-09-25 14:44:37,423 INFO  [TradeJdbcImpl] Trade count = 158000
155.722: [GC 155.722: [ParNew: 37973K->3871K(38336K), 0.0075660 secs] 584858K->551631K(1065664K), 0.0076870 secs] [Times: user=0.01 sys=0.00, real=0.01 secs] 
2014-09-25 14:44:37,463 INFO  [TradeJdbcImpl] Trade count = 159000
155.773: [GC 155.773: [ParNew: 37983K->3860K(38336K), 0.0080180 secs] 585743K->552488K(1065664K), 0.0080970 secs] [Times: user=0.01 sys=0.00, real=0.01 secs] 
2014-09-25 14:44:37,504 INFO  [TradeJdbcImpl] Trade count = 160000
2014-09-25 14:44:37,536 INFO  [TradeJdbcImpl] Trade count = 161000
155.826: [GC 155.826: [ParNew: 37972K->3851K(38336K), 0.0077490 secs] 586600K->553344K(1065664K), 0.0078340 secs] [Times: user=0.02 sys=0.01, real=0.01 secs] 
2014-09-25 14:44:37,577 INFO  [TradeJdbcImpl] Trade count = 162000
155.878: [GC 155.878: [ParNew: 37963K->3840K(38336K), 0.0076880 secs] 587456K->554199K(1065664K), 0.0077670 secs] [Times: user=0.01 sys=0.00, real=0.00 secs] 
2014-09-25 14:44:37,617 INFO  [TradeJdbcImpl] Trade count = 163000
155.929: [GC 155.929: [ParNew: 37952K->3828K(38336K), 0.0083720 secs] 588311K->555048K(1065664K), 0.0084610 secs] [Times: user=0.02 sys=0.00, real=0.01 secs] 
2014-09-25 14:44:37,658 INFO  [TradeJdbcImpl] Trade count = 164000
2014-09-25 14:44:37,690 INFO  [TradeJdbcImpl] Trade count = 165000
155.982: [GC 155.982: [ParNew: 37940K->3819K(38336K), 0.0084790 secs] 589160K->555896K(1065664K), 0.0085740 secs] [Times: user=0.02 sys=0.00, real=0.01 secs] 
2014-09-25 14:44:37,731 INFO  [TradeJdbcImpl] Trade count = 166000
156.035: [GC 156.035: [ParNew: 37931K->3806K(38336K), 0.0083950 secs] 590008K->556741K(1065664K), 0.0084730 secs] [Times: user=0.01 sys=0.00, real=0.01 secs] 
2014-09-25 14:44:37,772 INFO  [TradeJdbcImpl] Trade count = 167000
156.087: [GC 156.087: [ParNew: 37918K->3809K(38336K), 0.0082500 secs] 590853K->557600K(1065664K), 0.0083260 secs] [Times: user=0.01 sys=0.00, real=0.00 secs] 
2014-09-25 14:44:37,813 INFO  [TradeJdbcImpl] Trade count = 168000
2014-09-25 14:44:37,845 INFO  [TradeJdbcImpl] Trade count = 169000
156.139: [GC 156.139: [ParNew: 37921K->4224K(38336K), 0.0075770 secs] 591712K->558862K(1065664K), 0.0076560 secs] [Times: user=0.02 sys=0.00, real=0.01 secs] 
2014-09-25 14:44:37,881 INFO  [TradeJdbcImpl] Fetched all TradeMap rows. Size is :169743
2014-09-25 14:44:37,888 INFO  [TradeCacheManager] Initialized all Caches...
2014-09-25 14:44:37,888 INFO  [TradeCacheManager] TradeSubsystem began Caching trades.
2014-09-25 14:44:37,948 INFO  [TradeCacheManager] near-com.westernasset.cache.TradeCache count = 1000
2014-09-25 14:44:37,972 INFO  [TradeCacheManager] near-com.westernasset.cache.TradeCache count = 2000
156.266: [CMS-concurrent-abortable-preclean: 0.459/2.545 secs] [Times: user=2.61 sys=0.24, real=2.54 secs] 
156.266: [GC[YG occupancy: 26144 K (38336 K)]156.266: [Rescan (parallel) , 0.0068380 secs]156.273: [weak refs processing, 0.0001600 secs] [1 CMS-remark: 554638K(1027328K)] 580783K(1065664K), 0.0071810 secs] [Times: user=0.01 sys=0.00, real=0.01 secs] 
156.274: [CMS-concurrent-sweep-start]
2014-09-25 14:44:37,997 INFO  [TradeCacheManager] near-com.westernasset.cache.TradeCache count = 3000
2014-09-25 14:44:38,023 INFO  [TradeCacheManager] near-com.westernasset.cache.TradeCache count = 4000
2014-09-25 14:44:38,044 INFO  [TradeCacheManager] near-com.westernasset.cache.TradeCache count = 5000
2014-09-25 14:44:38,064 INFO  [TradeCacheManager] near-com.westernasset.cache.TradeCache count = 6000
156.358: [GC 156.358: [ParNew: 38336K->3828K(38336K), 0.0079630 secs] 564235K->530591K(1065664K), 0.0080420 secs] [Times: user=0.01 sys=0.00, real=0.00 secs] 
2014-09-25 14:44:38,096 INFO  [TradeCacheManager] near-com.westernasset.cache.TradeCache count = 7000
2014-09-25 14:44:38,129 INFO  [TradeCacheManager] near-com.westernasset.cache.TradeCache count = 8000
2014-09-25 14:44:38,155 INFO  [TradeCacheManager] near-com.westernasset.cache.TradeCache count = 9000
2014-09-25 14:44:38,183 INFO  [TradeCacheManager] near-com.westernasset.cache.TradeCache count = 10000
2014-09-25 14:44:38,215 INFO  [TradeCacheManager] near-com.westernasset.cache.TradeCache count = 11000
2014-09-25 14:44:38,238 INFO  [TradeCacheManager] near-com.westernasset.cache.TradeCache count = 12000
2014-09-25 14:44:38,256 INFO  [TradeCacheManager] near-com.westernasset.cache.TradeCache count = 13000
2014-09-25 14:44:38,274 INFO  [TradeCacheManager] near-com.westernasset.cache.TradeCache count = 14000
2014-09-25 14:44:38,302 INFO  [TradeCacheManager] near-com.westernasset.cache.TradeCache count = 15000
2014-09-25 14:44:38,319 INFO  [TradeCacheManager] near-com.westernasset.cache.TradeCache count = 16000
2014-09-25 14:44:38,336 INFO  [TradeCacheManager] near-com.westernasset.cache.TradeCache count = 17000
156.629: [GC 156.629: [ParNew: 37940K->2992K(38336K), 0.0086900 secs] 510999K->477769K(1065664K), 0.0087890 secs] [Times: user=0.02 sys=0.00, real=0.01 secs] 
2014-09-25 14:44:38,365 INFO  [TradeCacheManager] near-com.westernasset.cache.TradeCache count = 18000
2014-09-25 14:44:38,384 INFO  [TradeCacheManager] near-com.westernasset.cache.TradeCache count = 19000
2014-09-25 14:44:38,404 INFO  [TradeCacheManager] near-com.westernasset.cache.TradeCache count = 20000
2014-09-25 14:44:38,424 INFO  [TradeCacheManager] near-com.westernasset.cache.TradeCache count = 21000
2014-09-25 14:44:38,441 INFO  [TradeCacheManager] near-com.westernasset.cache.TradeCache count = 22000
2014-09-25 14:44:38,460 INFO  [TradeCacheManager] near-com.westernasset.cache.TradeCache count = 23000
2014-09-25 14:44:38,480 INFO  [TradeCacheManager] near-com.westernasset.cache.TradeCache count = 24000
2014-09-25 14:44:38,499 INFO  [TradeCacheManager] near-com.westernasset.cache.TradeCache count = 25000
2014-09-25 14:44:38,519 INFO  [TradeCacheManager] near-com.westernasset.cache.TradeCache count = 26000
2014-09-25 14:44:38,538 INFO  [TradeCacheManager] near-com.westernasset.cache.TradeCache count = 27000
2014-09-25 14:44:38,560 INFO  [TradeCacheManager] near-com.westernasset.cache.TradeCache count = 28000
2014-09-25 14:44:38,583 INFO  [TradeCacheManager] near-com.westernasset.cache.TradeCache count = 29000
156.874: [GC 156.874: [ParNew: 37104K->2008K(38336K), 0.0046250 secs] 445582K->410485K(1065664K), 0.0047080 secs] [Times: user=0.01 sys=0.00, real=0.01 secs] 
2014-09-25 14:44:38,607 INFO  [TradeCacheManager] near-com.westernasset.cache.TradeCache count = 30000
2014-09-25 14:44:38,625 INFO  [TradeCacheManager] near-com.westernasset.cache.TradeCache count = 31000
2014-09-25 14:44:38,644 INFO  [TradeCacheManager] near-com.westernasset.cache.TradeCache count = 32000
2014-09-25 14:44:38,662 INFO  [TradeCacheManager] near-com.westernasset.cache.TradeCache count = 33000
2014-09-25 14:44:38,684 INFO  [TradeCacheManager] near-com.westernasset.cache.TradeCache count = 34000
2014-09-25 14:44:38,703 INFO  [TradeCacheManager] near-com.westernasset.cache.TradeCache count = 35000
2014-09-25 14:44:38,728 INFO  [TradeCacheManager] near-com.westernasset.cache.TradeCache count = 36000
2014-09-25 14:44:38,751 INFO  [TradeCacheManager] near-com.westernasset.cache.TradeCache count = 37000
2014-09-25 14:44:38,773 INFO  [TradeCacheManager] near-com.westernasset.cache.TradeCache count = 38000
2014-09-25 14:44:38,797 INFO  [TradeCacheManager] near-com.westernasset.cache.TradeCache count = 39000
2014-09-25 14:44:38,818 INFO  [TradeCacheManager] near-com.westernasset.cache.TradeCache count = 40000
157.110: [GC 157.111: [ParNew: 36120K->1847K(38336K), 0.0059200 secs] 425879K->391607K(1065664K), 0.0059940 secs] [Times: user=0.01 sys=0.00, real=0.00 secs] 
2014-09-25 14:44:38,843 INFO  [TradeCacheManager] near-com.westernasset.cache.TradeCache count = 41000
2014-09-25 14:44:38,862 INFO  [TradeCacheManager] near-com.westernasset.cache.TradeCache count = 42000
2014-09-25 14:44:38,882 INFO  [TradeCacheManager] near-com.westernasset.cache.TradeCache count = 43000
2014-09-25 14:44:38,898 INFO  [TradeCacheManager] near-com.westernasset.cache.TradeCache count = 44000
2014-09-25 14:44:38,915 INFO  [TradeCacheManager] near-com.westernasset.cache.TradeCache count = 45000
2014-09-25 14:44:38,934 INFO  [TradeCacheManager] near-com.westernasset.cache.TradeCache count = 46000
2014-09-25 14:44:38,951 INFO  [TradeCacheManager] near-com.westernasset.cache.TradeCache count = 47000
157.255: [CMS-concurrent-sweep: 0.949/0.981 secs] [Times: user=1.20 sys=0.19, real=0.98 secs] 
157.255: [CMS-concurrent-reset-start]
2014-09-25 14:44:38,969 INFO  [TradeCacheManager] near-com.westernasset.cache.TradeCache count = 48000
157.267: [CMS-concurrent-reset: 0.011/0.011 secs] [Times: user=0.01 sys=0.00, real=0.02 secs] 
2014-09-25 14:44:38,986 INFO  [TradeCacheManager] near-com.westernasset.cache.TradeCache count = 49000
2014-09-25 14:44:39,004 INFO  [TradeCacheManager] near-com.westernasset.cache.TradeCache count = 50000
2014-09-25 14:44:39,021 INFO  [TradeCacheManager] near-com.westernasset.cache.TradeCache count = 51000
157.314: [GC 157.314: [ParNew: 35959K->1879K(38336K), 0.0147210 secs] 385040K->351358K(1065664K), 0.0148160 secs] [Times: user=0.01 sys=0.00, real=0.02 secs] 
2014-09-25 14:44:39,055 INFO  [TradeCacheManager] near-com.westernasset.cache.TradeCache count = 52000
2014-09-25 14:44:39,072 INFO  [TradeCacheManager] near-com.westernasset.cache.TradeCache count = 53000
2014-09-25 14:44:39,089 INFO  [TradeCacheManager] near-com.westernasset.cache.TradeCache count = 54000
2014-09-25 14:44:39,107 INFO  [TradeCacheManager] near-com.westernasset.cache.TradeCache count = 55000
2014-09-25 14:44:39,122 INFO  [TradeCacheManager] near-com.westernasset.cache.TradeCache count = 56000
2014-09-25 14:44:39,139 INFO  [TradeCacheManager] near-com.westernasset.cache.TradeCache count = 57000
2014-09-25 14:44:39,155 INFO  [TradeCacheManager] near-com.westernasset.cache.TradeCache count = 58000
2014-09-25 14:44:39,171 INFO  [TradeCacheManager] near-com.westernasset.cache.TradeCache count = 59000
2014-09-25 14:44:39,188 INFO  [TradeCacheManager] near-com.westernasset.cache.TradeCache count = 60000
2014-09-25 14:44:39,205 INFO  [TradeCacheManager] near-com.westernasset.cache.TradeCache count = 61000
2014-09-25 14:44:39,220 INFO  [TradeCacheManager] near-com.westernasset.cache.TradeCache count = 62000
157.514: [GC 157.514: [ParNew: 35991K->1463K(38336K), 0.0051170 secs] 385470K->350942K(1065664K), 0.0051910 secs] [Times: user=0.00 sys=0.00, real=0.01 secs] 
2014-09-25 14:44:39,244 INFO  [TradeCacheManager] near-com.westernasset.cache.TradeCache count = 63000
2014-09-25 14:44:39,262 INFO  [TradeCacheManager] near-com.westernasset.cache.TradeCache count = 64000
2014-09-25 14:44:39,279 INFO  [TradeCacheManager] near-com.westernasset.cache.TradeCache count = 65000
2014-09-25 14:44:39,295 INFO  [TradeCacheManager] near-com.westernasset.cache.TradeCache count = 66000
2014-09-25 14:44:39,312 INFO  [TradeCacheManager] near-com.westernasset.cache.TradeCache count = 67000
2014-09-25 14:44:39,329 INFO  [TradeCacheManager] near-com.westernasset.cache.TradeCache count = 68000
2014-09-25 14:44:39,347 INFO  [TradeCacheManager] near-com.westernasset.cache.TradeCache count = 69000
2014-09-25 14:44:39,362 INFO  [TradeCacheManager] near-com.westernasset.cache.TradeCache count = 70000
2014-09-25 14:44:39,381 INFO  [TradeCacheManager] near-com.westernasset.cache.TradeCache count = 71000
2014-09-25 14:44:39,398 INFO  [TradeCacheManager] near-com.westernasset.cache.TradeCache count = 72000
2014-09-25 14:44:39,415 INFO  [TradeCacheManager] near-com.westernasset.cache.TradeCache count = 73000
2014-09-25 14:44:39,434 INFO  [TradeCacheManager] near-com.westernasset.cache.TradeCache count = 74000
157.725: [GC 157.725: [ParNew: 35575K->1128K(38336K), 0.0042220 secs] 385054K->350610K(1065664K), 0.0043000 secs] [Times: user=0.01 sys=0.00, real=0.01 secs] 
2014-09-25 14:44:39,457 INFO  [TradeCacheManager] near-com.westernasset.cache.TradeCache count = 75000
2014-09-25 14:44:39,475 INFO  [TradeCacheManager] near-com.westernasset.cache.TradeCache count = 76000
2014-09-25 14:44:39,491 INFO  [TradeCacheManager] near-com.westernasset.cache.TradeCache count = 77000
2014-09-25 14:44:39,506 INFO  [TradeCacheManager] near-com.westernasset.cache.TradeCache count = 78000
2014-09-25 14:44:39,523 INFO  [TradeCacheManager] near-com.westernasset.cache.TradeCache count = 79000
2014-09-25 14:44:39,540 INFO  [TradeCacheManager] near-com.westernasset.cache.TradeCache count = 80000
2014-09-25 14:44:39,557 INFO  [TradeCacheManager] near-com.westernasset.cache.TradeCache count = 81000
2014-09-25 14:44:39,573 INFO  [TradeCacheManager] near-com.westernasset.cache.TradeCache count = 82000
2014-09-25 14:44:39,591 INFO  [TradeCacheManager] near-com.westernasset.cache.TradeCache count = 83000
2014-09-25 14:44:39,609 INFO  [TradeCacheManager] near-com.westernasset.cache.TradeCache count = 84000
2014-09-25 14:44:39,625 INFO  [TradeCacheManager] near-com.westernasset.cache.TradeCache count = 85000
157.917: [GC 157.917: [ParNew: 35240K->1746K(38336K), 0.0042200 secs] 384722K->351228K(1065664K), 0.0042920 secs] [Times: user=0.01 sys=0.00, real=0.00 secs] 
2014-09-25 14:44:39,648 INFO  [TradeCacheManager] near-com.westernasset.cache.TradeCache count = 86000
2014-09-25 14:44:39,666 INFO  [TradeCacheManager] near-com.westernasset.cache.TradeCache count = 87000
2014-09-25 14:44:39,683 INFO  [TradeCacheManager] near-com.westernasset.cache.TradeCache count = 88000
2014-09-25 14:44:39,702 INFO  [TradeCacheManager] near-com.westernasset.cache.TradeCache count = 89000
2014-09-25 14:44:39,720 INFO  [TradeCacheManager] near-com.westernasset.cache.TradeCache count = 90000
2014-09-25 14:44:39,740 INFO  [TradeCacheManager] near-com.westernasset.cache.TradeCache count = 91000
2014-09-25 14:44:39,756 INFO  [TradeCacheManager] near-com.westernasset.cache.TradeCache count = 92000
2014-09-25 14:44:39,774 INFO  [TradeCacheManager] near-com.westernasset.cache.TradeCache count = 93000
2014-09-25 14:44:39,791 INFO  [TradeCacheManager] near-com.westernasset.cache.TradeCache count = 94000
2014-09-25 14:44:39,811 INFO  [TradeCacheManager] near-com.westernasset.cache.TradeCache count = 95000
2014-09-25 14:44:39,828 INFO  [TradeCacheManager] near-com.westernasset.cache.TradeCache count = 96000
158.121: [GC 158.121: [ParNew: 35858K->2067K(38336K), 0.0070510 secs] 385340K->351549K(1065664K), 0.0071280 secs] [Times: user=0.01 sys=0.00, real=0.01 secs] 
2014-09-25 14:44:39,851 INFO  [TradeCacheManager] near-com.westernasset.cache.TradeCache count = 97000
2014-09-25 14:44:39,872 INFO  [TradeCacheManager] near-com.westernasset.cache.TradeCache count = 98000
2014-09-25 14:44:39,889 INFO  [TradeCacheManager] near-com.westernasset.cache.TradeCache count = 99000
2014-09-25 14:44:39,906 INFO  [TradeCacheManager] near-com.westernasset.cache.TradeCache count = 100000
2014-09-25 14:44:39,924 INFO  [TradeCacheManager] near-com.westernasset.cache.TradeCache count = 101000
2014-09-25 14:44:39,942 INFO  [TradeCacheManager] near-com.westernasset.cache.TradeCache count = 102000
2014-09-25 14:44:39,958 INFO  [TradeCacheManager] near-com.westernasset.cache.TradeCache count = 103000
2014-09-25 14:44:39,975 INFO  [TradeCacheManager] near-com.westernasset.cache.TradeCache count = 104000
2014-09-25 14:44:39,992 INFO  [TradeCacheManager] near-com.westernasset.cache.TradeCache count = 105000
2014-09-25 14:44:40,010 INFO  [TradeCacheManager] near-com.westernasset.cache.TradeCache count = 106000
2014-09-25 14:44:40,027 INFO  [TradeCacheManager] near-com.westernasset.cache.TradeCache count = 107000
2014-09-25 14:44:40,043 INFO  [TradeCacheManager] near-com.westernasset.cache.TradeCache count = 108000
158.334: [GC 158.334: [ParNew: 36179K->1215K(38336K), 0.0040630 secs] 385661K->350697K(1065664K), 0.0041540 secs] [Times: user=0.01 sys=0.00, real=0.01 secs] 
2014-09-25 14:44:40,064 INFO  [TradeCacheManager] near-com.westernasset.cache.TradeCache count = 109000
2014-09-25 14:44:40,081 INFO  [TradeCacheManager] near-com.westernasset.cache.TradeCache count = 110000
2014-09-25 14:44:40,097 INFO  [TradeCacheManager] near-com.westernasset.cache.TradeCache count = 111000
2014-09-25 14:44:40,114 INFO  [TradeCacheManager] near-com.westernasset.cache.TradeCache count = 112000
2014-09-25 14:44:40,130 INFO  [TradeCacheManager] near-com.westernasset.cache.TradeCache count = 113000
2014-09-25 14:44:40,151 INFO  [TradeCacheManager] near-com.westernasset.cache.TradeCache count = 114000
2014-09-25 14:44:40,174 INFO  [TradeCacheManager] near-com.westernasset.cache.TradeCache count = 115000
2014-09-25 14:44:40,192 INFO  [TradeCacheManager] near-com.westernasset.cache.TradeCache count = 116000
2014-09-25 14:44:40,210 INFO  [TradeCacheManager] near-com.westernasset.cache.TradeCache count = 117000
2014-09-25 14:44:40,227 INFO  [TradeCacheManager] near-com.westernasset.cache.TradeCache count = 118000
2014-09-25 14:44:40,244 INFO  [TradeCacheManager] near-com.westernasset.cache.TradeCache count = 119000
158.536: [GC 158.536: [ParNew: 35327K->1332K(38336K), 0.0042240 secs] 384809K->350814K(1065664K), 0.0042950 secs] [Times: user=0.01 sys=0.00, real=0.01 secs] 
2014-09-25 14:44:40,268 INFO  [TradeCacheManager] near-com.westernasset.cache.TradeCache count = 120000
2014-09-25 14:44:40,285 INFO  [TradeCacheManager] near-com.westernasset.cache.TradeCache count = 121000
2014-09-25 14:44:40,302 INFO  [TradeCacheManager] near-com.westernasset.cache.TradeCache count = 122000
2014-09-25 14:44:40,319 INFO  [TradeCacheManager] near-com.westernasset.cache.TradeCache count = 123000
2014-09-25 14:44:40,338 INFO  [TradeCacheManager] near-com.westernasset.cache.TradeCache count = 124000
2014-09-25 14:44:40,354 INFO  [TradeCacheManager] near-com.westernasset.cache.TradeCache count = 125000
2014-09-25 14:44:40,373 INFO  [TradeCacheManager] near-com.westernasset.cache.TradeCache count = 126000
2014-09-25 14:44:40,391 INFO  [TradeCacheManager] near-com.westernasset.cache.TradeCache count = 127000
2014-09-25 14:44:40,408 INFO  [TradeCacheManager] near-com.westernasset.cache.TradeCache count = 128000
2014-09-25 14:44:40,426 INFO  [TradeCacheManager] near-com.westernasset.cache.TradeCache count = 129000
2014-09-25 14:44:40,443 INFO  [TradeCacheManager] near-com.westernasset.cache.TradeCache count = 130000
158.735: [GC 158.735: [ParNew: 35444K->1937K(38336K), 0.0045740 secs] 384926K->351422K(1065664K), 0.0046470 secs] [Times: user=0.01 sys=0.00, real=0.01 secs] 
2014-09-25 14:44:40,466 INFO  [TradeCacheManager] near-com.westernasset.cache.TradeCache count = 131000
2014-09-25 14:44:40,484 INFO  [TradeCacheManager] near-com.westernasset.cache.TradeCache count = 132000
2014-09-25 14:44:40,501 INFO  [TradeCacheManager] near-com.westernasset.cache.TradeCache count = 133000
2014-09-25 14:44:40,519 INFO  [TradeCacheManager] near-com.westernasset.cache.TradeCache count = 134000
2014-09-25 14:44:40,534 INFO  [TradeCacheManager] near-com.westernasset.cache.TradeCache count = 135000
2014-09-25 14:44:40,551 INFO  [TradeCacheManager] near-com.westernasset.cache.TradeCache count = 136000
2014-09-25 14:44:40,568 INFO  [TradeCacheManager] near-com.westernasset.cache.TradeCache count = 137000
2014-09-25 14:44:40,584 INFO  [TradeCacheManager] near-com.westernasset.cache.TradeCache count = 138000
2014-09-25 14:44:40,602 INFO  [TradeCacheManager] near-com.westernasset.cache.TradeCache count = 139000
2014-09-25 14:44:40,620 INFO  [TradeCacheManager] near-com.westernasset.cache.TradeCache count = 140000
2014-09-25 14:44:40,638 INFO  [TradeCacheManager] near-com.westernasset.cache.TradeCache count = 141000
158.931: [GC 158.931: [ParNew: 36049K->1150K(38336K), 0.0047220 secs] 385534K->350634K(1065664K), 0.0047950 secs] [Times: user=0.01 sys=0.00, real=0.00 secs] 
2014-09-25 14:44:40,659 INFO  [TradeCacheManager] near-com.westernasset.cache.TradeCache count = 142000
2014-09-25 14:44:40,676 INFO  [TradeCacheManager] near-com.westernasset.cache.TradeCache count = 143000
2014-09-25 14:44:40,692 INFO  [TradeCacheManager] near-com.westernasset.cache.TradeCache count = 144000
2014-09-25 14:44:40,711 INFO  [TradeCacheManager] near-com.westernasset.cache.TradeCache count = 145000
2014-09-25 14:44:40,729 INFO  [TradeCacheManager] near-com.westernasset.cache.TradeCache count = 146000
2014-09-25 14:44:40,747 INFO  [TradeCacheManager] near-com.westernasset.cache.TradeCache count = 147000
2014-09-25 14:44:40,765 INFO  [TradeCacheManager] near-com.westernasset.cache.TradeCache count = 148000
2014-09-25 14:44:40,782 INFO  [TradeCacheManager] near-com.westernasset.cache.TradeCache count = 149000
2014-09-25 14:44:40,798 INFO  [TradeCacheManager] near-com.westernasset.cache.TradeCache count = 150000
2014-09-25 14:44:40,816 INFO  [TradeCacheManager] near-com.westernasset.cache.TradeCache count = 151000
2014-09-25 14:44:40,835 INFO  [TradeCacheManager] near-com.westernasset.cache.TradeCache count = 152000
2014-09-25 14:44:40,853 INFO  [TradeCacheManager] near-com.westernasset.cache.TradeCache count = 153000
159.144: [GC 159.144: [ParNew: 35262K->1632K(38336K), 0.0042610 secs] 384746K->351117K(1065664K), 0.0043360 secs] [Times: user=0.01 sys=0.00, real=0.01 secs] 
2014-09-25 14:44:40,874 INFO  [TradeCacheManager] near-com.westernasset.cache.TradeCache count = 154000
2014-09-25 14:44:40,893 INFO  [TradeCacheManager] near-com.westernasset.cache.TradeCache count = 155000
2014-09-25 14:44:40,909 INFO  [TradeCacheManager] near-com.westernasset.cache.TradeCache count = 156000
2014-09-25 14:44:40,926 INFO  [TradeCacheManager] near-com.westernasset.cache.TradeCache count = 157000
2014-09-25 14:44:40,943 INFO  [TradeCacheManager] near-com.westernasset.cache.TradeCache count = 158000
2014-09-25 14:44:40,959 INFO  [TradeCacheManager] near-com.westernasset.cache.TradeCache count = 159000
2014-09-25 14:44:40,977 INFO  [TradeCacheManager] near-com.westernasset.cache.TradeCache count = 160000
2014-09-25 14:44:40,992 INFO  [TradeCacheManager] near-com.westernasset.cache.TradeCache count = 161000
2014-09-25 14:44:41,006 INFO  [TradeCacheManager] near-com.westernasset.cache.TradeCache count = 162000
2014-09-25 14:44:41,024 INFO  [TradeCacheManager] near-com.westernasset.cache.TradeCache count = 163000
2014-09-25 14:44:41,041 INFO  [TradeCacheManager] near-com.westernasset.cache.TradeCache count = 164000
159.333: [GC 159.333: [ParNew: 35744K->1428K(38336K), 0.0041220 secs] 385229K->350913K(1065664K), 0.0042050 secs] [Times: user=0.01 sys=0.00, real=0.01 secs] 
2014-09-25 14:44:41,064 INFO  [TradeCacheManager] near-com.westernasset.cache.TradeCache count = 165000
2014-09-25 14:44:41,079 INFO  [TradeCacheManager] near-com.westernasset.cache.TradeCache count = 166000
2014-09-25 14:44:41,094 INFO  [TradeCacheManager] near-com.westernasset.cache.TradeCache count = 167000
2014-09-25 14:44:41,109 INFO  [TradeCacheManager] near-com.westernasset.cache.TradeCache count = 168000
2014-09-25 14:44:41,127 INFO  [TradeCacheManager] near-com.westernasset.cache.TradeCache count = 169000
2014-09-25 14:44:41,141 INFO  [TradeCacheManager] near-com.westernasset.cache.TradeCache final count = 169743
2014-09-25 14:44:41,503 INFO  [TradeCacheManager] TradeSubsystem completed Caching trade.size is :169743
2014-09-25 14:44:41,503 INFO  [DatabaseService] Loading BrokerCache
2014-09-25 14:44:41,503 INFO  [TradeJdbcImpl] Executing {call db_all_brokers()} procedure started.
2014-09-25 14:44:41,513 INFO  [TradeJdbcImpl] Executing {call db_all_brokers()} procedure completed.
2014-09-25 14:44:41,521 INFO  [TradeJdbcImpl] Fetched all brokerMap rows. Size is :1258
2014-09-25 14:44:41,525 INFO  [TradeCacheManager] TradeSubsystem began Caching brokers.
2014-09-25 14:44:41,539 INFO  [TradeCacheManager] TradeSubsystem completed Caching broker.size is :1258
2014-09-25 14:44:41,539 INFO  [DatabaseService] Loading Trade
2014-09-25 14:44:41,539 INFO  [TradeJdbcImpl] Executing {call db_current_day_trades()} started.
2014-09-25 14:44:41,598 INFO  [TradeJdbcImpl] Executing {call db_current_day_trades()} completed.
2014-09-25 14:44:41,602 INFO  [DatabaseService] Loading Broker Entity
2014-09-25 14:44:41,604 INFO  [SubsystemImpl] Subsystem: P3TradeSubsystem loaded
2014-09-25 14:44:41,619 INFO  [JMSSubscriber] createTopicSubscription:[[P3TradeSubsystem]]com.westernasset.framework.subsystem.function.request.P3TradeSubsystem.GetTrade,null
2014-09-25 14:44:41,639 INFO  [SubsystemImpl] Subsystem: P3TradeSubsystem function registered: GetTrade
2014-09-25 14:44:41,639 INFO  [JMSSubscriber] createTopicSubscription:[[P3TradeSubsystem]]com.westernasset.framework.subsystem.function.request.P3TradeSubsystem.GetBroker,null
2014-09-25 14:44:41,666 INFO  [SubsystemImpl] Subsystem: P3TradeSubsystem function registered: GetBroker
2014-09-25 14:44:41,666 INFO  [JMSSubscriber] createTopicSubscription:[[P3TradeSubsystem]]com.westernasset.framework.subsystem.function.request.P3TradeSubsystem.GetAppIdFromTradeType,null
2014-09-25 14:44:41,683 INFO  [SubsystemImpl] Subsystem: P3TradeSubsystem function registered: GetAppIdFromTradeType
2014-09-25 14:44:41,683 INFO  [JMSSubscriber] createTopicSubscription:[[P3TradeSubsystem]]com.westernasset.framework.subsystem.function.request.P3TradeSubsystem.CashAllocatorTrades,null
2014-09-25 14:44:41,704 INFO  [SubsystemImpl] Subsystem: P3TradeSubsystem function registered: CashAllocatorTrades
2014-09-25 14:44:41,704 INFO  [JMSSubscriber] createTopicSubscription:[[P3TradeSubsystem]]com.westernasset.framework.subsystem.function.request.P3TradeSubsystem.GetTradesFromCache,null
2014-09-25 14:44:41,724 INFO  [SubsystemImpl] Subsystem: P3TradeSubsystem function registered: GetTradesFromCache
2014-09-25 14:44:41,730 INFO  [AtpTradeXMLSonicSubscriber] inside AtpTradeXMLSonicSubscriber init
2014-09-25 14:44:41,730 INFO  [AtpTradeXMLSonicSubscriber] inside AtpTradeXMLSonicSubscriber - subscribeOnJms
2014-09-25 14:44:41,748 INFO  [AtpTradeXMLSonicSubscriber] inside AtpTradeXMLSonicSubscriber - subscribeOnJms - createTopicSubscription
2014-09-25 14:44:41,748 INFO  [JMSSubscriber] createTopicSubscription:[[P3PositionSubsystem]]westernasset.trading.trade.tradexml,PssAtpTradeXMLSonicSubscriber
2014-09-25 14:44:41,808 INFO  [DatabaseService] Begin Init method 368 MB
2014-09-25 14:44:41,808 INFO  [PositionJdbcImpl] processing getCurrencies started.
2014-09-25 14:44:41,822 INFO  [PositionJdbcImpl] Fetched all currencies rows. Size is :103
2014-09-25 14:44:41,827 INFO  [PositionJdbcImpl] processing getCountries started.
2014-09-25 14:44:41,836 INFO  [PositionJdbcImpl] Fetched all countries rows. Size is :257
2014-09-25 14:44:41,842 INFO  [PositionJdbcImpl] processing getgetNaicData started.
2014-09-25 14:44:41,918 INFO  [AtpTradeXMLSonicSubscriber] ATP message received
2014-09-25 14:44:42,021 INFO  [PositionJdbcImpl] Fetched all naic rows. Size is :2369
160.453: [GC 160.453: [ParNew: 35540K->1819K(38336K), 0.0074520 secs] 385025K->351303K(1065664K), 0.0075320 secs] [Times: user=0.01 sys=0.00, real=0.01 secs] 
2014-09-25 14:44:42,304 INFO  [MessageProcessor] Message unmarshalled. Ticket number = 7460519
2014-09-25 14:44:42,306 INFO  [MessageQueue] Ticket 7460519 added to queue
2014-09-25 14:44:42,307 INFO  [AtpTradeXMLSonicSubscriber] ATP message received
2014-09-25 14:44:42,311 INFO  [PositionJdbcImpl] Executing {call db_all_positions(?, ?)} procedure completed.
2014-09-25 14:44:42,320 INFO  [MessageProcessor] Message unmarshalled. Ticket number = 7461579
2014-09-25 14:44:42,321 INFO  [MessageQueue] Ticket 7461579 added to queue
2014-09-25 14:44:42,324 INFO  [AtpTradeXMLSonicSubscriber] ATP message received
2014-09-25 14:44:42,361 INFO  [MessageProcessor] Message unmarshalled. Ticket number = 7461790
2014-09-25 14:44:42,361 INFO  [MessageQueue] Ticket 7461790 added to queue
2014-09-25 14:44:42,361 INFO  [AtpTradeXMLSonicSubscriber] ATP message received
2014-09-25 14:44:42,381 INFO  [MessageProcessor] Message unmarshalled. Ticket number = 7462036
2014-09-25 14:44:42,381 INFO  [MessageQueue] Ticket 7462036 added to queue
2014-09-25 14:44:42,404 INFO  [AtpTradeXMLSonicSubscriber] ATP message received
2014-09-25 14:44:42,427 INFO  [MessageProcessor] Message unmarshalled. Ticket number = 7461701
2014-09-25 14:44:42,427 INFO  [MessageQueue] Ticket 7461701 added to queue
2014-09-25 14:44:42,430 INFO  [AtpTradeXMLSonicSubscriber] ATP message received
2014-09-25 14:44:42,479 INFO  [MessageProcessor] Message unmarshalled. Ticket number = 7462037
2014-09-25 14:44:42,479 INFO  [MessageQueue] Ticket 7462037 added to queue
2014-09-25 14:44:42,481 INFO  [AtpTradeXMLSonicSubscriber] ATP message received
2014-09-25 14:44:42,501 INFO  [MessageProcessor] Message unmarshalled. Ticket number = 7461702
2014-09-25 14:44:42,501 INFO  [MessageQueue] Ticket 7461702 added to queue
2014-09-25 14:44:42,518 INFO  [AtpTradeXMLSonicSubscriber] ATP message received
2014-09-25 14:44:42,557 INFO  [MessageProcessor] Message unmarshalled. Ticket number = 7462038
2014-09-25 14:44:42,557 INFO  [MessageQueue] Ticket 7462038 added to queue
2014-09-25 14:44:42,559 INFO  [AtpTradeXMLSonicSubscriber] ATP message received
2014-09-25 14:44:42,589 INFO  [MessageProcessor] Message unmarshalled. Ticket number = 7461580
2014-09-25 14:44:42,589 INFO  [MessageQueue] Ticket 7461580 added to queue
2014-09-25 14:44:42,601 INFO  [AtpTradeXMLSonicSubscriber] ATP message received
2014-09-25 14:44:42,617 INFO  [MessageProcessor] Message unmarshalled. Ticket number = 7461791
2014-09-25 14:44:42,617 INFO  [MessageQueue] Ticket 7461791 added to queue
2014-09-25 14:44:42,623 INFO  [AtpTradeXMLSonicSubscriber] ATP message received
2014-09-25 14:44:42,659 INFO  [MessageProcessor] Message unmarshalled. Ticket number = 7459820
2014-09-25 14:44:42,659 INFO  [MessageQueue] Ticket 7459820 added to queue
2014-09-25 14:44:42,664 INFO  [AtpTradeXMLSonicSubscriber] ATP message received
2014-09-25 14:44:42,688 INFO  [MessageProcessor] Message unmarshalled. Ticket number = 7461578
2014-09-25 14:44:42,688 INFO  [MessageQueue] Ticket 7461578 added to queue
161.023: [GC 161.023: [ParNew: 35931K->3308K(38336K), 0.0132380 secs] 385415K->352793K(1065664K), 0.0133180 secs] [Times: user=0.03 sys=0.00, real=0.01 secs] 
161.338: [GC 161.338: [ParNew: 37420K->4224K(38336K), 0.0120820 secs] 386905K->354545K(1065664K), 0.0121710 secs] [Times: user=0.02 sys=0.00, real=0.01 secs] 
2014-09-25 14:44:43,086 INFO  [PositionJdbcImpl] lot count = 10000
161.502: [GC 161.502: [ParNew: 38336K->4224K(38336K), 0.0142580 secs] 388657K->356438K(1065664K), 0.0143390 secs] [Times: user=0.02 sys=0.00, real=0.01 secs] 
161.646: [GC 161.646: [ParNew: 38336K->4224K(38336K), 0.0102130 secs] 390550K->357846K(1065664K), 0.0102930 secs] [Times: user=0.02 sys=0.00, real=0.01 secs] 
2014-09-25 14:44:43,373 INFO  [PositionJdbcImpl] lot count = 20000
161.781: [GC 161.781: [ParNew: 38336K->4224K(38336K), 0.0092560 secs] 391958K->359255K(1065664K), 0.0093330 secs] [Times: user=0.02 sys=0.00, real=0.01 secs] 
2014-09-25 14:44:43,620 INFO  [PositionJdbcImpl] lot count = 30000
161.913: [GC 161.913: [ParNew: 38336K->4224K(38336K), 0.0091910 secs] 393367K->360669K(1065664K), 0.0092720 secs] [Times: user=0.02 sys=0.00, real=0.01 secs] 
162.045: [GC 162.045: [ParNew: 38336K->4224K(38336K), 0.0083010 secs] 394781K->362068K(1065664K), 0.0083830 secs] [Times: user=0.02 sys=0.00, real=0.01 secs] 
2014-09-25 14:44:43,868 INFO  [PositionJdbcImpl] lot count = 40000
162.171: [GC 162.171: [ParNew: 38336K->4224K(38336K), 0.0081840 secs] 396180K->363472K(1065664K), 0.0082600 secs] [Times: user=0.02 sys=0.00, real=0.01 secs] 
162.297: [GC 162.297: [ParNew: 38336K->4224K(38336K), 0.0081830 secs] 397584K->364887K(1065664K), 0.0082620 secs] [Times: user=0.02 sys=0.00, real=0.01 secs] 
2014-09-25 14:44:44,112 INFO  [PositionJdbcImpl] lot count = 50000
162.423: [GC 162.423: [ParNew: 38336K->4224K(38336K), 0.0088240 secs] 398999K->366292K(1065664K), 0.0089040 secs] [Times: user=0.02 sys=0.00, real=0.01 secs] 
162.549: [GC 162.549: [ParNew: 38336K->4224K(38336K), 0.0113710 secs] 400404K->367700K(1065664K), 0.0114500 secs] [Times: user=0.02 sys=0.00, real=0.01 secs] 
2014-09-25 14:44:44,357 INFO  [PositionJdbcImpl] lot count = 60000
162.677: [GC 162.677: [ParNew: 38336K->4224K(38336K), 0.0082500 secs] 401812K->369107K(1065664K), 0.0083280 secs] [Times: user=0.02 sys=0.00, real=0.01 secs] 
162.810: [GC 162.810: [ParNew: 38336K->4224K(38336K), 0.0090220 secs] 403219K->370511K(1065664K), 0.0091070 secs] [Times: user=0.02 sys=0.00, real=0.01 secs] 
2014-09-25 14:44:44,612 INFO  [PositionJdbcImpl] lot count = 70000
162.943: [GC 162.943: [ParNew: 38336K->4224K(38336K), 0.0091720 secs] 404623K->371921K(1065664K), 0.0092590 secs] [Times: user=0.02 sys=0.00, real=0.01 secs] 
163.077: [GC 163.077: [ParNew: 38336K->4224K(38336K), 0.0092360 secs] 406033K->373329K(1065664K), 0.0093130 secs] [Times: user=0.02 sys=0.00, real=0.01 secs] 
2014-09-25 14:44:44,871 INFO  [PositionJdbcImpl] lot count = 80000
163.211: [GC 163.211: [ParNew: 38336K->4224K(38336K), 0.0090250 secs] 407441K->374731K(1065664K), 0.0091060 secs] [Times: user=0.02 sys=0.00, real=0.01 secs] 
163.342: [GC 163.342: [ParNew: 38336K->4224K(38336K), 0.0086900 secs] 408843K->376141K(1065664K), 0.0087880 secs] [Times: user=0.02 sys=0.01, real=0.01 secs] 
2014-09-25 14:44:45,125 INFO  [PositionJdbcImpl] lot count = 90000
163.476: [GC 163.476: [ParNew: 38336K->4224K(38336K), 0.0091600 secs] 410253K->377550K(1065664K), 0.0092410 secs] [Times: user=0.02 sys=0.00, real=0.01 secs] 
163.602: [GC 163.602: [ParNew: 38336K->4224K(38336K), 0.0089710 secs] 411662K->378954K(1065664K), 0.0090510 secs] [Times: user=0.01 sys=0.00, real=0.01 secs] 
2014-09-25 14:44:45,377 INFO  [PositionJdbcImpl] lot count = 100000
163.736: [GC 163.736: [ParNew: 38336K->4224K(38336K), 0.0090810 secs] 413066K->380359K(1065664K), 0.0091670 secs] [Times: user=0.02 sys=0.00, real=0.01 secs] 
163.869: [GC 163.869: [ParNew: 38336K->4224K(38336K), 0.0089590 secs] 414471K->381764K(1065664K), 0.0090460 secs] [Times: user=0.02 sys=0.00, real=0.01 secs] 
2014-09-25 14:44:45,633 INFO  [PositionJdbcImpl] lot count = 110000
164.002: [GC 164.002: [ParNew: 38336K->4224K(38336K), 0.0089820 secs] 415876K->383171K(1065664K), 0.0090710 secs] [Times: user=0.01 sys=0.00, real=0.01 secs] 
164.135: [GC 164.135: [ParNew: 38336K->4224K(38336K), 0.0089990 secs] 417283K->384578K(1065664K), 0.0090780 secs] [Times: user=0.02 sys=0.00, real=0.01 secs] 
2014-09-25 14:44:45,890 INFO  [PositionJdbcImpl] lot count = 120000
164.268: [GC 164.268: [ParNew: 38336K->4224K(38336K), 0.0089490 secs] 418690K->385981K(1065664K), 0.0090300 secs] [Times: user=0.02 sys=0.00, real=0.00 secs] 
164.401: [GC 164.401: [ParNew: 38336K->4224K(38336K), 0.0090410 secs] 420093K->387388K(1065664K), 0.0091460 secs] [Times: user=0.02 sys=0.00, real=0.01 secs] 
2014-09-25 14:44:46,147 INFO  [PositionJdbcImpl] lot count = 130000
164.535: [GC 164.535: [ParNew: 38336K->4223K(38336K), 0.0088720 secs] 421500K->388792K(1065664K), 0.0089580 secs] [Times: user=0.02 sys=0.00, real=0.01 secs] 
164.667: [GC 164.667: [ParNew: 38335K->4223K(38336K), 0.0118630 secs] 422904K->390197K(1065664K), 0.0119450 secs] [Times: user=0.02 sys=0.00, real=0.02 secs] 
2014-09-25 14:44:46,407 INFO  [PositionJdbcImpl] lot count = 140000
164.804: [GC 164.804: [ParNew: 38335K->4224K(38336K), 0.0090740 secs] 424309K->391602K(1065664K), 0.0091740 secs] [Times: user=0.02 sys=0.00, real=0.01 secs] 
164.937: [GC 164.937: [ParNew: 38336K->4224K(38336K), 0.0092030 secs] 425714K->393012K(1065664K), 0.0092840 secs] [Times: user=0.02 sys=0.00, real=0.01 secs] 
2014-09-25 14:44:46,665 INFO  [PositionJdbcImpl] lot count = 150000
165.075: [GC 165.075: [ParNew: 38336K->4224K(38336K), 0.0090890 secs] 427124K->394425K(1065664K), 0.0091790 secs] [Times: user=0.02 sys=0.00, real=0.01 secs] 
2014-09-25 14:44:46,916 INFO  [PositionJdbcImpl] lot count = 160000
165.208: [GC 165.208: [ParNew: 38336K->4224K(38336K), 0.0102580 secs] 428537K->395833K(1065664K), 0.0103370 secs] [Times: user=0.02 sys=0.00, real=0.01 secs] 
165.342: [GC 165.342: [ParNew: 38336K->4224K(38336K), 0.0089050 secs] 429945K->397243K(1065664K), 0.0089850 secs] [Times: user=0.01 sys=0.00, real=0.01 secs] 
2014-09-25 14:44:47,173 INFO  [PositionJdbcImpl] lot count = 170000
165.475: [GC 165.475: [ParNew: 38336K->4224K(38336K), 0.0095280 secs] 431355K->398652K(1065664K), 0.0096100 secs] [Times: user=0.02 sys=0.00, real=0.01 secs] 
165.602: [GC 165.602: [ParNew: 38336K->4224K(38336K), 0.0094480 secs] 432764K->400057K(1065664K), 0.0095360 secs] [Times: user=0.02 sys=0.00, real=0.01 secs] 
2014-09-25 14:44:47,418 INFO  [PositionJdbcImpl] lot count = 180000
165.728: [GC 165.729: [ParNew: 38336K->4224K(38336K), 0.0111860 secs] 434169K->401469K(1065664K), 0.0112730 secs] [Times: user=0.01 sys=0.00, real=0.01 secs] 
165.864: [GC 165.864: [ParNew: 38336K->4224K(38336K), 0.0092090 secs] 435581K->402874K(1065664K), 0.0092960 secs] [Times: user=0.01 sys=0.00, real=0.01 secs] 
2014-09-25 14:44:47,676 INFO  [PositionJdbcImpl] lot count = 190000
165.997: [GC 165.997: [ParNew: 38336K->4224K(38336K), 0.0090070 secs] 436986K->404284K(1065664K), 0.0090930 secs] [Times: user=0.02 sys=0.01, real=0.01 secs] 
166.130: [GC 166.130: [ParNew: 38336K->4224K(38336K), 0.0090490 secs] 438396K->405690K(1065664K), 0.0091400 secs] [Times: user=0.02 sys=0.00, real=0.01 secs] 
2014-09-25 14:44:47,934 INFO  [PositionJdbcImpl] lot count = 200000
166.262: [GC 166.262: [ParNew: 38336K->4224K(38336K), 0.0084140 secs] 439802K->407097K(1065664K), 0.0084950 secs] [Times: user=0.02 sys=0.00, real=0.01 secs] 
166.392: [GC 166.392: [ParNew: 38336K->4224K(38336K), 0.0122520 secs] 441209K->408505K(1065664K), 0.0123380 secs] [Times: user=0.01 sys=0.00, real=0.01 secs] 
2014-09-25 14:44:48,189 INFO  [PositionJdbcImpl] lot count = 210000
166.529: [GC 166.529: [ParNew: 38336K->4224K(38336K), 0.0093400 secs] 442617K->409910K(1065664K), 0.0094300 secs] [Times: user=0.02 sys=0.00, real=0.01 secs] 
166.663: [GC 166.663: [ParNew: 38336K->4224K(38336K), 0.0094650 secs] 444022K->411315K(1065664K), 0.0095520 secs] [Times: user=0.02 sys=0.00, real=0.01 secs] 
2014-09-25 14:44:48,448 INFO  [PositionJdbcImpl] lot count = 220000
166.798: [GC 166.798: [ParNew: 38336K->4224K(38336K), 0.0090410 secs] 445427K->412725K(1065664K), 0.0091160 secs] [Times: user=0.02 sys=0.00, real=0.00 secs] 
166.931: [GC 166.931: [ParNew: 38336K->4224K(38336K), 0.0093590 secs] 446837K->414135K(1065664K), 0.0094370 secs] [Times: user=0.01 sys=0.00, real=0.01 secs] 
2014-09-25 14:44:48,707 INFO  [PositionJdbcImpl] lot count = 230000
167.066: [GC 167.066: [ParNew: 38336K->4224K(38336K), 0.0096900 secs] 448247K->415543K(1065664K), 0.0097780 secs] [Times: user=0.02 sys=0.00, real=0.01 secs] 
167.200: [GC 167.200: [ParNew: 38336K->4224K(38336K), 0.0092630 secs] 449655K->416948K(1065664K), 0.0093640 secs] [Times: user=0.01 sys=0.00, real=0.01 secs] 
2014-09-25 14:44:48,966 INFO  [PositionJdbcImpl] lot count = 240000
167.334: [GC 167.334: [ParNew: 38336K->4224K(38336K), 0.0091880 secs] 451060K->418354K(1065664K), 0.0092840 secs] [Times: user=0.01 sys=0.00, real=0.01 secs] 
167.468: [GC 167.468: [ParNew: 38336K->4224K(38336K), 0.0092460 secs] 452466K->419765K(1065664K), 0.0093340 secs] [Times: user=0.01 sys=0.00, real=0.00 secs] 
2014-09-25 14:44:49,224 INFO  [PositionJdbcImpl] lot count = 250000
167.600: [GC 167.600: [ParNew: 38336K->4224K(38336K), 0.0090060 secs] 453877K->421178K(1065664K), 0.0090940 secs] [Times: user=0.02 sys=0.00, real=0.01 secs] 
167.722: [GC 167.722: [ParNew: 38336K->4224K(38336K), 0.0091680 secs] 455290K->422588K(1065664K), 0.0092630 secs] [Times: user=0.02 sys=0.00, real=0.01 secs] 
2014-09-25 14:44:49,467 INFO  [PositionJdbcImpl] lot count = 260000
167.848: [GC 167.848: [ParNew: 38336K->4223K(38336K), 0.0095730 secs] 456700K->423991K(1065664K), 0.0096560 secs] [Times: user=0.02 sys=0.00, real=0.01 secs] 
167.974: [GC 167.975: [ParNew: 38335K->4224K(38336K), 0.0092550 secs] 458103K->425397K(1065664K), 0.0093440 secs] [Times: user=0.02 sys=0.00, real=0.01 secs] 
2014-09-25 14:44:49,711 INFO  [PositionJdbcImpl] lot count = 270000
168.101: [GC 168.101: [ParNew: 38336K->4224K(38336K), 0.0089040 secs] 459509K->426819K(1065664K), 0.0089830 secs] [Times: user=0.02 sys=0.00, real=0.01 secs] 
168.227: [GC 168.227: [ParNew: 38336K->4224K(38336K), 0.0091180 secs] 460931K->428226K(1065664K), 0.0092140 secs] [Times: user=0.01 sys=0.00, real=0.01 secs] 
2014-09-25 14:44:49,955 INFO  [PositionJdbcImpl] lot count = 280000
168.353: [GC 168.354: [ParNew: 38336K->4224K(38336K), 0.0091280 secs] 462338K->429634K(1065664K), 0.0092150 secs] [Times: user=0.01 sys=0.00, real=0.01 secs] 
2014-09-25 14:44:50,188 INFO  [PositionJdbcImpl] lot count = 290000
168.480: [GC 168.480: [ParNew: 38336K->4224K(38336K), 0.0092940 secs] 463746K->431044K(1065664K), 0.0093740 secs] [Times: user=0.01 sys=0.00, real=0.01 secs] 
168.606: [GC 168.607: [ParNew: 38336K->4224K(38336K), 0.0088980 secs] 465156K->432446K(1065664K), 0.0090150 secs] [Times: user=0.02 sys=0.00, real=0.01 secs] 
2014-09-25 14:44:50,431 INFO  [PositionJdbcImpl] lot count = 300000
168.732: [GC 168.732: [ParNew: 38336K->4224K(38336K), 0.0090680 secs] 466558K->433866K(1065664K), 0.0091590 secs] [Times: user=0.02 sys=0.00, real=0.01 secs] 
168.858: [GC 168.858: [ParNew: 38336K->4224K(38336K), 0.0089140 secs] 467978K->435271K(1065664K), 0.0090010 secs] [Times: user=0.02 sys=0.00, real=0.01 secs] 
2014-09-25 14:44:50,673 INFO  [PositionJdbcImpl] lot count = 310000
168.983: [GC 168.983: [ParNew: 38336K->4223K(38336K), 0.0090640 secs] 469383K->436679K(1065664K), 0.0091530 secs] [Times: user=0.02 sys=0.00, real=0.01 secs] 
169.109: [GC 169.109: [ParNew: 38335K->4215K(38336K), 0.0090510 secs] 470791K->438072K(1065664K), 0.0091440 secs] [Times: user=0.02 sys=0.00, real=0.01 secs] 
2014-09-25 14:44:50,916 INFO  [PositionJdbcImpl] lot count = 320000
169.235: [GC 169.235: [ParNew: 38327K->4207K(38336K), 0.0090730 secs] 472184K->439465K(1065664K), 0.0091520 secs] [Times: user=0.02 sys=0.00, real=0.01 secs] 
169.361: [GC 169.361: [ParNew: 38319K->4207K(38336K), 0.0088970 secs] 473577K->440862K(1065664K), 0.0089760 secs] [Times: user=0.02 sys=0.00, real=0.01 secs] 
2014-09-25 14:44:51,159 INFO  [PositionJdbcImpl] lot count = 330000
169.487: [GC 169.488: [ParNew: 38319K->4211K(38336K), 0.0090400 secs] 474974K->442267K(1065664K), 0.0091210 secs] [Times: user=0.02 sys=0.00, real=0.01 secs] 
169.614: [GC 169.614: [ParNew: 38323K->4224K(38336K), 0.0091650 secs] 476379K->443681K(1065664K), 0.0092450 secs] [Times: user=0.01 sys=0.00, real=0.01 secs] 
2014-09-25 14:44:51,400 INFO  [PositionJdbcImpl] lot count = 340000
169.738: [GC 169.739: [ParNew: 38336K->4224K(38336K), 0.0091940 secs] 477793K->445097K(1065664K), 0.0092900 secs] [Times: user=0.02 sys=0.00, real=0.00 secs] 
169.864: [GC 169.864: [ParNew: 38336K->4224K(38336K), 0.0092170 secs] 479209K->446512K(1065664K), 0.0093040 secs] [Times: user=0.01 sys=0.00, real=0.01 secs] 
2014-09-25 14:44:51,641 INFO  [PositionJdbcImpl] lot count = 350000
169.989: [GC 169.989: [ParNew: 38336K->4209K(38336K), 0.0088910 secs] 480624K->447902K(1065664K), 0.0089790 secs] [Times: user=0.01 sys=0.00, real=0.00 secs] 
170.113: [GC 170.113: [ParNew: 38321K->4200K(38336K), 0.0091400 secs] 482014K->449283K(1065664K), 0.0092310 secs] [Times: user=0.02 sys=0.00, real=0.01 secs] 
2014-09-25 14:44:51,880 INFO  [PositionJdbcImpl] lot count = 360000
170.239: [GC 170.239: [ParNew: 38312K->4224K(38336K), 0.0093320 secs] 483395K->450701K(1065664K), 0.0094130 secs] [Times: user=0.02 sys=0.00, real=0.01 secs] 
170.365: [GC 170.365: [ParNew: 38336K->4224K(38336K), 0.0090770 secs] 484813K->452136K(1065664K), 0.0091610 secs] [Times: user=0.01 sys=0.00, real=0.01 secs] 
2014-09-25 14:44:52,122 INFO  [PositionJdbcImpl] lot count = 370000
170.490: [GC 170.490: [ParNew: 38336K->4212K(38336K), 0.0090610 secs] 486248K->453528K(1065664K), 0.0091510 secs] [Times: user=0.01 sys=0.00, real=0.01 secs] 
170.614: [GC 170.614: [ParNew: 38324K->4195K(38336K), 0.0092080 secs] 487640K->454902K(1065664K), 0.0092950 secs] [Times: user=0.02 sys=0.00, real=0.01 secs] 
2014-09-25 14:44:52,361 INFO  [PositionJdbcImpl] lot count = 380000
170.736: [GC 170.737: [ParNew: 38307K->4212K(38336K), 0.0090560 secs] 489014K->456297K(1065664K), 0.0091450 secs] [Times: user=0.02 sys=0.00, real=0.01 secs] 
170.914: [GC 170.914: [ParNew: 38324K->4224K(38336K), 0.0088470 secs] 490409K->457738K(1065664K), 0.0089570 secs] [Times: user=0.01 sys=0.00, real=0.01 secs] 
2014-09-25 14:44:52,651 INFO  [PositionJdbcImpl] lot count = 390000
171.040: [GC 171.040: [ParNew: 38336K->4224K(38336K), 0.0088540 secs] 491850K->459143K(1065664K), 0.0089430 secs] [Times: user=0.01 sys=0.00, real=0.01 secs] 
171.164: [GC 171.164: [ParNew: 38336K->4224K(38336K), 0.0088490 secs] 493255K->460556K(1065664K), 0.0097680 secs] [Times: user=0.02 sys=0.00, real=0.01 secs] 
2014-09-25 14:44:52,893 INFO  [PositionJdbcImpl] lot count = 400000
171.290: [GC 171.290: [ParNew: 38336K->4201K(38336K), 0.0085200 secs] 494668K->461930K(1065664K), 0.0086000 secs] [Times: user=0.01 sys=0.00, real=0.01 secs] 
2014-09-25 14:44:53,120 INFO  [PositionJdbcImpl] lot count = 410000
171.411: [GC 171.411: [ParNew: 38313K->4204K(38336K), 0.0082990 secs] 496042K->463328K(1065664K), 0.0083800 secs] [Times: user=0.02 sys=0.00, real=0.01 secs] 
171.535: [GC 171.536: [ParNew: 38316K->4204K(38336K), 0.0091190 secs] 497440K->464730K(1065664K), 0.0092010 secs] [Times: user=0.02 sys=0.00, real=0.01 secs] 
2014-09-25 14:44:53,361 INFO  [PositionJdbcImpl] lot count = 420000
171.662: [GC 171.662: [ParNew: 38316K->4200K(38336K), 0.0125600 secs] 498842K->466122K(1065664K), 0.0126450 secs] [Times: user=0.02 sys=0.00, real=0.01 secs] 
171.790: [GC 171.790: [ParNew: 38312K->4198K(38336K), 0.0091030 secs] 500234K->467520K(1065664K), 0.0091850 secs] [Times: user=0.02 sys=0.00, real=0.01 secs] 
2014-09-25 14:44:53,606 INFO  [PositionJdbcImpl] lot count = 430000
171.915: [GC 171.915: [ParNew: 38310K->4177K(38336K), 0.0089330 secs] 501632K->468894K(1065664K), 0.0090220 secs] [Times: user=0.01 sys=0.00, real=0.01 secs] 
172.040: [GC 172.041: [ParNew: 38289K->4162K(38336K), 0.0089670 secs] 503006K->470259K(1065664K), 0.0090560 secs] [Times: user=0.01 sys=0.00, real=0.01 secs] 
2014-09-25 14:44:53,847 INFO  [PositionJdbcImpl] lot count = 440000
172.166: [GC 172.166: [ParNew: 38274K->4171K(38336K), 0.0135380 secs] 504371K->471654K(1065664K), 0.0136150 secs] [Times: user=0.02 sys=0.00, real=0.02 secs] 
172.296: [GC 172.296: [ParNew: 38283K->4174K(38336K), 0.0088070 secs] 505766K->473050K(1065664K), 0.0088860 secs] [Times: user=0.02 sys=0.00, real=0.01 secs] 
2014-09-25 14:44:54,092 INFO  [PositionJdbcImpl] lot count = 450000
172.421: [GC 172.421: [ParNew: 38286K->4180K(38336K), 0.0090310 secs] 507162K->474443K(1065664K), 0.0091260 secs] [Times: user=0.02 sys=0.00, real=0.01 secs] 
172.543: [GC 172.543: [ParNew: 38292K->4183K(38336K), 0.0084520 secs] 508555K->475842K(1065664K), 0.0085450 secs] [Times: user=0.02 sys=0.00, real=0.01 secs] 
2014-09-25 14:44:54,326 INFO  [PositionJdbcImpl] lot count = 460000
172.665: [GC 172.665: [ParNew: 38295K->4172K(38336K), 0.0087080 secs] 509954K->477221K(1065664K), 0.0087910 secs] [Times: user=0.01 sys=0.00, real=0.01 secs] 
172.788: [GC 172.788: [ParNew: 38284K->4167K(38336K), 0.0090510 secs] 511333K->478601K(1065664K), 0.0091400 secs] [Times: user=0.02 sys=0.00, real=0.01 secs] 
2014-09-25 14:44:54,565 INFO  [PositionJdbcImpl] lot count = 470000
172.914: [GC 172.914: [ParNew: 38279K->4185K(38336K), 0.0089790 secs] 512713K->480001K(1065664K), 0.0090720 secs] [Times: user=0.02 sys=0.00, real=0.01 secs] 
173.039: [GC 173.039: [ParNew: 38297K->4192K(38336K), 0.0088120 secs] 514113K->481404K(1065664K), 0.0088930 secs] [Times: user=0.01 sys=0.00, real=0.00 secs] 
2014-09-25 14:44:54,806 INFO  [PositionJdbcImpl] lot count = 480000
173.163: [GC 173.163: [ParNew: 38304K->4180K(38336K), 0.0087600 secs] 515516K->482787K(1065664K), 0.0088410 secs] [Times: user=0.02 sys=0.00, real=0.01 secs] 
173.286: [GC 173.286: [ParNew: 38292K->4184K(38336K), 0.0087970 secs] 516899K->484174K(1065664K), 0.0088750 secs] [Times: user=0.02 sys=0.00, real=0.01 secs] 
2014-09-25 14:44:55,043 INFO  [PositionJdbcImpl] lot count = 490000
173.411: [GC 173.411: [ParNew: 38296K->4169K(38336K), 0.0092410 secs] 518286K->485563K(1065664K), 0.0093290 secs] [Times: user=0.02 sys=0.00, real=0.01 secs] 
173.537: [GC 173.537: [ParNew: 38281K->4224K(38336K), 0.0090850 secs] 519675K->486982K(1065664K), 0.0091990 secs] [Times: user=0.02 sys=0.00, real=0.01 secs] 
2014-09-25 14:44:55,286 INFO  [PositionJdbcImpl] lot count = 500000
173.662: [GC 173.662: [ParNew: 38336K->4153K(38336K), 0.0090420 secs] 521094K->488275K(1065664K), 0.0091190 secs] [Times: user=0.01 sys=0.00, real=0.01 secs] 
173.788: [GC 173.788: [ParNew: 38265K->4176K(38336K), 0.0095840 secs] 522387K->489706K(1065664K), 0.0096640 secs] [Times: user=0.02 sys=0.00, real=0.01 secs] 
2014-09-25 14:44:55,528 INFO  [PositionJdbcImpl] lot count = 510000
173.915: [GC 173.915: [ParNew: 38288K->4139K(38336K), 0.0088380 secs] 523818K->491041K(1065664K), 0.0089220 secs] [Times: user=0.02 sys=0.00, real=0.01 secs] 
174.040: [GC 174.040: [ParNew: 38251K->4133K(38336K), 0.0092530 secs] 525153K->492407K(1065664K), 0.0093310 secs] [Times: user=0.02 sys=0.00, real=0.01 secs] 
2014-09-25 14:44:55,771 INFO  [PositionJdbcImpl] lot count = 520000
174.167: [GC 174.167: [ParNew: 38245K->4129K(38336K), 0.0088230 secs] 526519K->493780K(1065664K), 0.0088990 secs] [Times: user=0.02 sys=0.00, real=0.01 secs] 
174.290: [GC 174.290: [ParNew: 38241K->4125K(38336K), 0.0093330 secs] 527892K->495148K(1065664K), 0.0094200 secs] [Times: user=0.01 sys=0.00, real=0.01 secs] 
2014-09-25 14:44:56,012 INFO  [PositionJdbcImpl] lot count = 530000
174.417: [GC 174.417: [ParNew: 38237K->4125K(38336K), 0.0092700 secs] 529260K->496521K(1065664K), 0.0093650 secs] [Times: user=0.02 sys=0.00, real=0.01 secs] 
2014-09-25 14:44:56,244 INFO  [PositionJdbcImpl] lot count = 540000
174.543: [GC 174.543: [ParNew: 38237K->4124K(38336K), 0.0090430 secs] 530633K->497884K(1065664K), 0.0091380 secs] [Times: user=0.02 sys=0.00, real=0.01 secs] 
174.669: [GC 174.669: [ParNew: 38236K->4170K(38336K), 0.0092700 secs] 531996K->499311K(1065664K), 0.0093470 secs] [Times: user=0.01 sys=0.00, real=0.01 secs] 
2014-09-25 14:44:56,485 INFO  [PositionJdbcImpl] lot count = 550000
174.796: [GC 174.796: [ParNew: 38282K->4224K(38336K), 0.0096830 secs] 533423K->500766K(1065664K), 0.0097710 secs] [Times: user=0.02 sys=0.00, real=0.01 secs] 
174.921: [GC 174.921: [ParNew: 38336K->4224K(38336K), 0.0099020 secs] 534878K->502196K(1065664K), 0.0099890 secs] [Times: user=0.02 sys=0.00, real=0.01 secs] 
2014-09-25 14:44:56,725 INFO  [PositionJdbcImpl] lot count = 560000
175.045: [GC 175.045: [ParNew: 38336K->4224K(38336K), 0.0090560 secs] 536308K->503595K(1065664K), 0.0091340 secs] [Times: user=0.02 sys=0.00, real=0.01 secs] 
2014-09-25 14:44:56,803 INFO  [BusinessDateHelper] Put key T+0:Any:=Thu Sep 25 00:00:00 PDT 2014
2014-09-25 14:44:56,870 INFO  [PositionJdbcImpl] pf_base currency pf_id=0 currency = USD
2014-09-25 14:44:56,870 INFO  [PositionJdbcImpl] Unsettled AC: pf=0 AC=0.0 pf_count = 0
2014-09-25 14:44:56,871 INFO  [PositionJdbcImpl] pf_base currency pf_id=4403 currency = USD
2014-09-25 14:44:56,871 INFO  [PositionJdbcImpl] Unsettled AC: pf=4403 AC=0.0 pf_count = 1
2014-09-25 14:44:56,872 INFO  [PositionJdbcImpl] pf_base currency pf_id=4410 currency = USD
2014-09-25 14:44:56,873 INFO  [PositionJdbcImpl] Unsettled AC: pf=4410 AC=1176605.8098109374 pf_count = 2
2014-09-25 14:44:56,874 INFO  [PositionJdbcImpl] pf_base currency pf_id=4415 currency = USD
2014-09-25 14:44:56,878 INFO  [PositionJdbcImpl] Unsettled AC: pf=4415 AC=971260.138358215 pf_count = 3
2014-09-25 14:44:56,879 INFO  [PositionJdbcImpl] pf_base currency pf_id=4372 currency = USD
2014-09-25 14:44:56,879 INFO  [PositionJdbcImpl] Unsettled AC: pf=4372 AC=0.0 pf_count = 4
2014-09-25 14:44:56,880 INFO  [PositionJdbcImpl] pf_base currency pf_id=4373 currency = USD
2014-09-25 14:44:56,880 INFO  [PositionJdbcImpl] Unsettled AC: pf=4373 AC=0.0 pf_count = 5
2014-09-25 14:44:56,885 INFO  [PositionJdbcImpl] pf_base currency pf_id=4357 currency = USD
2014-09-25 14:44:56,885 INFO  [PositionJdbcImpl] Unsettled AC: pf=4357 AC=0.0 pf_count = 6
2014-09-25 14:44:56,886 INFO  [PositionJdbcImpl] pf_base currency pf_id=4363 currency = EUR
2014-09-25 14:44:56,887 INFO  [PositionJdbcImpl] Unsettled AC: pf=4363 AC=33.01879069581628 pf_count = 7
2014-09-25 14:44:56,888 INFO  [PositionJdbcImpl] pf_base currency pf_id=4360 currency = USD
2014-09-25 14:44:56,888 INFO  [PositionJdbcImpl] Unsettled AC: pf=4360 AC=0.0 pf_count = 8
2014-09-25 14:44:56,889 INFO  [PositionJdbcImpl] pf_base currency pf_id=4467 currency = EUR
2014-09-25 14:44:56,890 INFO  [PositionJdbcImpl] Unsettled AC: pf=4467 AC=751985.4049000009 pf_count = 9
2014-09-25 14:44:56,891 INFO  [PositionJdbcImpl] pf_base currency pf_id=4477 currency = USD
2014-09-25 14:44:56,892 INFO  [PositionJdbcImpl] Unsettled AC: pf=4477 AC=0.0 pf_count = 10
2014-09-25 14:44:56,893 INFO  [PositionJdbcImpl] pf_base currency pf_id=4472 currency = USD
2014-09-25 14:44:56,893 INFO  [PositionJdbcImpl] Unsettled AC: pf=4472 AC=0.0 pf_count = 11
2014-09-25 14:44:56,894 INFO  [PositionJdbcImpl] pf_base currency pf_id=4454 currency = USD
2014-09-25 14:44:56,894 INFO  [PositionJdbcImpl] Unsettled AC: pf=4454 AC=0.0 pf_count = 12
2014-09-25 14:44:56,895 INFO  [PositionJdbcImpl] pf_base currency pf_id=4449 currency = EUR
2014-09-25 14:44:56,895 INFO  [PositionJdbcImpl] Unsettled AC: pf=4449 AC=1.3969838619232178E-9 pf_count = 13
2014-09-25 14:44:56,896 INFO  [PositionJdbcImpl] pf_base currency pf_id=4451 currency = USD
2014-09-25 14:44:56,896 INFO  [PositionJdbcImpl] Unsettled AC: pf=4451 AC=0.0 pf_count = 14
2014-09-25 14:44:56,897 INFO  [PositionJdbcImpl] pf_base currency pf_id=4450 currency = USD
2014-09-25 14:44:56,897 INFO  [PositionJdbcImpl] Unsettled AC: pf=4450 AC=0.0 pf_count = 15
2014-09-25 14:44:56,898 INFO  [PositionJdbcImpl] pf_base currency pf_id=4461 currency = USD
2014-09-25 14:44:56,903 INFO  [PositionJdbcImpl] Unsettled AC: pf=4461 AC=1.3337588557500001E7 pf_count = 16
2014-09-25 14:44:56,903 INFO  [PositionJdbcImpl] pf_base currency pf_id=4459 currency = USD
2014-09-25 14:44:56,904 INFO  [PositionJdbcImpl] Unsettled AC: pf=4459 AC=0.0 pf_count = 17
2014-09-25 14:44:56,904 INFO  [PositionJdbcImpl] pf_base currency pf_id=4436 currency = USD
2014-09-25 14:44:56,905 INFO  [PositionJdbcImpl] Unsettled AC: pf=4436 AC=0.0 pf_count = 18
2014-09-25 14:44:56,905 INFO  [PositionJdbcImpl] pf_base currency pf_id=4435 currency = USD
2014-09-25 14:44:56,905 INFO  [PositionJdbcImpl] Unsettled AC: pf=4435 AC=0.0 pf_count = 19
2014-09-25 14:44:56,906 INFO  [PositionJdbcImpl] pf_base currency pf_id=104 currency = USD
2014-09-25 14:44:56,911 INFO  [PositionJdbcImpl] Unsettled AC: pf=104 AC=2.4500607729102083E7 pf_count = 20
2014-09-25 14:44:56,913 INFO  [PositionJdbcImpl] pf_base currency pf_id=4423 currency = USD
2014-09-25 14:44:56,914 INFO  [PositionJdbcImpl] Unsettled AC: pf=4423 AC=0.0 pf_count = 21
2014-09-25 14:44:56,915 INFO  [PositionJdbcImpl] pf_base currency pf_id=118 currency = USD
2014-09-25 14:44:56,916 INFO  [PositionJdbcImpl] Unsettled AC: pf=118 AC=85296.58505310748 pf_count = 22
2014-09-25 14:44:56,917 INFO  [PositionJdbcImpl] pf_base currency pf_id=4431 currency = USD
2014-09-25 14:44:56,917 INFO  [PositionJdbcImpl] Unsettled AC: pf=4431 AC=0.0 pf_count = 23
2014-09-25 14:44:56,918 INFO  [PositionJdbcImpl] pf_base currency pf_id=4424 currency = USD
2014-09-25 14:44:56,918 INFO  [PositionJdbcImpl] Unsettled AC: pf=4424 AC=0.0 pf_count = 24
2014-09-25 14:44:56,919 INFO  [PositionJdbcImpl] pf_base currency pf_id=4537 currency = JPY
2014-09-25 14:44:56,920 INFO  [PositionJdbcImpl] Unsettled AC: pf=4537 AC=9.313225746154785E-10 pf_count = 25
2014-09-25 14:44:56,921 INFO  [PositionJdbcImpl] pf_base currency pf_id=4539 currency = USD
2014-09-25 14:44:56,921 INFO  [PositionJdbcImpl] Unsettled AC: pf=4539 AC=0.0 pf_count = 26
2014-09-25 14:44:56,922 INFO  [PositionJdbcImpl] pf_base currency pf_id=4531 currency = GBP
2014-09-25 14:44:56,922 INFO  [PositionJdbcImpl] Unsettled AC: pf=4531 AC=0.0 pf_count = 27
2014-09-25 14:44:56,923 INFO  [PositionJdbcImpl] pf_base currency pf_id=130 currency = USD
2014-09-25 14:44:56,927 INFO  [PositionJdbcImpl] Unsettled AC: pf=130 AC=6.898659919668001E7 pf_count = 28
2014-09-25 14:44:56,928 INFO  [PositionJdbcImpl] pf_base currency pf_id=4534 currency = USD
2014-09-25 14:44:56,928 INFO  [PositionJdbcImpl] Unsettled AC: pf=4534 AC=0.0 pf_count = 29
2014-09-25 14:44:56,929 INFO  [PositionJdbcImpl] pf_base currency pf_id=156 currency = USD
2014-09-25 14:44:56,931 INFO  [PositionJdbcImpl] Unsettled AC: pf=156 AC=-8274.180000000066 pf_count = 30
2014-09-25 14:44:56,931 INFO  [PositionJdbcImpl] pf_base currency pf_id=157 currency = USD
2014-09-25 14:44:56,932 INFO  [PositionJdbcImpl] Unsettled AC: pf=157 AC=2.4943682655E7 pf_count = 31
2014-09-25 14:44:56,933 INFO  [PositionJdbcImpl] pf_base currency pf_id=158 currency = USD
2014-09-25 14:44:56,936 INFO  [PositionJdbcImpl] Unsettled AC: pf=158 AC=3.3451702940000013E7 pf_count = 32
2014-09-25 14:44:56,937 INFO  [PositionJdbcImpl] pf_base currency pf_id=144 currency = USD
2014-09-25 14:44:56,940 INFO  [PositionJdbcImpl] Unsettled AC: pf=144 AC=390757.1917833333 pf_count = 33
2014-09-25 14:44:56,940 INFO  [PositionJdbcImpl] pf_base currency pf_id=146 currency = USD
2014-09-25 14:44:56,943 INFO  [PositionJdbcImpl] Unsettled AC: pf=146 AC=1.5917631634027237E8 pf_count = 34
2014-09-25 14:44:56,946 INFO  [PositionJdbcImpl] pf_base currency pf_id=4515 currency = USD
2014-09-25 14:44:56,947 INFO  [PositionJdbcImpl] Unsettled AC: pf=4515 AC=2998796.88 pf_count = 35
2014-09-25 14:44:56,948 INFO  [PositionJdbcImpl] pf_base currency pf_id=4518 currency = USD
2014-09-25 14:44:56,948 INFO  [PositionJdbcImpl] Unsettled AC: pf=4518 AC=0.0 pf_count = 36
2014-09-25 14:44:56,949 INFO  [PositionJdbcImpl] pf_base currency pf_id=4506 currency = USD
2014-09-25 14:44:56,950 INFO  [PositionJdbcImpl] Unsettled AC: pf=4506 AC=1.6725890305000007E7 pf_count = 37
2014-09-25 14:44:56,951 INFO  [PositionJdbcImpl] pf_base currency pf_id=4505 currency = USD
2014-09-25 14:44:56,953 INFO  [PositionJdbcImpl] Unsettled AC: pf=4505 AC=40798.44 pf_count = 38
2014-09-25 14:44:56,954 INFO  [PositionJdbcImpl] pf_base currency pf_id=162 currency = USD
2014-09-25 14:44:56,956 INFO  [PositionJdbcImpl] Unsettled AC: pf=162 AC=3.0756313779999997E7 pf_count = 39
2014-09-25 14:44:56,957 INFO  [PositionJdbcImpl] pf_base currency pf_id=4501 currency = USD
2014-09-25 14:44:56,957 INFO  [PositionJdbcImpl] Unsettled AC: pf=4501 AC=0.0 pf_count = 40
2014-09-25 14:44:56,958 INFO  [PositionJdbcImpl] pf_base currency pf_id=4500 currency = USD
2014-09-25 14:44:56,959 INFO  [PositionJdbcImpl] Unsettled AC: pf=4500 AC=1.0403357332957027E7 pf_count = 41
2014-09-25 14:44:56,960 INFO  [PositionJdbcImpl] pf_base currency pf_id=4490 currency = USD
2014-09-25 14:44:56,962 INFO  [PositionJdbcImpl] Unsettled AC: pf=4490 AC=1.5095116196716433E7 pf_count = 42
2014-09-25 14:44:56,963 INFO  [PositionJdbcImpl] pf_base currency pf_id=4491 currency = USD
2014-09-25 14:44:56,964 INFO  [PositionJdbcImpl] Unsettled AC: pf=4491 AC=4249845.0 pf_count = 43
2014-09-25 14:44:56,965 INFO  [PositionJdbcImpl] pf_base currency pf_id=4484 currency = USD
2014-09-25 14:44:56,965 INFO  [PositionJdbcImpl] Unsettled AC: pf=4484 AC=0.0 pf_count = 44
2014-09-25 14:44:56,966 INFO  [PositionJdbcImpl] pf_base currency pf_id=4596 currency = EUR
2014-09-25 14:44:56,966 INFO  [PositionJdbcImpl] Unsettled AC: pf=4596 AC=0.0 pf_count = 45
2014-09-25 14:44:56,967 INFO  [PositionJdbcImpl] pf_base currency pf_id=4595 currency = EUR
2014-09-25 14:44:56,967 INFO  [PositionJdbcImpl] Unsettled AC: pf=4595 AC=-7.275957614183426E-11 pf_count = 46
2014-09-25 14:44:56,968 INFO  [PositionJdbcImpl] pf_base currency pf_id=4590 currency = USD
2014-09-25 14:44:56,969 INFO  [PositionJdbcImpl] Unsettled AC: pf=4590 AC=853667.3776998717 pf_count = 47
2014-09-25 14:44:56,970 INFO  [PositionJdbcImpl] pf_base currency pf_id=4584 currency = EUR
2014-09-25 14:44:56,971 INFO  [PositionJdbcImpl] Unsettled AC: pf=4584 AC=2.208898647818066E7 pf_count = 48
2014-09-25 14:44:56,972 INFO  [PositionJdbcImpl] pf_base currency pf_id=4587 currency = USD
2014-09-25 14:44:56,972 INFO  [PositionJdbcImpl] Unsettled AC: pf=4587 AC=0.0 pf_count = 49
2014-09-25 14:44:56,973 INFO  [PositionJdbcImpl] pf_base currency pf_id=4576 currency = USD
2014-09-25 14:44:56,974 INFO  [PositionJdbcImpl] Unsettled AC: pf=4576 AC=5750000.0 pf_count = 50
2014-09-25 14:44:56,975 INFO  [PositionJdbcImpl] pf_base currency pf_id=4578 currency = USD
2014-09-25 14:44:56,977 INFO  [PositionJdbcImpl] Unsettled AC: pf=4578 AC=71397.27 pf_count = 51
2014-09-25 14:44:56,978 INFO  [PositionJdbcImpl] pf_base currency pf_id=4567 currency = USD
2014-09-25 14:44:56,978 INFO  [PositionJdbcImpl] Unsettled AC: pf=4567 AC=0.0 pf_count = 52
2014-09-25 14:44:56,979 INFO  [PositionJdbcImpl] pf_base currency pf_id=4564 currency = USD
2014-09-25 14:44:56,979 INFO  [PositionJdbcImpl] Unsettled AC: pf=4564 AC=0.0 pf_count = 53
2014-09-25 14:44:56,980 INFO  [PositionJdbcImpl] pf_base currency pf_id=4561 currency = USD
2014-09-25 14:44:56,981 INFO  [PositionJdbcImpl] Unsettled AC: pf=4561 AC=20399.22 pf_count = 54
2014-09-25 14:44:56,982 INFO  [PositionJdbcImpl] pf_base currency pf_id=250 currency = USD
2014-09-25 14:44:56,984 INFO  [PositionJdbcImpl] Unsettled AC: pf=250 AC=7156539.090399999 pf_count = 55
2014-09-25 14:44:56,985 INFO  [PositionJdbcImpl] pf_base currency pf_id=4547 currency = USD
2014-09-25 14:44:56,987 INFO  [PositionJdbcImpl] Unsettled AC: pf=4547 AC=23552.521649449 pf_count = 56
2014-09-25 14:44:56,988 INFO  [PositionJdbcImpl] pf_base currency pf_id=4138 currency = USD
2014-09-25 14:44:56,988 INFO  [PositionJdbcImpl] Unsettled AC: pf=4138 AC=3392879.5867999997 pf_count = 57
2014-09-25 14:44:56,989 INFO  [PositionJdbcImpl] pf_base currency pf_id=4141 currency = USD
2014-09-25 14:44:56,989 INFO  [PositionJdbcImpl] Unsettled AC: pf=4141 AC=3205433.96824 pf_count = 58
2014-09-25 14:44:56,990 INFO  [PositionJdbcImpl] pf_base currency pf_id=4157 currency = USD
2014-09-25 14:44:56,990 INFO  [PositionJdbcImpl] Unsettled AC: pf=4157 AC=0.0 pf_count = 59
2014-09-25 14:44:56,991 INFO  [PositionJdbcImpl] pf_base currency pf_id=4096 currency = USD
2014-09-25 14:44:56,992 INFO  [PositionJdbcImpl] Unsettled AC: pf=4096 AC=3076541.8100000015 pf_count = 60
2014-09-25 14:44:56,993 INFO  [PositionJdbcImpl] pf_base currency pf_id=4109 currency = JPY
2014-09-25 14:44:56,993 INFO  [PositionJdbcImpl] Unsettled AC: pf=4109 AC=0.0 pf_count = 61
2014-09-25 14:44:56,994 INFO  [PositionJdbcImpl] pf_base currency pf_id=4110 currency = JPY
2014-09-25 14:44:56,994 INFO  [PositionJdbcImpl] Unsettled AC: pf=4110 AC=0.0 pf_count = 62
2014-09-25 14:44:56,995 INFO  [PositionJdbcImpl] pf_base currency pf_id=4114 currency = JPY
2014-09-25 14:44:56,996 INFO  [PositionJdbcImpl] Unsettled AC: pf=4114 AC=-1.1641532182693481E-10 pf_count = 63
2014-09-25 14:44:56,996 INFO  [PositionJdbcImpl] pf_base currency pf_id=4116 currency = JPY
2014-09-25 14:44:56,996 INFO  [PositionJdbcImpl] Unsettled AC: pf=4116 AC=0.0 pf_count = 64
2014-09-25 14:44:56,997 INFO  [PositionJdbcImpl] pf_base currency pf_id=4117 currency = JPY
2014-09-25 14:44:56,998 INFO  [PositionJdbcImpl] Unsettled AC: pf=4117 AC=-1.7462298274040222E-10 pf_count = 65
2014-09-25 14:44:56,998 INFO  [PositionJdbcImpl] pf_base currency pf_id=4120 currency = JPY
2014-09-25 14:44:56,999 INFO  [PositionJdbcImpl] Unsettled AC: pf=4120 AC=1.6605335050199997E7 pf_count = 66
2014-09-25 14:44:56,999 INFO  [PositionJdbcImpl] pf_base currency pf_id=4122 currency = JPY
2014-09-25 14:44:56,999 INFO  [PositionJdbcImpl] Unsettled AC: pf=4122 AC=0.0 pf_count = 67
2014-09-25 14:44:57,000 INFO  [PositionJdbcImpl] pf_base currency pf_id=4198 currency = USD
2014-09-25 14:44:57,000 INFO  [PositionJdbcImpl] Unsettled AC: pf=4198 AC=0.0 pf_count = 68
2014-09-25 14:44:57,002 INFO  [PositionJdbcImpl] pf_base currency pf_id=4197 currency = USD
2014-09-25 14:44:57,002 INFO  [PositionJdbcImpl] Unsettled AC: pf=4197 AC=0.0 pf_count = 69
2014-09-25 14:44:57,003 INFO  [PositionJdbcImpl] pf_base currency pf_id=4196 currency = USD
2014-09-25 14:44:57,003 INFO  [PositionJdbcImpl] Unsettled AC: pf=4196 AC=0.0 pf_count = 70
2014-09-25 14:44:57,003 INFO  [PositionJdbcImpl] pf_base currency pf_id=4193 currency = EUR
2014-09-25 14:44:57,004 INFO  [PositionJdbcImpl] Unsettled AC: pf=4193 AC=239027.5 pf_count = 71
2014-09-25 14:44:57,005 INFO  [PositionJdbcImpl] pf_base currency pf_id=4204 currency = USD
2014-09-25 14:44:57,005 INFO  [PositionJdbcImpl] Unsettled AC: pf=4204 AC=0.0 pf_count = 72
2014-09-25 14:44:57,006 INFO  [PositionJdbcImpl] pf_base currency pf_id=4223 currency = GBP
2014-09-25 14:44:57,006 INFO  [PositionJdbcImpl] Unsettled AC: pf=4223 AC=0.0 pf_count = 73
2014-09-25 14:44:57,007 INFO  [PositionJdbcImpl] pf_base currency pf_id=407 currency = USD
2014-09-25 14:44:57,010 INFO  [PositionJdbcImpl] Unsettled AC: pf=407 AC=1.88468108914409E8 pf_count = 74
2014-09-25 14:44:57,010 INFO  [PositionJdbcImpl] pf_base currency pf_id=4283 currency = USD
2014-09-25 14:44:57,011 INFO  [PositionJdbcImpl] Unsettled AC: pf=4283 AC=0.0 pf_count = 75
2014-09-25 14:44:57,011 INFO  [PositionJdbcImpl] pf_base currency pf_id=440 currency = USD
2014-09-25 14:44:57,012 INFO  [PositionJdbcImpl] Unsettled AC: pf=440 AC=253242.19999999832 pf_count = 76
2014-09-25 14:44:57,013 INFO  [PositionJdbcImpl] pf_base currency pf_id=4234 currency = USD
2014-09-25 14:44:57,014 INFO  [PositionJdbcImpl] Unsettled AC: pf=4234 AC=9005736.213533333 pf_count = 77
2014-09-25 14:44:57,015 INFO  [PositionJdbcImpl] pf_base currency pf_id=444 currency = USD
2014-09-25 14:44:57,015 INFO  [PositionJdbcImpl] Unsettled AC: pf=444 AC=0.0 pf_count = 78
2014-09-25 14:44:57,016 INFO  [PositionJdbcImpl] pf_base currency pf_id=4237 currency = USD
2014-09-25 14:44:57,018 INFO  [PositionJdbcImpl] Unsettled AC: pf=4237 AC=414674.5 pf_count = 79
2014-09-25 14:44:57,019 INFO  [PositionJdbcImpl] pf_base currency pf_id=445 currency = USD
2014-09-25 14:44:57,022 INFO  [PositionJdbcImpl] Unsettled AC: pf=445 AC=3115484.79 pf_count = 80
2014-09-25 14:44:57,022 INFO  [PositionJdbcImpl] pf_base currency pf_id=447 currency = USD
2014-09-25 14:44:57,024 INFO  [PositionJdbcImpl] Unsettled AC: pf=447 AC=402461.2053223335 pf_count = 81
2014-09-25 14:44:57,025 INFO  [PositionJdbcImpl] pf_base currency pf_id=4227 currency = USD
2014-09-25 14:44:57,025 INFO  [PositionJdbcImpl] Unsettled AC: pf=4227 AC=0.0 pf_count = 82
2014-09-25 14:44:57,026 INFO  [PositionJdbcImpl] pf_base currency pf_id=438 currency = USD
2014-09-25 14:44:57,027 INFO  [PositionJdbcImpl] Unsettled AC: pf=438 AC=1.6203875566672552E7 pf_count = 83
2014-09-25 14:44:57,028 INFO  [PositionJdbcImpl] pf_base currency pf_id=425 currency = USD
2014-09-25 14:44:57,030 INFO  [PositionJdbcImpl] Unsettled AC: pf=425 AC=6.405371593700001E7 pf_count = 84
2014-09-25 14:44:57,031 INFO  [PositionJdbcImpl] pf_base currency pf_id=4250 currency = USD
2014-09-25 14:44:57,032 INFO  [PositionJdbcImpl] Unsettled AC: pf=4250 AC=3302325.8291725535 pf_count = 85
2014-09-25 14:44:57,033 INFO  [PositionJdbcImpl] pf_base currency pf_id=426 currency = USD
2014-09-25 14:44:57,034 INFO  [PositionJdbcImpl] Unsettled AC: pf=426 AC=4370455.9265 pf_count = 86
2014-09-25 14:44:57,035 INFO  [PositionJdbcImpl] pf_base currency pf_id=4328 currency = USD
2014-09-25 14:44:57,035 INFO  [PositionJdbcImpl] Unsettled AC: pf=4328 AC=0.0 pf_count = 87
2014-09-25 14:44:57,036 INFO  [PositionJdbcImpl] pf_base currency pf_id=4345 currency = USD
2014-09-25 14:44:57,037 INFO  [PositionJdbcImpl] Unsettled AC: pf=4345 AC=6.133257441174721E7 pf_count = 88
2014-09-25 14:44:57,038 INFO  [PositionJdbcImpl] pf_base currency pf_id=450 currency = USD
2014-09-25 14:44:57,038 INFO  [PositionJdbcImpl] Unsettled AC: pf=450 AC=1211852.5926552082 pf_count = 89
2014-09-25 14:44:57,039 INFO  [PositionJdbcImpl] pf_base currency pf_id=449 currency = USD
2014-09-25 14:44:57,040 INFO  [PositionJdbcImpl] Unsettled AC: pf=449 AC=50998.05 pf_count = 90
2014-09-25 14:44:57,041 INFO  [PositionJdbcImpl] pf_base currency pf_id=448 currency = USD
2014-09-25 14:44:57,043 INFO  [PositionJdbcImpl] Unsettled AC: pf=448 AC=2.9555654461372554E7 pf_count = 91
2014-09-25 14:44:57,043 INFO  [PositionJdbcImpl] pf_base currency pf_id=4301 currency = USD
2014-09-25 14:44:57,043 INFO  [PositionJdbcImpl] Unsettled AC: pf=4301 AC=0.0 pf_count = 92
2014-09-25 14:44:57,044 INFO  [PositionJdbcImpl] pf_base currency pf_id=4295 currency = USD
2014-09-25 14:44:57,044 INFO  [PositionJdbcImpl] Unsettled AC: pf=4295 AC=0.0 pf_count = 93
2014-09-25 14:44:57,045 INFO  [PositionJdbcImpl] pf_base currency pf_id=4886 currency = BRL
2014-09-25 14:44:57,045 INFO  [PositionJdbcImpl] Unsettled AC: pf=4886 AC=0.0 pf_count = 94
2014-09-25 14:44:57,046 INFO  [PositionJdbcImpl] pf_base currency pf_id=4887 currency = BRL
2014-09-25 14:44:57,046 INFO  [PositionJdbcImpl] Unsettled AC: pf=4887 AC=-829.5403533418803 pf_count = 95
2014-09-25 14:44:57,047 INFO  [PositionJdbcImpl] pf_base currency pf_id=4884 currency = BRL
2014-09-25 14:44:57,047 INFO  [PositionJdbcImpl] Unsettled AC: pf=4884 AC=0.0 pf_count = 96
2014-09-25 14:44:57,048 INFO  [PositionJdbcImpl] pf_base currency pf_id=4885 currency = BRL
2014-09-25 14:44:57,048 INFO  [PositionJdbcImpl] Unsettled AC: pf=4885 AC=-744.0349097010392 pf_count = 97
2014-09-25 14:44:57,049 INFO  [PositionJdbcImpl] pf_base currency pf_id=4883 currency = BRL
2014-09-25 14:44:57,049 INFO  [PositionJdbcImpl] Unsettled AC: pf=4883 AC=0.0 pf_count = 98
2014-09-25 14:44:57,050 INFO  [PositionJdbcImpl] pf_base currency pf_id=4881 currency = BRL
2014-09-25 14:44:57,050 INFO  [PositionJdbcImpl] Unsettled AC: pf=4881 AC=0.0 pf_count = 99
2014-09-25 14:44:57,051 INFO  [PositionJdbcImpl] pf_base currency pf_id=4894 currency = BRL
2014-09-25 14:44:57,052 INFO  [PositionJdbcImpl] Unsettled AC: pf=4894 AC=0.0 pf_count = 100
2014-09-25 14:44:57,053 INFO  [PositionJdbcImpl] pf_base currency pf_id=4895 currency = BRL
2014-09-25 14:44:57,053 INFO  [PositionJdbcImpl] Unsettled AC: pf=4895 AC=-45893.892802904586 pf_count = 101
2014-09-25 14:44:57,054 INFO  [PositionJdbcImpl] pf_base currency pf_id=4892 currency = BRL
2014-09-25 14:44:57,054 INFO  [PositionJdbcImpl] Unsettled AC: pf=4892 AC=0.0 pf_count = 102
2014-09-25 14:44:57,054 INFO  [PositionJdbcImpl] pf_base currency pf_id=4893 currency = BRL
2014-09-25 14:44:57,055 INFO  [PositionJdbcImpl] Unsettled AC: pf=4893 AC=0.0 pf_count = 103
2014-09-25 14:44:57,056 INFO  [PositionJdbcImpl] pf_base currency pf_id=4890 currency = BRL
2014-09-25 14:44:57,056 INFO  [PositionJdbcImpl] Unsettled AC: pf=4890 AC=-347.4255028298704 pf_count = 104
2014-09-25 14:44:57,057 INFO  [PositionJdbcImpl] pf_base currency pf_id=4891 currency = BRL
2014-09-25 14:44:57,057 INFO  [PositionJdbcImpl] Unsettled AC: pf=4891 AC=-1684.8109044450505 pf_count = 105
2014-09-25 14:44:57,058 INFO  [PositionJdbcImpl] pf_base currency pf_id=4888 currency = BRL
2014-09-25 14:44:57,058 INFO  [PositionJdbcImpl] Unsettled AC: pf=4888 AC=-243.80815346540064 pf_count = 106
2014-09-25 14:44:57,059 INFO  [PositionJdbcImpl] pf_base currency pf_id=4889 currency = BRL
2014-09-25 14:44:57,059 INFO  [PositionJdbcImpl] Unsettled AC: pf=4889 AC=-132.67496878788847 pf_count = 107
2014-09-25 14:44:57,060 INFO  [PositionJdbcImpl] pf_base currency pf_id=4871 currency = BRL
2014-09-25 14:44:57,060 INFO  [PositionJdbcImpl] Unsettled AC: pf=4871 AC=-2228529.491033482 pf_count = 108
2014-09-25 14:44:57,061 INFO  [PositionJdbcImpl] pf_base currency pf_id=4868 currency = BRL
2014-09-25 14:44:57,061 INFO  [PositionJdbcImpl] Unsettled AC: pf=4868 AC=-215583.29014201305 pf_count = 109
2014-09-25 14:44:57,062 INFO  [PositionJdbcImpl] pf_base currency pf_id=4864 currency = BRL
2014-09-25 14:44:57,062 INFO  [PositionJdbcImpl] Unsettled AC: pf=4864 AC=0.0 pf_count = 110
2014-09-25 14:44:57,063 INFO  [PositionJdbcImpl] pf_base currency pf_id=4875 currency = USD
2014-09-25 14:44:57,063 INFO  [PositionJdbcImpl] Unsettled AC: pf=4875 AC=0.0 pf_count = 111
2014-09-25 14:44:57,064 INFO  [PositionJdbcImpl] pf_base currency pf_id=4874 currency = BRL
2014-09-25 14:44:57,065 INFO  [PositionJdbcImpl] Unsettled AC: pf=4874 AC=0.0 pf_count = 112
2014-09-25 14:44:57,065 INFO  [PositionJdbcImpl] pf_base currency pf_id=4916 currency = BRL
2014-09-25 14:44:57,066 INFO  [PositionJdbcImpl] Unsettled AC: pf=4916 AC=-975561.161664225 pf_count = 113
2014-09-25 14:44:57,066 INFO  [PositionJdbcImpl] pf_base currency pf_id=4917 currency = BRL
2014-09-25 14:44:57,067 INFO  [PositionJdbcImpl] Unsettled AC: pf=4917 AC=-5361.79919088226 pf_count = 114
2014-09-25 14:44:57,068 INFO  [PositionJdbcImpl] pf_base currency pf_id=4918 currency = BRL
2014-09-25 14:44:57,068 INFO  [PositionJdbcImpl] Unsettled AC: pf=4918 AC=-61073.92875779068 pf_count = 115
2014-09-25 14:44:57,069 INFO  [PositionJdbcImpl] pf_base currency pf_id=4919 currency = BRL
2014-09-25 14:44:57,069 INFO  [PositionJdbcImpl] Unsettled AC: pf=4919 AC=-85.40341770857675 pf_count = 116
2014-09-25 14:44:57,070 INFO  [PositionJdbcImpl] pf_base currency pf_id=4912 currency = BRL
2014-09-25 14:44:57,070 INFO  [PositionJdbcImpl] Unsettled AC: pf=4912 AC=0.0 pf_count = 117
2014-09-25 14:44:57,071 INFO  [PositionJdbcImpl] pf_base currency pf_id=4913 currency = BRL
2014-09-25 14:44:57,071 INFO  [PositionJdbcImpl] Unsettled AC: pf=4913 AC=-4747.072127901142 pf_count = 118
2014-09-25 14:44:57,071 INFO  [PositionJdbcImpl] pf_base currency pf_id=4915 currency = BRL
2014-09-25 14:44:57,071 INFO  [PositionJdbcImpl] Unsettled AC: pf=4915 AC=0.0 pf_count = 119
2014-09-25 14:44:57,072 INFO  [PositionJdbcImpl] pf_base currency pf_id=4925 currency = BRL
2014-09-25 14:44:57,073 INFO  [PositionJdbcImpl] Unsettled AC: pf=4925 AC=-107439.05767572825 pf_count = 120
2014-09-25 14:44:57,074 INFO  [PositionJdbcImpl] pf_base currency pf_id=4926 currency = BRL
2014-09-25 14:44:57,074 INFO  [PositionJdbcImpl] Unsettled AC: pf=4926 AC=-71357.10760422284 pf_count = 121
2014-09-25 14:44:57,075 INFO  [PositionJdbcImpl] pf_base currency pf_id=4927 currency = BRL
2014-09-25 14:44:57,075 INFO  [PositionJdbcImpl] Unsettled AC: pf=4927 AC=-58.45144130112988 pf_count = 122
2014-09-25 14:44:57,076 INFO  [PositionJdbcImpl] pf_base currency pf_id=4920 currency = BRL
2014-09-25 14:44:57,076 INFO  [PositionJdbcImpl] Unsettled AC: pf=4920 AC=0.0 pf_count = 123
2014-09-25 14:44:57,077 INFO  [PositionJdbcImpl] pf_base currency pf_id=4921 currency = BRL
2014-09-25 14:44:57,077 INFO  [PositionJdbcImpl] Unsettled AC: pf=4921 AC=-430154.11145650595 pf_count = 124
2014-09-25 14:44:57,078 INFO  [PositionJdbcImpl] pf_base currency pf_id=4922 currency = BRL
2014-09-25 14:44:57,078 INFO  [PositionJdbcImpl] Unsettled AC: pf=4922 AC=0.0 pf_count = 125
2014-09-25 14:44:57,079 INFO  [PositionJdbcImpl] pf_base currency pf_id=4923 currency = BRL
2014-09-25 14:44:57,079 INFO  [PositionJdbcImpl] Unsettled AC: pf=4923 AC=-8400.668627406489 pf_count = 126
2014-09-25 14:44:57,080 INFO  [PositionJdbcImpl] pf_base currency pf_id=4900 currency = BRL
2014-09-25 14:44:57,080 INFO  [PositionJdbcImpl] Unsettled AC: pf=4900 AC=0.0 pf_count = 127
2014-09-25 14:44:57,081 INFO  [PositionJdbcImpl] pf_base currency pf_id=4903 currency = BRL
2014-09-25 14:44:57,081 INFO  [PositionJdbcImpl] Unsettled AC: pf=4903 AC=-26.95204395753706 pf_count = 128
2014-09-25 14:44:57,082 INFO  [PositionJdbcImpl] pf_base currency pf_id=4902 currency = BRL
2014-09-25 14:44:57,082 INFO  [PositionJdbcImpl] Unsettled AC: pf=4902 AC=0.0 pf_count = 129
2014-09-25 14:44:57,083 INFO  [PositionJdbcImpl] pf_base currency pf_id=4897 currency = BRL
2014-09-25 14:44:57,083 INFO  [PositionJdbcImpl] Unsettled AC: pf=4897 AC=0.0 pf_count = 130
2014-09-25 14:44:57,084 INFO  [PositionJdbcImpl] pf_base currency pf_id=4896 currency = BRL
2014-09-25 14:44:57,084 INFO  [PositionJdbcImpl] Unsettled AC: pf=4896 AC=0.0 pf_count = 131
2014-09-25 14:44:57,085 INFO  [PositionJdbcImpl] pf_base currency pf_id=4899 currency = BRL
2014-09-25 14:44:57,085 INFO  [PositionJdbcImpl] Unsettled AC: pf=4899 AC=0.0 pf_count = 132
2014-09-25 14:44:57,086 INFO  [PositionJdbcImpl] pf_base currency pf_id=4909 currency = BRL
2014-09-25 14:44:57,086 INFO  [PositionJdbcImpl] Unsettled AC: pf=4909 AC=-1903651.631392947 pf_count = 133
2014-09-25 14:44:57,087 INFO  [PositionJdbcImpl] pf_base currency pf_id=4908 currency = BRL
2014-09-25 14:44:57,087 INFO  [PositionJdbcImpl] Unsettled AC: pf=4908 AC=-4456954.043515125 pf_count = 134
2014-09-25 14:44:57,088 INFO  [PositionJdbcImpl] pf_base currency pf_id=4911 currency = BRL
2014-09-25 14:44:57,088 INFO  [PositionJdbcImpl] Unsettled AC: pf=4911 AC=0.0 pf_count = 135
2014-09-25 14:44:57,089 INFO  [PositionJdbcImpl] pf_base currency pf_id=4910 currency = BRL
2014-09-25 14:44:57,089 INFO  [PositionJdbcImpl] Unsettled AC: pf=4910 AC=-43483.72211631325 pf_count = 136
2014-09-25 14:44:57,090 INFO  [PositionJdbcImpl] pf_base currency pf_id=4905 currency = BRL
2014-09-25 14:44:57,090 INFO  [PositionJdbcImpl] Unsettled AC: pf=4905 AC=0.0 pf_count = 137
2014-09-25 14:44:57,091 INFO  [PositionJdbcImpl] pf_base currency pf_id=4907 currency = BRL
2014-09-25 14:44:57,092 INFO  [PositionJdbcImpl] Unsettled AC: pf=4907 AC=0.0 pf_count = 138
2014-09-25 14:44:57,092 INFO  [PositionJdbcImpl] pf_base currency pf_id=4906 currency = BRL
2014-09-25 14:44:57,093 INFO  [PositionJdbcImpl] Unsettled AC: pf=4906 AC=0.0 pf_count = 139
2014-09-25 14:44:57,097 INFO  [PositionJdbcImpl] pf_base currency pf_id=4945 currency = BRL
2014-09-25 14:44:57,097 INFO  [PositionJdbcImpl] Unsettled AC: pf=4945 AC=0.0 pf_count = 140
2014-09-25 14:44:57,098 INFO  [PositionJdbcImpl] pf_base currency pf_id=4950 currency = BRL
2014-09-25 14:44:57,100 INFO  [PositionJdbcImpl] Unsettled AC: pf=4950 AC=1770.1485032030682 pf_count = 141
2014-09-25 14:44:57,101 INFO  [PositionJdbcImpl] pf_base currency pf_id=4951 currency = BRL
2014-09-25 14:44:57,101 INFO  [PositionJdbcImpl] Unsettled AC: pf=4951 AC=0.0 pf_count = 142
2014-09-25 14:44:57,102 INFO  [PositionJdbcImpl] pf_base currency pf_id=4948 currency = BRL
2014-09-25 14:44:57,102 INFO  [PositionJdbcImpl] Unsettled AC: pf=4948 AC=0.0 pf_count = 143
2014-09-25 14:44:57,103 INFO  [PositionJdbcImpl] pf_base currency pf_id=4949 currency = BRL
2014-09-25 14:44:57,103 INFO  [PositionJdbcImpl] Unsettled AC: pf=4949 AC=0.0 pf_count = 144
2014-09-25 14:44:57,104 INFO  [PositionJdbcImpl] pf_base currency pf_id=4954 currency = BRL
2014-09-25 14:44:57,104 INFO  [PositionJdbcImpl] Unsettled AC: pf=4954 AC=0.0 pf_count = 145
2014-09-25 14:44:57,105 INFO  [PositionJdbcImpl] pf_base currency pf_id=4955 currency = BRL
2014-09-25 14:44:57,107 INFO  [PositionJdbcImpl] Unsettled AC: pf=4955 AC=72972.49310000002 pf_count = 146
2014-09-25 14:44:57,108 INFO  [PositionJdbcImpl] pf_base currency pf_id=4952 currency = BRL
2014-09-25 14:44:57,108 INFO  [PositionJdbcImpl] Unsettled AC: pf=4952 AC=0.0 pf_count = 147
2014-09-25 14:44:57,109 INFO  [PositionJdbcImpl] pf_base currency pf_id=4953 currency = BRL
2014-09-25 14:44:57,109 INFO  [PositionJdbcImpl] Unsettled AC: pf=4953 AC=0.0 pf_count = 148
2014-09-25 14:44:57,110 INFO  [PositionJdbcImpl] pf_base currency pf_id=4958 currency = BRL
175.404: [GC 175.404: [ParNew: 38336K->4224K(38336K), 0.0117060 secs] 537707K->505016K(1065664K), 0.0117970 secs] [Times: user=0.02 sys=0.00, real=0.01 secs] 
2014-09-25 14:44:57,128 INFO  [PositionJdbcImpl] Unsettled AC: pf=4958 AC=0.0 pf_count = 149
2014-09-25 14:44:57,130 INFO  [PositionJdbcImpl] pf_base currency pf_id=4959 currency = BRL
2014-09-25 14:44:57,130 INFO  [PositionJdbcImpl] Unsettled AC: pf=4959 AC=0.0 pf_count = 150
2014-09-25 14:44:57,131 INFO  [PositionJdbcImpl] pf_base currency pf_id=4956 currency = BRL
2014-09-25 14:44:57,131 INFO  [PositionJdbcImpl] Unsettled AC: pf=4956 AC=0.0 pf_count = 151
2014-09-25 14:44:57,132 INFO  [PositionJdbcImpl] pf_base currency pf_id=4957 currency = BRL
2014-09-25 14:44:57,132 INFO  [PositionJdbcImpl] Unsettled AC: pf=4957 AC=-35805.535399606095 pf_count = 152
2014-09-25 14:44:57,134 INFO  [PositionJdbcImpl] pf_base currency pf_id=4931 currency = BRL
2014-09-25 14:44:57,134 INFO  [PositionJdbcImpl] Unsettled AC: pf=4931 AC=-125385.50844822224 pf_count = 153
2014-09-25 14:44:57,135 INFO  [PositionJdbcImpl] pf_base currency pf_id=4930 currency = BRL
2014-09-25 14:44:57,135 INFO  [PositionJdbcImpl] Unsettled AC: pf=4930 AC=-10054.097646936872 pf_count = 154
2014-09-25 14:44:57,136 INFO  [PositionJdbcImpl] pf_base currency pf_id=4934 currency = BRL
2014-09-25 14:44:57,136 INFO  [PositionJdbcImpl] Unsettled AC: pf=4934 AC=0.0 pf_count = 155
2014-09-25 14:44:57,137 INFO  [PositionJdbcImpl] pf_base currency pf_id=630 currency = USD
2014-09-25 14:44:57,138 INFO  [PositionJdbcImpl] Unsettled AC: pf=630 AC=-18652.181718717096 pf_count = 156
2014-09-25 14:44:57,140 INFO  [PositionJdbcImpl] pf_base currency pf_id=4933 currency = BRL
2014-09-25 14:44:57,140 INFO  [PositionJdbcImpl] Unsettled AC: pf=4933 AC=0.0 pf_count = 157
2014-09-25 14:44:57,141 INFO  [PositionJdbcImpl] pf_base currency pf_id=4932 currency = BRL
2014-09-25 14:44:57,141 INFO  [PositionJdbcImpl] Unsettled AC: pf=4932 AC=-5415.669119933658 pf_count = 158
2014-09-25 14:44:57,142 INFO  [PositionJdbcImpl] pf_base currency pf_id=4938 currency = BRL
2014-09-25 14:44:57,142 INFO  [PositionJdbcImpl] Unsettled AC: pf=4938 AC=0.0 pf_count = 159
2014-09-25 14:44:57,143 INFO  [PositionJdbcImpl] pf_base currency pf_id=4937 currency = BRL
2014-09-25 14:44:57,143 INFO  [PositionJdbcImpl] Unsettled AC: pf=4937 AC=0.0 pf_count = 160
2014-09-25 14:44:57,144 INFO  [PositionJdbcImpl] pf_base currency pf_id=4936 currency = BRL
2014-09-25 14:44:57,144 INFO  [PositionJdbcImpl] Unsettled AC: pf=4936 AC=-245.53298041012567 pf_count = 161
2014-09-25 14:44:57,145 INFO  [PositionJdbcImpl] pf_base currency pf_id=4941 currency = BRL
2014-09-25 14:44:57,145 INFO  [PositionJdbcImpl] Unsettled AC: pf=4941 AC=0.0 pf_count = 162
2014-09-25 14:44:57,146 INFO  [PositionJdbcImpl] pf_base currency pf_id=4940 currency = BRL
2014-09-25 14:44:57,146 INFO  [PositionJdbcImpl] Unsettled AC: pf=4940 AC=-985.591375557168 pf_count = 163
2014-09-25 14:44:57,147 INFO  [PositionJdbcImpl] pf_base currency pf_id=4979 currency = BRL
2014-09-25 14:44:57,147 INFO  [PositionJdbcImpl] Unsettled AC: pf=4979 AC=-767.9761666839477 pf_count = 164
2014-09-25 14:44:57,148 INFO  [PositionJdbcImpl] pf_base currency pf_id=4981 currency = BRL
2014-09-25 14:44:57,148 INFO  [PositionJdbcImpl] Unsettled AC: pf=4981 AC=0.0 pf_count = 165
2014-09-25 14:44:57,149 INFO  [PositionJdbcImpl] pf_base currency pf_id=4982 currency = BRL
2014-09-25 14:44:57,149 INFO  [PositionJdbcImpl] Unsettled AC: pf=4982 AC=0.0 pf_count = 166
2014-09-25 14:44:57,150 INFO  [PositionJdbcImpl] pf_base currency pf_id=4983 currency = BRL
2014-09-25 14:44:57,151 INFO  [PositionJdbcImpl] Unsettled AC: pf=4983 AC=0.0 pf_count = 167
2014-09-25 14:44:57,151 INFO  [PositionJdbcImpl] pf_base currency pf_id=4984 currency = BRL
2014-09-25 14:44:57,152 INFO  [PositionJdbcImpl] Unsettled AC: pf=4984 AC=0.0 pf_count = 168
2014-09-25 14:44:57,152 INFO  [PositionJdbcImpl] pf_base currency pf_id=4986 currency = BRL
2014-09-25 14:44:57,152 INFO  [PositionJdbcImpl] Unsettled AC: pf=4986 AC=-23142.53135689852 pf_count = 169
2014-09-25 14:44:57,153 INFO  [PositionJdbcImpl] pf_base currency pf_id=4987 currency = BRL
2014-09-25 14:44:57,156 INFO  [PositionJdbcImpl] Unsettled AC: pf=4987 AC=0.0 pf_count = 170
2014-09-25 14:44:57,157 INFO  [PositionJdbcImpl] pf_base currency pf_id=4961 currency = BRL
2014-09-25 14:44:57,158 INFO  [PositionJdbcImpl] Unsettled AC: pf=4961 AC=0.0 pf_count = 171
2014-09-25 14:44:57,158 INFO  [PositionJdbcImpl] pf_base currency pf_id=4963 currency = BRL
2014-09-25 14:44:57,159 INFO  [PositionJdbcImpl] Unsettled AC: pf=4963 AC=0.0 pf_count = 172
2014-09-25 14:44:57,160 INFO  [PositionJdbcImpl] pf_base currency pf_id=4962 currency = BRL
2014-09-25 14:44:57,160 INFO  [PositionJdbcImpl] Unsettled AC: pf=4962 AC=0.0 pf_count = 173
2014-09-25 14:44:57,161 INFO  [PositionJdbcImpl] pf_base currency pf_id=4965 currency = BRL
2014-09-25 14:44:57,163 INFO  [PositionJdbcImpl] Unsettled AC: pf=4965 AC=8729.8923 pf_count = 174
2014-09-25 14:44:57,164 INFO  [PositionJdbcImpl] pf_base currency pf_id=4967 currency = BRL
2014-09-25 14:44:57,164 INFO  [PositionJdbcImpl] Unsettled AC: pf=4967 AC=0.0 pf_count = 175
2014-09-25 14:44:57,165 INFO  [PositionJdbcImpl] pf_base currency pf_id=4966 currency = BRL
2014-09-25 14:44:57,165 INFO  [PositionJdbcImpl] Unsettled AC: pf=4966 AC=0.0 pf_count = 176
2014-09-25 14:44:57,166 INFO  [PositionJdbcImpl] pf_base currency pf_id=4969 currency = BRL
2014-09-25 14:44:57,167 INFO  [PositionJdbcImpl] Unsettled AC: pf=4969 AC=0.0 pf_count = 177
2014-09-25 14:44:57,167 INFO  [PositionJdbcImpl] pf_base currency pf_id=4968 currency = BRL
2014-09-25 14:44:57,168 INFO  [PositionJdbcImpl] Unsettled AC: pf=4968 AC=-1468342.0752565565 pf_count = 178
2014-09-25 14:44:57,168 INFO  [PositionJdbcImpl] pf_base currency pf_id=4970 currency = BRL
2014-09-25 14:44:57,168 INFO  [PositionJdbcImpl] Unsettled AC: pf=4970 AC=0.0 pf_count = 179
2014-09-25 14:44:57,169 INFO  [PositionJdbcImpl] pf_base currency pf_id=4972 currency = BRL
2014-09-25 14:44:57,169 INFO  [PositionJdbcImpl] Unsettled AC: pf=4972 AC=-1583.360830529342 pf_count = 180
2014-09-25 14:44:57,170 INFO  [PositionJdbcImpl] pf_base currency pf_id=5020 currency = BRL
2014-09-25 14:44:57,170 INFO  [PositionJdbcImpl] Unsettled AC: pf=5020 AC=0.0 pf_count = 181
2014-09-25 14:44:57,171 INFO  [PositionJdbcImpl] pf_base currency pf_id=681 currency = USD
2014-09-25 14:44:57,173 INFO  [PositionJdbcImpl] Unsettled AC: pf=681 AC=6.250053632069988E7 pf_count = 182
2014-09-25 14:44:57,174 INFO  [PositionJdbcImpl] pf_base currency pf_id=5017 currency = BRL
2014-09-25 14:44:57,174 INFO  [PositionJdbcImpl] Unsettled AC: pf=5017 AC=0.0 pf_count = 183
2014-09-25 14:44:57,175 INFO  [PositionJdbcImpl] pf_base currency pf_id=680 currency = USD
2014-09-25 14:44:57,175 INFO  [PositionJdbcImpl] Unsettled AC: pf=680 AC=0.0 pf_count = 184
2014-09-25 14:44:57,176 INFO  [PositionJdbcImpl] pf_base currency pf_id=5016 currency = BRL
2014-09-25 14:44:57,176 INFO  [PositionJdbcImpl] Unsettled AC: pf=5016 AC=0.0 pf_count = 185
2014-09-25 14:44:57,177 INFO  [PositionJdbcImpl] pf_base currency pf_id=5014 currency = BRL
2014-09-25 14:44:57,177 INFO  [PositionJdbcImpl] Unsettled AC: pf=5014 AC=-186.35261012925184 pf_count = 186
2014-09-25 14:44:57,178 INFO  [PositionJdbcImpl] pf_base currency pf_id=677 currency = USD
2014-09-25 14:44:57,179 INFO  [PositionJdbcImpl] Unsettled AC: pf=677 AC=500000.0 pf_count = 187
2014-09-25 14:44:57,180 INFO  [PositionJdbcImpl] pf_base currency pf_id=676 currency = USD
2014-09-25 14:44:57,181 INFO  [PositionJdbcImpl] Unsettled AC: pf=676 AC=5.4321660750008E7 pf_count = 188
2014-09-25 14:44:57,182 INFO  [PositionJdbcImpl] pf_base currency pf_id=5012 currency = BRL
2014-09-25 14:44:57,182 INFO  [PositionJdbcImpl] Unsettled AC: pf=5012 AC=0.0 pf_count = 189
2014-09-25 14:44:57,183 INFO  [PositionJdbcImpl] pf_base currency pf_id=675 currency = USD
2014-09-25 14:44:57,184 INFO  [PositionJdbcImpl] Unsettled AC: pf=675 AC=3.579711915E7 pf_count = 190
2014-09-25 14:44:57,184 INFO  [PositionJdbcImpl] pf_base currency pf_id=5010 currency = BRL
2014-09-25 14:44:57,184 INFO  [PositionJdbcImpl] Unsettled AC: pf=5010 AC=0.0 pf_count = 191
2014-09-25 14:44:57,185 INFO  [PositionJdbcImpl] pf_base currency pf_id=5008 currency = BRL
2014-09-25 14:44:57,186 INFO  [PositionJdbcImpl] Unsettled AC: pf=5008 AC=-30819.944024048928 pf_count = 192
2014-09-25 14:44:57,187 INFO  [PositionJdbcImpl] pf_base currency pf_id=702 currency = USD
2014-09-25 14:44:57,187 INFO  [PositionJdbcImpl] Unsettled AC: pf=702 AC=864210.3300000001 pf_count = 193
2014-09-25 14:44:57,189 INFO  [PositionJdbcImpl] pf_base currency pf_id=5006 currency = BRL
2014-09-25 14:44:57,189 INFO  [PositionJdbcImpl] Unsettled AC: pf=5006 AC=2.3283064365386963E-10 pf_count = 194
2014-09-25 14:44:57,190 INFO  [PositionJdbcImpl] pf_base currency pf_id=5004 currency = BRL
2014-09-25 14:44:57,190 INFO  [PositionJdbcImpl] Unsettled AC: pf=5004 AC=0.0 pf_count = 195
2014-09-25 14:44:57,191 INFO  [PositionJdbcImpl] pf_base currency pf_id=5005 currency = BRL
2014-09-25 14:44:57,191 INFO  [PositionJdbcImpl] Unsettled AC: pf=5005 AC=0.0 pf_count = 196
2014-09-25 14:44:57,192 INFO  [PositionJdbcImpl] pf_base currency pf_id=5003 currency = BRL
2014-09-25 14:44:57,193 INFO  [PositionJdbcImpl] Unsettled AC: pf=5003 AC=-31798.38245645279 pf_count = 197
2014-09-25 14:44:57,193 INFO  [PositionJdbcImpl] pf_base currency pf_id=5000 currency = BRL
2014-09-25 14:44:57,197 INFO  [PositionJdbcImpl] Unsettled AC: pf=5000 AC=211822.54571549693 pf_count = 198
2014-09-25 14:44:57,197 INFO  [PositionJdbcImpl] pf_base currency pf_id=4998 currency = BRL
2014-09-25 14:44:57,201 INFO  [PositionJdbcImpl] Unsettled AC: pf=4998 AC=465469.8659283302 pf_count = 199
2014-09-25 14:44:57,202 INFO  [PositionJdbcImpl] pf_base currency pf_id=692 currency = USD
2014-09-25 14:44:57,202 INFO  [PositionJdbcImpl] Unsettled AC: pf=692 AC=0.0 pf_count = 200
2014-09-25 14:44:57,203 INFO  [PositionJdbcImpl] pf_base currency pf_id=693 currency = USD
2014-09-25 14:44:57,205 INFO  [PositionJdbcImpl] Unsettled AC: pf=693 AC=532384.35 pf_count = 201
2014-09-25 14:44:57,205 INFO  [PositionJdbcImpl] pf_base currency pf_id=4994 currency = BRL
2014-09-25 14:44:57,216 INFO  [PositionJdbcImpl] Unsettled AC: pf=4994 AC=5079390.961076199 pf_count = 202
2014-09-25 14:44:57,217 INFO  [PositionJdbcImpl] pf_base currency pf_id=4992 currency = BRL
2014-09-25 14:44:57,220 INFO  [PositionJdbcImpl] Unsettled AC: pf=4992 AC=511881.1786 pf_count = 203
2014-09-25 14:44:57,221 INFO  [PositionJdbcImpl] pf_base currency pf_id=4993 currency = BRL
2014-09-25 14:44:57,221 INFO  [PositionJdbcImpl] Unsettled AC: pf=4993 AC=0.0 pf_count = 204
2014-09-25 14:44:57,222 INFO  [PositionJdbcImpl] pf_base currency pf_id=5053 currency = BRL
2014-09-25 14:44:57,222 INFO  [PositionJdbcImpl] Unsettled AC: pf=5053 AC=0.0 pf_count = 205
2014-09-25 14:44:57,223 INFO  [PositionJdbcImpl] pf_base currency pf_id=5052 currency = BRL
2014-09-25 14:44:57,223 INFO  [PositionJdbcImpl] Unsettled AC: pf=5052 AC=-1578.6176759615773 pf_count = 206
2014-09-25 14:44:57,224 INFO  [PositionJdbcImpl] pf_base currency pf_id=5055 currency = BRL
2014-09-25 14:44:57,224 INFO  [PositionJdbcImpl] Unsettled AC: pf=5055 AC=-700781.5901316471 pf_count = 207
2014-09-25 14:44:57,225 INFO  [PositionJdbcImpl] pf_base currency pf_id=5054 currency = BRL
2014-09-25 14:44:57,226 INFO  [PositionJdbcImpl] Unsettled AC: pf=5054 AC=-469.318768529105 pf_count = 208
2014-09-25 14:44:57,226 INFO  [PositionJdbcImpl] pf_base currency pf_id=5049 currency = BRL
2014-09-25 14:44:57,226 INFO  [PositionJdbcImpl] Unsettled AC: pf=5049 AC=0.0 pf_count = 209
2014-09-25 14:44:57,227 INFO  [PositionJdbcImpl] pf_base currency pf_id=5048 currency = BRL
2014-09-25 14:44:57,228 INFO  [PositionJdbcImpl] Unsettled AC: pf=5048 AC=0.0 pf_count = 210
2014-09-25 14:44:57,229 INFO  [PositionJdbcImpl] pf_base currency pf_id=5051 currency = BRL
2014-09-25 14:44:57,229 INFO  [PositionJdbcImpl] Unsettled AC: pf=5051 AC=0.0 pf_count = 211
2014-09-25 14:44:57,230 INFO  [PositionJdbcImpl] pf_base currency pf_id=5045 currency = BRL
2014-09-25 14:44:57,230 INFO  [PositionJdbcImpl] Unsettled AC: pf=5045 AC=0.0 pf_count = 212
2014-09-25 14:44:57,231 INFO  [PositionJdbcImpl] pf_base currency pf_id=5044 currency = BRL
2014-09-25 14:44:57,232 INFO  [PositionJdbcImpl] Unsettled AC: pf=5044 AC=0.0 pf_count = 213
2014-09-25 14:44:57,232 INFO  [PositionJdbcImpl] pf_base currency pf_id=5047 currency = BRL
2014-09-25 14:44:57,233 INFO  [PositionJdbcImpl] Unsettled AC: pf=5047 AC=-8148.439929511763 pf_count = 214
2014-09-25 14:44:57,234 INFO  [PositionJdbcImpl] pf_base currency pf_id=5041 currency = BRL
2014-09-25 14:44:57,234 INFO  [PositionJdbcImpl] Unsettled AC: pf=5041 AC=0.0 pf_count = 215
2014-09-25 14:44:57,235 INFO  [PositionJdbcImpl] pf_base currency pf_id=5040 currency = BRL
2014-09-25 14:44:57,236 INFO  [PositionJdbcImpl] Unsettled AC: pf=5040 AC=0.0 pf_count = 216
2014-09-25 14:44:57,237 INFO  [PositionJdbcImpl] pf_base currency pf_id=5043 currency = BRL
2014-09-25 14:44:57,237 INFO  [PositionJdbcImpl] Unsettled AC: pf=5043 AC=-2818.927450031515 pf_count = 217
2014-09-25 14:44:57,238 INFO  [PositionJdbcImpl] pf_base currency pf_id=5042 currency = BRL
2014-09-25 14:44:57,238 INFO  [PositionJdbcImpl] Unsettled AC: pf=5042 AC=0.0 pf_count = 218
2014-09-25 14:44:57,239 INFO  [PositionJdbcImpl] pf_base currency pf_id=668 currency = USD
2014-09-25 14:44:57,240 INFO  [PositionJdbcImpl] Unsettled AC: pf=668 AC=0.0 pf_count = 219
2014-09-25 14:44:57,241 INFO  [PositionJdbcImpl] pf_base currency pf_id=5036 currency = BRL
2014-09-25 14:44:57,241 INFO  [PositionJdbcImpl] Unsettled AC: pf=5036 AC=0.0 pf_count = 220
2014-09-25 14:44:57,242 INFO  [PositionJdbcImpl] pf_base currency pf_id=5037 currency = BRL
2014-09-25 14:44:57,242 INFO  [PositionJdbcImpl] Unsettled AC: pf=5037 AC=-9094.08033440285 pf_count = 221
2014-09-25 14:44:57,243 INFO  [PositionJdbcImpl] pf_base currency pf_id=5038 currency = BRL
2014-09-25 14:44:57,247 INFO  [PositionJdbcImpl] Unsettled AC: pf=5038 AC=335271.6740955739 pf_count = 222
2014-09-25 14:44:57,248 INFO  [PositionJdbcImpl] pf_base currency pf_id=671 currency = USD
2014-09-25 14:44:57,251 INFO  [PositionJdbcImpl] Unsettled AC: pf=671 AC=3.297672271112045E8 pf_count = 223
2014-09-25 14:44:57,252 INFO  [PositionJdbcImpl] pf_base currency pf_id=5039 currency = BRL
2014-09-25 14:44:57,257 INFO  [PositionJdbcImpl] Unsettled AC: pf=5039 AC=2187934.039597802 pf_count = 224
2014-09-25 14:44:57,257 INFO  [PositionJdbcImpl] pf_base currency pf_id=5033 currency = BRL
2014-09-25 14:44:57,258 INFO  [PositionJdbcImpl] Unsettled AC: pf=5033 AC=0.0 pf_count = 225
2014-09-25 14:44:57,258 INFO  [PositionJdbcImpl] pf_base currency pf_id=5034 currency = BRL
2014-09-25 14:44:57,259 INFO  [PositionJdbcImpl] Unsettled AC: pf=5034 AC=0.0 pf_count = 226
2014-09-25 14:44:57,259 INFO  [PositionJdbcImpl] pf_base currency pf_id=5035 currency = BRL
2014-09-25 14:44:57,260 INFO  [PositionJdbcImpl] Unsettled AC: pf=5035 AC=0.0 pf_count = 227
2014-09-25 14:44:57,261 INFO  [PositionJdbcImpl] pf_base currency pf_id=5029 currency = BRL
2014-09-25 14:44:57,264 INFO  [PositionJdbcImpl] Unsettled AC: pf=5029 AC=10453.004981766353 pf_count = 228
2014-09-25 14:44:57,264 INFO  [PositionJdbcImpl] pf_base currency pf_id=662 currency = USD
2014-09-25 14:44:57,264 INFO  [PositionJdbcImpl] Unsettled AC: pf=662 AC=0.0 pf_count = 229
2014-09-25 14:44:57,265 INFO  [PositionJdbcImpl] pf_base currency pf_id=5030 currency = BRL
2014-09-25 14:44:57,265 INFO  [PositionJdbcImpl] Unsettled AC: pf=5030 AC=0.0 pf_count = 230
2014-09-25 14:44:57,266 INFO  [PositionJdbcImpl] pf_base currency pf_id=5031 currency = BRL
2014-09-25 14:44:57,266 INFO  [PositionJdbcImpl] Unsettled AC: pf=5031 AC=0.0 pf_count = 231
2014-09-25 14:44:57,267 INFO  [PositionJdbcImpl] pf_base currency pf_id=656 currency = USD
2014-09-25 14:44:57,268 INFO  [PositionJdbcImpl] Unsettled AC: pf=656 AC=430944.91490466706 pf_count = 232
2014-09-25 14:44:57,269 INFO  [PositionJdbcImpl] pf_base currency pf_id=5025 currency = BRL
2014-09-25 14:44:57,269 INFO  [PositionJdbcImpl] Unsettled AC: pf=5025 AC=-213.3267129677697 pf_count = 233
2014-09-25 14:44:57,270 INFO  [PositionJdbcImpl] pf_base currency pf_id=5027 currency = BRL
2014-09-25 14:44:57,270 INFO  [PositionJdbcImpl] Unsettled AC: pf=5027 AC=10.10468234634584 pf_count = 234
2014-09-25 14:44:57,271 INFO  [PositionJdbcImpl] pf_base currency pf_id=5083 currency = GBP
2014-09-25 14:44:57,271 INFO  [PositionJdbcImpl] Unsettled AC: pf=5083 AC=4.0745362639427185E-10 pf_count = 235
2014-09-25 14:44:57,271 INFO  [PositionJdbcImpl] pf_base currency pf_id=751 currency = USD
2014-09-25 14:44:57,272 INFO  [PositionJdbcImpl] Unsettled AC: pf=751 AC=6645625.190318254 pf_count = 236
2014-09-25 14:44:57,273 INFO  [PositionJdbcImpl] pf_base currency pf_id=5084 currency = GBP
2014-09-25 14:44:57,273 INFO  [PositionJdbcImpl] Unsettled AC: pf=5084 AC=0.0 pf_count = 237
2014-09-25 14:44:57,274 INFO  [PositionJdbcImpl] pf_base currency pf_id=5075 currency = BRL
2014-09-25 14:44:57,274 INFO  [PositionJdbcImpl] Unsettled AC: pf=5075 AC=0.0 pf_count = 238
2014-09-25 14:44:57,275 INFO  [PositionJdbcImpl] pf_base currency pf_id=737 currency = USD
2014-09-25 14:44:57,276 INFO  [PositionJdbcImpl] Unsettled AC: pf=737 AC=284063.3557979994 pf_count = 239
2014-09-25 14:44:57,276 INFO  [PositionJdbcImpl] pf_base currency pf_id=5073 currency = BRL
2014-09-25 14:44:57,277 INFO  [PositionJdbcImpl] Unsettled AC: pf=5073 AC=0.0 pf_count = 240
2014-09-25 14:44:57,278 INFO  [PositionJdbcImpl] pf_base currency pf_id=5079 currency = BRL
2014-09-25 14:44:57,279 INFO  [PositionJdbcImpl] Unsettled AC: pf=5079 AC=0.0 pf_count = 241
2014-09-25 14:44:57,280 INFO  [PositionJdbcImpl] pf_base currency pf_id=5078 currency = BRL
2014-09-25 14:44:57,280 INFO  [PositionJdbcImpl] Unsettled AC: pf=5078 AC=-10.984109410709607 pf_count = 242
2014-09-25 14:44:57,281 INFO  [PositionJdbcImpl] pf_base currency pf_id=5077 currency = BRL
2014-09-25 14:44:57,281 INFO  [PositionJdbcImpl] Unsettled AC: pf=5077 AC=-7.845792436221473 pf_count = 243
2014-09-25 14:44:57,282 INFO  [PositionJdbcImpl] pf_base currency pf_id=5076 currency = BRL
2014-09-25 14:44:57,282 INFO  [PositionJdbcImpl] Unsettled AC: pf=5076 AC=0.0 pf_count = 244
2014-09-25 14:44:57,283 INFO  [PositionJdbcImpl] pf_base currency pf_id=5066 currency = BRL
2014-09-25 14:44:57,287 INFO  [PositionJdbcImpl] Unsettled AC: pf=5066 AC=12926.324997750597 pf_count = 245
2014-09-25 14:44:57,288 INFO  [PositionJdbcImpl] pf_base currency pf_id=5067 currency = BRL
2014-09-25 14:44:57,288 INFO  [PositionJdbcImpl] Unsettled AC: pf=5067 AC=-15108.945786254793 pf_count = 246
2014-09-25 14:44:57,289 INFO  [PositionJdbcImpl] pf_base currency pf_id=5064 currency = BRL
2014-09-25 14:44:57,289 INFO  [PositionJdbcImpl] Unsettled AC: pf=5064 AC=-3781.7244454296797 pf_count = 247
2014-09-25 14:44:57,290 INFO  [PositionJdbcImpl] pf_base currency pf_id=5065 currency = BRL
2014-09-25 14:44:57,290 INFO  [PositionJdbcImpl] Unsettled AC: pf=5065 AC=0.0 pf_count = 248
2014-09-25 14:44:57,292 INFO  [PositionJdbcImpl] pf_base currency pf_id=5070 currency = BRL
2014-09-25 14:44:57,292 INFO  [PositionJdbcImpl] Unsettled AC: pf=5070 AC=0.0 pf_count = 249
2014-09-25 14:44:57,293 INFO  [PositionJdbcImpl] pf_base currency pf_id=5071 currency = BRL
2014-09-25 14:44:57,293 INFO  [PositionJdbcImpl] Unsettled AC: pf=5071 AC=0.0 pf_count = 250
2014-09-25 14:44:57,294 INFO  [PositionJdbcImpl] pf_base currency pf_id=5068 currency = BRL
2014-09-25 14:44:57,295 INFO  [PositionJdbcImpl] Unsettled AC: pf=5068 AC=-25579.35109360423 pf_count = 251
2014-09-25 14:44:57,295 INFO  [PositionJdbcImpl] pf_base currency pf_id=5056 currency = BRL
2014-09-25 14:44:57,295 INFO  [PositionJdbcImpl] Unsettled AC: pf=5056 AC=0.0 pf_count = 252
2014-09-25 14:44:57,296 INFO  [PositionJdbcImpl] pf_base currency pf_id=5057 currency = BRL
2014-09-25 14:44:57,296 INFO  [PositionJdbcImpl] Unsettled AC: pf=5057 AC=0.0 pf_count = 253
2014-09-25 14:44:57,297 INFO  [PositionJdbcImpl] pf_base currency pf_id=5062 currency = BRL
2014-09-25 14:44:57,297 INFO  [PositionJdbcImpl] Unsettled AC: pf=5062 AC=0.0 pf_count = 254
2014-09-25 14:44:57,298 INFO  [PositionJdbcImpl] pf_base currency pf_id=5063 currency = BRL
2014-09-25 14:44:57,299 INFO  [PositionJdbcImpl] Unsettled AC: pf=5063 AC=-114815.86508630551 pf_count = 255
2014-09-25 14:44:57,299 INFO  [PositionJdbcImpl] pf_base currency pf_id=756 currency = USD
2014-09-25 14:44:57,300 INFO  [PositionJdbcImpl] Unsettled AC: pf=756 AC=0.0 pf_count = 256
2014-09-25 14:44:57,300 INFO  [PositionJdbcImpl] pf_base currency pf_id=5060 currency = BRL
2014-09-25 14:44:57,301 INFO  [PositionJdbcImpl] Unsettled AC: pf=5060 AC=-19552.903869249236 pf_count = 257
2014-09-25 14:44:57,301 INFO  [PositionJdbcImpl] pf_base currency pf_id=5061 currency = BRL
2014-09-25 14:44:57,302 INFO  [PositionJdbcImpl] Unsettled AC: pf=5061 AC=-10790.967345610967 pf_count = 258
2014-09-25 14:44:57,303 INFO  [PositionJdbcImpl] pf_base currency pf_id=705 currency = USD
2014-09-25 14:44:57,304 INFO  [PositionJdbcImpl] Unsettled AC: pf=705 AC=1.6386386518358216E7 pf_count = 259
2014-09-25 14:44:57,305 INFO  [PositionJdbcImpl] pf_base currency pf_id=707 currency = USD
2014-09-25 14:44:57,306 INFO  [PositionJdbcImpl] Unsettled AC: pf=707 AC=2.757712030511088E7 pf_count = 260
2014-09-25 14:44:57,306 INFO  [PositionJdbcImpl] pf_base currency pf_id=706 currency = USD
2014-09-25 14:44:57,307 INFO  [PositionJdbcImpl] Unsettled AC: pf=706 AC=1.396932760249011E8 pf_count = 261
2014-09-25 14:44:57,308 INFO  [PositionJdbcImpl] pf_base currency pf_id=710 currency = USD
2014-09-25 14:44:57,309 INFO  [PositionJdbcImpl] Unsettled AC: pf=710 AC=4174316.13 pf_count = 262
2014-09-25 14:44:57,310 INFO  [PositionJdbcImpl] pf_base currency pf_id=5088 currency = USD
2014-09-25 14:44:57,310 INFO  [PositionJdbcImpl] Unsettled AC: pf=5088 AC=0.0 pf_count = 263
2014-09-25 14:44:57,311 INFO  [PositionJdbcImpl] pf_base currency pf_id=4612 currency = USD
2014-09-25 14:44:57,311 INFO  [PositionJdbcImpl] Unsettled AC: pf=4612 AC=0.0 pf_count = 264
2014-09-25 14:44:57,312 INFO  [PositionJdbcImpl] pf_base currency pf_id=4609 currency = USD
2014-09-25 14:44:57,312 INFO  [PositionJdbcImpl] Unsettled AC: pf=4609 AC=0.0 pf_count = 265
2014-09-25 14:44:57,313 INFO  [PositionJdbcImpl] pf_base currency pf_id=817 currency = USD
2014-09-25 14:44:57,313 INFO  [PositionJdbcImpl] Unsettled AC: pf=817 AC=0.0 pf_count = 266
2014-09-25 14:44:57,313 INFO  [PositionJdbcImpl] pf_base currency pf_id=4611 currency = USD
2014-09-25 14:44:57,314 INFO  [PositionJdbcImpl] Unsettled AC: pf=4611 AC=1.408139585038204E8 pf_count = 267
2014-09-25 14:44:57,315 INFO  [PositionJdbcImpl] pf_base currency pf_id=4623 currency = USD
2014-09-25 14:44:57,315 INFO  [PositionJdbcImpl] Unsettled AC: pf=4623 AC=0.0 pf_count = 268
2014-09-25 14:44:57,315 INFO  [PositionJdbcImpl] pf_base currency pf_id=4616 currency = USD
2014-09-25 14:44:57,316 INFO  [PositionJdbcImpl] Unsettled AC: pf=4616 AC=1.2409681253703505E7 pf_count = 269
2014-09-25 14:44:57,316 INFO  [PositionJdbcImpl] pf_base currency pf_id=803 currency = USD
2014-09-25 14:44:57,316 INFO  [PositionJdbcImpl] Unsettled AC: pf=803 AC=0.0 pf_count = 270
2014-09-25 14:44:57,317 INFO  [PositionJdbcImpl] pf_base currency pf_id=4633 currency = USD
2014-09-25 14:44:57,317 INFO  [PositionJdbcImpl] Unsettled AC: pf=4633 AC=0.0 pf_count = 271
2014-09-25 14:44:57,318 INFO  [PositionJdbcImpl] pf_base currency pf_id=809 currency = USD
2014-09-25 14:44:57,320 INFO  [PositionJdbcImpl] Unsettled AC: pf=809 AC=1.5672086916614825E8 pf_count = 272
2014-09-25 14:44:57,321 INFO  [PositionJdbcImpl] pf_base currency pf_id=4634 currency = USD
2014-09-25 14:44:57,321 INFO  [PositionJdbcImpl] Unsettled AC: pf=4634 AC=0.0 pf_count = 273
2014-09-25 14:44:57,322 INFO  [PositionJdbcImpl] pf_base currency pf_id=784 currency = USD
2014-09-25 14:44:57,324 INFO  [PositionJdbcImpl] Unsettled AC: pf=784 AC=2.5227113788371325E7 pf_count = 274
2014-09-25 14:44:57,324 INFO  [PositionJdbcImpl] pf_base currency pf_id=4654 currency = USD
2014-09-25 14:44:57,327 INFO  [PositionJdbcImpl] Unsettled AC: pf=4654 AC=3.173336510747074E8 pf_count = 275
2014-09-25 14:44:57,328 INFO  [PositionJdbcImpl] pf_base currency pf_id=4652 currency = USD
2014-09-25 14:44:57,328 INFO  [PositionJdbcImpl] Unsettled AC: pf=4652 AC=0.0 pf_count = 276
2014-09-25 14:44:57,329 INFO  [PositionJdbcImpl] pf_base currency pf_id=4651 currency = USD
2014-09-25 14:44:57,329 INFO  [PositionJdbcImpl] Unsettled AC: pf=4651 AC=0.0 pf_count = 277
2014-09-25 14:44:57,330 INFO  [PositionJdbcImpl] pf_base currency pf_id=775 currency = USD
2014-09-25 14:44:57,331 INFO  [PositionJdbcImpl] Unsettled AC: pf=775 AC=2275815.63 pf_count = 278
2014-09-25 14:44:57,331 INFO  [PositionJdbcImpl] pf_base currency pf_id=4660 currency = USD
2014-09-25 14:44:57,333 INFO  [PositionJdbcImpl] Unsettled AC: pf=4660 AC=7068941.186799999 pf_count = 279
2014-09-25 14:44:57,333 INFO  [PositionJdbcImpl] pf_base currency pf_id=4657 currency = USD
2014-09-25 14:44:57,333 INFO  [PositionJdbcImpl] Unsettled AC: pf=4657 AC=0.0 pf_count = 280
2014-09-25 14:44:57,334 INFO  [PositionJdbcImpl] pf_base currency pf_id=782 currency = USD
2014-09-25 14:44:57,335 INFO  [PositionJdbcImpl] Unsettled AC: pf=782 AC=61197.659999999916 pf_count = 281
175.624: [GC 175.625: [ParNew: 38336K->3187K(38336K), 0.0090210 secs] 539128K->505470K(1065664K), 0.0090970 secs] [Times: user=0.02 sys=0.00, real=0.01 secs] 
2014-09-25 14:44:57,346 INFO  [PositionJdbcImpl] pf_base currency pf_id=4671 currency = USD
2014-09-25 14:44:57,347 INFO  [PositionJdbcImpl] Unsettled AC: pf=4671 AC=231135.44999999998 pf_count = 282
2014-09-25 14:44:57,348 INFO  [PositionJdbcImpl] pf_base currency pf_id=4669 currency = USD
2014-09-25 14:44:57,348 INFO  [PositionJdbcImpl] Unsettled AC: pf=4669 AC=0.0 pf_count = 283
2014-09-25 14:44:57,349 INFO  [PositionJdbcImpl] pf_base currency pf_id=4666 currency = USD
2014-09-25 14:44:57,351 INFO  [PositionJdbcImpl] Unsettled AC: pf=4666 AC=1.0947539950840555E7 pf_count = 284
2014-09-25 14:44:57,351 INFO  [PositionJdbcImpl] pf_base currency pf_id=778 currency = USD
2014-09-25 14:44:57,352 INFO  [PositionJdbcImpl] Unsettled AC: pf=778 AC=120063.01947566657 pf_count = 285
2014-09-25 14:44:57,353 INFO  [PositionJdbcImpl] pf_base currency pf_id=4664 currency = USD
2014-09-25 14:44:57,353 INFO  [PositionJdbcImpl] Unsettled AC: pf=4664 AC=3.1716648054999995E8 pf_count = 286
2014-09-25 14:44:57,354 INFO  [PositionJdbcImpl] pf_base currency pf_id=4665 currency = USD
2014-09-25 14:44:57,355 INFO  [PositionJdbcImpl] Unsettled AC: pf=4665 AC=1.4767787345588398E8 pf_count = 287
2014-09-25 14:44:57,356 INFO  [PositionJdbcImpl] pf_base currency pf_id=884 currency = USD
2014-09-25 14:44:57,356 INFO  [PositionJdbcImpl] Unsettled AC: pf=884 AC=0.0 pf_count = 288
2014-09-25 14:44:57,362 INFO  [PositionJdbcImpl] pf_base currency pf_id=4678 currency = USD
2014-09-25 14:44:57,363 INFO  [PositionJdbcImpl] Unsettled AC: pf=4678 AC=10199.61 pf_count = 289
2014-09-25 14:44:57,364 INFO  [PositionJdbcImpl] pf_base currency pf_id=4681 currency = USD
2014-09-25 14:44:57,364 INFO  [PositionJdbcImpl] Unsettled AC: pf=4681 AC=679660.3985546875 pf_count = 290
2014-09-25 14:44:57,365 INFO  [PositionJdbcImpl] pf_base currency pf_id=4686 currency = USD
2014-09-25 14:44:57,366 INFO  [PositionJdbcImpl] Unsettled AC: pf=4686 AC=437262.13917255367 pf_count = 291
2014-09-25 14:44:57,367 INFO  [PositionJdbcImpl] pf_base currency pf_id=4691 currency = USD
2014-09-25 14:44:57,368 INFO  [PositionJdbcImpl] Unsettled AC: pf=4691 AC=29302.5 pf_count = 292
2014-09-25 14:44:57,369 INFO  [PositionJdbcImpl] pf_base currency pf_id=867 currency = USD
2014-09-25 14:44:57,369 INFO  [PositionJdbcImpl] Unsettled AC: pf=867 AC=0.0 pf_count = 293
2014-09-25 14:44:57,370 INFO  [PositionJdbcImpl] pf_base currency pf_id=851 currency = USD
2014-09-25 14:44:57,371 INFO  [PositionJdbcImpl] Unsettled AC: pf=851 AC=1281905.44 pf_count = 294
2014-09-25 14:44:57,372 INFO  [PositionJdbcImpl] pf_base currency pf_id=4709 currency = USD
2014-09-25 14:44:57,374 INFO  [PositionJdbcImpl] Unsettled AC: pf=4709 AC=5.606567522235658E7 pf_count = 295
2014-09-25 14:44:57,374 INFO  [PositionJdbcImpl] pf_base currency pf_id=857 currency = USD
2014-09-25 14:44:57,376 INFO  [PositionJdbcImpl] Unsettled AC: pf=857 AC=3168043.7189445524 pf_count = 296
2014-09-25 14:44:57,377 INFO  [PositionJdbcImpl] pf_base currency pf_id=4717 currency = USD
2014-09-25 14:44:57,377 INFO  [PositionJdbcImpl] Unsettled AC: pf=4717 AC=0.0 pf_count = 297
2014-09-25 14:44:57,378 INFO  [PositionJdbcImpl] pf_base currency pf_id=4716 currency = USD
2014-09-25 14:44:57,378 INFO  [PositionJdbcImpl] Unsettled AC: pf=4716 AC=5097979.75 pf_count = 298
2014-09-25 14:44:57,379 INFO  [PositionJdbcImpl] pf_base currency pf_id=4722 currency = USD
2014-09-25 14:44:57,379 INFO  [PositionJdbcImpl] Unsettled AC: pf=4722 AC=0.0 pf_count = 299
2014-09-25 14:44:57,380 INFO  [PositionJdbcImpl] pf_base currency pf_id=4735 currency = USD
2014-09-25 14:44:57,382 INFO  [PositionJdbcImpl] Unsettled AC: pf=4735 AC=8708957.361440556 pf_count = 300
2014-09-25 14:44:57,382 INFO  [PositionJdbcImpl] pf_base currency pf_id=953 currency = USD
2014-09-25 14:44:57,382 INFO  [PositionJdbcImpl] Unsettled AC: pf=953 AC=0.0 pf_count = 301
2014-09-25 14:44:57,383 INFO  [PositionJdbcImpl] pf_base currency pf_id=946 currency = USD
2014-09-25 14:44:57,384 INFO  [PositionJdbcImpl] Unsettled AC: pf=946 AC=4143118.55 pf_count = 302
2014-09-25 14:44:57,385 INFO  [PositionJdbcImpl] pf_base currency pf_id=4765 currency = EUR
2014-09-25 14:44:57,385 INFO  [PositionJdbcImpl] Unsettled AC: pf=4765 AC=-149692.5604291777 pf_count = 303
2014-09-25 14:44:57,386 INFO  [PositionJdbcImpl] pf_base currency pf_id=4764 currency = USD
2014-09-25 14:44:57,387 INFO  [PositionJdbcImpl] Unsettled AC: pf=4764 AC=2.14037983788E7 pf_count = 304
2014-09-25 14:44:57,388 INFO  [PositionJdbcImpl] pf_base currency pf_id=4761 currency = USD
2014-09-25 14:44:57,389 INFO  [PositionJdbcImpl] Unsettled AC: pf=4761 AC=30598.83 pf_count = 305
2014-09-25 14:44:57,392 INFO  [PositionJdbcImpl] pf_base currency pf_id=4760 currency = USD
2014-09-25 14:44:57,392 INFO  [PositionJdbcImpl] Unsettled AC: pf=4760 AC=0.0 pf_count = 306
2014-09-25 14:44:57,393 INFO  [PositionJdbcImpl] pf_base currency pf_id=4763 currency = EUR
2014-09-25 14:44:57,393 INFO  [PositionJdbcImpl] Unsettled AC: pf=4763 AC=-18267.99886858441 pf_count = 307
2014-09-25 14:44:57,394 INFO  [PositionJdbcImpl] pf_base currency pf_id=4759 currency = USD
2014-09-25 14:44:57,394 INFO  [PositionJdbcImpl] Unsettled AC: pf=4759 AC=0.0 pf_count = 308
2014-09-25 14:44:57,395 INFO  [PositionJdbcImpl] pf_base currency pf_id=4758 currency = USD
2014-09-25 14:44:57,395 INFO  [PositionJdbcImpl] Unsettled AC: pf=4758 AC=0.0 pf_count = 309
2014-09-25 14:44:57,396 INFO  [PositionJdbcImpl] pf_base currency pf_id=4754 currency = USD
2014-09-25 14:44:57,396 INFO  [PositionJdbcImpl] Unsettled AC: pf=4754 AC=0.0 pf_count = 310
2014-09-25 14:44:57,397 INFO  [PositionJdbcImpl] pf_base currency pf_id=4782 currency = USD
2014-09-25 14:44:57,397 INFO  [PositionJdbcImpl] Unsettled AC: pf=4782 AC=0.0 pf_count = 311
2014-09-25 14:44:57,398 INFO  [PositionJdbcImpl] pf_base currency pf_id=4783 currency = USD
2014-09-25 14:44:57,398 INFO  [PositionJdbcImpl] Unsettled AC: pf=4783 AC=0.0 pf_count = 312
2014-09-25 14:44:57,399 INFO  [PositionJdbcImpl] pf_base currency pf_id=923 currency = USD
2014-09-25 14:44:57,400 INFO  [PositionJdbcImpl] Unsettled AC: pf=923 AC=1.598411199404855E7 pf_count = 313
2014-09-25 14:44:57,401 INFO  [PositionJdbcImpl] pf_base currency pf_id=4777 currency = USD
2014-09-25 14:44:57,402 INFO  [PositionJdbcImpl] Unsettled AC: pf=4777 AC=0.0 pf_count = 314
2014-09-25 14:44:57,403 INFO  [PositionJdbcImpl] pf_base currency pf_id=4774 currency = EUR
2014-09-25 14:44:57,403 INFO  [PositionJdbcImpl] Unsettled AC: pf=4774 AC=0.0 pf_count = 315
2014-09-25 14:44:57,404 INFO  [PositionJdbcImpl] pf_base currency pf_id=4773 currency = USD
2014-09-25 14:44:57,404 INFO  [PositionJdbcImpl] Unsettled AC: pf=4773 AC=0.0 pf_count = 316
2014-09-25 14:44:57,405 INFO  [PositionJdbcImpl] pf_base currency pf_id=915 currency = USD
2014-09-25 14:44:57,406 INFO  [PositionJdbcImpl] Unsettled AC: pf=915 AC=1.0725688345999999E7 pf_count = 317
2014-09-25 14:44:57,407 INFO  [PositionJdbcImpl] pf_base currency pf_id=912 currency = USD
2014-09-25 14:44:57,409 INFO  [PositionJdbcImpl] Unsettled AC: pf=912 AC=490608.13749999995 pf_count = 318
2014-09-25 14:44:57,410 INFO  [PositionJdbcImpl] pf_base currency pf_id=4769 currency = USD
2014-09-25 14:44:57,410 INFO  [PositionJdbcImpl] Unsettled AC: pf=4769 AC=-1.30385160446167E-8 pf_count = 319
2014-09-25 14:44:57,410 INFO  [PositionJdbcImpl] pf_base currency pf_id=913 currency = USD
2014-09-25 14:44:57,412 INFO  [PositionJdbcImpl] Unsettled AC: pf=913 AC=8569697.564222999 pf_count = 320
2014-09-25 14:44:57,412 INFO  [PositionJdbcImpl] pf_base currency pf_id=4799 currency = USD
2014-09-25 14:44:57,412 INFO  [PositionJdbcImpl] Unsettled AC: pf=4799 AC=0.0 pf_count = 321
2014-09-25 14:44:57,413 INFO  [PositionJdbcImpl] pf_base currency pf_id=911 currency = USD
2014-09-25 14:44:57,415 INFO  [PositionJdbcImpl] Unsettled AC: pf=911 AC=7.504491485112482E7 pf_count = 322
2014-09-25 14:44:57,416 INFO  [PositionJdbcImpl] pf_base currency pf_id=4795 currency = GBP
2014-09-25 14:44:57,417 INFO  [PositionJdbcImpl] Unsettled AC: pf=4795 AC=8701.149802882428 pf_count = 323
2014-09-25 14:44:57,418 INFO  [PositionJdbcImpl] pf_base currency pf_id=4794 currency = USD
2014-09-25 14:44:57,418 INFO  [PositionJdbcImpl] Unsettled AC: pf=4794 AC=0.0 pf_count = 324
2014-09-25 14:44:57,419 INFO  [PositionJdbcImpl] pf_base currency pf_id=4789 currency = USD
2014-09-25 14:44:57,420 INFO  [PositionJdbcImpl] Unsettled AC: pf=4789 AC=5.223238121750002E7 pf_count = 325
2014-09-25 14:44:57,421 INFO  [PositionJdbcImpl] pf_base currency pf_id=4787 currency = USD
2014-09-25 14:44:57,422 INFO  [PositionJdbcImpl] Unsettled AC: pf=4787 AC=691828.3245238096 pf_count = 326
2014-09-25 14:44:57,423 INFO  [PositionJdbcImpl] pf_base currency pf_id=4808 currency = USD
2014-09-25 14:44:57,423 INFO  [PositionJdbcImpl] Unsettled AC: pf=4808 AC=0.0 pf_count = 327
2014-09-25 14:44:57,424 INFO  [PositionJdbcImpl] pf_base currency pf_id=4809 currency = USD
2014-09-25 14:44:57,424 INFO  [PositionJdbcImpl] Unsettled AC: pf=4809 AC=0.0 pf_count = 328
2014-09-25 14:44:57,425 INFO  [PositionJdbcImpl] pf_base currency pf_id=4810 currency = USD
2014-09-25 14:44:57,425 INFO  [PositionJdbcImpl] Unsettled AC: pf=4810 AC=0.0 pf_count = 329
2014-09-25 14:44:57,426 INFO  [PositionJdbcImpl] pf_base currency pf_id=4811 currency = USD
2014-09-25 14:44:57,426 INFO  [PositionJdbcImpl] Unsettled AC: pf=4811 AC=0.0 pf_count = 330
2014-09-25 14:44:57,427 INFO  [PositionJdbcImpl] pf_base currency pf_id=4812 currency = USD
2014-09-25 14:44:57,427 INFO  [PositionJdbcImpl] Unsettled AC: pf=4812 AC=0.0 pf_count = 331
2014-09-25 14:44:57,428 INFO  [PositionJdbcImpl] pf_base currency pf_id=4813 currency = USD
2014-09-25 14:44:57,428 INFO  [PositionJdbcImpl] Unsettled AC: pf=4813 AC=0.0 pf_count = 332
2014-09-25 14:44:57,429 INFO  [PositionJdbcImpl] pf_base currency pf_id=4814 currency = USD
2014-09-25 14:44:57,429 INFO  [PositionJdbcImpl] Unsettled AC: pf=4814 AC=0.0 pf_count = 333
2014-09-25 14:44:57,430 INFO  [PositionJdbcImpl] pf_base currency pf_id=4815 currency = USD
2014-09-25 14:44:57,430 INFO  [PositionJdbcImpl] Unsettled AC: pf=4815 AC=0.0 pf_count = 334
2014-09-25 14:44:57,431 INFO  [PositionJdbcImpl] pf_base currency pf_id=4801 currency = USD
2014-09-25 14:44:57,431 INFO  [PositionJdbcImpl] Unsettled AC: pf=4801 AC=-317014.72 pf_count = 335
2014-09-25 14:44:57,432 INFO  [PositionJdbcImpl] pf_base currency pf_id=4804 currency = USD
2014-09-25 14:44:57,432 INFO  [PositionJdbcImpl] Unsettled AC: pf=4804 AC=0.0 pf_count = 336
2014-09-25 14:44:57,433 INFO  [PositionJdbcImpl] pf_base currency pf_id=4805 currency = USD
2014-09-25 14:44:57,433 INFO  [PositionJdbcImpl] Unsettled AC: pf=4805 AC=0.0 pf_count = 337
2014-09-25 14:44:57,434 INFO  [PositionJdbcImpl] pf_base currency pf_id=4807 currency = USD
2014-09-25 14:44:57,434 INFO  [PositionJdbcImpl] Unsettled AC: pf=4807 AC=0.0 pf_count = 338
2014-09-25 14:44:57,435 INFO  [PositionJdbcImpl] pf_base currency pf_id=4827 currency = USD
2014-09-25 14:44:57,435 INFO  [PositionJdbcImpl] Unsettled AC: pf=4827 AC=-7.450580596923828E-9 pf_count = 339
2014-09-25 14:44:57,436 INFO  [PositionJdbcImpl] pf_base currency pf_id=4828 currency = GBP
2014-09-25 14:44:57,438 INFO  [PositionJdbcImpl] Unsettled AC: pf=4828 AC=2.1661076110411823E7 pf_count = 340
2014-09-25 14:44:57,439 INFO  [PositionJdbcImpl] pf_base currency pf_id=1004 currency = USD
2014-09-25 14:44:57,439 INFO  [PositionJdbcImpl] Unsettled AC: pf=1004 AC=207629.84311862034 pf_count = 341
2014-09-25 14:44:57,439 INFO  [PositionJdbcImpl] pf_base currency pf_id=4817 currency = USD
2014-09-25 14:44:57,439 INFO  [PositionJdbcImpl] Unsettled AC: pf=4817 AC=0.0 pf_count = 342
2014-09-25 14:44:57,440 INFO  [PositionJdbcImpl] pf_base currency pf_id=4816 currency = USD
2014-09-25 14:44:57,441 INFO  [PositionJdbcImpl] Unsettled AC: pf=4816 AC=994140.0 pf_count = 343
2014-09-25 14:44:57,442 INFO  [PositionJdbcImpl] pf_base currency pf_id=4819 currency = USD
2014-09-25 14:44:57,442 INFO  [PositionJdbcImpl] Unsettled AC: pf=4819 AC=0.0 pf_count = 344
2014-09-25 14:44:57,443 INFO  [PositionJdbcImpl] pf_base currency pf_id=4818 currency = USD
2014-09-25 14:44:57,443 INFO  [PositionJdbcImpl] Unsettled AC: pf=4818 AC=0.0 pf_count = 345
2014-09-25 14:44:57,443 INFO  [PositionJdbcImpl] pf_base currency pf_id=4820 currency = USD
2014-09-25 14:44:57,443 INFO  [PositionJdbcImpl] Unsettled AC: pf=4820 AC=0.0 pf_count = 346
2014-09-25 14:44:57,444 INFO  [PositionJdbcImpl] pf_base currency pf_id=999 currency = USD
2014-09-25 14:44:57,446 INFO  [PositionJdbcImpl] Unsettled AC: pf=999 AC=3.77478606E7 pf_count = 347
2014-09-25 14:44:57,447 INFO  [PositionJdbcImpl] pf_base currency pf_id=4822 currency = USD
2014-09-25 14:44:57,447 INFO  [PositionJdbcImpl] Unsettled AC: pf=4822 AC=0.0 pf_count = 348
2014-09-25 14:44:57,448 INFO  [PositionJdbcImpl] pf_base currency pf_id=984 currency = USD
2014-09-25 14:44:57,453 INFO  [PositionJdbcImpl] Unsettled AC: pf=984 AC=8.961276811263335E8 pf_count = 349
2014-09-25 14:44:57,454 INFO  [PositionJdbcImpl] pf_base currency pf_id=4845 currency = USD
2014-09-25 14:44:57,454 INFO  [PositionJdbcImpl] Unsettled AC: pf=4845 AC=170643.966453125 pf_count = 350
2014-09-25 14:44:57,455 INFO  [PositionJdbcImpl] pf_base currency pf_id=982 currency = USD
2014-09-25 14:44:57,457 INFO  [PositionJdbcImpl] Unsettled AC: pf=982 AC=7.070556374859981E7 pf_count = 351
2014-09-25 14:44:57,458 INFO  [PositionJdbcImpl] pf_base currency pf_id=968 currency = USD
2014-09-25 14:44:57,459 INFO  [PositionJdbcImpl] Unsettled AC: pf=968 AC=1423538.3631753325 pf_count = 352
2014-09-25 14:44:57,460 INFO  [PositionJdbcImpl] pf_base currency pf_id=4863 currency = BRL
2014-09-25 14:44:57,460 INFO  [PositionJdbcImpl] Unsettled AC: pf=4863 AC=0.0 pf_count = 353
2014-09-25 14:44:57,461 INFO  [PositionJdbcImpl] pf_base currency pf_id=4862 currency = BRL
2014-09-25 14:44:57,462 INFO  [PositionJdbcImpl] Unsettled AC: pf=4862 AC=-57951.28019073287 pf_count = 354
2014-09-25 14:44:57,462 INFO  [PositionJdbcImpl] pf_base currency pf_id=4861 currency = USD
2014-09-25 14:44:57,463 INFO  [PositionJdbcImpl] Unsettled AC: pf=4861 AC=4306843.026672554 pf_count = 355
2014-09-25 14:44:57,464 INFO  [PositionJdbcImpl] pf_base currency pf_id=4850 currency = GBP
2014-09-25 14:44:57,464 INFO  [PositionJdbcImpl] Unsettled AC: pf=4850 AC=-8891.506498073228 pf_count = 356
2014-09-25 14:44:57,465 INFO  [PositionJdbcImpl] pf_base currency pf_id=4849 currency = USD
2014-09-25 14:44:57,465 INFO  [PositionJdbcImpl] Unsettled AC: pf=4849 AC=0.0 pf_count = 357
2014-09-25 14:44:57,466 INFO  [PositionJdbcImpl] pf_base currency pf_id=4855 currency = USD
2014-09-25 14:44:57,466 INFO  [PositionJdbcImpl] Unsettled AC: pf=4855 AC=0.0 pf_count = 358
2014-09-25 14:44:57,467 INFO  [PositionJdbcImpl] pf_base currency pf_id=4853 currency = USD
2014-09-25 14:44:57,467 INFO  [PositionJdbcImpl] Unsettled AC: pf=4853 AC=641071.5650000001 pf_count = 359
2014-09-25 14:44:57,468 INFO  [PositionJdbcImpl] pf_base currency pf_id=5501 currency = USD
2014-09-25 14:44:57,469 INFO  [PositionJdbcImpl] Unsettled AC: pf=5501 AC=0.0 pf_count = 360
2014-09-25 14:44:57,469 INFO  [PositionJdbcImpl] pf_base currency pf_id=1102 currency = USD
2014-09-25 14:44:57,472 INFO  [PositionJdbcImpl] Unsettled AC: pf=1102 AC=1.7961685309870002E8 pf_count = 361
2014-09-25 14:44:57,473 INFO  [PositionJdbcImpl] pf_base currency pf_id=1092 currency = USD
2014-09-25 14:44:57,473 INFO  [PositionJdbcImpl] Unsettled AC: pf=1092 AC=0.0 pf_count = 362
2014-09-25 14:44:57,474 INFO  [PositionJdbcImpl] pf_base currency pf_id=1093 currency = USD
2014-09-25 14:44:57,475 INFO  [PositionJdbcImpl] Unsettled AC: pf=1093 AC=2.084914491296E7 pf_count = 363
2014-09-25 14:44:57,476 INFO  [PositionJdbcImpl] pf_base currency pf_id=1091 currency = USD
2014-09-25 14:44:57,478 INFO  [PositionJdbcImpl] Unsettled AC: pf=1091 AC=9.945357571920858E7 pf_count = 364
2014-09-25 14:44:57,479 INFO  [PositionJdbcImpl] pf_base currency pf_id=5487 currency = JPY
2014-09-25 14:44:57,480 INFO  [PositionJdbcImpl] Unsettled AC: pf=5487 AC=-845664.8100004196 pf_count = 365
2014-09-25 14:44:57,481 INFO  [PositionJdbcImpl] pf_base currency pf_id=1118 currency = USD
2014-09-25 14:44:57,481 INFO  [PositionJdbcImpl] Unsettled AC: pf=1118 AC=8625154.385 pf_count = 366
2014-09-25 14:44:57,482 INFO  [PositionJdbcImpl] pf_base currency pf_id=5486 currency = JPY
2014-09-25 14:44:57,482 INFO  [PositionJdbcImpl] Unsettled AC: pf=5486 AC=0.0 pf_count = 367
2014-09-25 14:44:57,483 INFO  [PositionJdbcImpl] pf_base currency pf_id=1112 currency = USD
2014-09-25 14:44:57,484 INFO  [PositionJdbcImpl] Unsettled AC: pf=1112 AC=3111889.1215391997 pf_count = 368
2014-09-25 14:44:57,485 INFO  [PositionJdbcImpl] pf_base currency pf_id=1115 currency = USD
2014-09-25 14:44:57,486 INFO  [PositionJdbcImpl] Unsettled AC: pf=1115 AC=-973.4408143387918 pf_count = 369
2014-09-25 14:44:57,487 INFO  [PositionJdbcImpl] pf_base currency pf_id=1131 currency = USD
2014-09-25 14:44:57,487 INFO  [PositionJdbcImpl] Unsettled AC: pf=1131 AC=0.0 pf_count = 370
2014-09-25 14:44:57,488 INFO  [PositionJdbcImpl] pf_base currency pf_id=1124 currency = USD
2014-09-25 14:44:57,489 INFO  [PositionJdbcImpl] Unsettled AC: pf=1124 AC=1.5527902309825125E8 pf_count = 371
2014-09-25 14:44:57,490 INFO  [PositionJdbcImpl] pf_base currency pf_id=1122 currency = USD
2014-09-25 14:44:57,491 INFO  [PositionJdbcImpl] Unsettled AC: pf=1122 AC=61197.66 pf_count = 372
2014-09-25 14:44:57,492 INFO  [PositionJdbcImpl] pf_base currency pf_id=1145 currency = GBP
2014-09-25 14:44:57,492 INFO  [PositionJdbcImpl] Unsettled AC: pf=1145 AC=0.0 pf_count = 373
2014-09-25 14:44:57,493 INFO  [PositionJdbcImpl] pf_base currency pf_id=1035 currency = USD
2014-09-25 14:44:57,494 INFO  [PositionJdbcImpl] Unsettled AC: pf=1035 AC=3.4894337908999985E8 pf_count = 374
2014-09-25 14:44:57,495 INFO  [PositionJdbcImpl] pf_base currency pf_id=1036 currency = USD
2014-09-25 14:44:57,496 INFO  [PositionJdbcImpl] Unsettled AC: pf=1036 AC=1737655.3090570788 pf_count = 375
2014-09-25 14:44:57,497 INFO  [PositionJdbcImpl] pf_base currency pf_id=1038 currency = USD
2014-09-25 14:44:57,497 INFO  [PositionJdbcImpl] Unsettled AC: pf=1038 AC=418387.2 pf_count = 376
2014-09-25 14:44:57,498 INFO  [PositionJdbcImpl] pf_base currency pf_id=1030 currency = USD
2014-09-25 14:44:57,499 INFO  [PositionJdbcImpl] Unsettled AC: pf=1030 AC=1185146.2228799998 pf_count = 377
2014-09-25 14:44:57,500 INFO  [PositionJdbcImpl] pf_base currency pf_id=1051 currency = USD
2014-09-25 14:44:57,500 INFO  [PositionJdbcImpl] Unsettled AC: pf=1051 AC=0.0 pf_count = 378
2014-09-25 14:44:57,501 INFO  [PositionJdbcImpl] pf_base currency pf_id=1083 currency = USD
2014-09-25 14:44:57,501 INFO  [PositionJdbcImpl] Unsettled AC: pf=1083 AC=1.7516560000718367E8 pf_count = 379
2014-09-25 14:44:57,502 INFO  [PositionJdbcImpl] pf_base currency pf_id=1074 currency = USD
2014-09-25 14:44:57,503 INFO  [PositionJdbcImpl] Unsettled AC: pf=1074 AC=20399.22 pf_count = 380
2014-09-25 14:44:57,503 INFO  [PositionJdbcImpl] pf_base currency pf_id=5382 currency = BRL
2014-09-25 14:44:57,504 INFO  [PositionJdbcImpl] Unsettled AC: pf=5382 AC=-345.9583787706215 pf_count = 381
2014-09-25 14:44:57,505 INFO  [PositionJdbcImpl] pf_base currency pf_id=5620 currency = USD
2014-09-25 14:44:57,505 INFO  [PositionJdbcImpl] Unsettled AC: pf=5620 AC=5.820766091346741E-11 pf_count = 382
2014-09-25 14:44:57,506 INFO  [PositionJdbcImpl] pf_base currency pf_id=5622 currency = USD
2014-09-25 14:44:57,506 INFO  [PositionJdbcImpl] Unsettled AC: pf=5622 AC=0.0 pf_count = 383
2014-09-25 14:44:57,507 INFO  [PositionJdbcImpl] pf_base currency pf_id=5617 currency = USD
2014-09-25 14:44:57,508 INFO  [PositionJdbcImpl] Unsettled AC: pf=5617 AC=246257.291425 pf_count = 384
2014-09-25 14:44:57,509 INFO  [PositionJdbcImpl] pf_base currency pf_id=5616 currency = USD
2014-09-25 14:44:57,510 INFO  [PositionJdbcImpl] Unsettled AC: pf=5616 AC=61197.66 pf_count = 385
2014-09-25 14:44:57,511 INFO  [PositionJdbcImpl] pf_base currency pf_id=5619 currency = USD
2014-09-25 14:44:57,511 INFO  [PositionJdbcImpl] Unsettled AC: pf=5619 AC=6430901.728699988 pf_count = 386
2014-09-25 14:44:57,512 INFO  [PositionJdbcImpl] pf_base currency pf_id=5630 currency = AUD
2014-09-25 14:44:57,512 INFO  [PositionJdbcImpl] Unsettled AC: pf=5630 AC=0.0 pf_count = 387
2014-09-25 14:44:57,513 INFO  [PositionJdbcImpl] pf_base currency pf_id=5624 currency = USD
2014-09-25 14:44:57,513 INFO  [PositionJdbcImpl] Unsettled AC: pf=5624 AC=5026702.531224012 pf_count = 388
2014-09-25 14:44:57,514 INFO  [PositionJdbcImpl] pf_base currency pf_id=5627 currency = USD
2014-09-25 14:44:57,515 INFO  [PositionJdbcImpl] Unsettled AC: pf=5627 AC=0.0 pf_count = 389
2014-09-25 14:44:57,516 INFO  [PositionJdbcImpl] pf_base currency pf_id=5626 currency = AUD
2014-09-25 14:44:57,517 INFO  [PositionJdbcImpl] Unsettled AC: pf=5626 AC=872604.2265 pf_count = 390
2014-09-25 14:44:57,518 INFO  [PositionJdbcImpl] pf_base currency pf_id=5605 currency = USD
2014-09-25 14:44:57,519 INFO  [PositionJdbcImpl] Unsettled AC: pf=5605 AC=9.976428653500004E7 pf_count = 391
2014-09-25 14:44:57,519 INFO  [PositionJdbcImpl] pf_base currency pf_id=5606 currency = BRL
2014-09-25 14:44:57,520 INFO  [PositionJdbcImpl] Unsettled AC: pf=5606 AC=0.0 pf_count = 392
2014-09-25 14:44:57,521 INFO  [PositionJdbcImpl] pf_base currency pf_id=5600 currency = BRL
2014-09-25 14:44:57,521 INFO  [PositionJdbcImpl] Unsettled AC: pf=5600 AC=0.0 pf_count = 393
2014-09-25 14:44:57,522 INFO  [PositionJdbcImpl] pf_base currency pf_id=5601 currency = BRL
2014-09-25 14:44:57,522 INFO  [PositionJdbcImpl] Unsettled AC: pf=5601 AC=0.0 pf_count = 394
2014-09-25 14:44:57,523 INFO  [PositionJdbcImpl] pf_base currency pf_id=5603 currency = USD
2014-09-25 14:44:57,524 INFO  [PositionJdbcImpl] Unsettled AC: pf=5603 AC=40798.44 pf_count = 395
2014-09-25 14:44:57,525 INFO  [PositionJdbcImpl] pf_base currency pf_id=5612 currency = BRL
2014-09-25 14:44:57,525 INFO  [PositionJdbcImpl] Unsettled AC: pf=5612 AC=0.0 pf_count = 396
2014-09-25 14:44:57,525 INFO  [PositionJdbcImpl] pf_base currency pf_id=5609 currency = USD
2014-09-25 14:44:57,526 INFO  [PositionJdbcImpl] Unsettled AC: pf=5609 AC=2.4009783776516E7 pf_count = 397
2014-09-25 14:44:57,527 INFO  [PositionJdbcImpl] pf_base currency pf_id=5591 currency = BRL
2014-09-25 14:44:57,527 INFO  [PositionJdbcImpl] Unsettled AC: pf=5591 AC=-127.99602778066037 pf_count = 398
2014-09-25 14:44:57,528 INFO  [PositionJdbcImpl] pf_base currency pf_id=5588 currency = USD
2014-09-25 14:44:57,528 INFO  [PositionJdbcImpl] Unsettled AC: pf=5588 AC=0.0 pf_count = 399
2014-09-25 14:44:57,529 INFO  [PositionJdbcImpl] pf_base currency pf_id=5587 currency = USD
2014-09-25 14:44:57,529 INFO  [PositionJdbcImpl] Unsettled AC: pf=5587 AC=0.0 pf_count = 400
2014-09-25 14:44:57,530 INFO  [PositionJdbcImpl] pf_base currency pf_id=5585 currency = USD
2014-09-25 14:44:57,530 INFO  [PositionJdbcImpl] Unsettled AC: pf=5585 AC=0.0 pf_count = 401
2014-09-25 14:44:57,531 INFO  [PositionJdbcImpl] pf_base currency pf_id=5584 currency = USD
2014-09-25 14:44:57,531 INFO  [PositionJdbcImpl] Unsettled AC: pf=5584 AC=0.0 pf_count = 402
2014-09-25 14:44:57,532 INFO  [PositionJdbcImpl] pf_base currency pf_id=5597 currency = GBP
2014-09-25 14:44:57,532 INFO  [PositionJdbcImpl] Unsettled AC: pf=5597 AC=0.0 pf_count = 403
2014-09-25 14:44:57,533 INFO  [PositionJdbcImpl] pf_base currency pf_id=1260 currency = USD
2014-09-25 14:44:57,534 INFO  [PositionJdbcImpl] Unsettled AC: pf=1260 AC=4291359.130126666 pf_count = 404
2014-09-25 14:44:57,535 INFO  [PositionJdbcImpl] pf_base currency pf_id=5596 currency = EUR
2014-09-25 14:44:57,535 INFO  [PositionJdbcImpl] Unsettled AC: pf=5596 AC=7.275957614183426E-12 pf_count = 405
2014-09-25 14:44:57,536 INFO  [PositionJdbcImpl] pf_base currency pf_id=1270 currency = USD
2014-09-25 14:44:57,536 INFO  [PositionJdbcImpl] Unsettled AC: pf=1270 AC=-343.05000000074506 pf_count = 406
2014-09-25 14:44:57,537 INFO  [PositionJdbcImpl] pf_base currency pf_id=5574 currency = EUR
2014-09-25 14:44:57,537 INFO  [PositionJdbcImpl] Unsettled AC: pf=5574 AC=3.725290298461914E-9 pf_count = 407
2014-09-25 14:44:57,537 INFO  [PositionJdbcImpl] pf_base currency pf_id=5575 currency = GBP
2014-09-25 14:44:57,537 INFO  [PositionJdbcImpl] Unsettled AC: pf=5575 AC=9.313225746154785E-10 pf_count = 408
2014-09-25 14:44:57,538 INFO  [PositionJdbcImpl] pf_base currency pf_id=1268 currency = USD
2014-09-25 14:44:57,538 INFO  [PositionJdbcImpl] Unsettled AC: pf=1268 AC=4230002.7540156245 pf_count = 409
2014-09-25 14:44:57,540 INFO  [PositionJdbcImpl] pf_base currency pf_id=5572 currency = USD
2014-09-25 14:44:57,541 INFO  [PositionJdbcImpl] Unsettled AC: pf=5572 AC=50998.05 pf_count = 410
2014-09-25 14:44:57,542 INFO  [PositionJdbcImpl] pf_base currency pf_id=5573 currency = USD
2014-09-25 14:44:57,542 INFO  [PositionJdbcImpl] Unsettled AC: pf=5573 AC=-179428.00825246098 pf_count = 411
2014-09-25 14:44:57,543 INFO  [PositionJdbcImpl] pf_base currency pf_id=5570 currency = SGD
2014-09-25 14:44:57,543 INFO  [PositionJdbcImpl] Unsettled AC: pf=5570 AC=-8.467359624232813 pf_count = 412
2014-09-25 14:44:57,544 INFO  [PositionJdbcImpl] pf_base currency pf_id=5571 currency = SGD
2014-09-25 14:44:57,544 INFO  [PositionJdbcImpl] Unsettled AC: pf=5571 AC=3559.889589905273 pf_count = 413
2014-09-25 14:44:57,544 INFO  [PositionJdbcImpl] pf_base currency pf_id=1264 currency = USD
2014-09-25 14:44:57,545 INFO  [PositionJdbcImpl] Unsettled AC: pf=1264 AC=0.0 pf_count = 414
2014-09-25 14:44:57,545 INFO  [PositionJdbcImpl] pf_base currency pf_id=1265 currency = USD
2014-09-25 14:44:57,545 INFO  [PositionJdbcImpl] Unsettled AC: pf=1265 AC=0.0 pf_count = 415
2014-09-25 14:44:57,546 INFO  [PositionJdbcImpl] pf_base currency pf_id=5582 currency = USD
2014-09-25 14:44:57,547 INFO  [PositionJdbcImpl] Unsettled AC: pf=5582 AC=0.0 pf_count = 416
2014-09-25 14:44:57,548 INFO  [PositionJdbcImpl] pf_base currency pf_id=5583 currency = BRL
2014-09-25 14:44:57,548 INFO  [PositionJdbcImpl] Unsettled AC: pf=5583 AC=-177439.11923933966 pf_count = 417
2014-09-25 14:44:57,549 INFO  [PositionJdbcImpl] pf_base currency pf_id=1276 currency = USD
2014-09-25 14:44:57,550 INFO  [PositionJdbcImpl] Unsettled AC: pf=1276 AC=0.0 pf_count = 418
2014-09-25 14:44:57,551 INFO  [PositionJdbcImpl] pf_base currency pf_id=1277 currency = USD
2014-09-25 14:44:57,552 INFO  [PositionJdbcImpl] Unsettled AC: pf=1277 AC=3.0254218655E7 pf_count = 419
2014-09-25 14:44:57,553 INFO  [PositionJdbcImpl] pf_base currency pf_id=1274 currency = USD
2014-09-25 14:44:57,553 INFO  [PositionJdbcImpl] Unsettled AC: pf=1274 AC=0.0 pf_count = 420
2014-09-25 14:44:57,554 INFO  [PositionJdbcImpl] pf_base currency pf_id=5579 currency = USD
2014-09-25 14:44:57,554 INFO  [PositionJdbcImpl] Unsettled AC: pf=5579 AC=0.0 pf_count = 421
2014-09-25 14:44:57,555 INFO  [PositionJdbcImpl] pf_base currency pf_id=5576 currency = EUR
2014-09-25 14:44:57,555 INFO  [PositionJdbcImpl] Unsettled AC: pf=5576 AC=-1.1641532182693481E-10 pf_count = 422
2014-09-25 14:44:57,556 INFO  [PositionJdbcImpl] pf_base currency pf_id=1273 currency = USD
2014-09-25 14:44:57,557 INFO  [PositionJdbcImpl] Unsettled AC: pf=1273 AC=7623087.5958360005 pf_count = 423
2014-09-25 14:44:57,558 INFO  [PositionJdbcImpl] pf_base currency pf_id=5577 currency = GBP
2014-09-25 14:44:57,558 INFO  [PositionJdbcImpl] Unsettled AC: pf=5577 AC=-135248.35061493516 pf_count = 424
2014-09-25 14:44:57,559 INFO  [PositionJdbcImpl] pf_base currency pf_id=1165 currency = USD
2014-09-25 14:44:57,561 INFO  [PositionJdbcImpl] Unsettled AC: pf=1165 AC=1.7195107266544554E7 pf_count = 425
2014-09-25 14:44:57,562 INFO  [PositionJdbcImpl] pf_base currency pf_id=5565 currency = TWD
2014-09-25 14:44:57,562 INFO  [PositionJdbcImpl] Unsettled AC: pf=5565 AC=0.0 pf_count = 426
2014-09-25 14:44:57,563 INFO  [PositionJdbcImpl] pf_base currency pf_id=1167 currency = USD
2014-09-25 14:44:57,563 INFO  [PositionJdbcImpl] Unsettled AC: pf=1167 AC=0.0 pf_count = 427
2014-09-25 14:44:57,564 INFO  [PositionJdbcImpl] pf_base currency pf_id=1168 currency = USD
2014-09-25 14:44:57,565 INFO  [PositionJdbcImpl] Unsettled AC: pf=1168 AC=2065505.6422840003 pf_count = 428
2014-09-25 14:44:57,565 INFO  [PositionJdbcImpl] pf_base currency pf_id=5538 currency = AUD
2014-09-25 14:44:57,566 INFO  [PositionJdbcImpl] Unsettled AC: pf=5538 AC=0.0 pf_count = 429
2014-09-25 14:44:57,567 INFO  [PositionJdbcImpl] pf_base currency pf_id=5541 currency = USD
2014-09-25 14:44:57,567 INFO  [PositionJdbcImpl] Unsettled AC: pf=5541 AC=0.0 pf_count = 430
2014-09-25 14:44:57,568 INFO  [PositionJdbcImpl] pf_base currency pf_id=5542 currency = USD
2014-09-25 14:44:57,568 INFO  [PositionJdbcImpl] Unsettled AC: pf=5542 AC=0.0 pf_count = 431
2014-09-25 14:44:57,569 INFO  [PositionJdbcImpl] pf_base currency pf_id=1191 currency = EUR
2014-09-25 14:44:57,570 INFO  [PositionJdbcImpl] Unsettled AC: pf=1191 AC=2582138.3579444317 pf_count = 432
2014-09-25 14:44:57,571 INFO  [PositionJdbcImpl] pf_base currency pf_id=1189 currency = USD
2014-09-25 14:44:57,571 INFO  [PositionJdbcImpl] Unsettled AC: pf=1189 AC=0.0 pf_count = 433
2014-09-25 14:44:57,572 INFO  [PositionJdbcImpl] pf_base currency pf_id=5528 currency = USD
2014-09-25 14:44:57,572 INFO  [PositionJdbcImpl] Unsettled AC: pf=5528 AC=9.313225746154785E-10 pf_count = 434
2014-09-25 14:44:57,573 INFO  [PositionJdbcImpl] pf_base currency pf_id=5506 currency = USD
2014-09-25 14:44:57,573 INFO  [PositionJdbcImpl] Unsettled AC: pf=5506 AC=0.0 pf_count = 435
2014-09-25 14:44:57,574 INFO  [PositionJdbcImpl] pf_base currency pf_id=5505 currency = USD
2014-09-25 14:44:57,575 INFO  [PositionJdbcImpl] Unsettled AC: pf=5505 AC=1515210.0 pf_count = 436
2014-09-25 14:44:57,575 INFO  [PositionJdbcImpl] pf_base currency pf_id=5513 currency = USD
2014-09-25 14:44:57,575 INFO  [PositionJdbcImpl] Unsettled AC: pf=5513 AC=0.0 pf_count = 437
2014-09-25 14:44:57,576 INFO  [PositionJdbcImpl] pf_base currency pf_id=1374 currency = USD
2014-09-25 14:44:57,576 INFO  [PositionJdbcImpl] Unsettled AC: pf=1374 AC=0.0 pf_count = 438
2014-09-25 14:44:57,577 INFO  [PositionJdbcImpl] pf_base currency pf_id=1373 currency = USD
2014-09-25 14:44:57,577 INFO  [PositionJdbcImpl] Unsettled AC: pf=1373 AC=0.0 pf_count = 439
2014-09-25 14:44:57,578 INFO  [PositionJdbcImpl] pf_base currency pf_id=1372 currency = USD
2014-09-25 14:44:57,580 INFO  [PositionJdbcImpl] Unsettled AC: pf=1372 AC=1.0192557027E8 pf_count = 440
2014-09-25 14:44:57,581 INFO  [PositionJdbcImpl] pf_base currency pf_id=1370 currency = USD
2014-09-25 14:44:57,582 INFO  [PositionJdbcImpl] Unsettled AC: pf=1370 AC=3.589554250555135E7 pf_count = 441
2014-09-25 14:44:57,583 INFO  [PositionJdbcImpl] pf_base currency pf_id=1366 currency = USD
2014-09-25 14:44:57,584 INFO  [PositionJdbcImpl] Unsettled AC: pf=1366 AC=226765.63 pf_count = 442
2014-09-25 14:44:57,585 INFO  [PositionJdbcImpl] pf_base currency pf_id=1365 currency = USD
2014-09-25 14:44:57,586 INFO  [PositionJdbcImpl] Unsettled AC: pf=1365 AC=5958873.037543876 pf_count = 443
2014-09-25 14:44:57,587 INFO  [PositionJdbcImpl] pf_base currency pf_id=1364 currency = GBP
2014-09-25 14:44:57,588 INFO  [PositionJdbcImpl] Unsettled AC: pf=1364 AC=-33358.25270388463 pf_count = 444
2014-09-25 14:44:57,589 INFO  [PositionJdbcImpl] pf_base currency pf_id=1363 currency = GBP
2014-09-25 14:44:57,589 INFO  [PositionJdbcImpl] Unsettled AC: pf=1363 AC=0.0 pf_count = 445
2014-09-25 14:44:57,590 INFO  [PositionJdbcImpl] pf_base currency pf_id=1350 currency = USD
2014-09-25 14:44:57,590 INFO  [PositionJdbcImpl] Unsettled AC: pf=1350 AC=1740.0 pf_count = 446
2014-09-25 14:44:57,591 INFO  [PositionJdbcImpl] pf_base currency pf_id=1344 currency = USD
2014-09-25 14:44:57,592 INFO  [PositionJdbcImpl] Unsettled AC: pf=1344 AC=188679.09999999998 pf_count = 447
2014-09-25 14:44:57,592 INFO  [PositionJdbcImpl] pf_base currency pf_id=1406 currency = USD
2014-09-25 14:44:57,593 INFO  [PositionJdbcImpl] Unsettled AC: pf=1406 AC=1.3777772373559998E7 pf_count = 448
2014-09-25 14:44:57,594 INFO  [PositionJdbcImpl] pf_base currency pf_id=1384 currency = USD
2014-09-25 14:44:57,594 INFO  [PositionJdbcImpl] Unsettled AC: pf=1384 AC=0.0 pf_count = 449
2014-09-25 14:44:57,595 INFO  [PositionJdbcImpl] pf_base currency pf_id=1380 currency = USD
2014-09-25 14:44:57,596 INFO  [PositionJdbcImpl] Unsettled AC: pf=1380 AC=458096.0 pf_count = 450
2014-09-25 14:44:57,597 INFO  [PositionJdbcImpl] pf_base currency pf_id=1383 currency = USD
2014-09-25 14:44:57,598 INFO  [PositionJdbcImpl] Unsettled AC: pf=1383 AC=3246.25 pf_count = 451
2014-09-25 14:44:57,599 INFO  [PositionJdbcImpl] pf_base currency pf_id=1305 currency = USD
2014-09-25 14:44:57,599 INFO  [PositionJdbcImpl] Unsettled AC: pf=1305 AC=0.0 pf_count = 452
2014-09-25 14:44:57,600 INFO  [PositionJdbcImpl] pf_base currency pf_id=1299 currency = USD
2014-09-25 14:44:57,600 INFO  [PositionJdbcImpl] Unsettled AC: pf=1299 AC=0.0 pf_count = 453
2014-09-25 14:44:57,601 INFO  [PositionJdbcImpl] pf_base currency pf_id=1296 currency = USD
2014-09-25 14:44:57,601 INFO  [PositionJdbcImpl] Unsettled AC: pf=1296 AC=4162827.6 pf_count = 454
2014-09-25 14:44:57,602 INFO  [PositionJdbcImpl] pf_base currency pf_id=1301 currency = USD
2014-09-25 14:44:57,603 INFO  [PositionJdbcImpl] Unsettled AC: pf=1301 AC=2.9331658631962933E7 pf_count = 455
2014-09-25 14:44:57,604 INFO  [PositionJdbcImpl] pf_base currency pf_id=1340 currency = USD
2014-09-25 14:44:57,605 INFO  [PositionJdbcImpl] Unsettled AC: pf=1340 AC=0.0 pf_count = 456
2014-09-25 14:44:57,606 INFO  [PositionJdbcImpl] pf_base currency pf_id=1329 currency = GBP
2014-09-25 14:44:57,607 INFO  [PositionJdbcImpl] Unsettled AC: pf=1329 AC=6318690.316379255 pf_count = 457
2014-09-25 14:44:57,608 INFO  [PositionJdbcImpl] pf_base currency pf_id=1322 currency = USD
2014-09-25 14:44:57,609 INFO  [PositionJdbcImpl] Unsettled AC: pf=1322 AC=318201.65917255374 pf_count = 458
2014-09-25 14:44:57,611 INFO  [PositionJdbcImpl] pf_base currency pf_id=1316 currency = USD
2014-09-25 14:44:57,611 INFO  [PositionJdbcImpl] Unsettled AC: pf=1316 AC=0.0 pf_count = 459
2014-09-25 14:44:57,612 INFO  [PositionJdbcImpl] pf_base currency pf_id=5348 currency = BRL
2014-09-25 14:44:57,612 INFO  [PositionJdbcImpl] Unsettled AC: pf=5348 AC=0.0 pf_count = 460
2014-09-25 14:44:57,613 INFO  [PositionJdbcImpl] pf_base currency pf_id=5346 currency = BRL
2014-09-25 14:44:57,613 INFO  [PositionJdbcImpl] Unsettled AC: pf=5346 AC=0.0 pf_count = 461
2014-09-25 14:44:57,614 INFO  [PositionJdbcImpl] pf_base currency pf_id=5347 currency = BRL
2014-09-25 14:44:57,615 INFO  [PositionJdbcImpl] Unsettled AC: pf=5347 AC=0.0 pf_count = 462
2014-09-25 14:44:57,616 INFO  [PositionJdbcImpl] pf_base currency pf_id=5359 currency = BRL
2014-09-25 14:44:57,616 INFO  [PositionJdbcImpl] Unsettled AC: pf=5359 AC=0.0 pf_count = 463
2014-09-25 14:44:57,617 INFO  [PositionJdbcImpl] pf_base currency pf_id=5355 currency = USD
2014-09-25 14:44:57,617 INFO  [PositionJdbcImpl] Unsettled AC: pf=5355 AC=0.0 pf_count = 464
2014-09-25 14:44:57,618 INFO  [PositionJdbcImpl] pf_base currency pf_id=1478 currency = USD
2014-09-25 14:44:57,619 INFO  [PositionJdbcImpl] Unsettled AC: pf=1478 AC=1788483.1423375004 pf_count = 465
2014-09-25 14:44:57,619 INFO  [PositionJdbcImpl] pf_base currency pf_id=5363 currency = USD
175.910: [GC 175.910: [ParNew: 37299K->2514K(38336K), 0.0105680 secs] 539582K->506564K(1065664K), 0.0106460 secs] [Times: user=0.02 sys=0.00, real=0.01 secs] 
2014-09-25 14:44:57,634 INFO  [PositionJdbcImpl] Unsettled AC: pf=5363 AC=2.4349251434415653E8 pf_count = 466
2014-09-25 14:44:57,635 INFO  [PositionJdbcImpl] pf_base currency pf_id=5362 currency = USD
2014-09-25 14:44:57,635 INFO  [PositionJdbcImpl] Unsettled AC: pf=5362 AC=0.0 pf_count = 467
2014-09-25 14:44:57,636 INFO  [PositionJdbcImpl] pf_base currency pf_id=5361 currency = BRL
2014-09-25 14:44:57,636 INFO  [PositionJdbcImpl] Unsettled AC: pf=5361 AC=0.0 pf_count = 468
2014-09-25 14:44:57,637 INFO  [PositionJdbcImpl] pf_base currency pf_id=5360 currency = BRL
2014-09-25 14:44:57,638 INFO  [PositionJdbcImpl] Unsettled AC: pf=5360 AC=-5889.511765315642 pf_count = 469
2014-09-25 14:44:57,639 INFO  [PositionJdbcImpl] pf_base currency pf_id=5375 currency = USD
2014-09-25 14:44:57,639 INFO  [PositionJdbcImpl] Unsettled AC: pf=5375 AC=4.869455392866397E7 pf_count = 470
2014-09-25 14:44:57,640 INFO  [PositionJdbcImpl] pf_base currency pf_id=5373 currency = USD
2014-09-25 14:44:57,640 INFO  [PositionJdbcImpl] Unsettled AC: pf=5373 AC=0.0 pf_count = 471
2014-09-25 14:44:57,641 INFO  [PositionJdbcImpl] pf_base currency pf_id=5372 currency = BRL
2014-09-25 14:44:57,641 INFO  [PositionJdbcImpl] Unsettled AC: pf=5372 AC=-207318.3373069348 pf_count = 472
2014-09-25 14:44:57,642 INFO  [PositionJdbcImpl] pf_base currency pf_id=5324 currency = BRL
2014-09-25 14:44:57,642 INFO  [PositionJdbcImpl] Unsettled AC: pf=5324 AC=0.0 pf_count = 473
2014-09-25 14:44:57,643 INFO  [PositionJdbcImpl] pf_base currency pf_id=1533 currency = USD
2014-09-25 14:44:57,644 INFO  [PositionJdbcImpl] Unsettled AC: pf=1533 AC=-2860.4174999999814 pf_count = 474
2014-09-25 14:44:57,644 INFO  [PositionJdbcImpl] pf_base currency pf_id=5326 currency = BRL
2014-09-25 14:44:57,645 INFO  [PositionJdbcImpl] Unsettled AC: pf=5326 AC=0.0 pf_count = 475
2014-09-25 14:44:57,645 INFO  [PositionJdbcImpl] pf_base currency pf_id=1535 currency = USD
2014-09-25 14:44:57,646 INFO  [PositionJdbcImpl] Unsettled AC: pf=1535 AC=3.179276181E7 pf_count = 476
2014-09-25 14:44:57,647 INFO  [PositionJdbcImpl] pf_base currency pf_id=5327 currency = BRL
2014-09-25 14:44:57,647 INFO  [PositionJdbcImpl] Unsettled AC: pf=5327 AC=-167173.03338239866 pf_count = 477
2014-09-25 14:44:57,648 INFO  [PositionJdbcImpl] pf_base currency pf_id=1528 currency = USD
2014-09-25 14:44:57,649 INFO  [PositionJdbcImpl] Unsettled AC: pf=1528 AC=2.3925899383424006E7 pf_count = 478
2014-09-25 14:44:57,651 INFO  [PositionJdbcImpl] pf_base currency pf_id=5321 currency = BRL
2014-09-25 14:44:57,654 INFO  [PositionJdbcImpl] Unsettled AC: pf=5321 AC=3955.3226000000004 pf_count = 479
2014-09-25 14:44:57,655 INFO  [PositionJdbcImpl] pf_base currency pf_id=5323 currency = BRL
2014-09-25 14:44:57,655 INFO  [PositionJdbcImpl] Unsettled AC: pf=5323 AC=0.0 pf_count = 480
2014-09-25 14:44:57,656 INFO  [PositionJdbcImpl] pf_base currency pf_id=5333 currency = BRL
2014-09-25 14:44:57,656 INFO  [PositionJdbcImpl] Unsettled AC: pf=5333 AC=0.0 pf_count = 481
2014-09-25 14:44:57,657 INFO  [PositionJdbcImpl] pf_base currency pf_id=1504 currency = USD
2014-09-25 14:44:57,659 INFO  [PositionJdbcImpl] Unsettled AC: pf=1504 AC=24189.16497710935 pf_count = 482
2014-09-25 14:44:57,660 INFO  [PositionJdbcImpl] pf_base currency pf_id=5328 currency = BRL
2014-09-25 14:44:57,660 INFO  [PositionJdbcImpl] Unsettled AC: pf=5328 AC=0.0 pf_count = 483
2014-09-25 14:44:57,661 INFO  [PositionJdbcImpl] pf_base currency pf_id=5331 currency = BRL
2014-09-25 14:44:57,662 INFO  [PositionJdbcImpl] Unsettled AC: pf=5331 AC=0.0 pf_count = 484
2014-09-25 14:44:57,663 INFO  [PositionJdbcImpl] pf_base currency pf_id=5337 currency = CAD
2014-09-25 14:44:57,663 INFO  [PositionJdbcImpl] Unsettled AC: pf=5337 AC=0.0 pf_count = 485
2014-09-25 14:44:57,664 INFO  [PositionJdbcImpl] pf_base currency pf_id=1426 currency = USD
2014-09-25 14:44:57,664 INFO  [PositionJdbcImpl] Unsettled AC: pf=1426 AC=708445.1 pf_count = 486
2014-09-25 14:44:57,665 INFO  [PositionJdbcImpl] pf_base currency pf_id=1424 currency = USD
2014-09-25 14:44:57,666 INFO  [PositionJdbcImpl] Unsettled AC: pf=1424 AC=668532.7 pf_count = 487
2014-09-25 14:44:57,667 INFO  [PositionJdbcImpl] pf_base currency pf_id=1425 currency = USD
2014-09-25 14:44:57,667 INFO  [PositionJdbcImpl] Unsettled AC: pf=1425 AC=0.0 pf_count = 488
2014-09-25 14:44:57,668 INFO  [PositionJdbcImpl] pf_base currency pf_id=1430 currency = USD
2014-09-25 14:44:57,669 INFO  [PositionJdbcImpl] Unsettled AC: pf=1430 AC=2687787.5 pf_count = 489
2014-09-25 14:44:57,670 INFO  [PositionJdbcImpl] pf_base currency pf_id=1431 currency = USD
2014-09-25 14:44:57,671 INFO  [PositionJdbcImpl] Unsettled AC: pf=1431 AC=1.4007480490000002E7 pf_count = 490
2014-09-25 14:44:57,672 INFO  [PositionJdbcImpl] pf_base currency pf_id=5285 currency = USD
2014-09-25 14:44:57,672 INFO  [PositionJdbcImpl] Unsettled AC: pf=5285 AC=0.0 pf_count = 491
2014-09-25 14:44:57,673 INFO  [PositionJdbcImpl] pf_base currency pf_id=1439 currency = USD
2014-09-25 14:44:57,673 INFO  [PositionJdbcImpl] Unsettled AC: pf=1439 AC=0.0 pf_count = 492
2014-09-25 14:44:57,674 INFO  [PositionJdbcImpl] pf_base currency pf_id=1412 currency = USD
2014-09-25 14:44:57,675 INFO  [PositionJdbcImpl] Unsettled AC: pf=1412 AC=7336375.922553107 pf_count = 493
2014-09-25 14:44:57,676 INFO  [PositionJdbcImpl] pf_base currency pf_id=1418 currency = USD
2014-09-25 14:44:57,677 INFO  [PositionJdbcImpl] Unsettled AC: pf=1418 AC=266604.1442116669 pf_count = 494
2014-09-25 14:44:57,678 INFO  [PositionJdbcImpl] pf_base currency pf_id=1459 currency = EUR
2014-09-25 14:44:57,678 INFO  [PositionJdbcImpl] Unsettled AC: pf=1459 AC=0.0 pf_count = 495
2014-09-25 14:44:57,679 INFO  [PositionJdbcImpl] pf_base currency pf_id=1460 currency = USD
2014-09-25 14:44:57,681 INFO  [PositionJdbcImpl] Unsettled AC: pf=1460 AC=7843860.305858213 pf_count = 496
2014-09-25 14:44:57,682 INFO  [PositionJdbcImpl] pf_base currency pf_id=5254 currency = USD
2014-09-25 14:44:57,682 INFO  [PositionJdbcImpl] Unsettled AC: pf=5254 AC=0.0 pf_count = 497
2014-09-25 14:44:57,683 INFO  [PositionJdbcImpl] pf_base currency pf_id=1465 currency = USD
2014-09-25 14:44:57,684 INFO  [PositionJdbcImpl] Unsettled AC: pf=1465 AC=9899405.515074646 pf_count = 498
2014-09-25 14:44:57,688 INFO  [PositionJdbcImpl] pf_base currency pf_id=1467 currency = USD
2014-09-25 14:44:57,689 INFO  [PositionJdbcImpl] Unsettled AC: pf=1467 AC=769088.1501054135 pf_count = 499
2014-09-25 14:44:57,690 INFO  [PositionJdbcImpl] pf_base currency pf_id=5261 currency = USD
2014-09-25 14:44:57,691 INFO  [PositionJdbcImpl] Unsettled AC: pf=5261 AC=5932740.379185661 pf_count = 500
2014-09-25 14:44:57,692 INFO  [PositionJdbcImpl] pf_base currency pf_id=5265 currency = USD
2014-09-25 14:44:57,693 INFO  [PositionJdbcImpl] Unsettled AC: pf=5265 AC=1.4975470326E8 pf_count = 501
2014-09-25 14:44:57,693 INFO  [PositionJdbcImpl] pf_base currency pf_id=5268 currency = GBP
2014-09-25 14:44:57,694 INFO  [PositionJdbcImpl] Unsettled AC: pf=5268 AC=2368167.476999999 pf_count = 502
2014-09-25 14:44:57,695 INFO  [PositionJdbcImpl] pf_base currency pf_id=5272 currency = AUD
2014-09-25 14:44:57,695 INFO  [PositionJdbcImpl] Unsettled AC: pf=5272 AC=0.0 pf_count = 503
2014-09-25 14:44:57,696 INFO  [PositionJdbcImpl] pf_base currency pf_id=5978 currency = BRL
2014-09-25 14:44:57,696 INFO  [PositionJdbcImpl] Unsettled AC: pf=5978 AC=-27036.384368197367 pf_count = 504
2014-09-25 14:44:57,697 INFO  [PositionJdbcImpl] pf_base currency pf_id=5979 currency = BRL
2014-09-25 14:44:57,697 INFO  [PositionJdbcImpl] Unsettled AC: pf=5979 AC=0.0 pf_count = 505
2014-09-25 14:44:57,698 INFO  [PositionJdbcImpl] pf_base currency pf_id=5977 currency = USD
2014-09-25 14:44:57,698 INFO  [PositionJdbcImpl] Unsettled AC: pf=5977 AC=2549907.0 pf_count = 506
2014-09-25 14:44:57,699 INFO  [PositionJdbcImpl] pf_base currency pf_id=1646 currency = USD
2014-09-25 14:44:57,699 INFO  [PositionJdbcImpl] Unsettled AC: pf=1646 AC=0.0 pf_count = 507
2014-09-25 14:44:57,700 INFO  [PositionJdbcImpl] pf_base currency pf_id=5982 currency = USD
2014-09-25 14:44:57,700 INFO  [PositionJdbcImpl] Unsettled AC: pf=5982 AC=0.0 pf_count = 508
2014-09-25 14:44:57,701 INFO  [PositionJdbcImpl] pf_base currency pf_id=5980 currency = BRL
2014-09-25 14:44:57,702 INFO  [PositionJdbcImpl] Unsettled AC: pf=5980 AC=0.0 pf_count = 509
2014-09-25 14:44:57,702 INFO  [PositionJdbcImpl] pf_base currency pf_id=1645 currency = USD
2014-09-25 14:44:57,704 INFO  [PositionJdbcImpl] Unsettled AC: pf=1645 AC=398931.3554765538 pf_count = 510
2014-09-25 14:44:57,704 INFO  [PositionJdbcImpl] pf_base currency pf_id=5981 currency = USD
2014-09-25 14:44:57,705 INFO  [PositionJdbcImpl] Unsettled AC: pf=5981 AC=0.0 pf_count = 511
2014-09-25 14:44:57,706 INFO  [PositionJdbcImpl] pf_base currency pf_id=5970 currency = BRL
2014-09-25 14:44:57,706 INFO  [PositionJdbcImpl] Unsettled AC: pf=5970 AC=0.0 pf_count = 512
2014-09-25 14:44:57,707 INFO  [PositionJdbcImpl] pf_base currency pf_id=5971 currency = USD
2014-09-25 14:44:57,707 INFO  [PositionJdbcImpl] Unsettled AC: pf=5971 AC=0.0 pf_count = 513
2014-09-25 14:44:57,708 INFO  [PositionJdbcImpl] pf_base currency pf_id=5968 currency = BRL
2014-09-25 14:44:57,708 INFO  [PositionJdbcImpl] Unsettled AC: pf=5968 AC=-42.66534259355467 pf_count = 514
2014-09-25 14:44:57,709 INFO  [PositionJdbcImpl] pf_base currency pf_id=5974 currency = USD
2014-09-25 14:44:57,709 INFO  [PositionJdbcImpl] Unsettled AC: pf=5974 AC=0.0 pf_count = 515
2014-09-25 14:44:57,710 INFO  [PositionJdbcImpl] pf_base currency pf_id=5972 currency = USD
2014-09-25 14:44:57,710 INFO  [PositionJdbcImpl] Unsettled AC: pf=5972 AC=0.0 pf_count = 516
2014-09-25 14:44:57,711 INFO  [PositionJdbcImpl] pf_base currency pf_id=5973 currency = USD
2014-09-25 14:44:57,713 INFO  [PositionJdbcImpl] Unsettled AC: pf=5973 AC=65994.10083059622 pf_count = 517
2014-09-25 14:44:57,714 INFO  [PositionJdbcImpl] pf_base currency pf_id=5962 currency = USD
2014-09-25 14:44:57,715 INFO  [PositionJdbcImpl] Unsettled AC: pf=5962 AC=-32391.39 pf_count = 518
2014-09-25 14:44:57,716 INFO  [PositionJdbcImpl] pf_base currency pf_id=5965 currency = EUR
2014-09-25 14:44:57,716 INFO  [PositionJdbcImpl] Unsettled AC: pf=5965 AC=0.0 pf_count = 519
2014-09-25 14:44:57,717 INFO  [PositionJdbcImpl] pf_base currency pf_id=5964 currency = EUR
2014-09-25 14:44:57,717 INFO  [PositionJdbcImpl] Unsettled AC: pf=5964 AC=-22057.890781923812 pf_count = 520
2014-09-25 14:44:57,718 INFO  [PositionJdbcImpl] pf_base currency pf_id=5955 currency = USD
2014-09-25 14:44:57,718 INFO  [PositionJdbcImpl] Unsettled AC: pf=5955 AC=-5580990.29838 pf_count = 521
2014-09-25 14:44:57,719 INFO  [PositionJdbcImpl] pf_base currency pf_id=5954 currency = GBP
2014-09-25 14:44:57,719 INFO  [PositionJdbcImpl] Unsettled AC: pf=5954 AC=0.0 pf_count = 522
2014-09-25 14:44:57,720 INFO  [PositionJdbcImpl] pf_base currency pf_id=5953 currency = USD
2014-09-25 14:44:57,720 INFO  [PositionJdbcImpl] Unsettled AC: pf=5953 AC=0.0 pf_count = 523
2014-09-25 14:44:57,721 INFO  [PositionJdbcImpl] pf_base currency pf_id=5952 currency = BRL
2014-09-25 14:44:57,721 INFO  [PositionJdbcImpl] Unsettled AC: pf=5952 AC=0.0 pf_count = 524
2014-09-25 14:44:57,722 INFO  [PositionJdbcImpl] pf_base currency pf_id=1655 currency = USD
2014-09-25 14:44:57,722 INFO  [PositionJdbcImpl] Unsettled AC: pf=1655 AC=0.0 pf_count = 525
2014-09-25 14:44:57,723 INFO  [PositionJdbcImpl] pf_base currency pf_id=5959 currency = USD
2014-09-25 14:44:57,723 INFO  [PositionJdbcImpl] Unsettled AC: pf=5959 AC=0.0 pf_count = 526
2014-09-25 14:44:57,724 INFO  [PositionJdbcImpl] pf_base currency pf_id=5958 currency = GBP
2014-09-25 14:44:57,724 INFO  [PositionJdbcImpl] Unsettled AC: pf=5958 AC=205039.3387112826 pf_count = 527
2014-09-25 14:44:57,724 INFO  [PositionJdbcImpl] pf_base currency pf_id=5957 currency = USD
2014-09-25 14:44:57,724 INFO  [PositionJdbcImpl] Unsettled AC: pf=5957 AC=0.0 pf_count = 528
2014-09-25 14:44:57,725 INFO  [PositionJdbcImpl] pf_base currency pf_id=6008 currency = SGD
2014-09-25 14:44:57,725 INFO  [PositionJdbcImpl] Unsettled AC: pf=6008 AC=643.6041009464122 pf_count = 529
2014-09-25 14:44:57,726 INFO  [PositionJdbcImpl] pf_base currency pf_id=6009 currency = JPY
2014-09-25 14:44:57,727 INFO  [PositionJdbcImpl] Unsettled AC: pf=6009 AC=4599870.000180028 pf_count = 530
2014-09-25 14:44:57,728 INFO  [PositionJdbcImpl] pf_base currency pf_id=6010 currency = GBP
2014-09-25 14:44:57,728 INFO  [PositionJdbcImpl] Unsettled AC: pf=6010 AC=-4.6566128730773926E-10 pf_count = 531
2014-09-25 14:44:57,729 INFO  [PositionJdbcImpl] pf_base currency pf_id=6012 currency = USD
2014-09-25 14:44:57,729 INFO  [PositionJdbcImpl] Unsettled AC: pf=6012 AC=0.0 pf_count = 532
2014-09-25 14:44:57,730 INFO  [PositionJdbcImpl] pf_base currency pf_id=1614 currency = GBP
2014-09-25 14:44:57,730 INFO  [PositionJdbcImpl] Unsettled AC: pf=1614 AC=0.0 pf_count = 533
2014-09-25 14:44:57,731 INFO  [PositionJdbcImpl] pf_base currency pf_id=6000 currency = USD
2014-09-25 14:44:57,732 INFO  [PositionJdbcImpl] Unsettled AC: pf=6000 AC=144453.72792676464 pf_count = 534
2014-09-25 14:44:57,733 INFO  [PositionJdbcImpl] pf_base currency pf_id=1601 currency = USD
2014-09-25 14:44:57,734 INFO  [PositionJdbcImpl] Unsettled AC: pf=1601 AC=1.262994442479523E8 pf_count = 535
2014-09-25 14:44:57,735 INFO  [PositionJdbcImpl] pf_base currency pf_id=1603 currency = USD
2014-09-25 14:44:57,738 INFO  [PositionJdbcImpl] Unsettled AC: pf=1603 AC=8.659595160002454E7 pf_count = 536
2014-09-25 14:44:57,739 INFO  [PositionJdbcImpl] pf_base currency pf_id=6007 currency = BRL
2014-09-25 14:44:57,739 INFO  [PositionJdbcImpl] Unsettled AC: pf=6007 AC=0.0 pf_count = 537
2014-09-25 14:44:57,740 INFO  [PositionJdbcImpl] pf_base currency pf_id=5993 currency = USD
2014-09-25 14:44:57,740 INFO  [PositionJdbcImpl] Unsettled AC: pf=5993 AC=36540.0 pf_count = 538
2014-09-25 14:44:57,741 INFO  [PositionJdbcImpl] pf_base currency pf_id=5994 currency = BRL
2014-09-25 14:44:57,741 INFO  [PositionJdbcImpl] Unsettled AC: pf=5994 AC=0.0 pf_count = 539
2014-09-25 14:44:57,742 INFO  [PositionJdbcImpl] pf_base currency pf_id=5997 currency = CHF
2014-09-25 14:44:57,742 INFO  [PositionJdbcImpl] Unsettled AC: pf=5997 AC=0.0 pf_count = 540
2014-09-25 14:44:57,743 INFO  [PositionJdbcImpl] pf_base currency pf_id=1628 currency = USD
2014-09-25 14:44:57,745 INFO  [PositionJdbcImpl] Unsettled AC: pf=1628 AC=3.801023881344597E7 pf_count = 541
2014-09-25 14:44:57,746 INFO  [PositionJdbcImpl] pf_base currency pf_id=5996 currency = USD
2014-09-25 14:44:57,746 INFO  [PositionJdbcImpl] Unsettled AC: pf=5996 AC=0.0 pf_count = 542
2014-09-25 14:44:57,747 INFO  [PositionJdbcImpl] pf_base currency pf_id=1630 currency = GBP
2014-09-25 14:44:57,747 INFO  [PositionJdbcImpl] Unsettled AC: pf=1630 AC=2923267.1498000007 pf_count = 543
2014-09-25 14:44:57,748 INFO  [PositionJdbcImpl] pf_base currency pf_id=5998 currency = USD
2014-09-25 14:44:57,748 INFO  [PositionJdbcImpl] Unsettled AC: pf=5998 AC=0.0 pf_count = 544
2014-09-25 14:44:57,749 INFO  [PositionJdbcImpl] pf_base currency pf_id=1617 currency = USD
2014-09-25 14:44:57,751 INFO  [PositionJdbcImpl] Unsettled AC: pf=1617 AC=2.188622606641184E7 pf_count = 545
2014-09-25 14:44:57,751 INFO  [PositionJdbcImpl] pf_base currency pf_id=1619 currency = USD
2014-09-25 14:44:57,752 INFO  [PositionJdbcImpl] Unsettled AC: pf=1619 AC=0.0 pf_count = 546
2014-09-25 14:44:57,752 INFO  [PositionJdbcImpl] pf_base currency pf_id=5986 currency = USD
2014-09-25 14:44:57,753 INFO  [PositionJdbcImpl] Unsettled AC: pf=5986 AC=0.0 pf_count = 547
2014-09-25 14:44:57,753 INFO  [PositionJdbcImpl] pf_base currency pf_id=1621 currency = USD
2014-09-25 14:44:57,755 INFO  [PositionJdbcImpl] Unsettled AC: pf=1621 AC=1.352575722671643E7 pf_count = 548
2014-09-25 14:44:57,756 INFO  [PositionJdbcImpl] pf_base currency pf_id=5989 currency = JPY
2014-09-25 14:44:57,756 INFO  [PositionJdbcImpl] Unsettled AC: pf=5989 AC=-2.255546860396862E-10 pf_count = 549
2014-09-25 14:44:57,757 INFO  [PositionJdbcImpl] pf_base currency pf_id=1620 currency = USD
2014-09-25 14:44:57,758 INFO  [PositionJdbcImpl] Unsettled AC: pf=1620 AC=2867247.5999999996 pf_count = 550
2014-09-25 14:44:57,759 INFO  [PositionJdbcImpl] pf_base currency pf_id=5988 currency = USD
2014-09-25 14:44:57,759 INFO  [PositionJdbcImpl] Unsettled AC: pf=5988 AC=0.0 pf_count = 551
2014-09-25 14:44:57,760 INFO  [PositionJdbcImpl] pf_base currency pf_id=1623 currency = USD
2014-09-25 14:44:57,761 INFO  [PositionJdbcImpl] Unsettled AC: pf=1623 AC=239121.3191811075 pf_count = 552
2014-09-25 14:44:57,762 INFO  [PositionJdbcImpl] pf_base currency pf_id=5991 currency = BRL
2014-09-25 14:44:57,763 INFO  [PositionJdbcImpl] Unsettled AC: pf=5991 AC=-127.99602778066037 pf_count = 553
2014-09-25 14:44:57,763 INFO  [PositionJdbcImpl] pf_base currency pf_id=5990 currency = USD
2014-09-25 14:44:57,763 INFO  [PositionJdbcImpl] Unsettled AC: pf=5990 AC=0.0 pf_count = 554
2014-09-25 14:44:57,764 INFO  [PositionJdbcImpl] pf_base currency pf_id=5918 currency = BRL
2014-09-25 14:44:57,764 INFO  [PositionJdbcImpl] Unsettled AC: pf=5918 AC=-5670.920371566899 pf_count = 555
2014-09-25 14:44:57,765 INFO  [PositionJdbcImpl] pf_base currency pf_id=5919 currency = USD
2014-09-25 14:44:57,766 INFO  [PositionJdbcImpl] Unsettled AC: pf=5919 AC=0.0 pf_count = 556
2014-09-25 14:44:57,766 INFO  [PositionJdbcImpl] pf_base currency pf_id=1580 currency = USD
2014-09-25 14:44:57,767 INFO  [PositionJdbcImpl] Unsettled AC: pf=1580 AC=5793539.079999999 pf_count = 557
2014-09-25 14:44:57,768 INFO  [PositionJdbcImpl] pf_base currency pf_id=5916 currency = SGD
2014-09-25 14:44:57,768 INFO  [PositionJdbcImpl] Unsettled AC: pf=5916 AC=-134.5562082019169 pf_count = 558
2014-09-25 14:44:57,769 INFO  [PositionJdbcImpl] pf_base currency pf_id=1581 currency = USD
2014-09-25 14:44:57,770 INFO  [PositionJdbcImpl] Unsettled AC: pf=1581 AC=6433229.619185661 pf_count = 559
2014-09-25 14:44:57,771 INFO  [PositionJdbcImpl] pf_base currency pf_id=5917 currency = BRL
2014-09-25 14:44:57,777 INFO  [PositionJdbcImpl] Unsettled AC: pf=5917 AC=-6630847.422790461 pf_count = 560
2014-09-25 14:44:57,778 INFO  [PositionJdbcImpl] pf_base currency pf_id=5915 currency = BRL
2014-09-25 14:44:57,783 INFO  [PositionJdbcImpl] Unsettled AC: pf=5915 AC=2838830.5338776414 pf_count = 561
2014-09-25 14:44:57,784 INFO  [PositionJdbcImpl] pf_base currency pf_id=5906 currency = SGD
2014-09-25 14:44:57,784 INFO  [PositionJdbcImpl] Unsettled AC: pf=5906 AC=0.0 pf_count = 562
2014-09-25 14:44:57,785 INFO  [PositionJdbcImpl] pf_base currency pf_id=5907 currency = SGD
2014-09-25 14:44:57,785 INFO  [PositionJdbcImpl] Unsettled AC: pf=5907 AC=-4909.7123296523205 pf_count = 563
2014-09-25 14:44:57,786 INFO  [PositionJdbcImpl] pf_base currency pf_id=5900 currency = USD
2014-09-25 14:44:57,786 INFO  [PositionJdbcImpl] Unsettled AC: pf=5900 AC=0.0 pf_count = 564
2014-09-25 14:44:57,787 INFO  [PositionJdbcImpl] pf_base currency pf_id=5898 currency = USD
2014-09-25 14:44:57,788 INFO  [PositionJdbcImpl] Unsettled AC: pf=5898 AC=0.0 pf_count = 565
2014-09-25 14:44:57,788 INFO  [PositionJdbcImpl] pf_base currency pf_id=5897 currency = USD
2014-09-25 14:44:57,789 INFO  [PositionJdbcImpl] Unsettled AC: pf=5897 AC=0.0 pf_count = 566
2014-09-25 14:44:57,790 INFO  [PositionJdbcImpl] pf_base currency pf_id=5896 currency = USD
2014-09-25 14:44:57,790 INFO  [PositionJdbcImpl] Unsettled AC: pf=5896 AC=0.0 pf_count = 567
2014-09-25 14:44:57,791 INFO  [PositionJdbcImpl] pf_base currency pf_id=5895 currency = USD
2014-09-25 14:44:57,791 INFO  [PositionJdbcImpl] Unsettled AC: pf=5895 AC=0.0 pf_count = 568
2014-09-25 14:44:57,791 INFO  [PositionJdbcImpl] pf_base currency pf_id=1590 currency = GBP
2014-09-25 14:44:57,792 INFO  [PositionJdbcImpl] Unsettled AC: pf=1590 AC=520701.1411075769 pf_count = 569
2014-09-25 14:44:57,793 INFO  [PositionJdbcImpl] pf_base currency pf_id=1588 currency = USD
2014-09-25 14:44:57,793 INFO  [PositionJdbcImpl] Unsettled AC: pf=1588 AC=86261.43765187904 pf_count = 570
2014-09-25 14:44:57,794 INFO  [PositionJdbcImpl] pf_base currency pf_id=5889 currency = USD
2014-09-25 14:44:57,794 INFO  [PositionJdbcImpl] Unsettled AC: pf=5889 AC=0.0 pf_count = 571
2014-09-25 14:44:57,795 INFO  [PositionJdbcImpl] pf_base currency pf_id=1548 currency = USD
2014-09-25 14:44:57,797 INFO  [PositionJdbcImpl] Unsettled AC: pf=1548 AC=2.6700817170308553E7 pf_count = 572
2014-09-25 14:44:57,798 INFO  [PositionJdbcImpl] pf_base currency pf_id=1549 currency = USD
2014-09-25 14:44:57,801 INFO  [PositionJdbcImpl] Unsettled AC: pf=1549 AC=1.0137646349344595E8 pf_count = 573
2014-09-25 14:44:57,802 INFO  [PositionJdbcImpl] pf_base currency pf_id=5949 currency = USD
2014-09-25 14:44:57,803 INFO  [PositionJdbcImpl] Unsettled AC: pf=5949 AC=2.0064604110000003E7 pf_count = 574
2014-09-25 14:44:57,804 INFO  [PositionJdbcImpl] pf_base currency pf_id=5944 currency = USD
2014-09-25 14:44:57,804 INFO  [PositionJdbcImpl] Unsettled AC: pf=5944 AC=0.0 pf_count = 575
2014-09-25 14:44:57,805 INFO  [PositionJdbcImpl] pf_base currency pf_id=5945 currency = USD
2014-09-25 14:44:57,805 INFO  [PositionJdbcImpl] Unsettled AC: pf=5945 AC=-2468000.77 pf_count = 576
2014-09-25 14:44:57,806 INFO  [PositionJdbcImpl] pf_base currency pf_id=5947 currency = EUR
2014-09-25 14:44:57,806 INFO  [PositionJdbcImpl] Unsettled AC: pf=5947 AC=0.0 pf_count = 577
2014-09-25 14:44:57,807 INFO  [PositionJdbcImpl] pf_base currency pf_id=5940 currency = BRL
2014-09-25 14:44:57,807 INFO  [PositionJdbcImpl] Unsettled AC: pf=5940 AC=0.0 pf_count = 578
2014-09-25 14:44:57,808 INFO  [PositionJdbcImpl] pf_base currency pf_id=5941 currency = EUR
2014-09-25 14:44:57,808 INFO  [PositionJdbcImpl] Unsettled AC: pf=5941 AC=2.7284841053187847E-11 pf_count = 579
2014-09-25 14:44:57,809 INFO  [PositionJdbcImpl] pf_base currency pf_id=1543 currency = USD
2014-09-25 14:44:57,811 INFO  [PositionJdbcImpl] Unsettled AC: pf=1543 AC=10199.60999999987 pf_count = 580
2014-09-25 14:44:57,811 INFO  [PositionJdbcImpl] pf_base currency pf_id=5936 currency = BRL
2014-09-25 14:44:57,812 INFO  [PositionJdbcImpl] Unsettled AC: pf=5936 AC=0.0 pf_count = 581
2014-09-25 14:44:57,813 INFO  [PositionJdbcImpl] pf_base currency pf_id=1564 currency = USD
2014-09-25 14:44:57,813 INFO  [PositionJdbcImpl] Unsettled AC: pf=1564 AC=0.0 pf_count = 582
2014-09-25 14:44:57,814 INFO  [PositionJdbcImpl] pf_base currency pf_id=5932 currency = BRL
2014-09-25 14:44:57,814 INFO  [PositionJdbcImpl] Unsettled AC: pf=5932 AC=0.0 pf_count = 583
2014-09-25 14:44:57,815 INFO  [PositionJdbcImpl] pf_base currency pf_id=5929 currency = SGD
2014-09-25 14:44:57,815 INFO  [PositionJdbcImpl] Unsettled AC: pf=5929 AC=571443.1784 pf_count = 584
2014-09-25 14:44:57,816 INFO  [PositionJdbcImpl] pf_base currency pf_id=1563 currency = USD
2014-09-25 14:44:57,816 INFO  [PositionJdbcImpl] Unsettled AC: pf=1563 AC=0.0 pf_count = 585
2014-09-25 14:44:57,817 INFO  [PositionJdbcImpl] pf_base currency pf_id=5931 currency = SGD
2014-09-25 14:44:57,817 INFO  [PositionJdbcImpl] Unsettled AC: pf=5931 AC=0.0 pf_count = 586
2014-09-25 14:44:57,818 INFO  [PositionJdbcImpl] pf_base currency pf_id=5930 currency = SGD
2014-09-25 14:44:57,819 INFO  [PositionJdbcImpl] Unsettled AC: pf=5930 AC=152680.7037 pf_count = 587
2014-09-25 14:44:57,819 INFO  [PositionJdbcImpl] pf_base currency pf_id=5925 currency = USD
2014-09-25 14:44:57,820 INFO  [PositionJdbcImpl] Unsettled AC: pf=5925 AC=-554728.76 pf_count = 588
2014-09-25 14:44:57,820 INFO  [PositionJdbcImpl] pf_base currency pf_id=5924 currency = BRL
2014-09-25 14:44:57,821 INFO  [PositionJdbcImpl] Unsettled AC: pf=5924 AC=0.0 pf_count = 589
2014-09-25 14:44:57,822 INFO  [PositionJdbcImpl] pf_base currency pf_id=1559 currency = USD
2014-09-25 14:44:57,823 INFO  [PositionJdbcImpl] Unsettled AC: pf=1559 AC=1.2676126314144554E7 pf_count = 590
2014-09-25 14:44:57,824 INFO  [PositionJdbcImpl] pf_base currency pf_id=5927 currency = USD
2014-09-25 14:44:57,824 INFO  [PositionJdbcImpl] Unsettled AC: pf=5927 AC=0.0 pf_count = 591
2014-09-25 14:44:57,825 INFO  [PositionJdbcImpl] pf_base currency pf_id=5926 currency = USD
2014-09-25 14:44:57,825 INFO  [PositionJdbcImpl] Unsettled AC: pf=5926 AC=0.0 pf_count = 592
2014-09-25 14:44:57,826 INFO  [PositionJdbcImpl] pf_base currency pf_id=1552 currency = USD
2014-09-25 14:44:57,826 INFO  [PositionJdbcImpl] Unsettled AC: pf=1552 AC=0.0 pf_count = 593
2014-09-25 14:44:57,827 INFO  [PositionJdbcImpl] pf_base currency pf_id=5923 currency = BRL
2014-09-25 14:44:57,828 INFO  [PositionJdbcImpl] Unsettled AC: pf=5923 AC=1.4551915228366852E-11 pf_count = 594
2014-09-25 14:44:57,829 INFO  [PositionJdbcImpl] pf_base currency pf_id=5922 currency = BRL
2014-09-25 14:44:57,829 INFO  [PositionJdbcImpl] Unsettled AC: pf=5922 AC=7.275957614183426E-12 pf_count = 595
2014-09-25 14:44:57,830 INFO  [PositionJdbcImpl] pf_base currency pf_id=1760 currency = USD
2014-09-25 14:44:57,831 INFO  [PositionJdbcImpl] Unsettled AC: pf=1760 AC=15862.146744777274 pf_count = 596
2014-09-25 14:44:57,832 INFO  [PositionJdbcImpl] pf_base currency pf_id=6096 currency = USD
2014-09-25 14:44:57,832 INFO  [PositionJdbcImpl] Unsettled AC: pf=6096 AC=0.0 pf_count = 597
2014-09-25 14:44:57,833 INFO  [PositionJdbcImpl] pf_base currency pf_id=6103 currency = USD
2014-09-25 14:44:57,834 INFO  [PositionJdbcImpl] Unsettled AC: pf=6103 AC=1.476826945220569E8 pf_count = 598
2014-09-25 14:44:57,835 INFO  [PositionJdbcImpl] pf_base currency pf_id=6102 currency = JPY
2014-09-25 14:44:57,835 INFO  [PositionJdbcImpl] Unsettled AC: pf=6102 AC=-394.53718609524003 pf_count = 599
2014-09-25 14:44:57,836 INFO  [PositionJdbcImpl] pf_base currency pf_id=6101 currency = JPY
2014-09-25 14:44:57,836 INFO  [PositionJdbcImpl] Unsettled AC: pf=6101 AC=144475.53535575792 pf_count = 600
2014-09-25 14:44:57,837 INFO  [PositionJdbcImpl] pf_base currency pf_id=6100 currency = BRL
2014-09-25 14:44:57,837 INFO  [PositionJdbcImpl] Unsettled AC: pf=6100 AC=0.0 pf_count = 601
2014-09-25 14:44:57,838 INFO  [PositionJdbcImpl] pf_base currency pf_id=6107 currency = USD
2014-09-25 14:44:57,838 INFO  [PositionJdbcImpl] Unsettled AC: pf=6107 AC=0.0 pf_count = 602
2014-09-25 14:44:57,839 INFO  [PositionJdbcImpl] pf_base currency pf_id=1769 currency = GBP
2014-09-25 14:44:57,839 INFO  [PositionJdbcImpl] Unsettled AC: pf=1769 AC=3622833.3222999997 pf_count = 603
2014-09-25 14:44:57,840 INFO  [PositionJdbcImpl] pf_base currency pf_id=6105 currency = USD
2014-09-25 14:44:57,842 INFO  [PositionJdbcImpl] Unsettled AC: pf=6105 AC=1.8200341776031524E7 pf_count = 604
2014-09-25 14:44:57,843 INFO  [PositionJdbcImpl] pf_base currency pf_id=6109 currency = USD
2014-09-25 14:44:57,843 INFO  [PositionJdbcImpl] Unsettled AC: pf=6109 AC=0.0 pf_count = 605
2014-09-25 14:44:57,844 INFO  [PositionJdbcImpl] pf_base currency pf_id=6082 currency = AUD
2014-09-25 14:44:57,844 INFO  [PositionJdbcImpl] Unsettled AC: pf=6082 AC=0.0 pf_count = 606
2014-09-25 14:44:57,845 INFO  [PositionJdbcImpl] pf_base currency pf_id=6083 currency = USD
2014-09-25 14:44:57,845 INFO  [PositionJdbcImpl] Unsettled AC: pf=6083 AC=0.0 pf_count = 607
2014-09-25 14:44:57,845 INFO  [PositionJdbcImpl] pf_base currency pf_id=1783 currency = EUR
2014-09-25 14:44:57,846 INFO  [PositionJdbcImpl] Unsettled AC: pf=1783 AC=1245125.8154649981 pf_count = 608
2014-09-25 14:44:57,847 INFO  [PositionJdbcImpl] pf_base currency pf_id=6088 currency = USD
2014-09-25 14:44:57,847 INFO  [PositionJdbcImpl] Unsettled AC: pf=6088 AC=0.0 pf_count = 609
2014-09-25 14:44:57,848 INFO  [PositionJdbcImpl] pf_base currency pf_id=1790 currency = USD
2014-09-25 14:44:57,848 INFO  [PositionJdbcImpl] Unsettled AC: pf=1790 AC=0.0 pf_count = 610
2014-09-25 14:44:57,849 INFO  [PositionJdbcImpl] pf_base currency pf_id=6129 currency = USD
2014-09-25 14:44:57,849 INFO  [PositionJdbcImpl] Unsettled AC: pf=6129 AC=0.0 pf_count = 611
2014-09-25 14:44:57,850 INFO  [PositionJdbcImpl] pf_base currency pf_id=6128 currency = USD
2014-09-25 14:44:57,850 INFO  [PositionJdbcImpl] Unsettled AC: pf=6128 AC=0.0 pf_count = 612
2014-09-25 14:44:57,851 INFO  [PositionJdbcImpl] pf_base currency pf_id=6131 currency = USD
2014-09-25 14:44:57,851 INFO  [PositionJdbcImpl] Unsettled AC: pf=6131 AC=0.0 pf_count = 613
2014-09-25 14:44:57,852 INFO  [PositionJdbcImpl] pf_base currency pf_id=6130 currency = USD
2014-09-25 14:44:57,852 INFO  [PositionJdbcImpl] Unsettled AC: pf=6130 AC=0.0 pf_count = 614
2014-09-25 14:44:57,853 INFO  [PositionJdbcImpl] pf_base currency pf_id=6133 currency = USD
2014-09-25 14:44:57,854 INFO  [PositionJdbcImpl] Unsettled AC: pf=6133 AC=234591.02 pf_count = 615
2014-09-25 14:44:57,855 INFO  [PositionJdbcImpl] pf_base currency pf_id=6132 currency = BRL
2014-09-25 14:44:57,855 INFO  [PositionJdbcImpl] Unsettled AC: pf=6132 AC=0.0 pf_count = 616
2014-09-25 14:44:57,856 INFO  [PositionJdbcImpl] pf_base currency pf_id=1735 currency = USD
2014-09-25 14:44:57,858 INFO  [PositionJdbcImpl] Unsettled AC: pf=1735 AC=1.496794247676245E8 pf_count = 617
2014-09-25 14:44:57,859 INFO  [PositionJdbcImpl] pf_base currency pf_id=6134 currency = USD
2014-09-25 14:44:57,859 INFO  [PositionJdbcImpl] Unsettled AC: pf=6134 AC=0.0 pf_count = 618
2014-09-25 14:44:57,860 INFO  [PositionJdbcImpl] pf_base currency pf_id=6137 currency = BRL
2014-09-25 14:44:57,863 INFO  [PositionJdbcImpl] Unsettled AC: pf=6137 AC=19742.9106 pf_count = 619
2014-09-25 14:44:57,864 INFO  [PositionJdbcImpl] pf_base currency pf_id=6139 currency = BRL
2014-09-25 14:44:57,864 INFO  [PositionJdbcImpl] Unsettled AC: pf=6139 AC=0.0 pf_count = 620
2014-09-25 14:44:57,865 INFO  [PositionJdbcImpl] pf_base currency pf_id=1738 currency = USD
2014-09-25 14:44:57,866 INFO  [PositionJdbcImpl] Unsettled AC: pf=1738 AC=920870.1992000001 pf_count = 621
2014-09-25 14:44:57,867 INFO  [PositionJdbcImpl] pf_base currency pf_id=6138 currency = BRL
2014-09-25 14:44:57,868 INFO  [PositionJdbcImpl] Unsettled AC: pf=6138 AC=0.0 pf_count = 622
2014-09-25 14:44:57,869 INFO  [PositionJdbcImpl] pf_base currency pf_id=6141 currency = USD
2014-09-25 14:44:57,870 INFO  [PositionJdbcImpl] Unsettled AC: pf=6141 AC=1.9648456379999995E7 pf_count = 623
2014-09-25 14:44:57,871 INFO  [PositionJdbcImpl] pf_base currency pf_id=6140 currency = USD
2014-09-25 14:44:57,871 INFO  [PositionJdbcImpl] Unsettled AC: pf=6140 AC=0.0 pf_count = 624
2014-09-25 14:44:57,872 INFO  [PositionJdbcImpl] pf_base currency pf_id=6112 currency = BRL
2014-09-25 14:44:57,872 INFO  [PositionJdbcImpl] Unsettled AC: pf=6112 AC=-170.66137037421868 pf_count = 625
2014-09-25 14:44:57,873 INFO  [PositionJdbcImpl] pf_base currency pf_id=6113 currency = BRL
2014-09-25 14:44:57,873 INFO  [PositionJdbcImpl] Unsettled AC: pf=6113 AC=0.0 pf_count = 626
2014-09-25 14:44:57,874 INFO  [PositionJdbcImpl] pf_base currency pf_id=6115 currency = GBP
2014-09-25 14:44:57,874 INFO  [PositionJdbcImpl] Unsettled AC: pf=6115 AC=0.0 pf_count = 627
2014-09-25 14:44:57,875 INFO  [PositionJdbcImpl] pf_base currency pf_id=6116 currency = JPY
2014-09-25 14:44:57,876 INFO  [PositionJdbcImpl] Unsettled AC: pf=6116 AC=6130.20884908922 pf_count = 628
2014-09-25 14:44:57,877 INFO  [PositionJdbcImpl] pf_base currency pf_id=6117 currency = AUD
2014-09-25 14:44:57,877 INFO  [PositionJdbcImpl] Unsettled AC: pf=6117 AC=4.34548502825E7 pf_count = 629
2014-09-25 14:44:57,879 INFO  [PositionJdbcImpl] pf_base currency pf_id=6118 currency = BRL
2014-09-25 14:44:57,879 INFO  [PositionJdbcImpl] Unsettled AC: pf=6118 AC=0.0 pf_count = 630
2014-09-25 14:44:57,880 INFO  [PositionJdbcImpl] pf_base currency pf_id=1751 currency = GBP
2014-09-25 14:44:57,880 INFO  [PositionJdbcImpl] Unsettled AC: pf=1751 AC=648813.0074 pf_count = 631
2014-09-25 14:44:57,881 INFO  [PositionJdbcImpl] pf_base currency pf_id=6119 currency = USD
2014-09-25 14:44:57,881 INFO  [PositionJdbcImpl] Unsettled AC: pf=6119 AC=-7088.9641710515425 pf_count = 632
2014-09-25 14:44:57,882 INFO  [PositionJdbcImpl] pf_base currency pf_id=6121 currency = USD
2014-09-25 14:44:57,882 INFO  [PositionJdbcImpl] Unsettled AC: pf=6121 AC=0.0 pf_count = 633
2014-09-25 14:44:57,883 INFO  [PositionJdbcImpl] pf_base currency pf_id=6122 currency = USD
2014-09-25 14:44:57,884 INFO  [PositionJdbcImpl] Unsettled AC: pf=6122 AC=3.2700008780411836E7 pf_count = 634
2014-09-25 14:44:57,885 INFO  [PositionJdbcImpl] pf_base currency pf_id=6123 currency = USD
2014-09-25 14:44:57,886 INFO  [PositionJdbcImpl] Unsettled AC: pf=6123 AC=5879631.839172552 pf_count = 635
2014-09-25 14:44:57,887 INFO  [PositionJdbcImpl] pf_base currency pf_id=6124 currency = USD
2014-09-25 14:44:57,889 INFO  [PositionJdbcImpl] Unsettled AC: pf=6124 AC=50998.049999999814 pf_count = 636
2014-09-25 14:44:57,889 INFO  [PositionJdbcImpl] pf_base currency pf_id=6125 currency = USD
2014-09-25 14:44:57,890 INFO  [PositionJdbcImpl] Unsettled AC: pf=6125 AC=0.0 pf_count = 637
2014-09-25 14:44:57,890 INFO  [PositionJdbcImpl] pf_base currency pf_id=6126 currency = BRL
2014-09-25 14:44:57,894 INFO  [PositionJdbcImpl] Unsettled AC: pf=6126 AC=37526.258700000006 pf_count = 638
2014-09-25 14:44:57,895 INFO  [PositionJdbcImpl] pf_base currency pf_id=6127 currency = BRL
2014-09-25 14:44:57,898 INFO  [PositionJdbcImpl] Unsettled AC: pf=6127 AC=0.0 pf_count = 639
2014-09-25 14:44:57,898 INFO  [PositionJdbcImpl] pf_base currency pf_id=6039 currency = USD
2014-09-25 14:44:57,900 INFO  [PositionJdbcImpl] Unsettled AC: pf=6039 AC=1.1553700456676556E7 pf_count = 640
2014-09-25 14:44:57,900 INFO  [PositionJdbcImpl] pf_base currency pf_id=6038 currency = BRL
2014-09-25 14:44:57,901 INFO  [PositionJdbcImpl] Unsettled AC: pf=6038 AC=0.0 pf_count = 641
2014-09-25 14:44:57,902 INFO  [PositionJdbcImpl] pf_base currency pf_id=1699 currency = USD
176.191: [GC 176.191: [ParNew: 36626K->2142K(38336K), 0.0058620 secs] 540676K->506192K(1065664K), 0.0059480 secs] [Times: user=0.01 sys=0.00, real=0.00 secs] 
2014-09-25 14:44:57,910 INFO  [PositionJdbcImpl] Unsettled AC: pf=1699 AC=5.3493127316696E7 pf_count = 642
2014-09-25 14:44:57,911 INFO  [PositionJdbcImpl] pf_base currency pf_id=6035 currency = JPY
2014-09-25 14:44:57,912 INFO  [PositionJdbcImpl] Unsettled AC: pf=6035 AC=270421.0763782054 pf_count = 643
2014-09-25 14:44:57,913 INFO  [PositionJdbcImpl] pf_base currency pf_id=6034 currency = USD
2014-09-25 14:44:57,913 INFO  [PositionJdbcImpl] Unsettled AC: pf=6034 AC=0.0 pf_count = 644
2014-09-25 14:44:57,914 INFO  [PositionJdbcImpl] pf_base currency pf_id=6047 currency = USD
2014-09-25 14:44:57,914 INFO  [PositionJdbcImpl] Unsettled AC: pf=6047 AC=0.0 pf_count = 645
2014-09-25 14:44:57,915 INFO  [PositionJdbcImpl] pf_base currency pf_id=6046 currency = EUR
2014-09-25 14:44:57,915 INFO  [PositionJdbcImpl] Unsettled AC: pf=6046 AC=0.0 pf_count = 646
2014-09-25 14:44:57,916 INFO  [PositionJdbcImpl] pf_base currency pf_id=6044 currency = USD
2014-09-25 14:44:57,916 INFO  [PositionJdbcImpl] Unsettled AC: pf=6044 AC=0.0 pf_count = 647
2014-09-25 14:44:57,917 INFO  [PositionJdbcImpl] pf_base currency pf_id=1707 currency = USD
2014-09-25 14:44:57,918 INFO  [PositionJdbcImpl] Unsettled AC: pf=1707 AC=1.3695790403500002E7 pf_count = 648
2014-09-25 14:44:57,919 INFO  [PositionJdbcImpl] pf_base currency pf_id=6043 currency = USD
2014-09-25 14:44:57,919 INFO  [PositionJdbcImpl] Unsettled AC: pf=6043 AC=0.0 pf_count = 649
2014-09-25 14:44:57,920 INFO  [PositionJdbcImpl] pf_base currency pf_id=6042 currency = USD
2014-09-25 14:44:57,920 INFO  [PositionJdbcImpl] Unsettled AC: pf=6042 AC=0.0 pf_count = 650
2014-09-25 14:44:57,921 INFO  [PositionJdbcImpl] pf_base currency pf_id=6041 currency = USD
2014-09-25 14:44:57,922 INFO  [PositionJdbcImpl] Unsettled AC: pf=6041 AC=55933.33992018085 pf_count = 651
2014-09-25 14:44:57,923 INFO  [PositionJdbcImpl] pf_base currency pf_id=6022 currency = BRL
2014-09-25 14:44:57,924 INFO  [PositionJdbcImpl] Unsettled AC: pf=6022 AC=0.0 pf_count = 652
2014-09-25 14:44:57,925 INFO  [PositionJdbcImpl] pf_base currency pf_id=6023 currency = GBP
2014-09-25 14:44:57,925 INFO  [PositionJdbcImpl] Unsettled AC: pf=6023 AC=0.0 pf_count = 653
2014-09-25 14:44:57,926 INFO  [PositionJdbcImpl] pf_base currency pf_id=6021 currency = USD
2014-09-25 14:44:57,926 INFO  [PositionJdbcImpl] Unsettled AC: pf=6021 AC=179200.0 pf_count = 654
2014-09-25 14:44:57,927 INFO  [PositionJdbcImpl] pf_base currency pf_id=6016 currency = USD
2014-09-25 14:44:57,927 INFO  [PositionJdbcImpl] Unsettled AC: pf=6016 AC=0.0 pf_count = 655
2014-09-25 14:44:57,928 INFO  [PositionJdbcImpl] pf_base currency pf_id=6030 currency = AUD
2014-09-25 14:44:57,928 INFO  [PositionJdbcImpl] Unsettled AC: pf=6030 AC=-23346.680591049902 pf_count = 656
2014-09-25 14:44:57,929 INFO  [PositionJdbcImpl] pf_base currency pf_id=6031 currency = USD
2014-09-25 14:44:57,929 INFO  [PositionJdbcImpl] Unsettled AC: pf=6031 AC=0.0 pf_count = 657
2014-09-25 14:44:57,930 INFO  [PositionJdbcImpl] pf_base currency pf_id=6026 currency = BRL
2014-09-25 14:44:57,931 INFO  [PositionJdbcImpl] Unsettled AC: pf=6026 AC=0.0 pf_count = 658
2014-09-25 14:44:57,931 INFO  [PositionJdbcImpl] pf_base currency pf_id=6027 currency = BRL
2014-09-25 14:44:57,931 INFO  [PositionJdbcImpl] Unsettled AC: pf=6027 AC=1.0175387589924328E7 pf_count = 659
2014-09-25 14:44:57,932 INFO  [PositionJdbcImpl] pf_base currency pf_id=6024 currency = USD
2014-09-25 14:44:57,932 INFO  [PositionJdbcImpl] Unsettled AC: pf=6024 AC=0.0 pf_count = 660
2014-09-25 14:44:57,933 INFO  [PositionJdbcImpl] pf_base currency pf_id=6068 currency = USD
2014-09-25 14:44:57,934 INFO  [PositionJdbcImpl] Unsettled AC: pf=6068 AC=0.0 pf_count = 661
2014-09-25 14:44:57,935 INFO  [PositionJdbcImpl] pf_base currency pf_id=6071 currency = USD
2014-09-25 14:44:57,935 INFO  [PositionJdbcImpl] Unsettled AC: pf=6071 AC=3976560.0 pf_count = 662
2014-09-25 14:44:57,936 INFO  [PositionJdbcImpl] pf_base currency pf_id=6070 currency = USD
2014-09-25 14:44:57,936 INFO  [PositionJdbcImpl] Unsettled AC: pf=6070 AC=0.0 pf_count = 663
2014-09-25 14:44:57,937 INFO  [PositionJdbcImpl] pf_base currency pf_id=6065 currency = JPY
2014-09-25 14:44:57,937 INFO  [PositionJdbcImpl] Unsettled AC: pf=6065 AC=919827.9905999999 pf_count = 664
2014-09-25 14:44:57,938 INFO  [PositionJdbcImpl] pf_base currency pf_id=6064 currency = JPY
2014-09-25 14:44:57,938 INFO  [PositionJdbcImpl] Unsettled AC: pf=6064 AC=0.0 pf_count = 665
2014-09-25 14:44:57,939 INFO  [PositionJdbcImpl] pf_base currency pf_id=6067 currency = USD
2014-09-25 14:44:57,939 INFO  [PositionJdbcImpl] Unsettled AC: pf=6067 AC=0.0 pf_count = 666
2014-09-25 14:44:57,940 INFO  [PositionJdbcImpl] pf_base currency pf_id=6066 currency = USD
2014-09-25 14:44:57,940 INFO  [PositionJdbcImpl] Unsettled AC: pf=6066 AC=0.0 pf_count = 667
2014-09-25 14:44:57,941 INFO  [PositionJdbcImpl] pf_base currency pf_id=6077 currency = AUD
2014-09-25 14:44:57,941 INFO  [PositionJdbcImpl] Unsettled AC: pf=6077 AC=0.0 pf_count = 668
2014-09-25 14:44:57,942 INFO  [PositionJdbcImpl] pf_base currency pf_id=1676 currency = USD
2014-09-25 14:44:57,944 INFO  [PositionJdbcImpl] Unsettled AC: pf=1676 AC=-12849.245034634077 pf_count = 669
2014-09-25 14:44:57,945 INFO  [PositionJdbcImpl] pf_base currency pf_id=6076 currency = GBP
2014-09-25 14:44:57,945 INFO  [PositionJdbcImpl] Unsettled AC: pf=6076 AC=0.0 pf_count = 670
2014-09-25 14:44:57,946 INFO  [PositionJdbcImpl] pf_base currency pf_id=6079 currency = AUD
2014-09-25 14:44:57,946 INFO  [PositionJdbcImpl] Unsettled AC: pf=6079 AC=436302.1132 pf_count = 671
2014-09-25 14:44:57,947 INFO  [PositionJdbcImpl] pf_base currency pf_id=6072 currency = BRL
2014-09-25 14:44:57,948 INFO  [PositionJdbcImpl] Unsettled AC: pf=6072 AC=0.0 pf_count = 672
2014-09-25 14:44:57,948 INFO  [PositionJdbcImpl] pf_base currency pf_id=6075 currency = USD
2014-09-25 14:44:57,949 INFO  [PositionJdbcImpl] Unsettled AC: pf=6075 AC=0.0 pf_count = 673
2014-09-25 14:44:57,949 INFO  [PositionJdbcImpl] pf_base currency pf_id=1684 currency = USD
2014-09-25 14:44:57,951 INFO  [PositionJdbcImpl] Unsettled AC: pf=1684 AC=1252610.9203999997 pf_count = 674
2014-09-25 14:44:57,952 INFO  [PositionJdbcImpl] pf_base currency pf_id=6052 currency = USD
2014-09-25 14:44:57,952 INFO  [PositionJdbcImpl] Unsettled AC: pf=6052 AC=0.0 pf_count = 675
2014-09-25 14:44:57,953 INFO  [PositionJdbcImpl] pf_base currency pf_id=1685 currency = USD
2014-09-25 14:44:57,954 INFO  [PositionJdbcImpl] Unsettled AC: pf=1685 AC=6749556.359999999 pf_count = 676
2014-09-25 14:44:57,955 INFO  [PositionJdbcImpl] pf_base currency pf_id=6053 currency = USD
2014-09-25 14:44:57,955 INFO  [PositionJdbcImpl] Unsettled AC: pf=6053 AC=0.0 pf_count = 677
2014-09-25 14:44:57,956 INFO  [PositionJdbcImpl] pf_base currency pf_id=6055 currency = EUR
2014-09-25 14:44:57,957 INFO  [PositionJdbcImpl] Unsettled AC: pf=6055 AC=433812.5 pf_count = 678
2014-09-25 14:44:57,958 INFO  [PositionJdbcImpl] pf_base currency pf_id=6048 currency = USD
2014-09-25 14:44:57,958 INFO  [PositionJdbcImpl] Unsettled AC: pf=6048 AC=2779475.0 pf_count = 679
2014-09-25 14:44:57,959 INFO  [PositionJdbcImpl] pf_base currency pf_id=6049 currency = USD
2014-09-25 14:44:57,959 INFO  [PositionJdbcImpl] Unsettled AC: pf=6049 AC=1040228.1013657227 pf_count = 680
2014-09-25 14:44:57,960 INFO  [PositionJdbcImpl] pf_base currency pf_id=1692 currency = GBP
2014-09-25 14:44:57,960 INFO  [PositionJdbcImpl] Unsettled AC: pf=1692 AC=0.0 pf_count = 681
2014-09-25 14:44:57,961 INFO  [PositionJdbcImpl] pf_base currency pf_id=6060 currency = USD
2014-09-25 14:44:57,961 INFO  [PositionJdbcImpl] Unsettled AC: pf=6060 AC=0.0 pf_count = 682
2014-09-25 14:44:57,962 INFO  [PositionJdbcImpl] pf_base currency pf_id=6061 currency = AUD
2014-09-25 14:44:57,962 INFO  [PositionJdbcImpl] Unsettled AC: pf=6061 AC=436302.1132 pf_count = 683
2014-09-25 14:44:57,963 INFO  [PositionJdbcImpl] pf_base currency pf_id=6062 currency = USD
2014-09-25 14:44:57,963 INFO  [PositionJdbcImpl] Unsettled AC: pf=6062 AC=0.0 pf_count = 684
2014-09-25 14:44:57,964 INFO  [PositionJdbcImpl] pf_base currency pf_id=6063 currency = JPY
2014-09-25 14:44:57,965 INFO  [PositionJdbcImpl] Unsettled AC: pf=6063 AC=1817903.1299999952 pf_count = 685
2014-09-25 14:44:57,966 INFO  [PositionJdbcImpl] pf_base currency pf_id=6056 currency = USD
2014-09-25 14:44:57,966 INFO  [PositionJdbcImpl] Unsettled AC: pf=6056 AC=0.0 pf_count = 686
2014-09-25 14:44:57,966 INFO  [PositionJdbcImpl] pf_base currency pf_id=6057 currency = BRL
2014-09-25 14:44:57,967 INFO  [PositionJdbcImpl] Unsettled AC: pf=6057 AC=0.0 pf_count = 687
2014-09-25 14:44:57,968 INFO  [PositionJdbcImpl] pf_base currency pf_id=6058 currency = USD
2014-09-25 14:44:57,968 INFO  [PositionJdbcImpl] Unsettled AC: pf=6058 AC=0.0 pf_count = 688
2014-09-25 14:44:57,969 INFO  [PositionJdbcImpl] pf_base currency pf_id=6059 currency = BRL
2014-09-25 14:44:57,969 INFO  [PositionJdbcImpl] Unsettled AC: pf=6059 AC=0.0 pf_count = 689
2014-09-25 14:44:57,970 INFO  [PositionJdbcImpl] pf_base currency pf_id=5705 currency = BRL
2014-09-25 14:44:57,972 INFO  [PositionJdbcImpl] Unsettled AC: pf=5705 AC=0.0 pf_count = 690
2014-09-25 14:44:57,973 INFO  [PositionJdbcImpl] pf_base currency pf_id=1912 currency = HKD
2014-09-25 14:44:57,974 INFO  [PositionJdbcImpl] Unsettled AC: pf=1912 AC=1.82089309842E7 pf_count = 691
2014-09-25 14:44:57,974 INFO  [PositionJdbcImpl] pf_base currency pf_id=5704 currency = BRL
2014-09-25 14:44:57,974 INFO  [PositionJdbcImpl] Unsettled AC: pf=5704 AC=0.0 pf_count = 692
2014-09-25 14:44:57,975 INFO  [PositionJdbcImpl] pf_base currency pf_id=5706 currency = BRL
2014-09-25 14:44:57,976 INFO  [PositionJdbcImpl] Unsettled AC: pf=5706 AC=0.0 pf_count = 693
2014-09-25 14:44:57,977 INFO  [PositionJdbcImpl] pf_base currency pf_id=1917 currency = USD
2014-09-25 14:44:57,977 INFO  [PositionJdbcImpl] Unsettled AC: pf=1917 AC=0.0 pf_count = 694
2014-09-25 14:44:57,978 INFO  [PositionJdbcImpl] pf_base currency pf_id=5709 currency = JPY
2014-09-25 14:44:57,978 INFO  [PositionJdbcImpl] Unsettled AC: pf=5709 AC=0.0 pf_count = 695
2014-09-25 14:44:57,979 INFO  [PositionJdbcImpl] pf_base currency pf_id=5710 currency = JPY
2014-09-25 14:44:57,979 INFO  [PositionJdbcImpl] Unsettled AC: pf=5710 AC=4.0745362639427185E-10 pf_count = 696
2014-09-25 14:44:57,980 INFO  [PositionJdbcImpl] pf_base currency pf_id=1905 currency = USD
2014-09-25 14:44:57,982 INFO  [PositionJdbcImpl] Unsettled AC: pf=1905 AC=4.6011037318340555E7 pf_count = 697
2014-09-25 14:44:57,983 INFO  [PositionJdbcImpl] pf_base currency pf_id=5697 currency = USD
2014-09-25 14:44:57,983 INFO  [PositionJdbcImpl] Unsettled AC: pf=5697 AC=0.0 pf_count = 698
2014-09-25 14:44:57,984 INFO  [PositionJdbcImpl] pf_base currency pf_id=5699 currency = USD
2014-09-25 14:44:57,984 INFO  [PositionJdbcImpl] Unsettled AC: pf=5699 AC=0.0 pf_count = 699
2014-09-25 14:44:57,985 INFO  [PositionJdbcImpl] pf_base currency pf_id=5698 currency = JPY
2014-09-25 14:44:57,985 INFO  [PositionJdbcImpl] Unsettled AC: pf=5698 AC=0.0 pf_count = 700
2014-09-25 14:44:57,986 INFO  [PositionJdbcImpl] pf_base currency pf_id=5701 currency = BRL
2014-09-25 14:44:57,986 INFO  [PositionJdbcImpl] Unsettled AC: pf=5701 AC=0.0 pf_count = 701
2014-09-25 14:44:57,987 INFO  [PositionJdbcImpl] pf_base currency pf_id=5700 currency = BRL
2014-09-25 14:44:57,990 INFO  [PositionJdbcImpl] Unsettled AC: pf=5700 AC=1796.2959999999998 pf_count = 702
2014-09-25 14:44:57,991 INFO  [PositionJdbcImpl] pf_base currency pf_id=1896 currency = USD
2014-09-25 14:44:57,991 INFO  [PositionJdbcImpl] Unsettled AC: pf=1896 AC=0.0 pf_count = 703
2014-09-25 14:44:57,992 INFO  [PositionJdbcImpl] pf_base currency pf_id=5721 currency = USD
2014-09-25 14:44:57,992 INFO  [PositionJdbcImpl] Unsettled AC: pf=5721 AC=0.0 pf_count = 704
2014-09-25 14:44:57,993 INFO  [PositionJdbcImpl] pf_base currency pf_id=5724 currency = USD
2014-09-25 14:44:57,993 INFO  [PositionJdbcImpl] Unsettled AC: pf=5724 AC=8499.69 pf_count = 705
2014-09-25 14:44:57,994 INFO  [PositionJdbcImpl] pf_base currency pf_id=5725 currency = USD
2014-09-25 14:44:57,994 INFO  [PositionJdbcImpl] Unsettled AC: pf=5725 AC=0.0 pf_count = 706
2014-09-25 14:44:57,994 INFO  [PositionJdbcImpl] pf_base currency pf_id=5713 currency = USD
2014-09-25 14:44:57,995 INFO  [PositionJdbcImpl] Unsettled AC: pf=5713 AC=1.1421807352582812E7 pf_count = 707
2014-09-25 14:44:57,996 INFO  [PositionJdbcImpl] pf_base currency pf_id=5714 currency = USD
2014-09-25 14:44:57,996 INFO  [PositionJdbcImpl] Unsettled AC: pf=5714 AC=2003674.8599170134 pf_count = 708
2014-09-25 14:44:57,997 INFO  [PositionJdbcImpl] pf_base currency pf_id=1893 currency = EUR
2014-09-25 14:44:57,998 INFO  [PositionJdbcImpl] Unsettled AC: pf=1893 AC=406037.59137319506 pf_count = 709
2014-09-25 14:44:57,998 INFO  [PositionJdbcImpl] pf_base currency pf_id=1894 currency = USD
2014-09-25 14:44:57,998 INFO  [PositionJdbcImpl] Unsettled AC: pf=1894 AC=-7644627.310363871 pf_count = 710
2014-09-25 14:44:57,999 INFO  [PositionJdbcImpl] pf_base currency pf_id=5718 currency = BRL
2014-09-25 14:44:58,000 INFO  [PositionJdbcImpl] Unsettled AC: pf=5718 AC=0.0 pf_count = 711
2014-09-25 14:44:58,001 INFO  [PositionJdbcImpl] pf_base currency pf_id=5719 currency = BRL
2014-09-25 14:44:58,001 INFO  [PositionJdbcImpl] Unsettled AC: pf=5719 AC=0.0 pf_count = 712
2014-09-25 14:44:58,001 INFO  [PositionJdbcImpl] pf_base currency pf_id=5738 currency = USD
2014-09-25 14:44:58,002 INFO  [PositionJdbcImpl] Unsettled AC: pf=5738 AC=1638690.1600000001 pf_count = 713
2014-09-25 14:44:58,003 INFO  [PositionJdbcImpl] pf_base currency pf_id=5737 currency = EUR
2014-09-25 14:44:58,003 INFO  [PositionJdbcImpl] Unsettled AC: pf=5737 AC=8.87666828930378E-10 pf_count = 714
2014-09-25 14:44:58,004 INFO  [PositionJdbcImpl] pf_base currency pf_id=5743 currency = GBP
2014-09-25 14:44:58,004 INFO  [PositionJdbcImpl] Unsettled AC: pf=5743 AC=8.9093593558664 pf_count = 715
2014-09-25 14:44:58,004 INFO  [PositionJdbcImpl] pf_base currency pf_id=5741 currency = BRL
2014-09-25 14:44:58,005 INFO  [PositionJdbcImpl] Unsettled AC: pf=5741 AC=0.0 pf_count = 716
2014-09-25 14:44:58,005 INFO  [PositionJdbcImpl] pf_base currency pf_id=5733 currency = GBP
2014-09-25 14:44:58,005 INFO  [PositionJdbcImpl] Unsettled AC: pf=5733 AC=0.0 pf_count = 717
2014-09-25 14:44:58,006 INFO  [PositionJdbcImpl] pf_base currency pf_id=5732 currency = BRL
2014-09-25 14:44:58,007 INFO  [PositionJdbcImpl] Unsettled AC: pf=5732 AC=0.0 pf_count = 718
2014-09-25 14:44:58,008 INFO  [PositionJdbcImpl] pf_base currency pf_id=5752 currency = BRL
2014-09-25 14:44:58,008 INFO  [PositionJdbcImpl] Unsettled AC: pf=5752 AC=0.0 pf_count = 719
2014-09-25 14:44:58,008 INFO  [PositionJdbcImpl] pf_base currency pf_id=5758 currency = USD
2014-09-25 14:44:58,008 INFO  [PositionJdbcImpl] Unsettled AC: pf=5758 AC=0.0 pf_count = 720
2014-09-25 14:44:58,009 INFO  [PositionJdbcImpl] pf_base currency pf_id=5757 currency = USD
2014-09-25 14:44:58,010 INFO  [PositionJdbcImpl] Unsettled AC: pf=5757 AC=0.0 pf_count = 721
2014-09-25 14:44:58,011 INFO  [PositionJdbcImpl] pf_base currency pf_id=5746 currency = GBP
2014-09-25 14:44:58,011 INFO  [PositionJdbcImpl] Unsettled AC: pf=5746 AC=4343.898403301835 pf_count = 722
2014-09-25 14:44:58,012 INFO  [PositionJdbcImpl] pf_base currency pf_id=5747 currency = USD
2014-09-25 14:44:58,013 INFO  [PositionJdbcImpl] Unsettled AC: pf=5747 AC=1.2162688874640006E8 pf_count = 723
2014-09-25 14:44:58,014 INFO  [PositionJdbcImpl] pf_base currency pf_id=5745 currency = GBP
2014-09-25 14:44:58,014 INFO  [PositionJdbcImpl] Unsettled AC: pf=5745 AC=2.3283064365386963E-10 pf_count = 724
2014-09-25 14:44:58,015 INFO  [PositionJdbcImpl] pf_base currency pf_id=1860 currency = USD
2014-09-25 14:44:58,017 INFO  [PositionJdbcImpl] Unsettled AC: pf=1860 AC=8131629.712200001 pf_count = 725
2014-09-25 14:44:58,017 INFO  [PositionJdbcImpl] pf_base currency pf_id=5749 currency = BRL
2014-09-25 14:44:58,019 INFO  [PositionJdbcImpl] Unsettled AC: pf=5749 AC=94192.42989999999 pf_count = 726
2014-09-25 14:44:58,020 INFO  [PositionJdbcImpl] pf_base currency pf_id=1849 currency = USD
2014-09-25 14:44:58,021 INFO  [PositionJdbcImpl] Unsettled AC: pf=1849 AC=4.527208942E7 pf_count = 727
2014-09-25 14:44:58,022 INFO  [PositionJdbcImpl] pf_base currency pf_id=5641 currency = BRL
2014-09-25 14:44:58,022 INFO  [PositionJdbcImpl] Unsettled AC: pf=5641 AC=0.0 pf_count = 728
2014-09-25 14:44:58,023 INFO  [PositionJdbcImpl] pf_base currency pf_id=5640 currency = USD
2014-09-25 14:44:58,024 INFO  [PositionJdbcImpl] Unsettled AC: pf=5640 AC=1390320.9571000095 pf_count = 729
2014-09-25 14:44:58,025 INFO  [PositionJdbcImpl] pf_base currency pf_id=5643 currency = BRL
2014-09-25 14:44:58,029 INFO  [PositionJdbcImpl] Unsettled AC: pf=5643 AC=8309.810399999998 pf_count = 730
2014-09-25 14:44:58,030 INFO  [PositionJdbcImpl] pf_base currency pf_id=5642 currency = BRL
2014-09-25 14:44:58,030 INFO  [PositionJdbcImpl] Unsettled AC: pf=5642 AC=0.0 pf_count = 731
2014-09-25 14:44:58,031 INFO  [PositionJdbcImpl] pf_base currency pf_id=5633 currency = JPY
2014-09-25 14:44:58,031 INFO  [PositionJdbcImpl] Unsettled AC: pf=5633 AC=-956969.0084111933 pf_count = 732
2014-09-25 14:44:58,032 INFO  [PositionJdbcImpl] pf_base currency pf_id=5632 currency = JPY
2014-09-25 14:44:58,032 INFO  [PositionJdbcImpl] Unsettled AC: pf=5632 AC=426255.25 pf_count = 733
2014-09-25 14:44:58,033 INFO  [PositionJdbcImpl] pf_base currency pf_id=1843 currency = USD
2014-09-25 14:44:58,035 INFO  [PositionJdbcImpl] Unsettled AC: pf=1843 AC=1.965761950383961E8 pf_count = 734
2014-09-25 14:44:58,036 INFO  [PositionJdbcImpl] pf_base currency pf_id=5634 currency = HKD
2014-09-25 14:44:58,036 INFO  [PositionJdbcImpl] Unsettled AC: pf=5634 AC=0.0 pf_count = 735
2014-09-25 14:44:58,037 INFO  [PositionJdbcImpl] pf_base currency pf_id=1828 currency = USD
2014-09-25 14:44:58,037 INFO  [PositionJdbcImpl] Unsettled AC: pf=1828 AC=1.3921144560000002E7 pf_count = 736
2014-09-25 14:44:58,038 INFO  [PositionJdbcImpl] pf_base currency pf_id=5652 currency = EUR
2014-09-25 14:44:58,038 INFO  [PositionJdbcImpl] Unsettled AC: pf=5652 AC=12421.156758475117 pf_count = 737
2014-09-25 14:44:58,039 INFO  [PositionJdbcImpl] pf_base currency pf_id=1829 currency = USD
2014-09-25 14:44:58,039 INFO  [PositionJdbcImpl] Unsettled AC: pf=1829 AC=0.0 pf_count = 738
2014-09-25 14:44:58,040 INFO  [PositionJdbcImpl] pf_base currency pf_id=1830 currency = USD
2014-09-25 14:44:58,041 INFO  [PositionJdbcImpl] Unsettled AC: pf=1830 AC=2.7971288019172557E7 pf_count = 739
2014-09-25 14:44:58,042 INFO  [PositionJdbcImpl] pf_base currency pf_id=1824 currency = USD
2014-09-25 14:44:58,042 INFO  [PositionJdbcImpl] Unsettled AC: pf=1824 AC=0.0 pf_count = 740
2014-09-25 14:44:58,043 INFO  [PositionJdbcImpl] pf_base currency pf_id=5649 currency = USD
2014-09-25 14:44:58,043 INFO  [PositionJdbcImpl] Unsettled AC: pf=5649 AC=-2037220.09 pf_count = 741
2014-09-25 14:44:58,044 INFO  [PositionJdbcImpl] pf_base currency pf_id=1823 currency = USD
2014-09-25 14:44:58,044 INFO  [PositionJdbcImpl] Unsettled AC: pf=1823 AC=0.0 pf_count = 742
2014-09-25 14:44:58,044 INFO  [PositionJdbcImpl] pf_base currency pf_id=5674 currency = BRL
2014-09-25 14:44:58,047 INFO  [PositionJdbcImpl] Unsettled AC: pf=5674 AC=0.0 pf_count = 743
2014-09-25 14:44:58,048 INFO  [PositionJdbcImpl] pf_base currency pf_id=5671 currency = BRL
2014-09-25 14:44:58,048 INFO  [PositionJdbcImpl] Unsettled AC: pf=5671 AC=0.0 pf_count = 744
2014-09-25 14:44:58,049 INFO  [PositionJdbcImpl] pf_base currency pf_id=5670 currency = USD
2014-09-25 14:44:58,050 INFO  [PositionJdbcImpl] Unsettled AC: pf=5670 AC=41760.0 pf_count = 745
2014-09-25 14:44:58,051 INFO  [PositionJdbcImpl] pf_base currency pf_id=5669 currency = BRL
2014-09-25 14:44:58,051 INFO  [PositionJdbcImpl] Unsettled AC: pf=5669 AC=0.0 pf_count = 746
2014-09-25 14:44:58,052 INFO  [PositionJdbcImpl] pf_base currency pf_id=5665 currency = USD
2014-09-25 14:44:58,052 INFO  [PositionJdbcImpl] Unsettled AC: pf=5665 AC=0.0 pf_count = 747
2014-09-25 14:44:58,053 INFO  [PositionJdbcImpl] pf_base currency pf_id=5664 currency = EUR
2014-09-25 14:44:58,053 INFO  [PositionJdbcImpl] Unsettled AC: pf=5664 AC=5.820766091346741E-11 pf_count = 748
2014-09-25 14:44:58,054 INFO  [PositionJdbcImpl] pf_base currency pf_id=5690 currency = USD
2014-09-25 14:44:58,054 INFO  [PositionJdbcImpl] Unsettled AC: pf=5690 AC=0.0 pf_count = 749
2014-09-25 14:44:58,055 INFO  [PositionJdbcImpl] pf_base currency pf_id=5691 currency = USD
2014-09-25 14:44:58,056 INFO  [PositionJdbcImpl] Unsettled AC: pf=5691 AC=0.0 pf_count = 750
2014-09-25 14:44:58,057 INFO  [PositionJdbcImpl] pf_base currency pf_id=5688 currency = USD
2014-09-25 14:44:58,057 INFO  [PositionJdbcImpl] Unsettled AC: pf=5688 AC=2006250.0 pf_count = 751
2014-09-25 14:44:58,058 INFO  [PositionJdbcImpl] pf_base currency pf_id=5689 currency = USD
2014-09-25 14:44:58,059 INFO  [PositionJdbcImpl] Unsettled AC: pf=5689 AC=-1.1641532182693481E-10 pf_count = 752
2014-09-25 14:44:58,060 INFO  [PositionJdbcImpl] pf_base currency pf_id=1798 currency = USD
2014-09-25 14:44:58,061 INFO  [PositionJdbcImpl] Unsettled AC: pf=1798 AC=508808.3717170001 pf_count = 753
2014-09-25 14:44:58,061 INFO  [PositionJdbcImpl] pf_base currency pf_id=2034 currency = USD
2014-09-25 14:44:58,062 INFO  [PositionJdbcImpl] Unsettled AC: pf=2034 AC=1647930.6775546873 pf_count = 754
2014-09-25 14:44:58,063 INFO  [PositionJdbcImpl] pf_base currency pf_id=2043 currency = USD
2014-09-25 14:44:58,063 INFO  [PositionJdbcImpl] Unsettled AC: pf=2043 AC=69947.53 pf_count = 755
2014-09-25 14:44:58,064 INFO  [PositionJdbcImpl] pf_base currency pf_id=5837 currency = BRL
2014-09-25 14:44:58,064 INFO  [PositionJdbcImpl] Unsettled AC: pf=5837 AC=0.0 pf_count = 756
2014-09-25 14:44:58,065 INFO  [PositionJdbcImpl] pf_base currency pf_id=5839 currency = SGD
2014-09-25 14:44:58,065 INFO  [PositionJdbcImpl] Unsettled AC: pf=5839 AC=0.0 pf_count = 757
2014-09-25 14:44:58,066 INFO  [PositionJdbcImpl] pf_base currency pf_id=5841 currency = AUD
2014-09-25 14:44:58,066 INFO  [PositionJdbcImpl] Unsettled AC: pf=5841 AC=436302.1132 pf_count = 758
2014-09-25 14:44:58,067 INFO  [PositionJdbcImpl] pf_base currency pf_id=2019 currency = USD
2014-09-25 14:44:58,068 INFO  [PositionJdbcImpl] Unsettled AC: pf=2019 AC=2.103788266751311E7 pf_count = 759
2014-09-25 14:44:58,069 INFO  [PositionJdbcImpl] pf_base currency pf_id=5845 currency = USD
2014-09-25 14:44:58,070 INFO  [PositionJdbcImpl] Unsettled AC: pf=5845 AC=1.0554995581901047E7 pf_count = 760
2014-09-25 14:44:58,071 INFO  [PositionJdbcImpl] pf_base currency pf_id=2020 currency = EUR
2014-09-25 14:44:58,071 INFO  [PositionJdbcImpl] Unsettled AC: pf=2020 AC=0.0 pf_count = 761
2014-09-25 14:44:58,072 INFO  [PositionJdbcImpl] pf_base currency pf_id=5846 currency = USD
2014-09-25 14:44:58,073 INFO  [PositionJdbcImpl] Unsettled AC: pf=5846 AC=-3081165.048834507 pf_count = 762
2014-09-25 14:44:58,073 INFO  [PositionJdbcImpl] pf_base currency pf_id=2027 currency = USD
2014-09-25 14:44:58,075 INFO  [PositionJdbcImpl] Unsettled AC: pf=2027 AC=2.6848144492376987E7 pf_count = 763
2014-09-25 14:44:58,076 INFO  [PositionJdbcImpl] pf_base currency pf_id=5854 currency = USD
2014-09-25 14:44:58,076 INFO  [PositionJdbcImpl] Unsettled AC: pf=5854 AC=0.0 pf_count = 764
2014-09-25 14:44:58,077 INFO  [PositionJdbcImpl] pf_base currency pf_id=5858 currency = JPY
2014-09-25 14:44:58,077 INFO  [PositionJdbcImpl] Unsettled AC: pf=5858 AC=-648142.2419267867 pf_count = 765
2014-09-25 14:44:58,078 INFO  [PositionJdbcImpl] pf_base currency pf_id=2001 currency = USD
2014-09-25 14:44:58,079 INFO  [PositionJdbcImpl] Unsettled AC: pf=2001 AC=1059255.0291725534 pf_count = 766
2014-09-25 14:44:58,080 INFO  [PositionJdbcImpl] pf_base currency pf_id=5857 currency = JPY
2014-09-25 14:44:58,081 INFO  [PositionJdbcImpl] Unsettled AC: pf=5857 AC=9918630.000319999 pf_count = 767
2014-09-25 14:44:58,082 INFO  [PositionJdbcImpl] pf_base currency pf_id=5861 currency = USD
2014-09-25 14:44:58,082 INFO  [PositionJdbcImpl] Unsettled AC: pf=5861 AC=3442443.199023592 pf_count = 768
2014-09-25 14:44:58,083 INFO  [PositionJdbcImpl] pf_base currency pf_id=2011 currency = USD
2014-09-25 14:44:58,083 INFO  [PositionJdbcImpl] Unsettled AC: pf=2011 AC=0.0 pf_count = 769
2014-09-25 14:44:58,084 INFO  [PositionJdbcImpl] pf_base currency pf_id=2008 currency = USD
2014-09-25 14:44:58,084 INFO  [PositionJdbcImpl] Unsettled AC: pf=2008 AC=0.0 pf_count = 770
2014-09-25 14:44:58,085 INFO  [PositionJdbcImpl] pf_base currency pf_id=5865 currency = USD
2014-09-25 14:44:58,086 INFO  [PositionJdbcImpl] Unsettled AC: pf=5865 AC=1.0162305405028189E7 pf_count = 771
2014-09-25 14:44:58,087 INFO  [PositionJdbcImpl] pf_base currency pf_id=2015 currency = GBP
2014-09-25 14:44:58,087 INFO  [PositionJdbcImpl] Unsettled AC: pf=2015 AC=3491510.5414000023 pf_count = 772
2014-09-25 14:44:58,088 INFO  [PositionJdbcImpl] pf_base currency pf_id=2012 currency = USD
2014-09-25 14:44:58,089 INFO  [PositionJdbcImpl] Unsettled AC: pf=2012 AC=639208.6399999999 pf_count = 773
2014-09-25 14:44:58,090 INFO  [PositionJdbcImpl] pf_base currency pf_id=5869 currency = BRL
2014-09-25 14:44:58,090 INFO  [PositionJdbcImpl] Unsettled AC: pf=5869 AC=0.0 pf_count = 774
2014-09-25 14:44:58,091 INFO  [PositionJdbcImpl] pf_base currency pf_id=1987 currency = GBP
2014-09-25 14:44:58,092 INFO  [PositionJdbcImpl] Unsettled AC: pf=1987 AC=7417393.345710051 pf_count = 775
2014-09-25 14:44:58,092 INFO  [PositionJdbcImpl] pf_base currency pf_id=1984 currency = EUR
2014-09-25 14:44:58,093 INFO  [PositionJdbcImpl] Unsettled AC: pf=1984 AC=0.0 pf_count = 776
2014-09-25 14:44:58,093 INFO  [PositionJdbcImpl] pf_base currency pf_id=5879 currency = BRL
2014-09-25 14:44:58,093 INFO  [PositionJdbcImpl] Unsettled AC: pf=5879 AC=0.0 pf_count = 777
2014-09-25 14:44:58,094 INFO  [PositionJdbcImpl] pf_base currency pf_id=5877 currency = BRL
2014-09-25 14:44:58,094 INFO  [PositionJdbcImpl] Unsettled AC: pf=5877 AC=0.0 pf_count = 778
2014-09-25 14:44:58,095 INFO  [PositionJdbcImpl] pf_base currency pf_id=5876 currency = GBP
2014-09-25 14:44:58,096 INFO  [PositionJdbcImpl] Unsettled AC: pf=5876 AC=3836690.7606150573 pf_count = 779
2014-09-25 14:44:58,097 INFO  [PositionJdbcImpl] pf_base currency pf_id=1995 currency = USD
2014-09-25 14:44:58,097 INFO  [PositionJdbcImpl] Unsettled AC: pf=1995 AC=0.0 pf_count = 780
2014-09-25 14:44:58,098 INFO  [PositionJdbcImpl] pf_base currency pf_id=5883 currency = BRL
2014-09-25 14:44:58,100 INFO  [PositionJdbcImpl] Unsettled AC: pf=5883 AC=20594.009328983106 pf_count = 781
2014-09-25 14:44:58,101 INFO  [PositionJdbcImpl] pf_base currency pf_id=1994 currency = USD
2014-09-25 14:44:58,101 INFO  [PositionJdbcImpl] Unsettled AC: pf=1994 AC=0.0 pf_count = 782
2014-09-25 14:44:58,102 INFO  [PositionJdbcImpl] pf_base currency pf_id=5882 currency = BRL
2014-09-25 14:44:58,102 INFO  [PositionJdbcImpl] Unsettled AC: pf=5882 AC=0.0 pf_count = 783
2014-09-25 14:44:58,103 INFO  [PositionJdbcImpl] pf_base currency pf_id=5881 currency = USD
2014-09-25 14:44:58,103 INFO  [PositionJdbcImpl] Unsettled AC: pf=5881 AC=0.0 pf_count = 784
2014-09-25 14:44:58,104 INFO  [PositionJdbcImpl] pf_base currency pf_id=5880 currency = BRL
2014-09-25 14:44:58,104 INFO  [PositionJdbcImpl] Unsettled AC: pf=5880 AC=0.0 pf_count = 785
2014-09-25 14:44:58,105 INFO  [PositionJdbcImpl] pf_base currency pf_id=5886 currency = USD
2014-09-25 14:44:58,105 INFO  [PositionJdbcImpl] Unsettled AC: pf=5886 AC=0.0 pf_count = 786
2014-09-25 14:44:58,106 INFO  [PositionJdbcImpl] pf_base currency pf_id=1996 currency = USD
2014-09-25 14:44:58,106 INFO  [PositionJdbcImpl] Unsettled AC: pf=1996 AC=0.0 pf_count = 787
2014-09-25 14:44:58,107 INFO  [PositionJdbcImpl] pf_base currency pf_id=5884 currency = USD
2014-09-25 14:44:58,109 INFO  [PositionJdbcImpl] Unsettled AC: pf=5884 AC=218461.59999999998 pf_count = 788
2014-09-25 14:44:58,110 INFO  [PositionJdbcImpl] pf_base currency pf_id=1972 currency = USD
2014-09-25 14:44:58,111 INFO  [PositionJdbcImpl] Unsettled AC: pf=1972 AC=5270525.0 pf_count = 789
2014-09-25 14:44:58,111 INFO  [PositionJdbcImpl] pf_base currency pf_id=1974 currency = USD
2014-09-25 14:44:58,113 INFO  [PositionJdbcImpl] Unsettled AC: pf=1974 AC=1.7435482721666664E7 pf_count = 790
2014-09-25 14:44:58,113 INFO  [PositionJdbcImpl] pf_base currency pf_id=1975 currency = USD
2014-09-25 14:44:58,114 INFO  [PositionJdbcImpl] Unsettled AC: pf=1975 AC=1.99997278E7 pf_count = 791
2014-09-25 14:44:58,114 INFO  [PositionJdbcImpl] pf_base currency pf_id=5767 currency = BRL
2014-09-25 14:44:58,117 INFO  [PositionJdbcImpl] Unsettled AC: pf=5767 AC=-2853.5295946926503 pf_count = 792
2014-09-25 14:44:58,118 INFO  [PositionJdbcImpl] pf_base currency pf_id=5760 currency = USD
2014-09-25 14:44:58,118 INFO  [PositionJdbcImpl] Unsettled AC: pf=5760 AC=7338686.4 pf_count = 793
2014-09-25 14:44:58,119 INFO  [PositionJdbcImpl] pf_base currency pf_id=1970 currency = USD
2014-09-25 14:44:58,120 INFO  [PositionJdbcImpl] Unsettled AC: pf=1970 AC=-95362.06999999986 pf_count = 794
2014-09-25 14:44:58,121 INFO  [PositionJdbcImpl] pf_base currency pf_id=5773 currency = GBP
2014-09-25 14:44:58,121 INFO  [PositionJdbcImpl] Unsettled AC: pf=5773 AC=2.1827872842550278E-11 pf_count = 795
2014-09-25 14:44:58,122 INFO  [PositionJdbcImpl] pf_base currency pf_id=5774 currency = BRL
2014-09-25 14:44:58,123 INFO  [PositionJdbcImpl] Unsettled AC: pf=5774 AC=0.0 pf_count = 796
2014-09-25 14:44:58,124 INFO  [PositionJdbcImpl] pf_base currency pf_id=1983 currency = USD
2014-09-25 14:44:58,125 INFO  [PositionJdbcImpl] Unsettled AC: pf=1983 AC=2.649448804014929E7 pf_count = 797
2014-09-25 14:44:58,126 INFO  [PositionJdbcImpl] pf_base currency pf_id=5775 currency = BRL
2014-09-25 14:44:58,127 INFO  [PositionJdbcImpl] Unsettled AC: pf=5775 AC=0.0 pf_count = 798
2014-09-25 14:44:58,127 INFO  [PositionJdbcImpl] pf_base currency pf_id=5768 currency = USD
2014-09-25 14:44:58,127 INFO  [PositionJdbcImpl] Unsettled AC: pf=5768 AC=0.0 pf_count = 799
2014-09-25 14:44:58,128 INFO  [PositionJdbcImpl] pf_base currency pf_id=5769 currency = AUD
2014-09-25 14:44:58,128 INFO  [PositionJdbcImpl] Unsettled AC: pf=5769 AC=-2535953.499311802 pf_count = 800
2014-09-25 14:44:58,129 INFO  [PositionJdbcImpl] pf_base currency pf_id=5771 currency = BRL
2014-09-25 14:44:58,133 INFO  [PositionJdbcImpl] Unsettled AC: pf=5771 AC=508348.99982134346 pf_count = 801
2014-09-25 14:44:58,134 INFO  [PositionJdbcImpl] pf_base currency pf_id=5780 currency = EUR
2014-09-25 14:44:58,134 INFO  [PositionJdbcImpl] Unsettled AC: pf=5780 AC=-3926.773482914012 pf_count = 802
2014-09-25 14:44:58,135 INFO  [PositionJdbcImpl] pf_base currency pf_id=1959 currency = USD
2014-09-25 14:44:58,135 INFO  [PositionJdbcImpl] Unsettled AC: pf=1959 AC=459244.7823594976 pf_count = 803
2014-09-25 14:44:58,136 INFO  [PositionJdbcImpl] pf_base currency pf_id=5782 currency = USD
2014-09-25 14:44:58,136 INFO  [PositionJdbcImpl] Unsettled AC: pf=5782 AC=0.0 pf_count = 804
2014-09-25 14:44:58,137 INFO  [PositionJdbcImpl] pf_base currency pf_id=1952 currency = USD
2014-09-25 14:44:58,138 INFO  [PositionJdbcImpl] Unsettled AC: pf=1952 AC=1875325.6871359376 pf_count = 805
2014-09-25 14:44:58,139 INFO  [PositionJdbcImpl] pf_base currency pf_id=5779 currency = USD
2014-09-25 14:44:58,139 INFO  [PositionJdbcImpl] Unsettled AC: pf=5779 AC=0.0 pf_count = 806
2014-09-25 14:44:58,140 INFO  [PositionJdbcImpl] pf_base currency pf_id=1954 currency = USD
2014-09-25 14:44:58,141 INFO  [PositionJdbcImpl] Unsettled AC: pf=1954 AC=2160215.12 pf_count = 807
2014-09-25 14:44:58,142 INFO  [PositionJdbcImpl] pf_base currency pf_id=5788 currency = USD
2014-09-25 14:44:58,142 INFO  [PositionJdbcImpl] Unsettled AC: pf=5788 AC=1.3526392486000001E7 pf_count = 808
2014-09-25 14:44:58,143 INFO  [PositionJdbcImpl] pf_base currency pf_id=1966 currency = USD
2014-09-25 14:44:58,144 INFO  [PositionJdbcImpl] Unsettled AC: pf=1966 AC=3137844.1899999995 pf_count = 809
2014-09-25 14:44:58,145 INFO  [PositionJdbcImpl] pf_base currency pf_id=1961 currency = USD
2014-09-25 14:44:58,146 INFO  [PositionJdbcImpl] Unsettled AC: pf=1961 AC=2755582.9762999997 pf_count = 810
2014-09-25 14:44:58,147 INFO  [PositionJdbcImpl] pf_base currency pf_id=1963 currency = USD
2014-09-25 14:44:58,148 INFO  [PositionJdbcImpl] Unsettled AC: pf=1963 AC=-23293.421998635866 pf_count = 811
2014-09-25 14:44:58,149 INFO  [PositionJdbcImpl] pf_base currency pf_id=5787 currency = USD
2014-09-25 14:44:58,149 INFO  [PositionJdbcImpl] Unsettled AC: pf=5787 AC=9231466.809 pf_count = 812
2014-09-25 14:44:58,150 INFO  [PositionJdbcImpl] pf_base currency pf_id=5796 currency = USD
2014-09-25 14:44:58,150 INFO  [PositionJdbcImpl] Unsettled AC: pf=5796 AC=0.0 pf_count = 813
2014-09-25 14:44:58,151 INFO  [PositionJdbcImpl] pf_base currency pf_id=1941 currency = USD
2014-09-25 14:44:58,151 INFO  [PositionJdbcImpl] Unsettled AC: pf=1941 AC=-10749.999999996275 pf_count = 814
2014-09-25 14:44:58,152 INFO  [PositionJdbcImpl] pf_base currency pf_id=5797 currency = BRL
2014-09-25 14:44:58,152 INFO  [PositionJdbcImpl] Unsettled AC: pf=5797 AC=0.0 pf_count = 815
2014-09-25 14:44:58,153 INFO  [PositionJdbcImpl] pf_base currency pf_id=5794 currency = EUR
2014-09-25 14:44:58,153 INFO  [PositionJdbcImpl] Unsettled AC: pf=5794 AC=2.3283064365386963E-10 pf_count = 816
2014-09-25 14:44:58,154 INFO  [PositionJdbcImpl] pf_base currency pf_id=1936 currency = USD
2014-09-25 14:44:58,154 INFO  [PositionJdbcImpl] Unsettled AC: pf=1936 AC=0.0 pf_count = 817
2014-09-25 14:44:58,155 INFO  [PositionJdbcImpl] pf_base currency pf_id=5793 currency = USD
2014-09-25 14:44:58,155 INFO  [PositionJdbcImpl] Unsettled AC: pf=5793 AC=0.0 pf_count = 818
2014-09-25 14:44:58,156 INFO  [PositionJdbcImpl] pf_base currency pf_id=5807 currency = BRL
2014-09-25 14:44:58,157 INFO  [PositionJdbcImpl] Unsettled AC: pf=5807 AC=-5474.44801492692 pf_count = 819
2014-09-25 14:44:58,158 INFO  [PositionJdbcImpl] pf_base currency pf_id=1946 currency = USD
2014-09-25 14:44:58,160 INFO  [PositionJdbcImpl] Unsettled AC: pf=1946 AC=6.3540262652932554E7 pf_count = 820
2014-09-25 14:44:58,161 INFO  [PositionJdbcImpl] pf_base currency pf_id=1947 currency = USD
2014-09-25 14:44:58,162 INFO  [PositionJdbcImpl] Unsettled AC: pf=1947 AC=0.0 pf_count = 821
2014-09-25 14:44:58,162 INFO  [PositionJdbcImpl] pf_base currency pf_id=1927 currency = USD
2014-09-25 14:44:58,163 INFO  [PositionJdbcImpl] Unsettled AC: pf=1927 AC=0.0 pf_count = 822
2014-09-25 14:44:58,164 INFO  [PositionJdbcImpl] pf_base currency pf_id=1926 currency = USD
2014-09-25 14:44:58,164 INFO  [PositionJdbcImpl] Unsettled AC: pf=1926 AC=0.0 pf_count = 823
2014-09-25 14:44:58,165 INFO  [PositionJdbcImpl] pf_base currency pf_id=1925 currency = CAD
2014-09-25 14:44:58,165 INFO  [PositionJdbcImpl] Unsettled AC: pf=1925 AC=0.0 pf_count = 824
2014-09-25 14:44:58,166 INFO  [PositionJdbcImpl] pf_base currency pf_id=1920 currency = USD
2014-09-25 14:44:58,168 INFO  [PositionJdbcImpl] Unsettled AC: pf=1920 AC=2.012406702750454E7 pf_count = 825
2014-09-25 14:44:58,169 INFO  [PositionJdbcImpl] pf_base currency pf_id=5821 currency = BRL
2014-09-25 14:44:58,169 INFO  [PositionJdbcImpl] Unsettled AC: pf=5821 AC=0.0 pf_count = 826
2014-09-25 14:44:58,170 INFO  [PositionJdbcImpl] pf_base currency pf_id=1932 currency = SGD
2014-09-25 14:44:58,170 INFO  [PositionJdbcImpl] Unsettled AC: pf=1932 AC=3.933849609E7 pf_count = 827
2014-09-25 14:44:58,171 INFO  [PositionJdbcImpl] pf_base currency pf_id=1931 currency = USD
2014-09-25 14:44:58,173 INFO  [PositionJdbcImpl] Unsettled AC: pf=1931 AC=2006363.8945833333 pf_count = 828
2014-09-25 14:44:58,174 INFO  [PositionJdbcImpl] pf_base currency pf_id=5818 currency = USD
2014-09-25 14:44:58,174 INFO  [PositionJdbcImpl] Unsettled AC: pf=5818 AC=0.0 pf_count = 829
2014-09-25 14:44:58,174 INFO  [PositionJdbcImpl] pf_base currency pf_id=1929 currency = USD
2014-09-25 14:44:58,176 INFO  [PositionJdbcImpl] Unsettled AC: pf=1929 AC=8.18409849015499E7 pf_count = 830
2014-09-25 14:44:58,177 INFO  [PositionJdbcImpl] pf_base currency pf_id=5817 currency = USD
2014-09-25 14:44:58,177 INFO  [PositionJdbcImpl] Unsettled AC: pf=5817 AC=0.0 pf_count = 831
2014-09-25 14:44:58,180 INFO  [PositionJdbcImpl] pf_base currency pf_id=6568 currency = EUR
2014-09-25 14:44:58,180 INFO  [PositionJdbcImpl] Unsettled AC: pf=6568 AC=-1.7280399333685637E-11 pf_count = 832
2014-09-25 14:44:58,181 INFO  [PositionJdbcImpl] pf_base currency pf_id=6569 currency = EUR
2014-09-25 14:44:58,181 INFO  [PositionJdbcImpl] Unsettled AC: pf=6569 AC=6.821210263296962E-12 pf_count = 833
2014-09-25 14:44:58,187 INFO  [PositionJdbcImpl] pf_base currency pf_id=2204 currency = USD
2014-09-25 14:44:58,187 INFO  [PositionJdbcImpl] Unsettled AC: pf=2204 AC=0.0 pf_count = 834
2014-09-25 14:44:58,188 INFO  [PositionJdbcImpl] pf_base currency pf_id=6572 currency = USD
2014-09-25 14:44:58,189 INFO  [PositionJdbcImpl] Unsettled AC: pf=6572 AC=5709400.062968753 pf_count = 835
2014-09-25 14:44:58,190 INFO  [PositionJdbcImpl] pf_base currency pf_id=6573 currency = USD
2014-09-25 14:44:58,191 INFO  [PositionJdbcImpl] Unsettled AC: pf=6573 AC=2786330.22137808 pf_count = 836
2014-09-25 14:44:58,192 INFO  [PositionJdbcImpl] pf_base currency pf_id=2206 currency = USD
2014-09-25 14:44:58,193 INFO  [PositionJdbcImpl] Unsettled AC: pf=2206 AC=5136131.649198768 pf_count = 837
2014-09-25 14:44:58,194 INFO  [PositionJdbcImpl] pf_base currency pf_id=6565 currency = EUR
2014-09-25 14:44:58,194 INFO  [PositionJdbcImpl] Unsettled AC: pf=6565 AC=-1.1641532182693481E-10 pf_count = 838
2014-09-25 14:44:58,195 INFO  [PositionJdbcImpl] pf_base currency pf_id=2198 currency = USD
2014-09-25 14:44:58,196 INFO  [PositionJdbcImpl] Unsettled AC: pf=2198 AC=1.0836773237932181E8 pf_count = 839
176.485: [GC 176.485: [ParNew: 36254K->3211K(38336K), 0.0066850 secs] 540304K->507260K(1065664K), 0.0067620 secs] [Times: user=0.02 sys=0.00, real=0.01 secs] 
2014-09-25 14:44:58,204 INFO  [PositionJdbcImpl] pf_base currency pf_id=6566 currency = USD
2014-09-25 14:44:58,204 INFO  [PositionJdbcImpl] Unsettled AC: pf=6566 AC=0.0 pf_count = 840
2014-09-25 14:44:58,205 INFO  [PositionJdbcImpl] pf_base currency pf_id=6584 currency = USD
2014-09-25 14:44:58,205 INFO  [PositionJdbcImpl] Unsettled AC: pf=6584 AC=4745270.0 pf_count = 841
2014-09-25 14:44:58,206 INFO  [PositionJdbcImpl] pf_base currency pf_id=6578 currency = BRL
2014-09-25 14:44:58,207 INFO  [PositionJdbcImpl] Unsettled AC: pf=6578 AC=0.0 pf_count = 842
2014-09-25 14:44:58,207 INFO  [PositionJdbcImpl] pf_base currency pf_id=2181 currency = SGD
2014-09-25 14:44:58,208 INFO  [PositionJdbcImpl] Unsettled AC: pf=2181 AC=0.0 pf_count = 843
2014-09-25 14:44:58,209 INFO  [PositionJdbcImpl] pf_base currency pf_id=6582 currency = USD
2014-09-25 14:44:58,211 INFO  [PositionJdbcImpl] Unsettled AC: pf=6582 AC=4.6587461655072205E7 pf_count = 844
2014-09-25 14:44:58,212 INFO  [PositionJdbcImpl] pf_base currency pf_id=2234 currency = USD
2014-09-25 14:44:58,212 INFO  [PositionJdbcImpl] Unsettled AC: pf=2234 AC=458765.6404789873 pf_count = 845
2014-09-25 14:44:58,213 INFO  [PositionJdbcImpl] pf_base currency pf_id=6539 currency = USD
2014-09-25 14:44:58,213 INFO  [PositionJdbcImpl] Unsettled AC: pf=6539 AC=0.0 pf_count = 846
2014-09-25 14:44:58,214 INFO  [PositionJdbcImpl] pf_base currency pf_id=6536 currency = USD
2014-09-25 14:44:58,214 INFO  [PositionJdbcImpl] Unsettled AC: pf=6536 AC=0.0 pf_count = 847
2014-09-25 14:44:58,214 INFO  [PositionJdbcImpl] pf_base currency pf_id=6543 currency = USD
2014-09-25 14:44:58,214 INFO  [PositionJdbcImpl] Unsettled AC: pf=6543 AC=0.0 pf_count = 848
2014-09-25 14:44:58,215 INFO  [PositionJdbcImpl] pf_base currency pf_id=6528 currency = USD
2014-09-25 14:44:58,215 INFO  [PositionJdbcImpl] Unsettled AC: pf=6528 AC=0.0 pf_count = 849
2014-09-25 14:44:58,216 INFO  [PositionJdbcImpl] pf_base currency pf_id=6529 currency = CHF
2014-09-25 14:44:58,217 INFO  [PositionJdbcImpl] Unsettled AC: pf=6529 AC=1.3252167977999997E8 pf_count = 850
2014-09-25 14:44:58,218 INFO  [PositionJdbcImpl] pf_base currency pf_id=2230 currency = EUR
2014-09-25 14:44:58,218 INFO  [PositionJdbcImpl] Unsettled AC: pf=2230 AC=16.509395353496075 pf_count = 851
2014-09-25 14:44:58,219 INFO  [PositionJdbcImpl] pf_base currency pf_id=6555 currency = BRL
2014-09-25 14:44:58,219 INFO  [PositionJdbcImpl] Unsettled AC: pf=6555 AC=0.0 pf_count = 852
2014-09-25 14:44:58,220 INFO  [PositionJdbcImpl] pf_base currency pf_id=6554 currency = USD
2014-09-25 14:44:58,220 INFO  [PositionJdbcImpl] Unsettled AC: pf=6554 AC=0.0 pf_count = 853
2014-09-25 14:44:58,221 INFO  [PositionJdbcImpl] pf_base currency pf_id=6553 currency = USD
2014-09-25 14:44:58,221 INFO  [PositionJdbcImpl] Unsettled AC: pf=6553 AC=4.6566128730773926E-10 pf_count = 854
2014-09-25 14:44:58,222 INFO  [PositionJdbcImpl] pf_base currency pf_id=6557 currency = USD
2014-09-25 14:44:58,222 INFO  [PositionJdbcImpl] Unsettled AC: pf=6557 AC=0.0 pf_count = 855
2014-09-25 14:44:58,223 INFO  [PositionJdbcImpl] pf_base currency pf_id=6556 currency = BRL
2014-09-25 14:44:58,223 INFO  [PositionJdbcImpl] Unsettled AC: pf=6556 AC=0.0 pf_count = 856
2014-09-25 14:44:58,224 INFO  [PositionJdbcImpl] pf_base currency pf_id=6547 currency = USD
2014-09-25 14:44:58,224 INFO  [PositionJdbcImpl] Unsettled AC: pf=6547 AC=0.0 pf_count = 857
2014-09-25 14:44:58,225 INFO  [PositionJdbcImpl] pf_base currency pf_id=2209 currency = USD
2014-09-25 14:44:58,226 INFO  [PositionJdbcImpl] Unsettled AC: pf=2209 AC=1.183852739671643E7 pf_count = 858
2014-09-25 14:44:58,227 INFO  [PositionJdbcImpl] pf_base currency pf_id=6551 currency = USD
2014-09-25 14:44:58,227 INFO  [PositionJdbcImpl] Unsettled AC: pf=6551 AC=0.0 pf_count = 859
2014-09-25 14:44:58,228 INFO  [PositionJdbcImpl] pf_base currency pf_id=6550 currency = USD
2014-09-25 14:44:58,228 INFO  [PositionJdbcImpl] Unsettled AC: pf=6550 AC=0.0 pf_count = 860
2014-09-25 14:44:58,228 INFO  [PositionJdbcImpl] pf_base currency pf_id=6548 currency = USD
2014-09-25 14:44:58,228 INFO  [PositionJdbcImpl] Unsettled AC: pf=6548 AC=0.0 pf_count = 861
2014-09-25 14:44:58,229 INFO  [PositionJdbcImpl] pf_base currency pf_id=6636 currency = USD
2014-09-25 14:44:58,229 INFO  [PositionJdbcImpl] Unsettled AC: pf=6636 AC=0.0 pf_count = 862
2014-09-25 14:44:58,230 INFO  [PositionJdbcImpl] pf_base currency pf_id=6637 currency = USD
2014-09-25 14:44:58,230 INFO  [PositionJdbcImpl] Unsettled AC: pf=6637 AC=0.0 pf_count = 863
2014-09-25 14:44:58,231 INFO  [PositionJdbcImpl] pf_base currency pf_id=6639 currency = USD
2014-09-25 14:44:58,231 INFO  [PositionJdbcImpl] Unsettled AC: pf=6639 AC=0.0 pf_count = 864
2014-09-25 14:44:58,232 INFO  [PositionJdbcImpl] pf_base currency pf_id=6632 currency = USD
2014-09-25 14:44:58,232 INFO  [PositionJdbcImpl] Unsettled AC: pf=6632 AC=0.0 pf_count = 865
2014-09-25 14:44:58,233 INFO  [PositionJdbcImpl] pf_base currency pf_id=2266 currency = USD
2014-09-25 14:44:58,234 INFO  [PositionJdbcImpl] Unsettled AC: pf=2266 AC=229917.2401436668 pf_count = 866
2014-09-25 14:44:58,235 INFO  [PositionJdbcImpl] pf_base currency pf_id=6634 currency = USD
2014-09-25 14:44:58,236 INFO  [PositionJdbcImpl] Unsettled AC: pf=6634 AC=0.0 pf_count = 867
2014-09-25 14:44:58,236 INFO  [PositionJdbcImpl] pf_base currency pf_id=2256 currency = USD
2014-09-25 14:44:58,239 INFO  [PositionJdbcImpl] Unsettled AC: pf=2256 AC=1.829370098647655E7 pf_count = 868
2014-09-25 14:44:58,240 INFO  [PositionJdbcImpl] pf_base currency pf_id=6625 currency = USD
2014-09-25 14:44:58,240 INFO  [PositionJdbcImpl] Unsettled AC: pf=6625 AC=11120.983138056821 pf_count = 869
2014-09-25 14:44:58,241 INFO  [PositionJdbcImpl] pf_base currency pf_id=2259 currency = USD
2014-09-25 14:44:58,242 INFO  [PositionJdbcImpl] Unsettled AC: pf=2259 AC=2451825.52 pf_count = 870
2014-09-25 14:44:58,243 INFO  [PositionJdbcImpl] pf_base currency pf_id=6627 currency = USD
2014-09-25 14:44:58,243 INFO  [PositionJdbcImpl] Unsettled AC: pf=6627 AC=0.0 pf_count = 871
2014-09-25 14:44:58,243 INFO  [PositionJdbcImpl] pf_base currency pf_id=6655 currency = USD
2014-09-25 14:44:58,243 INFO  [PositionJdbcImpl] Unsettled AC: pf=6655 AC=0.0 pf_count = 872
2014-09-25 14:44:58,244 INFO  [PositionJdbcImpl] pf_base currency pf_id=6649 currency = AUD
2014-09-25 14:44:58,245 INFO  [PositionJdbcImpl] Unsettled AC: pf=6649 AC=810433.7498999999 pf_count = 873
2014-09-25 14:44:58,246 INFO  [PositionJdbcImpl] pf_base currency pf_id=2250 currency = USD
2014-09-25 14:44:58,247 INFO  [PositionJdbcImpl] Unsettled AC: pf=2250 AC=1148115.8189833337 pf_count = 874
2014-09-25 14:44:58,253 INFO  [PositionJdbcImpl] pf_base currency pf_id=6645 currency = USD
2014-09-25 14:44:58,253 INFO  [PositionJdbcImpl] Unsettled AC: pf=6645 AC=0.0 pf_count = 875
2014-09-25 14:44:58,254 INFO  [PositionJdbcImpl] pf_base currency pf_id=2244 currency = USD
2014-09-25 14:44:58,256 INFO  [PositionJdbcImpl] Unsettled AC: pf=2244 AC=3.2000556786999995E8 pf_count = 876
2014-09-25 14:44:58,256 INFO  [PositionJdbcImpl] pf_base currency pf_id=6644 currency = USD
2014-09-25 14:44:58,257 INFO  [PositionJdbcImpl] Unsettled AC: pf=6644 AC=0.0 pf_count = 877
2014-09-25 14:44:58,257 INFO  [PositionJdbcImpl] pf_base currency pf_id=6647 currency = USD
2014-09-25 14:44:58,258 INFO  [PositionJdbcImpl] Unsettled AC: pf=6647 AC=0.0 pf_count = 878
2014-09-25 14:44:58,258 INFO  [PositionJdbcImpl] pf_base currency pf_id=6646 currency = USD
2014-09-25 14:44:58,259 INFO  [PositionJdbcImpl] Unsettled AC: pf=6646 AC=0.0 pf_count = 879
2014-09-25 14:44:58,259 INFO  [PositionJdbcImpl] pf_base currency pf_id=2241 currency = USD
2014-09-25 14:44:58,261 INFO  [PositionJdbcImpl] Unsettled AC: pf=2241 AC=20399.22 pf_count = 880
2014-09-25 14:44:58,262 INFO  [PositionJdbcImpl] pf_base currency pf_id=6641 currency = USD
2014-09-25 14:44:58,262 INFO  [PositionJdbcImpl] Unsettled AC: pf=6641 AC=-1.2943660615446779E8 pf_count = 881
2014-09-25 14:44:58,263 INFO  [PositionJdbcImpl] pf_base currency pf_id=2243 currency = USD
2014-09-25 14:44:58,267 INFO  [PositionJdbcImpl] Unsettled AC: pf=2243 AC=1.3210275713604558E7 pf_count = 882
2014-09-25 14:44:58,268 INFO  [PositionJdbcImpl] pf_base currency pf_id=2242 currency = USD
2014-09-25 14:44:58,269 INFO  [PositionJdbcImpl] Unsettled AC: pf=2242 AC=50998.05 pf_count = 883
2014-09-25 14:44:58,270 INFO  [PositionJdbcImpl] pf_base currency pf_id=6642 currency = USD
2014-09-25 14:44:58,270 INFO  [PositionJdbcImpl] Unsettled AC: pf=6642 AC=0.0 pf_count = 884
2014-09-25 14:44:58,271 INFO  [PositionJdbcImpl] pf_base currency pf_id=6604 currency = USD
2014-09-25 14:44:58,271 INFO  [PositionJdbcImpl] Unsettled AC: pf=6604 AC=0.0 pf_count = 885
2014-09-25 14:44:58,272 INFO  [PositionJdbcImpl] pf_base currency pf_id=6600 currency = USD
2014-09-25 14:44:58,272 INFO  [PositionJdbcImpl] Unsettled AC: pf=6600 AC=0.0 pf_count = 886
2014-09-25 14:44:58,273 INFO  [PositionJdbcImpl] pf_base currency pf_id=6601 currency = USD
2014-09-25 14:44:58,273 INFO  [PositionJdbcImpl] Unsettled AC: pf=6601 AC=255866.13312032536 pf_count = 887
2014-09-25 14:44:58,274 INFO  [PositionJdbcImpl] pf_base currency pf_id=6598 currency = USD
2014-09-25 14:44:58,274 INFO  [PositionJdbcImpl] Unsettled AC: pf=6598 AC=0.0 pf_count = 888
2014-09-25 14:44:58,275 INFO  [PositionJdbcImpl] pf_base currency pf_id=6597 currency = USD
2014-09-25 14:44:58,275 INFO  [PositionJdbcImpl] Unsettled AC: pf=6597 AC=0.0 pf_count = 889
2014-09-25 14:44:58,276 INFO  [PositionJdbcImpl] pf_base currency pf_id=6594 currency = USD
2014-09-25 14:44:58,276 INFO  [PositionJdbcImpl] Unsettled AC: pf=6594 AC=0.0 pf_count = 890
2014-09-25 14:44:58,277 INFO  [PositionJdbcImpl] pf_base currency pf_id=6595 currency = USD
2014-09-25 14:44:58,277 INFO  [PositionJdbcImpl] Unsettled AC: pf=6595 AC=0.0 pf_count = 891
2014-09-25 14:44:58,278 INFO  [PositionJdbcImpl] pf_base currency pf_id=6592 currency = USD
2014-09-25 14:44:58,278 INFO  [PositionJdbcImpl] Unsettled AC: pf=6592 AC=0.0 pf_count = 892
2014-09-25 14:44:58,279 INFO  [PositionJdbcImpl] pf_base currency pf_id=6593 currency = USD
2014-09-25 14:44:58,279 INFO  [PositionJdbcImpl] Unsettled AC: pf=6593 AC=2873872.7 pf_count = 893
2014-09-25 14:44:58,280 INFO  [PositionJdbcImpl] pf_base currency pf_id=2287 currency = USD
2014-09-25 14:44:58,281 INFO  [PositionJdbcImpl] Unsettled AC: pf=2287 AC=411071.94834055373 pf_count = 894
2014-09-25 14:44:58,282 INFO  [PositionJdbcImpl] pf_base currency pf_id=6623 currency = USD
2014-09-25 14:44:58,282 INFO  [PositionJdbcImpl] Unsettled AC: pf=6623 AC=0.0 pf_count = 895
2014-09-25 14:44:58,283 INFO  [PositionJdbcImpl] pf_base currency pf_id=6622 currency = USD
2014-09-25 14:44:58,283 INFO  [PositionJdbcImpl] Unsettled AC: pf=6622 AC=2639253.38 pf_count = 896
2014-09-25 14:44:58,284 INFO  [PositionJdbcImpl] pf_base currency pf_id=6621 currency = USD
2014-09-25 14:44:58,284 INFO  [PositionJdbcImpl] Unsettled AC: pf=6621 AC=0.0 pf_count = 897
2014-09-25 14:44:58,285 INFO  [PositionJdbcImpl] pf_base currency pf_id=2284 currency = USD
2014-09-25 14:44:58,286 INFO  [PositionJdbcImpl] Unsettled AC: pf=2284 AC=8271345.280013107 pf_count = 898
2014-09-25 14:44:58,287 INFO  [PositionJdbcImpl] pf_base currency pf_id=6620 currency = USD
2014-09-25 14:44:58,287 INFO  [PositionJdbcImpl] Unsettled AC: pf=6620 AC=0.0 pf_count = 899
2014-09-25 14:44:58,288 INFO  [PositionJdbcImpl] pf_base currency pf_id=2282 currency = USD
2014-09-25 14:44:58,288 INFO  [PositionJdbcImpl] Unsettled AC: pf=2282 AC=748450.7979248354 pf_count = 900
2014-09-25 14:44:58,289 INFO  [PositionJdbcImpl] pf_base currency pf_id=2281 currency = USD
2014-09-25 14:44:58,290 INFO  [PositionJdbcImpl] Unsettled AC: pf=2281 AC=2227153.183273723 pf_count = 901
2014-09-25 14:44:58,291 INFO  [PositionJdbcImpl] pf_base currency pf_id=6617 currency = USD
2014-09-25 14:44:58,291 INFO  [PositionJdbcImpl] Unsettled AC: pf=6617 AC=2.0701534080339525E7 pf_count = 902
2014-09-25 14:44:58,292 INFO  [PositionJdbcImpl] pf_base currency pf_id=6616 currency = BRL
2014-09-25 14:44:58,292 INFO  [PositionJdbcImpl] Unsettled AC: pf=6616 AC=0.0 pf_count = 903
2014-09-25 14:44:58,293 INFO  [PositionJdbcImpl] pf_base currency pf_id=6615 currency = USD
2014-09-25 14:44:58,293 INFO  [PositionJdbcImpl] Unsettled AC: pf=6615 AC=0.0 pf_count = 904
2014-09-25 14:44:58,293 INFO  [PositionJdbcImpl] pf_base currency pf_id=2276 currency = USD
2014-09-25 14:44:58,295 INFO  [PositionJdbcImpl] Unsettled AC: pf=2276 AC=2.295683489239999E7 pf_count = 905
2014-09-25 14:44:58,296 INFO  [PositionJdbcImpl] pf_base currency pf_id=2273 currency = USD
2014-09-25 14:44:58,296 INFO  [PositionJdbcImpl] Unsettled AC: pf=2273 AC=2275406.6691725533 pf_count = 906
2014-09-25 14:44:58,297 INFO  [PositionJdbcImpl] pf_base currency pf_id=2272 currency = USD
2014-09-25 14:44:58,299 INFO  [PositionJdbcImpl] Unsettled AC: pf=2272 AC=7828880.4891987685 pf_count = 907
2014-09-25 14:44:58,299 INFO  [PositionJdbcImpl] pf_base currency pf_id=6608 currency = USD
2014-09-25 14:44:58,300 INFO  [PositionJdbcImpl] Unsettled AC: pf=6608 AC=150000.0 pf_count = 908
2014-09-25 14:44:58,300 INFO  [PositionJdbcImpl] pf_base currency pf_id=6435 currency = USD
2014-09-25 14:44:58,300 INFO  [PositionJdbcImpl] Unsettled AC: pf=6435 AC=0.0 pf_count = 909
2014-09-25 14:44:58,301 INFO  [PositionJdbcImpl] pf_base currency pf_id=6434 currency = USD
2014-09-25 14:44:58,301 INFO  [PositionJdbcImpl] Unsettled AC: pf=6434 AC=0.0 pf_count = 910
2014-09-25 14:44:58,302 INFO  [PositionJdbcImpl] pf_base currency pf_id=2069 currency = GBP
2014-09-25 14:44:58,302 INFO  [PositionJdbcImpl] Unsettled AC: pf=2069 AC=0.0 pf_count = 911
2014-09-25 14:44:58,303 INFO  [PositionJdbcImpl] pf_base currency pf_id=6436 currency = USD
2014-09-25 14:44:58,303 INFO  [PositionJdbcImpl] Unsettled AC: pf=6436 AC=0.0 pf_count = 912
2014-09-25 14:44:58,304 INFO  [PositionJdbcImpl] pf_base currency pf_id=6439 currency = USD
2014-09-25 14:44:58,304 INFO  [PositionJdbcImpl] Unsettled AC: pf=6439 AC=0.0 pf_count = 913
2014-09-25 14:44:58,305 INFO  [PositionJdbcImpl] pf_base currency pf_id=6441 currency = USD
2014-09-25 14:44:58,305 INFO  [PositionJdbcImpl] Unsettled AC: pf=6441 AC=0.0 pf_count = 914
2014-09-25 14:44:58,306 INFO  [PositionJdbcImpl] pf_base currency pf_id=6443 currency = USD
2014-09-25 14:44:58,306 INFO  [PositionJdbcImpl] Unsettled AC: pf=6443 AC=0.0 pf_count = 915
2014-09-25 14:44:58,307 INFO  [PositionJdbcImpl] pf_base currency pf_id=6442 currency = USD
2014-09-25 14:44:58,307 INFO  [PositionJdbcImpl] Unsettled AC: pf=6442 AC=0.0 pf_count = 916
2014-09-25 14:44:58,308 INFO  [PositionJdbcImpl] pf_base currency pf_id=6444 currency = USD
2014-09-25 14:44:58,308 INFO  [PositionJdbcImpl] Unsettled AC: pf=6444 AC=0.0 pf_count = 917
2014-09-25 14:44:58,309 INFO  [PositionJdbcImpl] pf_base currency pf_id=6447 currency = USD
2014-09-25 14:44:58,309 INFO  [PositionJdbcImpl] Unsettled AC: pf=6447 AC=0.0 pf_count = 918
2014-09-25 14:44:58,310 INFO  [PositionJdbcImpl] pf_base currency pf_id=2078 currency = USD
2014-09-25 14:44:58,311 INFO  [PositionJdbcImpl] Unsettled AC: pf=2078 AC=1.4608365415942043E8 pf_count = 919
2014-09-25 14:44:58,312 INFO  [PositionJdbcImpl] pf_base currency pf_id=6446 currency = USD
2014-09-25 14:44:58,312 INFO  [PositionJdbcImpl] Unsettled AC: pf=6446 AC=0.0 pf_count = 920
2014-09-25 14:44:58,313 INFO  [PositionJdbcImpl] pf_base currency pf_id=6448 currency = USD
2014-09-25 14:44:58,313 INFO  [PositionJdbcImpl] Unsettled AC: pf=6448 AC=0.0 pf_count = 921
2014-09-25 14:44:58,314 INFO  [PositionJdbcImpl] pf_base currency pf_id=6449 currency = USD
2014-09-25 14:44:58,314 INFO  [PositionJdbcImpl] Unsettled AC: pf=6449 AC=0.0 pf_count = 922
2014-09-25 14:44:58,315 INFO  [PositionJdbcImpl] pf_base currency pf_id=6450 currency = USD
2014-09-25 14:44:58,315 INFO  [PositionJdbcImpl] Unsettled AC: pf=6450 AC=0.0 pf_count = 923
2014-09-25 14:44:58,316 INFO  [PositionJdbcImpl] pf_base currency pf_id=6451 currency = USD
2014-09-25 14:44:58,316 INFO  [PositionJdbcImpl] Unsettled AC: pf=6451 AC=0.0 pf_count = 924
2014-09-25 14:44:58,316 INFO  [PositionJdbcImpl] pf_base currency pf_id=2052 currency = USD
2014-09-25 14:44:58,318 INFO  [PositionJdbcImpl] Unsettled AC: pf=2052 AC=1.7887482278438214E7 pf_count = 925
2014-09-25 14:44:58,319 INFO  [PositionJdbcImpl] pf_base currency pf_id=6452 currency = USD
2014-09-25 14:44:58,319 INFO  [PositionJdbcImpl] Unsettled AC: pf=6452 AC=0.0 pf_count = 926
2014-09-25 14:44:58,320 INFO  [PositionJdbcImpl] pf_base currency pf_id=2053 currency = USD
2014-09-25 14:44:58,321 INFO  [PositionJdbcImpl] Unsettled AC: pf=2053 AC=525380.3923499302 pf_count = 927
2014-09-25 14:44:58,322 INFO  [PositionJdbcImpl] pf_base currency pf_id=6453 currency = USD
2014-09-25 14:44:58,322 INFO  [PositionJdbcImpl] Unsettled AC: pf=6453 AC=0.0 pf_count = 928
2014-09-25 14:44:58,322 INFO  [PositionJdbcImpl] pf_base currency pf_id=6454 currency = USD
2014-09-25 14:44:58,323 INFO  [PositionJdbcImpl] Unsettled AC: pf=6454 AC=8053616.98 pf_count = 929
2014-09-25 14:44:58,324 INFO  [PositionJdbcImpl] pf_base currency pf_id=6455 currency = EUR
2014-09-25 14:44:58,324 INFO  [PositionJdbcImpl] Unsettled AC: pf=6455 AC=0.0 pf_count = 930
2014-09-25 14:44:58,325 INFO  [PositionJdbcImpl] pf_base currency pf_id=6458 currency = USD
2014-09-25 14:44:58,325 INFO  [PositionJdbcImpl] Unsettled AC: pf=6458 AC=0.0 pf_count = 931
2014-09-25 14:44:58,326 INFO  [PositionJdbcImpl] pf_base currency pf_id=2061 currency = USD
2014-09-25 14:44:58,328 INFO  [PositionJdbcImpl] Unsettled AC: pf=2061 AC=1.1453799649016E7 pf_count = 932
2014-09-25 14:44:58,329 INFO  [PositionJdbcImpl] pf_base currency pf_id=6461 currency = USD
2014-09-25 14:44:58,329 INFO  [PositionJdbcImpl] Unsettled AC: pf=6461 AC=0.0 pf_count = 933
2014-09-25 14:44:58,330 INFO  [PositionJdbcImpl] pf_base currency pf_id=2099 currency = GBP
2014-09-25 14:44:58,330 INFO  [PositionJdbcImpl] Unsettled AC: pf=2099 AC=7356121.535100002 pf_count = 934
2014-09-25 14:44:58,331 INFO  [PositionJdbcImpl] pf_base currency pf_id=6402 currency = USD
2014-09-25 14:44:58,332 INFO  [PositionJdbcImpl] Unsettled AC: pf=6402 AC=5227876.7308 pf_count = 935
2014-09-25 14:44:58,333 INFO  [PositionJdbcImpl] pf_base currency pf_id=6401 currency = USD
2014-09-25 14:44:58,333 INFO  [PositionJdbcImpl] Unsettled AC: pf=6401 AC=0.0 pf_count = 936
2014-09-25 14:44:58,334 INFO  [PositionJdbcImpl] pf_base currency pf_id=6404 currency = BRL
2014-09-25 14:44:58,334 INFO  [PositionJdbcImpl] Unsettled AC: pf=6404 AC=0.0 pf_count = 937
2014-09-25 14:44:58,334 INFO  [PositionJdbcImpl] pf_base currency pf_id=6410 currency = BRL
2014-09-25 14:44:58,335 INFO  [PositionJdbcImpl] Unsettled AC: pf=6410 AC=0.0 pf_count = 938
2014-09-25 14:44:58,336 INFO  [PositionJdbcImpl] pf_base currency pf_id=2105 currency = USD
2014-09-25 14:44:58,336 INFO  [PositionJdbcImpl] Unsettled AC: pf=2105 AC=0.0 pf_count = 939
2014-09-25 14:44:58,337 INFO  [PositionJdbcImpl] pf_base currency pf_id=6408 currency = BRL
2014-09-25 14:44:58,337 INFO  [PositionJdbcImpl] Unsettled AC: pf=6408 AC=-16129.366642479528 pf_count = 940
2014-09-25 14:44:58,338 INFO  [PositionJdbcImpl] pf_base currency pf_id=2109 currency = USD
2014-09-25 14:44:58,339 INFO  [PositionJdbcImpl] Unsettled AC: pf=2109 AC=7290570.691668 pf_count = 941
2014-09-25 14:44:58,340 INFO  [PositionJdbcImpl] pf_base currency pf_id=6413 currency = EUR
2014-09-25 14:44:58,340 INFO  [PositionJdbcImpl] Unsettled AC: pf=6413 AC=0.0 pf_count = 942
2014-09-25 14:44:58,341 INFO  [PositionJdbcImpl] pf_base currency pf_id=2108 currency = USD
2014-09-25 14:44:58,341 INFO  [PositionJdbcImpl] Unsettled AC: pf=2108 AC=-648695.6726314996 pf_count = 943
2014-09-25 14:44:58,342 INFO  [PositionJdbcImpl] pf_base currency pf_id=6418 currency = USD
2014-09-25 14:44:58,342 INFO  [PositionJdbcImpl] Unsettled AC: pf=6418 AC=67200.0 pf_count = 944
2014-09-25 14:44:58,343 INFO  [PositionJdbcImpl] pf_base currency pf_id=6419 currency = USD
2014-09-25 14:44:58,343 INFO  [PositionJdbcImpl] Unsettled AC: pf=6419 AC=0.0 pf_count = 945
2014-09-25 14:44:58,344 INFO  [PositionJdbcImpl] pf_base currency pf_id=6417 currency = USD
2014-09-25 14:44:58,344 INFO  [PositionJdbcImpl] Unsettled AC: pf=6417 AC=112000.0 pf_count = 946
2014-09-25 14:44:58,345 INFO  [PositionJdbcImpl] pf_base currency pf_id=2085 currency = USD
2014-09-25 14:44:58,345 INFO  [PositionJdbcImpl] Unsettled AC: pf=2085 AC=0.0 pf_count = 947
2014-09-25 14:44:58,347 INFO  [PositionJdbcImpl] pf_base currency pf_id=6426 currency = JPY
2014-09-25 14:44:58,347 INFO  [PositionJdbcImpl] Unsettled AC: pf=6426 AC=0.0 pf_count = 948
2014-09-25 14:44:58,348 INFO  [PositionJdbcImpl] pf_base currency pf_id=6427 currency = USD
2014-09-25 14:44:58,348 INFO  [PositionJdbcImpl] Unsettled AC: pf=6427 AC=-1.8250632009999998E7 pf_count = 949
2014-09-25 14:44:58,349 INFO  [PositionJdbcImpl] pf_base currency pf_id=6425 currency = JPY
2014-09-25 14:44:58,350 INFO  [PositionJdbcImpl] Unsettled AC: pf=6425 AC=2.9802322387695312E-8 pf_count = 950
2014-09-25 14:44:58,351 INFO  [PositionJdbcImpl] pf_base currency pf_id=2095 currency = USD
2014-09-25 14:44:58,351 INFO  [PositionJdbcImpl] Unsettled AC: pf=2095 AC=0.0 pf_count = 951
2014-09-25 14:44:58,352 INFO  [PositionJdbcImpl] pf_base currency pf_id=6428 currency = USD
2014-09-25 14:44:58,352 INFO  [PositionJdbcImpl] Unsettled AC: pf=6428 AC=490615.78483060375 pf_count = 952
2014-09-25 14:44:58,353 INFO  [PositionJdbcImpl] pf_base currency pf_id=6429 currency = EUR
2014-09-25 14:44:58,353 INFO  [PositionJdbcImpl] Unsettled AC: pf=6429 AC=-0.0012452809023670852 pf_count = 953
2014-09-25 14:44:58,354 INFO  [PositionJdbcImpl] pf_base currency pf_id=2134 currency = GBP
2014-09-25 14:44:58,354 INFO  [PositionJdbcImpl] Unsettled AC: pf=2134 AC=5081859.181899998 pf_count = 954
2014-09-25 14:44:58,355 INFO  [PositionJdbcImpl] pf_base currency pf_id=2131 currency = USD
2014-09-25 14:44:58,355 INFO  [PositionJdbcImpl] Unsettled AC: pf=2131 AC=0.0 pf_count = 955
2014-09-25 14:44:58,356 INFO  [PositionJdbcImpl] pf_base currency pf_id=6499 currency = USD
2014-09-25 14:44:58,357 INFO  [PositionJdbcImpl] Unsettled AC: pf=6499 AC=0.0 pf_count = 956
2014-09-25 14:44:58,358 INFO  [PositionJdbcImpl] pf_base currency pf_id=2130 currency = USD
2014-09-25 14:44:58,359 INFO  [PositionJdbcImpl] Unsettled AC: pf=2130 AC=3825254.4 pf_count = 957
2014-09-25 14:44:58,360 INFO  [PositionJdbcImpl] pf_base currency pf_id=6509 currency = USD
2014-09-25 14:44:58,360 INFO  [PositionJdbcImpl] Unsettled AC: pf=6509 AC=0.0 pf_count = 958
2014-09-25 14:44:58,361 INFO  [PositionJdbcImpl] pf_base currency pf_id=6508 currency = USD
2014-09-25 14:44:58,361 INFO  [PositionJdbcImpl] Unsettled AC: pf=6508 AC=0.0 pf_count = 959
2014-09-25 14:44:58,362 INFO  [PositionJdbcImpl] pf_base currency pf_id=6511 currency = USD
2014-09-25 14:44:58,362 INFO  [PositionJdbcImpl] Unsettled AC: pf=6511 AC=0.0 pf_count = 960
2014-09-25 14:44:58,363 INFO  [PositionJdbcImpl] pf_base currency pf_id=6510 currency = USD
2014-09-25 14:44:58,363 INFO  [PositionJdbcImpl] Unsettled AC: pf=6510 AC=0.0 pf_count = 961
2014-09-25 14:44:58,364 INFO  [PositionJdbcImpl] pf_base currency pf_id=2137 currency = GBP
2014-09-25 14:44:58,364 INFO  [PositionJdbcImpl] Unsettled AC: pf=2137 AC=1.9702877812399976E7 pf_count = 962
2014-09-25 14:44:58,365 INFO  [PositionJdbcImpl] pf_base currency pf_id=2136 currency = USD
2014-09-25 14:44:58,365 INFO  [PositionJdbcImpl] Unsettled AC: pf=2136 AC=0.0 pf_count = 963
2014-09-25 14:44:58,366 INFO  [PositionJdbcImpl] pf_base currency pf_id=6507 currency = USD
2014-09-25 14:44:58,366 INFO  [PositionJdbcImpl] Unsettled AC: pf=6507 AC=-771065.16462284 pf_count = 964
2014-09-25 14:44:58,367 INFO  [PositionJdbcImpl] pf_base currency pf_id=6506 currency = USD
2014-09-25 14:44:58,367 INFO  [PositionJdbcImpl] Unsettled AC: pf=6506 AC=0.0 pf_count = 965
2014-09-25 14:44:58,368 INFO  [PositionJdbcImpl] pf_base currency pf_id=6516 currency = CNH
2014-09-25 14:44:58,368 INFO  [PositionJdbcImpl] Unsettled AC: pf=6516 AC=0.0 pf_count = 966
2014-09-25 14:44:58,369 INFO  [PositionJdbcImpl] pf_base currency pf_id=6519 currency = BRL
2014-09-25 14:44:58,369 INFO  [PositionJdbcImpl] Unsettled AC: pf=6519 AC=0.0 pf_count = 967
2014-09-25 14:44:58,370 INFO  [PositionJdbcImpl] pf_base currency pf_id=6512 currency = USD
2014-09-25 14:44:58,370 INFO  [PositionJdbcImpl] Unsettled AC: pf=6512 AC=780000.0 pf_count = 968
2014-09-25 14:44:58,371 INFO  [PositionJdbcImpl] pf_base currency pf_id=2115 currency = SGD
2014-09-25 14:44:58,371 INFO  [PositionJdbcImpl] Unsettled AC: pf=2115 AC=1571218.5126000033 pf_count = 969
2014-09-25 14:44:58,372 INFO  [PositionJdbcImpl] pf_base currency pf_id=6515 currency = USD
2014-09-25 14:44:58,372 INFO  [PositionJdbcImpl] Unsettled AC: pf=6515 AC=0.0 pf_count = 970
2014-09-25 14:44:58,373 INFO  [PositionJdbcImpl] pf_base currency pf_id=2124 currency = USD
2014-09-25 14:44:58,373 INFO  [PositionJdbcImpl] Unsettled AC: pf=2124 AC=0.0 pf_count = 971
2014-09-25 14:44:58,374 INFO  [PositionJdbcImpl] pf_base currency pf_id=6524 currency = USD
2014-09-25 14:44:58,374 INFO  [PositionJdbcImpl] Unsettled AC: pf=6524 AC=0.0 pf_count = 972
2014-09-25 14:44:58,375 INFO  [PositionJdbcImpl] pf_base currency pf_id=2125 currency = USD
2014-09-25 14:44:58,375 INFO  [PositionJdbcImpl] Unsettled AC: pf=2125 AC=0.0 pf_count = 973
2014-09-25 14:44:58,376 INFO  [PositionJdbcImpl] pf_base currency pf_id=6520 currency = USD
2014-09-25 14:44:58,376 INFO  [PositionJdbcImpl] Unsettled AC: pf=6520 AC=0.0 pf_count = 974
2014-09-25 14:44:58,376 INFO  [PositionJdbcImpl] pf_base currency pf_id=2121 currency = USD
2014-09-25 14:44:58,379 INFO  [PositionJdbcImpl] Unsettled AC: pf=2121 AC=4.0171770752081E7 pf_count = 975
2014-09-25 14:44:58,380 INFO  [PositionJdbcImpl] pf_base currency pf_id=6521 currency = USD
2014-09-25 14:44:58,380 INFO  [PositionJdbcImpl] Unsettled AC: pf=6521 AC=0.0 pf_count = 976
2014-09-25 14:44:58,381 INFO  [PositionJdbcImpl] pf_base currency pf_id=2163 currency = USD
2014-09-25 14:44:58,382 INFO  [PositionJdbcImpl] Unsettled AC: pf=2163 AC=71623.06000000052 pf_count = 977
2014-09-25 14:44:58,383 INFO  [PositionJdbcImpl] pf_base currency pf_id=2161 currency = USD
2014-09-25 14:44:58,385 INFO  [PositionJdbcImpl] Unsettled AC: pf=2161 AC=1.6725923330000006E7 pf_count = 978
2014-09-25 14:44:58,386 INFO  [PositionJdbcImpl] pf_base currency pf_id=2160 currency = USD
2014-09-25 14:44:58,386 INFO  [PositionJdbcImpl] Unsettled AC: pf=2160 AC=0.0 pf_count = 979
2014-09-25 14:44:58,387 INFO  [PositionJdbcImpl] pf_base currency pf_id=2145 currency = USD
2014-09-25 14:44:58,387 INFO  [PositionJdbcImpl] Unsettled AC: pf=2145 AC=0.0 pf_count = 980
2014-09-25 14:44:58,388 INFO  [PositionJdbcImpl] pf_base currency pf_id=6495 currency = BRL
2014-09-25 14:44:58,390 INFO  [PositionJdbcImpl] Unsettled AC: pf=6495 AC=243659.1361454649 pf_count = 981
2014-09-25 14:44:58,390 INFO  [PositionJdbcImpl] pf_base currency pf_id=2156 currency = USD
2014-09-25 14:44:58,391 INFO  [PositionJdbcImpl] Unsettled AC: pf=2156 AC=1.5869755000013107E7 pf_count = 982
2014-09-25 14:44:58,392 INFO  [PositionJdbcImpl] pf_base currency pf_id=6492 currency = USD
2014-09-25 14:44:58,392 INFO  [PositionJdbcImpl] Unsettled AC: pf=6492 AC=0.0 pf_count = 983
2014-09-25 14:44:58,393 INFO  [PositionJdbcImpl] pf_base currency pf_id=6490 currency = USD
2014-09-25 14:44:58,393 INFO  [PositionJdbcImpl] Unsettled AC: pf=6490 AC=0.0 pf_count = 984
2014-09-25 14:44:58,394 INFO  [PositionJdbcImpl] pf_base currency pf_id=6491 currency = USD
2014-09-25 14:44:58,394 INFO  [PositionJdbcImpl] Unsettled AC: pf=6491 AC=0.0 pf_count = 985
2014-09-25 14:44:58,395 INFO  [PositionJdbcImpl] pf_base currency pf_id=6331 currency = SGD
2014-09-25 14:44:58,395 INFO  [PositionJdbcImpl] Unsettled AC: pf=6331 AC=-5.961070977932877 pf_count = 986
2014-09-25 14:44:58,396 INFO  [PositionJdbcImpl] pf_base currency pf_id=6335 currency = USD
2014-09-25 14:44:58,396 INFO  [PositionJdbcImpl] Unsettled AC: pf=6335 AC=0.0 pf_count = 987
2014-09-25 14:44:58,397 INFO  [PositionJdbcImpl] pf_base currency pf_id=2446 currency = USD
2014-09-25 14:44:58,397 INFO  [PositionJdbcImpl] Unsettled AC: pf=2446 AC=0.0 pf_count = 988
2014-09-25 14:44:58,398 INFO  [PositionJdbcImpl] pf_base currency pf_id=6334 currency = GBP
2014-09-25 14:44:58,398 INFO  [PositionJdbcImpl] Unsettled AC: pf=6334 AC=-1.862645149230957E-9 pf_count = 989
2014-09-25 14:44:58,399 INFO  [PositionJdbcImpl] pf_base currency pf_id=2445 currency = USD
2014-09-25 14:44:58,399 INFO  [PositionJdbcImpl] Unsettled AC: pf=2445 AC=0.0 pf_count = 990
2014-09-25 14:44:58,400 INFO  [PositionJdbcImpl] pf_base currency pf_id=6333 currency = USD
2014-09-25 14:44:58,400 INFO  [PositionJdbcImpl] Unsettled AC: pf=6333 AC=0.0 pf_count = 991
2014-09-25 14:44:58,401 INFO  [PositionJdbcImpl] pf_base currency pf_id=6332 currency = USD
2014-09-25 14:44:58,401 INFO  [PositionJdbcImpl] Unsettled AC: pf=6332 AC=0.0 pf_count = 992
2014-09-25 14:44:58,402 INFO  [PositionJdbcImpl] pf_base currency pf_id=6323 currency = JPY
2014-09-25 14:44:58,403 INFO  [PositionJdbcImpl] Unsettled AC: pf=6323 AC=163087.50000000023 pf_count = 993
2014-09-25 14:44:58,403 INFO  [PositionJdbcImpl] pf_base currency pf_id=6322 currency = USD
2014-09-25 14:44:58,404 INFO  [PositionJdbcImpl] Unsettled AC: pf=6322 AC=0.0 pf_count = 994
2014-09-25 14:44:58,405 INFO  [PositionJdbcImpl] pf_base currency pf_id=6320 currency = BRL
2014-09-25 14:44:58,406 INFO  [PositionJdbcImpl] Unsettled AC: pf=6320 AC=0.0 pf_count = 995
2014-09-25 14:44:58,407 INFO  [PositionJdbcImpl] pf_base currency pf_id=2439 currency = USD
2014-09-25 14:44:58,408 INFO  [PositionJdbcImpl] Unsettled AC: pf=2439 AC=3143392.9167400002 pf_count = 996
2014-09-25 14:44:58,409 INFO  [PositionJdbcImpl] pf_base currency pf_id=6327 currency = USD
2014-09-25 14:44:58,409 INFO  [PositionJdbcImpl] Unsettled AC: pf=6327 AC=0.0 pf_count = 997
2014-09-25 14:44:58,410 INFO  [PositionJdbcImpl] pf_base currency pf_id=6325 currency = JPY
2014-09-25 14:44:58,411 INFO  [PositionJdbcImpl] Unsettled AC: pf=6325 AC=3360209.3900000453 pf_count = 998
2014-09-25 14:44:58,412 INFO  [PositionJdbcImpl] pf_base currency pf_id=6324 currency = JPY
2014-09-25 14:44:58,412 INFO  [PositionJdbcImpl] Unsettled AC: pf=6324 AC=-62169.56851001959 pf_count = 999
2014-09-25 14:44:58,415 INFO  [PositionJdbcImpl] pf_base currency pf_id=6315 currency = GBP
2014-09-25 14:44:58,415 INFO  [PositionJdbcImpl] Unsettled AC: pf=6315 AC=0.0 pf_count = 1000
2014-09-25 14:44:58,416 INFO  [PositionJdbcImpl] pf_base currency pf_id=2456 currency = USD
2014-09-25 14:44:58,416 INFO  [PositionJdbcImpl] Unsettled AC: pf=2456 AC=442894.57999999996 pf_count = 1001
2014-09-25 14:44:58,417 INFO  [PositionJdbcImpl] pf_base currency pf_id=6312 currency = USD
2014-09-25 14:44:58,417 INFO  [PositionJdbcImpl] Unsettled AC: pf=6312 AC=0.0 pf_count = 1002
2014-09-25 14:44:58,418 INFO  [PositionJdbcImpl] pf_base currency pf_id=6313 currency = USD
2014-09-25 14:44:58,418 INFO  [PositionJdbcImpl] Unsettled AC: pf=6313 AC=0.0 pf_count = 1003
2014-09-25 14:44:58,419 INFO  [PositionJdbcImpl] pf_base currency pf_id=6318 currency = USD
2014-09-25 14:44:58,419 INFO  [PositionJdbcImpl] Unsettled AC: pf=6318 AC=7540326.5600000005 pf_count = 1004
2014-09-25 14:44:58,420 INFO  [PositionJdbcImpl] pf_base currency pf_id=6319 currency = USD
2014-09-25 14:44:58,420 INFO  [PositionJdbcImpl] Unsettled AC: pf=6319 AC=0.0 pf_count = 1005
2014-09-25 14:44:58,421 INFO  [PositionJdbcImpl] pf_base currency pf_id=6316 currency = BRL
2014-09-25 14:44:58,422 INFO  [PositionJdbcImpl] Unsettled AC: pf=6316 AC=14952.191599999998 pf_count = 1006
2014-09-25 14:44:58,423 INFO  [PositionJdbcImpl] pf_base currency pf_id=2450 currency = USD
2014-09-25 14:44:58,424 INFO  [PositionJdbcImpl] Unsettled AC: pf=2450 AC=1.125005664E7 pf_count = 1007
2014-09-25 14:44:58,425 INFO  [PositionJdbcImpl] pf_base currency pf_id=6306 currency = EUR
2014-09-25 14:44:58,425 INFO  [PositionJdbcImpl] Unsettled AC: pf=6306 AC=0.0 pf_count = 1008
2014-09-25 14:44:58,426 INFO  [PositionJdbcImpl] pf_base currency pf_id=6307 currency = BRL
2014-09-25 14:44:58,426 INFO  [PositionJdbcImpl] Unsettled AC: pf=6307 AC=4712559.029750181 pf_count = 1009
2014-09-25 14:44:58,427 INFO  [PositionJdbcImpl] pf_base currency pf_id=6305 currency = EUR
2014-09-25 14:44:58,427 INFO  [PositionJdbcImpl] Unsettled AC: pf=6305 AC=4.3655745685100555E-11 pf_count = 1010
2014-09-25 14:44:58,428 INFO  [PositionJdbcImpl] pf_base currency pf_id=2454 currency = USD
2014-09-25 14:44:58,428 INFO  [PositionJdbcImpl] Unsettled AC: pf=2454 AC=0.0 pf_count = 1011
2014-09-25 14:44:58,428 INFO  [PositionJdbcImpl] pf_base currency pf_id=6310 currency = USD
2014-09-25 14:44:58,428 INFO  [PositionJdbcImpl] Unsettled AC: pf=6310 AC=0.0 pf_count = 1012
2014-09-25 14:44:58,429 INFO  [PositionJdbcImpl] pf_base currency pf_id=2455 currency = USD
2014-09-25 14:44:58,430 INFO  [PositionJdbcImpl] Unsettled AC: pf=2455 AC=1522043.25 pf_count = 1013
2014-09-25 14:44:58,431 INFO  [PositionJdbcImpl] pf_base currency pf_id=6309 currency = USD
2014-09-25 14:44:58,431 INFO  [PositionJdbcImpl] Unsettled AC: pf=6309 AC=-343939.88 pf_count = 1014
2014-09-25 14:44:58,431 INFO  [PositionJdbcImpl] pf_base currency pf_id=2472 currency = USD
2014-09-25 14:44:58,433 INFO  [PositionJdbcImpl] Unsettled AC: pf=2472 AC=615116.6000000001 pf_count = 1015
2014-09-25 14:44:58,434 INFO  [PositionJdbcImpl] pf_base currency pf_id=6299 currency = USD
2014-09-25 14:44:58,434 INFO  [PositionJdbcImpl] Unsettled AC: pf=6299 AC=3691275.0 pf_count = 1016
2014-09-25 14:44:58,435 INFO  [PositionJdbcImpl] pf_base currency pf_id=2477 currency = USD
2014-09-25 14:44:58,437 INFO  [PositionJdbcImpl] Unsettled AC: pf=2477 AC=1608208.3952779993 pf_count = 1017
2014-09-25 14:44:58,438 INFO  [PositionJdbcImpl] pf_base currency pf_id=6300 currency = USD
2014-09-25 14:44:58,438 INFO  [PositionJdbcImpl] Unsettled AC: pf=6300 AC=0.0 pf_count = 1018
2014-09-25 14:44:58,439 INFO  [PositionJdbcImpl] pf_base currency pf_id=6303 currency = USD
2014-09-25 14:44:58,439 INFO  [PositionJdbcImpl] Unsettled AC: pf=6303 AC=-5.820766091346741E-10 pf_count = 1019
2014-09-25 14:44:58,440 INFO  [PositionJdbcImpl] pf_base currency pf_id=6302 currency = USD
2014-09-25 14:44:58,440 INFO  [PositionJdbcImpl] Unsettled AC: pf=6302 AC=20010.0 pf_count = 1020
2014-09-25 14:44:58,441 INFO  [PositionJdbcImpl] pf_base currency pf_id=2465 currency = CAD
2014-09-25 14:44:58,441 INFO  [PositionJdbcImpl] Unsettled AC: pf=2465 AC=0.0 pf_count = 1021
2014-09-25 14:44:58,442 INFO  [PositionJdbcImpl] pf_base currency pf_id=6289 currency = USD
2014-09-25 14:44:58,442 INFO  [PositionJdbcImpl] Unsettled AC: pf=6289 AC=23497.2 pf_count = 1022
2014-09-25 14:44:58,443 INFO  [PositionJdbcImpl] pf_base currency pf_id=2467 currency = USD
2014-09-25 14:44:58,443 INFO  [PositionJdbcImpl] Unsettled AC: pf=2467 AC=0.0 pf_count = 1023
2014-09-25 14:44:58,444 INFO  [PositionJdbcImpl] pf_base currency pf_id=6291 currency = BRL
2014-09-25 14:44:58,445 INFO  [PositionJdbcImpl] Unsettled AC: pf=6291 AC=0.0 pf_count = 1024
2014-09-25 14:44:58,445 INFO  [PositionJdbcImpl] pf_base currency pf_id=6290 currency = BRL
2014-09-25 14:44:58,446 INFO  [PositionJdbcImpl] Unsettled AC: pf=6290 AC=0.0 pf_count = 1025
2014-09-25 14:44:58,447 INFO  [PositionJdbcImpl] pf_base currency pf_id=2468 currency = USD
2014-09-25 14:44:58,447 INFO  [PositionJdbcImpl] Unsettled AC: pf=2468 AC=0.0 pf_count = 1026
2014-09-25 14:44:58,447 INFO  [PositionJdbcImpl] pf_base currency pf_id=2470 currency = USD
2014-09-25 14:44:58,448 INFO  [PositionJdbcImpl] Unsettled AC: pf=2470 AC=3545435.469893333 pf_count = 1027
2014-09-25 14:44:58,449 INFO  [PositionJdbcImpl] pf_base currency pf_id=2488 currency = GBP
2014-09-25 14:44:58,449 INFO  [PositionJdbcImpl] Unsettled AC: pf=2488 AC=4.470348358154297E-8 pf_count = 1028
2014-09-25 14:44:58,450 INFO  [PositionJdbcImpl] pf_base currency pf_id=6280 currency = USD
2014-09-25 14:44:58,450 INFO  [PositionJdbcImpl] Unsettled AC: pf=6280 AC=3446685.6225522896 pf_count = 1029
2014-09-25 14:44:58,451 INFO  [PositionJdbcImpl] pf_base currency pf_id=6281 currency = USD
2014-09-25 14:44:58,451 INFO  [PositionJdbcImpl] Unsettled AC: pf=6281 AC=-1279022.977585447 pf_count = 1030
2014-09-25 14:44:58,454 INFO  [PositionJdbcImpl] pf_base currency pf_id=2490 currency = GBP
2014-09-25 14:44:58,454 INFO  [PositionJdbcImpl] Unsettled AC: pf=2490 AC=2.3283064365386963E-10 pf_count = 1031
2014-09-25 14:44:58,455 INFO  [PositionJdbcImpl] pf_base currency pf_id=6284 currency = USD
2014-09-25 14:44:58,455 INFO  [PositionJdbcImpl] Unsettled AC: pf=6284 AC=0.0 pf_count = 1032
2014-09-25 14:44:58,456 INFO  [PositionJdbcImpl] pf_base currency pf_id=6285 currency = USD
2014-09-25 14:44:58,456 INFO  [PositionJdbcImpl] Unsettled AC: pf=6285 AC=3212568.79 pf_count = 1033
2014-09-25 14:44:58,457 INFO  [PositionJdbcImpl] pf_base currency pf_id=6286 currency = USD
2014-09-25 14:44:58,457 INFO  [PositionJdbcImpl] Unsettled AC: pf=6286 AC=0.0 pf_count = 1034
2014-09-25 14:44:58,458 INFO  [PositionJdbcImpl] pf_base currency pf_id=2495 currency = GBP
2014-09-25 14:44:58,458 INFO  [PositionJdbcImpl] Unsettled AC: pf=2495 AC=0.0 pf_count = 1035
2014-09-25 14:44:58,459 INFO  [PositionJdbcImpl] pf_base currency pf_id=6274 currency = USD
2014-09-25 14:44:58,459 INFO  [PositionJdbcImpl] Unsettled AC: pf=6274 AC=0.0 pf_count = 1036
2014-09-25 14:44:58,460 INFO  [PositionJdbcImpl] pf_base currency pf_id=6275 currency = USD
2014-09-25 14:44:58,460 INFO  [PositionJdbcImpl] Unsettled AC: pf=6275 AC=-1000000.0 pf_count = 1037
2014-09-25 14:44:58,461 INFO  [PositionJdbcImpl] pf_base currency pf_id=6278 currency = EUR
2014-09-25 14:44:58,461 INFO  [PositionJdbcImpl] Unsettled AC: pf=6278 AC=-1.0913936421275139E-11 pf_count = 1038
2014-09-25 14:44:58,462 INFO  [PositionJdbcImpl] pf_base currency pf_id=2487 currency = GBP
2014-09-25 14:44:58,462 INFO  [PositionJdbcImpl] Unsettled AC: pf=2487 AC=2.9103830456733704E-11 pf_count = 1039
2014-09-25 14:44:58,463 INFO  [PositionJdbcImpl] pf_base currency pf_id=6279 currency = JPY
2014-09-25 14:44:58,463 INFO  [PositionJdbcImpl] Unsettled AC: pf=6279 AC=-7.450580596923828E-9 pf_count = 1040
2014-09-25 14:44:58,464 INFO  [PositionJdbcImpl] pf_base currency pf_id=2511 currency = USD
2014-09-25 14:44:58,465 INFO  [PositionJdbcImpl] Unsettled AC: pf=2511 AC=7.866996481947163E7 pf_count = 1041
2014-09-25 14:44:58,466 INFO  [PositionJdbcImpl] pf_base currency pf_id=2510 currency = USD
2014-09-25 14:44:58,466 INFO  [PositionJdbcImpl] Unsettled AC: pf=2510 AC=0.0 pf_count = 1042
2014-09-25 14:44:58,467 INFO  [PositionJdbcImpl] pf_base currency pf_id=2509 currency = EUR
2014-09-25 14:44:58,467 INFO  [PositionJdbcImpl] Unsettled AC: pf=2509 AC=2.6490860687396724E7 pf_count = 1043
2014-09-25 14:44:58,468 INFO  [PositionJdbcImpl] pf_base currency pf_id=6396 currency = JPY
2014-09-25 14:44:58,468 INFO  [PositionJdbcImpl] Unsettled AC: pf=6396 AC=-8.003553375601768E-10 pf_count = 1044
2014-09-25 14:44:58,469 INFO  [PositionJdbcImpl] pf_base currency pf_id=2507 currency = USD
2014-09-25 14:44:58,470 INFO  [PositionJdbcImpl] Unsettled AC: pf=2507 AC=602666.8765511074 pf_count = 1045
2014-09-25 14:44:58,471 INFO  [PositionJdbcImpl] pf_base currency pf_id=6395 currency = USD
2014-09-25 14:44:58,471 INFO  [PositionJdbcImpl] Unsettled AC: pf=6395 AC=0.0 pf_count = 1046
2014-09-25 14:44:58,472 INFO  [PositionJdbcImpl] pf_base currency pf_id=6394 currency = USD
2014-09-25 14:44:58,472 INFO  [PositionJdbcImpl] Unsettled AC: pf=6394 AC=0.0 pf_count = 1047
2014-09-25 14:44:58,473 INFO  [PositionJdbcImpl] pf_base currency pf_id=6393 currency = JPY
2014-09-25 14:44:58,473 INFO  [PositionJdbcImpl] Unsettled AC: pf=6393 AC=-2.1827872842550278E-11 pf_count = 1048
2014-09-25 14:44:58,474 INFO  [PositionJdbcImpl] pf_base currency pf_id=2504 currency = USD
2014-09-25 14:44:58,476 INFO  [PositionJdbcImpl] Unsettled AC: pf=2504 AC=2462654.3991987677 pf_count = 1049
2014-09-25 14:44:58,477 INFO  [PositionJdbcImpl] pf_base currency pf_id=6392 currency = JPY
2014-09-25 14:44:58,477 INFO  [PositionJdbcImpl] Unsettled AC: pf=6392 AC=-1.1641532182693481E-10 pf_count = 1050
2014-09-25 14:44:58,478 INFO  [PositionJdbcImpl] pf_base currency pf_id=6391 currency = USD
2014-09-25 14:44:58,478 INFO  [PositionJdbcImpl] Unsettled AC: pf=6391 AC=0.0 pf_count = 1051
2014-09-25 14:44:58,478 INFO  [PositionJdbcImpl] pf_base currency pf_id=2502 currency = USD
2014-09-25 14:44:58,479 INFO  [PositionJdbcImpl] Unsettled AC: pf=2502 AC=0.0 pf_count = 1052
2014-09-25 14:44:58,479 INFO  [PositionJdbcImpl] pf_base currency pf_id=6389 currency = EUR
2014-09-25 14:44:58,479 INFO  [PositionJdbcImpl] Unsettled AC: pf=6389 AC=37246.490615295974 pf_count = 1053
2014-09-25 14:44:58,480 INFO  [PositionJdbcImpl] pf_base currency pf_id=6385 currency = USD
2014-09-25 14:44:58,480 INFO  [PositionJdbcImpl] Unsettled AC: pf=6385 AC=0.0 pf_count = 1054
2014-09-25 14:44:58,481 INFO  [PositionJdbcImpl] pf_base currency pf_id=6384 currency = USD
2014-09-25 14:44:58,481 INFO  [PositionJdbcImpl] Unsettled AC: pf=6384 AC=0.0 pf_count = 1055
2014-09-25 14:44:58,482 INFO  [PositionJdbcImpl] pf_base currency pf_id=6383 currency = USD
2014-09-25 14:44:58,482 INFO  [PositionJdbcImpl] Unsettled AC: pf=6383 AC=0.0 pf_count = 1056
2014-09-25 14:44:58,483 INFO  [PositionJdbcImpl] pf_base currency pf_id=6378 currency = USD
2014-09-25 14:44:58,484 INFO  [PositionJdbcImpl] Unsettled AC: pf=6378 AC=8284423.852532857 pf_count = 1057
2014-09-25 14:44:58,485 INFO  [PositionJdbcImpl] pf_base currency pf_id=2520 currency = USD
2014-09-25 14:44:58,485 INFO  [PositionJdbcImpl] Unsettled AC: pf=2520 AC=0.0 pf_count = 1058
2014-09-25 14:44:58,486 INFO  [PositionJdbcImpl] pf_base currency pf_id=6376 currency = BRL
2014-09-25 14:44:58,486 INFO  [PositionJdbcImpl] Unsettled AC: pf=6376 AC=0.0 pf_count = 1059
2014-09-25 14:44:58,487 INFO  [PositionJdbcImpl] pf_base currency pf_id=6377 currency = USD
2014-09-25 14:44:58,487 INFO  [PositionJdbcImpl] Unsettled AC: pf=6377 AC=0.0 pf_count = 1060
2014-09-25 14:44:58,488 INFO  [PositionJdbcImpl] pf_base currency pf_id=6375 currency = BRL
2014-09-25 14:44:58,488 INFO  [PositionJdbcImpl] Unsettled AC: pf=6375 AC=0.0 pf_count = 1061
2014-09-25 14:44:58,489 INFO  [PositionJdbcImpl] pf_base currency pf_id=6373 currency = AUD
2014-09-25 14:44:58,489 INFO  [PositionJdbcImpl] Unsettled AC: pf=6373 AC=436302.1132 pf_count = 1062
2014-09-25 14:44:58,490 INFO  [PositionJdbcImpl] pf_base currency pf_id=6370 currency = USD
2014-09-25 14:44:58,490 INFO  [PositionJdbcImpl] Unsettled AC: pf=6370 AC=0.0 pf_count = 1063
2014-09-25 14:44:58,491 INFO  [PositionJdbcImpl] pf_base currency pf_id=6371 currency = USD
2014-09-25 14:44:58,491 INFO  [PositionJdbcImpl] Unsettled AC: pf=6371 AC=0.0 pf_count = 1064
2014-09-25 14:44:58,492 INFO  [PositionJdbcImpl] pf_base currency pf_id=2512 currency = USD
2014-09-25 14:44:58,492 INFO  [PositionJdbcImpl] Unsettled AC: pf=2512 AC=0.0 pf_count = 1065
2014-09-25 14:44:58,493 INFO  [PositionJdbcImpl] pf_base currency pf_id=6368 currency = USD
2014-09-25 14:44:58,494 INFO  [PositionJdbcImpl] Unsettled AC: pf=6368 AC=3835874.02753589 pf_count = 1066
2014-09-25 14:44:58,495 INFO  [PositionJdbcImpl] pf_base currency pf_id=6369 currency = GBP
2014-09-25 14:44:58,495 INFO  [PositionJdbcImpl] Unsettled AC: pf=6369 AC=-5445.525803222554 pf_count = 1067
2014-09-25 14:44:58,496 INFO  [PositionJdbcImpl] pf_base currency pf_id=6365 currency = USD
2014-09-25 14:44:58,496 INFO  [PositionJdbcImpl] Unsettled AC: pf=6365 AC=300000.0 pf_count = 1068
2014-09-25 14:44:58,497 INFO  [PositionJdbcImpl] pf_base currency pf_id=2540 currency = USD
2014-09-25 14:44:58,497 INFO  [PositionJdbcImpl] Unsettled AC: pf=2540 AC=0.0 pf_count = 1069
2014-09-25 14:44:58,497 INFO  [PositionJdbcImpl] pf_base currency pf_id=6366 currency = EUR
2014-09-25 14:44:58,498 INFO  [PositionJdbcImpl] Unsettled AC: pf=6366 AC=-9.313225746154785E-10 pf_count = 1070
2014-09-25 14:44:58,498 INFO  [PositionJdbcImpl] pf_base currency pf_id=6360 currency = JPY
2014-09-25 14:44:58,498 INFO  [PositionJdbcImpl] Unsettled AC: pf=6360 AC=0.0 pf_count = 1071
2014-09-25 14:44:58,499 INFO  [PositionJdbcImpl] pf_base currency pf_id=6363 currency = USD
2014-09-25 14:44:58,500 INFO  [PositionJdbcImpl] Unsettled AC: pf=6363 AC=1.0970095190000001E7 pf_count = 1072
2014-09-25 14:44:58,500 INFO  [PositionJdbcImpl] pf_base currency pf_id=6362 currency = BRL
2014-09-25 14:44:58,504 INFO  [PositionJdbcImpl] Unsettled AC: pf=6362 AC=1750420.7296000004 pf_count = 1073
2014-09-25 14:44:58,505 INFO  [PositionJdbcImpl] pf_base currency pf_id=2533 currency = USD
2014-09-25 14:44:58,506 INFO  [PositionJdbcImpl] Unsettled AC: pf=2533 AC=1.25728682E7 pf_count = 1074
2014-09-25 14:44:58,507 INFO  [PositionJdbcImpl] pf_base currency pf_id=6357 currency = JPY
2014-09-25 14:44:58,507 INFO  [PositionJdbcImpl] Unsettled AC: pf=6357 AC=0.0 pf_count = 1075
2014-09-25 14:44:58,508 INFO  [PositionJdbcImpl] pf_base currency pf_id=2532 currency = USD
2014-09-25 14:44:58,508 INFO  [PositionJdbcImpl] Unsettled AC: pf=2532 AC=0.0 pf_count = 1076
2014-09-25 14:44:58,509 INFO  [PositionJdbcImpl] pf_base currency pf_id=6359 currency = JPY
2014-09-25 14:44:58,509 INFO  [PositionJdbcImpl] Unsettled AC: pf=6359 AC=289698.37601822615 pf_count = 1077
2014-09-25 14:44:58,510 INFO  [PositionJdbcImpl] pf_base currency pf_id=2529 currency = USD
2014-09-25 14:44:58,511 INFO  [PositionJdbcImpl] Unsettled AC: pf=2529 AC=2538842.51 pf_count = 1078
2014-09-25 14:44:58,512 INFO  [PositionJdbcImpl] pf_base currency pf_id=2528 currency = USD
2014-09-25 14:44:58,513 INFO  [PositionJdbcImpl] Unsettled AC: pf=2528 AC=2174521.930000001 pf_count = 1079
2014-09-25 14:44:58,514 INFO  [PositionJdbcImpl] pf_base currency pf_id=6352 currency = USD
2014-09-25 14:44:58,514 INFO  [PositionJdbcImpl] Unsettled AC: pf=6352 AC=0.0 pf_count = 1080
2014-09-25 14:44:58,515 INFO  [PositionJdbcImpl] pf_base currency pf_id=6355 currency = SGD
2014-09-25 14:44:58,515 INFO  [PositionJdbcImpl] Unsettled AC: pf=6355 AC=0.0 pf_count = 1081
2014-09-25 14:44:58,517 INFO  [PositionJdbcImpl] pf_base currency pf_id=6354 currency = USD
2014-09-25 14:44:58,517 INFO  [PositionJdbcImpl] Unsettled AC: pf=6354 AC=0.0 pf_count = 1082
2014-09-25 14:44:58,517 INFO  [PositionJdbcImpl] pf_base currency pf_id=6348 currency = BRL
2014-09-25 14:44:58,520 INFO  [PositionJdbcImpl] Unsettled AC: pf=6348 AC=54257.22711787083 pf_count = 1083
2014-09-25 14:44:58,521 INFO  [PositionJdbcImpl] pf_base currency pf_id=6349 currency = USD
2014-09-25 14:44:58,521 INFO  [PositionJdbcImpl] Unsettled AC: pf=6349 AC=0.0 pf_count = 1084
2014-09-25 14:44:58,522 INFO  [PositionJdbcImpl] pf_base currency pf_id=2558 currency = USD
2014-09-25 14:44:58,522 INFO  [PositionJdbcImpl] Unsettled AC: pf=2558 AC=0.0 pf_count = 1085
2014-09-25 14:44:58,523 INFO  [PositionJdbcImpl] pf_base currency pf_id=6350 currency = USD
2014-09-25 14:44:58,523 INFO  [PositionJdbcImpl] Unsettled AC: pf=6350 AC=0.0 pf_count = 1086
2014-09-25 14:44:58,524 INFO  [PositionJdbcImpl] pf_base currency pf_id=6344 currency = JPY
2014-09-25 14:44:58,524 INFO  [PositionJdbcImpl] Unsettled AC: pf=6344 AC=0.0 pf_count = 1087
2014-09-25 14:44:58,525 INFO  [PositionJdbcImpl] pf_base currency pf_id=6347 currency = GBP
2014-09-25 14:44:58,525 INFO  [PositionJdbcImpl] Unsettled AC: pf=6347 AC=-6088.022713430575 pf_count = 1088
2014-09-25 14:44:58,526 INFO  [PositionJdbcImpl] pf_base currency pf_id=6342 currency = USD
2014-09-25 14:44:58,526 INFO  [PositionJdbcImpl] Unsettled AC: pf=6342 AC=0.0 pf_count = 1089
2014-09-25 14:44:58,526 INFO  [PositionJdbcImpl] pf_base currency pf_id=6343 currency = USD
2014-09-25 14:44:58,527 INFO  [PositionJdbcImpl] Unsettled AC: pf=6343 AC=0.0 pf_count = 1090
2014-09-25 14:44:58,527 INFO  [PositionJdbcImpl] pf_base currency pf_id=6336 currency = USD
2014-09-25 14:44:58,527 INFO  [PositionJdbcImpl] Unsettled AC: pf=6336 AC=0.0 pf_count = 1091
2014-09-25 14:44:58,528 INFO  [PositionJdbcImpl] pf_base currency pf_id=6194 currency = BRL
2014-09-25 14:44:58,528 INFO  [PositionJdbcImpl] Unsettled AC: pf=6194 AC=0.0 pf_count = 1092
2014-09-25 14:44:58,529 INFO  [PositionJdbcImpl] pf_base currency pf_id=2307 currency = USD
2014-09-25 14:44:58,530 INFO  [PositionJdbcImpl] Unsettled AC: pf=2307 AC=4813363.96 pf_count = 1093
2014-09-25 14:44:58,531 INFO  [PositionJdbcImpl] pf_base currency pf_id=6192 currency = BRL
2014-09-25 14:44:58,531 INFO  [PositionJdbcImpl] Unsettled AC: pf=6192 AC=0.0 pf_count = 1094
2014-09-25 14:44:58,532 INFO  [PositionJdbcImpl] pf_base currency pf_id=6193 currency = USD
2014-09-25 14:44:58,532 INFO  [PositionJdbcImpl] Unsettled AC: pf=6193 AC=-6070.899999999994 pf_count = 1095
2014-09-25 14:44:58,533 INFO  [PositionJdbcImpl] pf_base currency pf_id=6198 currency = USD
2014-09-25 14:44:58,533 INFO  [PositionJdbcImpl] Unsettled AC: pf=6198 AC=0.0 pf_count = 1096
2014-09-25 14:44:58,534 INFO  [PositionJdbcImpl] pf_base currency pf_id=6199 currency = USD
2014-09-25 14:44:58,534 INFO  [PositionJdbcImpl] Unsettled AC: pf=6199 AC=914794.4849248191 pf_count = 1097
2014-09-25 14:44:58,535 INFO  [PositionJdbcImpl] pf_base currency pf_id=6196 currency = USD
2014-09-25 14:44:58,535 INFO  [PositionJdbcImpl] Unsettled AC: pf=6196 AC=0.0 pf_count = 1098
2014-09-25 14:44:58,536 INFO  [PositionJdbcImpl] pf_base currency pf_id=2309 currency = USD
2014-09-25 14:44:58,538 INFO  [PositionJdbcImpl] Unsettled AC: pf=2309 AC=4.155488457481318E7 pf_count = 1099
2014-09-25 14:44:58,538 INFO  [PositionJdbcImpl] pf_base currency pf_id=6197 currency = JPY
2014-09-25 14:44:58,538 INFO  [PositionJdbcImpl] Unsettled AC: pf=6197 AC=-1.3969838619232178E-9 pf_count = 1100
2014-09-25 14:44:58,539 INFO  [PositionJdbcImpl] pf_base currency pf_id=6202 currency = USD
2014-09-25 14:44:58,539 INFO  [PositionJdbcImpl] Unsettled AC: pf=6202 AC=0.0 pf_count = 1101
2014-09-25 14:44:58,540 INFO  [PositionJdbcImpl] pf_base currency pf_id=6200 currency = USD
2014-09-25 14:44:58,540 INFO  [PositionJdbcImpl] Unsettled AC: pf=6200 AC=0.0 pf_count = 1102
2014-09-25 14:44:58,541 INFO  [PositionJdbcImpl] pf_base currency pf_id=6201 currency = USD
2014-09-25 14:44:58,541 INFO  [PositionJdbcImpl] Unsettled AC: pf=6201 AC=0.0 pf_count = 1103
2014-09-25 14:44:58,542 INFO  [PositionJdbcImpl] pf_base currency pf_id=6206 currency = GBP
2014-09-25 14:44:58,542 INFO  [PositionJdbcImpl] Unsettled AC: pf=6206 AC=0.0 pf_count = 1104
2014-09-25 14:44:58,542 INFO  [PositionJdbcImpl] pf_base currency pf_id=6207 currency = USD
2014-09-25 14:44:58,544 INFO  [PositionJdbcImpl] Unsettled AC: pf=6207 AC=-7889.912502339648 pf_count = 1105
2014-09-25 14:44:58,545 INFO  [PositionJdbcImpl] pf_base currency pf_id=6205 currency = USD
2014-09-25 14:44:58,545 INFO  [PositionJdbcImpl] Unsettled AC: pf=6205 AC=0.0 pf_count = 1106
2014-09-25 14:44:58,545 INFO  [PositionJdbcImpl] pf_base currency pf_id=6179 currency = USD
2014-09-25 14:44:58,546 INFO  [PositionJdbcImpl] Unsettled AC: pf=6179 AC=0.0 pf_count = 1107
2014-09-25 14:44:58,546 INFO  [PositionJdbcImpl] pf_base currency pf_id=6178 currency = USD
2014-09-25 14:44:58,546 INFO  [PositionJdbcImpl] Unsettled AC: pf=6178 AC=0.0 pf_count = 1108
2014-09-25 14:44:58,547 INFO  [PositionJdbcImpl] pf_base currency pf_id=6177 currency = USD
2014-09-25 14:44:58,547 INFO  [PositionJdbcImpl] Unsettled AC: pf=6177 AC=0.0 pf_count = 1109
2014-09-25 14:44:58,548 INFO  [PositionJdbcImpl] pf_base currency pf_id=6176 currency = USD
2014-09-25 14:44:58,548 INFO  [PositionJdbcImpl] Unsettled AC: pf=6176 AC=0.0 pf_count = 1110
2014-09-25 14:44:58,549 INFO  [PositionJdbcImpl] pf_base currency pf_id=6183 currency = BRL
2014-09-25 14:44:58,549 INFO  [PositionJdbcImpl] Unsettled AC: pf=6183 AC=0.0 pf_count = 1111
2014-09-25 14:44:58,550 INFO  [PositionJdbcImpl] pf_base currency pf_id=6181 currency = USD
2014-09-25 14:44:58,550 INFO  [PositionJdbcImpl] Unsettled AC: pf=6181 AC=0.0 pf_count = 1112
2014-09-25 14:44:58,551 INFO  [PositionJdbcImpl] pf_base currency pf_id=6180 currency = USD
2014-09-25 14:44:58,551 INFO  [PositionJdbcImpl] Unsettled AC: pf=6180 AC=0.0 pf_count = 1113
2014-09-25 14:44:58,552 INFO  [PositionJdbcImpl] pf_base currency pf_id=6186 currency = BRL
2014-09-25 14:44:58,554 INFO  [PositionJdbcImpl] Unsettled AC: pf=6186 AC=59697.917908500065 pf_count = 1114
2014-09-25 14:44:58,555 INFO  [PositionJdbcImpl] pf_base currency pf_id=2329 currency = GBP
2014-09-25 14:44:58,555 INFO  [PositionJdbcImpl] Unsettled AC: pf=2329 AC=0.0 pf_count = 1115
2014-09-25 14:44:58,556 INFO  [PositionJdbcImpl] pf_base currency pf_id=6185 currency = BRL
2014-09-25 14:44:58,556 INFO  [PositionJdbcImpl] Unsettled AC: pf=6185 AC=0.0 pf_count = 1116
2014-09-25 14:44:58,557 INFO  [PositionJdbcImpl] pf_base currency pf_id=6184 currency = USD
2014-09-25 14:44:58,557 INFO  [PositionJdbcImpl] Unsettled AC: pf=6184 AC=4.6566128730773926E-10 pf_count = 1117
2014-09-25 14:44:58,558 INFO  [PositionJdbcImpl] pf_base currency pf_id=6191 currency = BRL
176.847: [GC 176.847: [ParNew: 37323K->3375K(38336K), 0.0079130 secs] 541372K->507723K(1065664K), 0.0079930 secs] [Times: user=0.02 sys=0.00, real=0.01 secs] 
2014-09-25 14:44:58,567 INFO  [PositionJdbcImpl] Unsettled AC: pf=6191 AC=-42.66534259355467 pf_count = 1118
2014-09-25 14:44:58,568 INFO  [PositionJdbcImpl] pf_base currency pf_id=6190 currency = USD
2014-09-25 14:44:58,568 INFO  [PositionJdbcImpl] Unsettled AC: pf=6190 AC=0.0 pf_count = 1119
2014-09-25 14:44:58,569 INFO  [PositionJdbcImpl] pf_base currency pf_id=2333 currency = USD
2014-09-25 14:44:58,569 INFO  [PositionJdbcImpl] Unsettled AC: pf=2333 AC=84932.54017687004 pf_count = 1120
2014-09-25 14:44:58,570 INFO  [PositionJdbcImpl] pf_base currency pf_id=6188 currency = USD
2014-09-25 14:44:58,570 INFO  [PositionJdbcImpl] Unsettled AC: pf=6188 AC=0.0 pf_count = 1121
2014-09-25 14:44:58,571 INFO  [PositionJdbcImpl] pf_base currency pf_id=6160 currency = USD
2014-09-25 14:44:58,571 INFO  [PositionJdbcImpl] Unsettled AC: pf=6160 AC=0.0 pf_count = 1122
2014-09-25 14:44:58,572 INFO  [PositionJdbcImpl] pf_base currency pf_id=6161 currency = USD
2014-09-25 14:44:58,572 INFO  [PositionJdbcImpl] Unsettled AC: pf=6161 AC=0.0 pf_count = 1123
2014-09-25 14:44:58,573 INFO  [PositionJdbcImpl] pf_base currency pf_id=6162 currency = USD
2014-09-25 14:44:58,573 INFO  [PositionJdbcImpl] Unsettled AC: pf=6162 AC=0.0 pf_count = 1124
2014-09-25 14:44:58,573 INFO  [PositionJdbcImpl] pf_base currency pf_id=2339 currency = USD
2014-09-25 14:44:58,573 INFO  [PositionJdbcImpl] Unsettled AC: pf=2339 AC=0.0 pf_count = 1125
2014-09-25 14:44:58,574 INFO  [PositionJdbcImpl] pf_base currency pf_id=2341 currency = USD
2014-09-25 14:44:58,575 INFO  [PositionJdbcImpl] Unsettled AC: pf=2341 AC=1.485878477E8 pf_count = 1126
2014-09-25 14:44:58,575 INFO  [PositionJdbcImpl] pf_base currency pf_id=6165 currency = BRL
2014-09-25 14:44:58,576 INFO  [PositionJdbcImpl] Unsettled AC: pf=6165 AC=8.881784197001252E-16 pf_count = 1127
2014-09-25 14:44:58,576 INFO  [PositionJdbcImpl] pf_base currency pf_id=6166 currency = USD
2014-09-25 14:44:58,577 INFO  [PositionJdbcImpl] Unsettled AC: pf=6166 AC=0.0 pf_count = 1128
2014-09-25 14:44:58,577 INFO  [PositionJdbcImpl] pf_base currency pf_id=6167 currency = HKD
2014-09-25 14:44:58,578 INFO  [PositionJdbcImpl] Unsettled AC: pf=6167 AC=0.0 pf_count = 1129
2014-09-25 14:44:58,578 INFO  [PositionJdbcImpl] pf_base currency pf_id=2344 currency = USD
2014-09-25 14:44:58,578 INFO  [PositionJdbcImpl] Unsettled AC: pf=2344 AC=0.0 pf_count = 1130
2014-09-25 14:44:58,579 INFO  [PositionJdbcImpl] pf_base currency pf_id=6168 currency = USD
2014-09-25 14:44:58,579 INFO  [PositionJdbcImpl] Unsettled AC: pf=6168 AC=0.0 pf_count = 1131
2014-09-25 14:44:58,580 INFO  [PositionJdbcImpl] pf_base currency pf_id=6169 currency = AUD
2014-09-25 14:44:58,580 INFO  [PositionJdbcImpl] Unsettled AC: pf=6169 AC=150864.33434987575 pf_count = 1132
2014-09-25 14:44:58,581 INFO  [PositionJdbcImpl] pf_base currency pf_id=2346 currency = GBP
2014-09-25 14:44:58,581 INFO  [PositionJdbcImpl] Unsettled AC: pf=2346 AC=2108642.274 pf_count = 1133
2014-09-25 14:44:58,582 INFO  [PositionJdbcImpl] pf_base currency pf_id=6170 currency = USD
2014-09-25 14:44:58,582 INFO  [PositionJdbcImpl] Unsettled AC: pf=6170 AC=0.0 pf_count = 1134
2014-09-25 14:44:58,583 INFO  [PositionJdbcImpl] pf_base currency pf_id=6171 currency = USD
2014-09-25 14:44:58,583 INFO  [PositionJdbcImpl] Unsettled AC: pf=6171 AC=0.0 pf_count = 1135
2014-09-25 14:44:58,584 INFO  [PositionJdbcImpl] pf_base currency pf_id=6172 currency = USD
2014-09-25 14:44:58,584 INFO  [PositionJdbcImpl] Unsettled AC: pf=6172 AC=0.0 pf_count = 1136
2014-09-25 14:44:58,585 INFO  [PositionJdbcImpl] pf_base currency pf_id=6174 currency = USD
2014-09-25 14:44:58,585 INFO  [PositionJdbcImpl] Unsettled AC: pf=6174 AC=0.0 pf_count = 1137
2014-09-25 14:44:58,586 INFO  [PositionJdbcImpl] pf_base currency pf_id=2351 currency = GBP
2014-09-25 14:44:58,586 INFO  [PositionJdbcImpl] Unsettled AC: pf=2351 AC=0.0 pf_count = 1138
2014-09-25 14:44:58,587 INFO  [PositionJdbcImpl] pf_base currency pf_id=6175 currency = USD
2014-09-25 14:44:58,587 INFO  [PositionJdbcImpl] Unsettled AC: pf=6175 AC=0.0 pf_count = 1139
2014-09-25 14:44:58,588 INFO  [PositionJdbcImpl] pf_base currency pf_id=6145 currency = USD
2014-09-25 14:44:58,588 INFO  [PositionJdbcImpl] Unsettled AC: pf=6145 AC=0.0 pf_count = 1140
2014-09-25 14:44:58,589 INFO  [PositionJdbcImpl] pf_base currency pf_id=6144 currency = USD
2014-09-25 14:44:58,589 INFO  [PositionJdbcImpl] Unsettled AC: pf=6144 AC=0.0 pf_count = 1141
2014-09-25 14:44:58,590 INFO  [PositionJdbcImpl] pf_base currency pf_id=6147 currency = USD
2014-09-25 14:44:58,592 INFO  [PositionJdbcImpl] Unsettled AC: pf=6147 AC=3.5867936049E8 pf_count = 1142
2014-09-25 14:44:58,593 INFO  [PositionJdbcImpl] pf_base currency pf_id=6146 currency = USD
2014-09-25 14:44:58,593 INFO  [PositionJdbcImpl] Unsettled AC: pf=6146 AC=0.0 pf_count = 1143
2014-09-25 14:44:58,594 INFO  [PositionJdbcImpl] pf_base currency pf_id=6150 currency = USD
2014-09-25 14:44:58,594 INFO  [PositionJdbcImpl] Unsettled AC: pf=6150 AC=0.0 pf_count = 1144
2014-09-25 14:44:58,595 INFO  [PositionJdbcImpl] pf_base currency pf_id=6153 currency = USD
2014-09-25 14:44:58,595 INFO  [PositionJdbcImpl] Unsettled AC: pf=6153 AC=0.0 pf_count = 1145
2014-09-25 14:44:58,596 INFO  [PositionJdbcImpl] pf_base currency pf_id=6152 currency = USD
2014-09-25 14:44:58,596 INFO  [PositionJdbcImpl] Unsettled AC: pf=6152 AC=0.0 pf_count = 1146
2014-09-25 14:44:58,597 INFO  [PositionJdbcImpl] pf_base currency pf_id=6154 currency = USD
2014-09-25 14:44:58,597 INFO  [PositionJdbcImpl] Unsettled AC: pf=6154 AC=0.0 pf_count = 1147
2014-09-25 14:44:58,598 INFO  [PositionJdbcImpl] pf_base currency pf_id=2365 currency = USD
2014-09-25 14:44:58,598 INFO  [PositionJdbcImpl] Unsettled AC: pf=2365 AC=0.0 pf_count = 1148
2014-09-25 14:44:58,599 INFO  [PositionJdbcImpl] pf_base currency pf_id=6157 currency = USD
2014-09-25 14:44:58,599 INFO  [PositionJdbcImpl] Unsettled AC: pf=6157 AC=0.0 pf_count = 1149
2014-09-25 14:44:58,600 INFO  [PositionJdbcImpl] pf_base currency pf_id=6156 currency = USD
2014-09-25 14:44:58,600 INFO  [PositionJdbcImpl] Unsettled AC: pf=6156 AC=0.0 pf_count = 1150
2014-09-25 14:44:58,601 INFO  [PositionJdbcImpl] pf_base currency pf_id=6159 currency = USD
2014-09-25 14:44:58,601 INFO  [PositionJdbcImpl] Unsettled AC: pf=6159 AC=0.0 pf_count = 1151
2014-09-25 14:44:58,602 INFO  [PositionJdbcImpl] pf_base currency pf_id=6158 currency = USD
2014-09-25 14:44:58,602 INFO  [PositionJdbcImpl] Unsettled AC: pf=6158 AC=0.0 pf_count = 1152
2014-09-25 14:44:58,603 INFO  [PositionJdbcImpl] pf_base currency pf_id=6260 currency = USD
2014-09-25 14:44:58,604 INFO  [PositionJdbcImpl] Unsettled AC: pf=6260 AC=-13129.947519954789 pf_count = 1153
2014-09-25 14:44:58,605 INFO  [PositionJdbcImpl] pf_base currency pf_id=6261 currency = USD
2014-09-25 14:44:58,605 INFO  [PositionJdbcImpl] Unsettled AC: pf=6261 AC=0.0 pf_count = 1154
2014-09-25 14:44:58,605 INFO  [PositionJdbcImpl] pf_base currency pf_id=2370 currency = USD
2014-09-25 14:44:58,606 INFO  [PositionJdbcImpl] Unsettled AC: pf=2370 AC=0.0 pf_count = 1155
2014-09-25 14:44:58,606 INFO  [PositionJdbcImpl] pf_base currency pf_id=6256 currency = USD
2014-09-25 14:44:58,607 INFO  [PositionJdbcImpl] Unsettled AC: pf=6256 AC=0.0 pf_count = 1156
2014-09-25 14:44:58,608 INFO  [PositionJdbcImpl] pf_base currency pf_id=2369 currency = USD
2014-09-25 14:44:58,609 INFO  [PositionJdbcImpl] Unsettled AC: pf=2369 AC=3.6399851207045335E8 pf_count = 1157
2014-09-25 14:44:58,610 INFO  [PositionJdbcImpl] pf_base currency pf_id=6270 currency = USD
2014-09-25 14:44:58,611 INFO  [PositionJdbcImpl] Unsettled AC: pf=6270 AC=209449.38 pf_count = 1158
2014-09-25 14:44:58,612 INFO  [PositionJdbcImpl] pf_base currency pf_id=6271 currency = USD
2014-09-25 14:44:58,613 INFO  [PositionJdbcImpl] Unsettled AC: pf=6271 AC=10199.60999999987 pf_count = 1159
2014-09-25 14:44:58,614 INFO  [PositionJdbcImpl] pf_base currency pf_id=6269 currency = BRL
2014-09-25 14:44:58,614 INFO  [PositionJdbcImpl] Unsettled AC: pf=6269 AC=0.0 pf_count = 1160
2014-09-25 14:44:58,615 INFO  [PositionJdbcImpl] pf_base currency pf_id=6266 currency = USD
2014-09-25 14:44:58,615 INFO  [PositionJdbcImpl] Unsettled AC: pf=6266 AC=0.0 pf_count = 1161
2014-09-25 14:44:58,616 INFO  [PositionJdbcImpl] pf_base currency pf_id=6264 currency = BRL
2014-09-25 14:44:58,618 INFO  [PositionJdbcImpl] Unsettled AC: pf=6264 AC=21758.200299999997 pf_count = 1162
2014-09-25 14:44:58,619 INFO  [PositionJdbcImpl] pf_base currency pf_id=2377 currency = USD
2014-09-25 14:44:58,620 INFO  [PositionJdbcImpl] Unsettled AC: pf=2377 AC=0.0 pf_count = 1163
2014-09-25 14:44:58,621 INFO  [PositionJdbcImpl] pf_base currency pf_id=6265 currency = USD
2014-09-25 14:44:58,621 INFO  [PositionJdbcImpl] Unsettled AC: pf=6265 AC=0.0 pf_count = 1164
2014-09-25 14:44:58,622 INFO  [PositionJdbcImpl] pf_base currency pf_id=6245 currency = JPY
2014-09-25 14:44:58,622 INFO  [PositionJdbcImpl] Unsettled AC: pf=6245 AC=8.940696716308594E-8 pf_count = 1165
2014-09-25 14:44:58,623 INFO  [PositionJdbcImpl] pf_base currency pf_id=6244 currency = JPY
2014-09-25 14:44:58,623 INFO  [PositionJdbcImpl] Unsettled AC: pf=6244 AC=0.0 pf_count = 1166
2014-09-25 14:44:58,624 INFO  [PositionJdbcImpl] pf_base currency pf_id=6243 currency = USD
2014-09-25 14:44:58,624 INFO  [PositionJdbcImpl] Unsettled AC: pf=6243 AC=1.1641532182693481E-10 pf_count = 1167
2014-09-25 14:44:58,625 INFO  [PositionJdbcImpl] pf_base currency pf_id=6242 currency = USD
2014-09-25 14:44:58,626 INFO  [PositionJdbcImpl] Unsettled AC: pf=6242 AC=22910.0 pf_count = 1168
2014-09-25 14:44:58,627 INFO  [PositionJdbcImpl] pf_base currency pf_id=6240 currency = EUR
2014-09-25 14:44:58,627 INFO  [PositionJdbcImpl] Unsettled AC: pf=6240 AC=0.0 pf_count = 1169
2014-09-25 14:44:58,627 INFO  [PositionJdbcImpl] pf_base currency pf_id=6255 currency = USD
2014-09-25 14:44:58,627 INFO  [PositionJdbcImpl] Unsettled AC: pf=6255 AC=0.0 pf_count = 1170
2014-09-25 14:44:58,628 INFO  [PositionJdbcImpl] pf_base currency pf_id=2398 currency = EUR
2014-09-25 14:44:58,629 INFO  [PositionJdbcImpl] Unsettled AC: pf=2398 AC=3.550921600999998E7 pf_count = 1171
2014-09-25 14:44:58,630 INFO  [PositionJdbcImpl] pf_base currency pf_id=6254 currency = USD
2014-09-25 14:44:58,630 INFO  [PositionJdbcImpl] Unsettled AC: pf=6254 AC=0.0 pf_count = 1172
2014-09-25 14:44:58,631 INFO  [PositionJdbcImpl] pf_base currency pf_id=6253 currency = USD
2014-09-25 14:44:58,631 INFO  [PositionJdbcImpl] Unsettled AC: pf=6253 AC=0.0 pf_count = 1173
2014-09-25 14:44:58,632 INFO  [PositionJdbcImpl] pf_base currency pf_id=2395 currency = USD
2014-09-25 14:44:58,632 INFO  [PositionJdbcImpl] Unsettled AC: pf=2395 AC=0.0 pf_count = 1174
2014-09-25 14:44:58,633 INFO  [PositionJdbcImpl] pf_base currency pf_id=6248 currency = EUR
2014-09-25 14:44:58,633 INFO  [PositionJdbcImpl] Unsettled AC: pf=6248 AC=23.183202074407745 pf_count = 1175
2014-09-25 14:44:58,634 INFO  [PositionJdbcImpl] pf_base currency pf_id=2404 currency = USD
2014-09-25 14:44:58,634 INFO  [PositionJdbcImpl] Unsettled AC: pf=2404 AC=241074.935 pf_count = 1176
2014-09-25 14:44:58,635 INFO  [PositionJdbcImpl] pf_base currency pf_id=6228 currency = USD
2014-09-25 14:44:58,635 INFO  [PositionJdbcImpl] Unsettled AC: pf=6228 AC=0.0 pf_count = 1177
2014-09-25 14:44:58,636 INFO  [PositionJdbcImpl] pf_base currency pf_id=6229 currency = USD
2014-09-25 14:44:58,636 INFO  [PositionJdbcImpl] Unsettled AC: pf=6229 AC=0.0 pf_count = 1178
2014-09-25 14:44:58,637 INFO  [PositionJdbcImpl] pf_base currency pf_id=2406 currency = USD
2014-09-25 14:44:58,637 INFO  [PositionJdbcImpl] Unsettled AC: pf=2406 AC=1343461.867796875 pf_count = 1179
2014-09-25 14:44:58,638 INFO  [PositionJdbcImpl] pf_base currency pf_id=6230 currency = USD
2014-09-25 14:44:58,638 INFO  [PositionJdbcImpl] Unsettled AC: pf=6230 AC=0.0 pf_count = 1180
2014-09-25 14:44:58,639 INFO  [PositionJdbcImpl] pf_base currency pf_id=6231 currency = EUR
2014-09-25 14:44:58,640 INFO  [PositionJdbcImpl] Unsettled AC: pf=6231 AC=675975.0880000021 pf_count = 1181
2014-09-25 14:44:58,641 INFO  [PositionJdbcImpl] pf_base currency pf_id=2401 currency = USD
2014-09-25 14:44:58,641 INFO  [PositionJdbcImpl] Unsettled AC: pf=2401 AC=1.4716953552804E7 pf_count = 1182
2014-09-25 14:44:58,642 INFO  [PositionJdbcImpl] pf_base currency pf_id=6225 currency = BRL
2014-09-25 14:44:58,642 INFO  [PositionJdbcImpl] Unsettled AC: pf=6225 AC=3.637978807091713E-12 pf_count = 1183
2014-09-25 14:44:58,643 INFO  [PositionJdbcImpl] pf_base currency pf_id=2402 currency = USD
2014-09-25 14:44:58,644 INFO  [PositionJdbcImpl] Unsettled AC: pf=2402 AC=2039986.2133999998 pf_count = 1184
2014-09-25 14:44:58,645 INFO  [PositionJdbcImpl] pf_base currency pf_id=6226 currency = AUD
2014-09-25 14:44:58,646 INFO  [PositionJdbcImpl] Unsettled AC: pf=6226 AC=1243225.8999999985 pf_count = 1185
2014-09-25 14:44:58,646 INFO  [PositionJdbcImpl] pf_base currency pf_id=2403 currency = USD
2014-09-25 14:44:58,647 INFO  [PositionJdbcImpl] Unsettled AC: pf=2403 AC=0.0 pf_count = 1186
2014-09-25 14:44:58,647 INFO  [PositionJdbcImpl] pf_base currency pf_id=2413 currency = GBP
2014-09-25 14:44:58,648 INFO  [PositionJdbcImpl] Unsettled AC: pf=2413 AC=0.0 pf_count = 1187
2014-09-25 14:44:58,648 INFO  [PositionJdbcImpl] pf_base currency pf_id=2414 currency = CHF
2014-09-25 14:44:58,649 INFO  [PositionJdbcImpl] Unsettled AC: pf=2414 AC=0.0 pf_count = 1188
2014-09-25 14:44:58,649 INFO  [PositionJdbcImpl] pf_base currency pf_id=6239 currency = BRL
2014-09-25 14:44:58,649 INFO  [PositionJdbcImpl] Unsettled AC: pf=6239 AC=0.0 pf_count = 1189
2014-09-25 14:44:58,650 INFO  [PositionJdbcImpl] pf_base currency pf_id=6232 currency = USD
2014-09-25 14:44:58,651 INFO  [PositionJdbcImpl] Unsettled AC: pf=6232 AC=9617694.630000003 pf_count = 1190
2014-09-25 14:44:58,651 INFO  [PositionJdbcImpl] pf_base currency pf_id=6234 currency = BRL
2014-09-25 14:44:58,652 INFO  [PositionJdbcImpl] Unsettled AC: pf=6234 AC=0.0 pf_count = 1191
2014-09-25 14:44:58,652 INFO  [PositionJdbcImpl] pf_base currency pf_id=6235 currency = BRL
2014-09-25 14:44:58,653 INFO  [PositionJdbcImpl] Unsettled AC: pf=6235 AC=0.0 pf_count = 1192
2014-09-25 14:44:58,653 INFO  [PositionJdbcImpl] pf_base currency pf_id=2421 currency = USD
2014-09-25 14:44:58,654 INFO  [PositionJdbcImpl] Unsettled AC: pf=2421 AC=299877.0 pf_count = 1193
2014-09-25 14:44:58,655 INFO  [PositionJdbcImpl] pf_base currency pf_id=6213 currency = USD
2014-09-25 14:44:58,655 INFO  [PositionJdbcImpl] Unsettled AC: pf=6213 AC=0.0 pf_count = 1194
2014-09-25 14:44:58,656 INFO  [PositionJdbcImpl] pf_base currency pf_id=6212 currency = USD
2014-09-25 14:44:58,658 INFO  [PositionJdbcImpl] Unsettled AC: pf=6212 AC=193140.0539359595 pf_count = 1195
2014-09-25 14:44:58,659 INFO  [PositionJdbcImpl] pf_base currency pf_id=2423 currency = CAD
2014-09-25 14:44:58,659 INFO  [PositionJdbcImpl] Unsettled AC: pf=2423 AC=0.0 pf_count = 1196
2014-09-25 14:44:58,660 INFO  [PositionJdbcImpl] pf_base currency pf_id=6215 currency = BRL
2014-09-25 14:44:58,660 INFO  [PositionJdbcImpl] Unsettled AC: pf=6215 AC=9.094947017729282E-13 pf_count = 1197
2014-09-25 14:44:58,661 INFO  [PositionJdbcImpl] pf_base currency pf_id=2422 currency = USD
2014-09-25 14:44:58,663 INFO  [PositionJdbcImpl] Unsettled AC: pf=2422 AC=55186.839046867564 pf_count = 1198
2014-09-25 14:44:58,664 INFO  [PositionJdbcImpl] pf_base currency pf_id=6214 currency = BRL
2014-09-25 14:44:58,664 INFO  [PositionJdbcImpl] Unsettled AC: pf=6214 AC=7.275957614183426E-12 pf_count = 1199
2014-09-25 14:44:58,665 INFO  [PositionJdbcImpl] pf_base currency pf_id=6209 currency = USD
2014-09-25 14:44:58,666 INFO  [PositionJdbcImpl] Unsettled AC: pf=6209 AC=-10806.338338807582 pf_count = 1200
2014-09-25 14:44:58,667 INFO  [PositionJdbcImpl] pf_base currency pf_id=2416 currency = USD
2014-09-25 14:44:58,668 INFO  [PositionJdbcImpl] Unsettled AC: pf=2416 AC=2.7145645226997074E7 pf_count = 1201
2014-09-25 14:44:58,669 INFO  [PositionJdbcImpl] pf_base currency pf_id=6208 currency = USD
2014-09-25 14:44:58,671 INFO  [PositionJdbcImpl] Unsettled AC: pf=6208 AC=-6646.54083587171 pf_count = 1202
2014-09-25 14:44:58,672 INFO  [PositionJdbcImpl] pf_base currency pf_id=2419 currency = USD
2014-09-25 14:44:58,673 INFO  [PositionJdbcImpl] Unsettled AC: pf=2419 AC=4.812889041910925E7 pf_count = 1203
2014-09-25 14:44:58,674 INFO  [PositionJdbcImpl] pf_base currency pf_id=6211 currency = USD
2014-09-25 14:44:58,675 INFO  [PositionJdbcImpl] Unsettled AC: pf=6211 AC=-31662.844718922483 pf_count = 1204
2014-09-25 14:44:58,676 INFO  [PositionJdbcImpl] pf_base currency pf_id=2418 currency = USD
2014-09-25 14:44:58,676 INFO  [PositionJdbcImpl] Unsettled AC: pf=2418 AC=4057979.75 pf_count = 1205
2014-09-25 14:44:58,677 INFO  [PositionJdbcImpl] pf_base currency pf_id=6210 currency = USD
2014-09-25 14:44:58,678 INFO  [PositionJdbcImpl] Unsettled AC: pf=6210 AC=-7179.983418354008 pf_count = 1206
2014-09-25 14:44:58,679 INFO  [PositionJdbcImpl] pf_base currency pf_id=2428 currency = EUR
2014-09-25 14:44:58,679 INFO  [PositionJdbcImpl] Unsettled AC: pf=2428 AC=993933.5358528302 pf_count = 1207
2014-09-25 14:44:58,680 INFO  [PositionJdbcImpl] pf_base currency pf_id=6220 currency = USD
2014-09-25 14:44:58,681 INFO  [PositionJdbcImpl] Unsettled AC: pf=6220 AC=24360.0 pf_count = 1208
2014-09-25 14:44:58,681 INFO  [PositionJdbcImpl] pf_base currency pf_id=2431 currency = USD
2014-09-25 14:44:58,681 INFO  [PositionJdbcImpl] Unsettled AC: pf=2431 AC=0.0 pf_count = 1209
2014-09-25 14:44:58,682 INFO  [PositionJdbcImpl] pf_base currency pf_id=6217 currency = BRL
2014-09-25 14:44:58,682 INFO  [PositionJdbcImpl] Unsettled AC: pf=6217 AC=0.0 pf_count = 1210
2014-09-25 14:44:58,683 INFO  [PositionJdbcImpl] pf_base currency pf_id=6216 currency = BRL
2014-09-25 14:44:58,683 INFO  [PositionJdbcImpl] Unsettled AC: pf=6216 AC=0.0 pf_count = 1211
2014-09-25 14:44:58,684 INFO  [PositionJdbcImpl] pf_base currency pf_id=6219 currency = USD
2014-09-25 14:44:58,685 INFO  [PositionJdbcImpl] Unsettled AC: pf=6219 AC=-280000.0 pf_count = 1212
2014-09-25 14:44:58,685 INFO  [PositionJdbcImpl] pf_base currency pf_id=2426 currency = GBP
2014-09-25 14:44:58,686 INFO  [PositionJdbcImpl] Unsettled AC: pf=2426 AC=0.0 pf_count = 1213
2014-09-25 14:44:58,686 INFO  [PositionJdbcImpl] pf_base currency pf_id=6218 currency = USD
2014-09-25 14:44:58,688 INFO  [PositionJdbcImpl] Unsettled AC: pf=6218 AC=3.1083626700013105E7 pf_count = 1214
2014-09-25 14:44:58,688 INFO  [PositionJdbcImpl] pf_base currency pf_id=2742 currency = USD
2014-09-25 14:44:58,689 INFO  [PositionJdbcImpl] Unsettled AC: pf=2742 AC=-1.4901161193847656E-8 pf_count = 1215
2014-09-25 14:44:58,689 INFO  [PositionJdbcImpl] pf_base currency pf_id=2743 currency = AUD
2014-09-25 14:44:58,689 INFO  [PositionJdbcImpl] Unsettled AC: pf=2743 AC=0.0 pf_count = 1216
2014-09-25 14:44:58,690 INFO  [PositionJdbcImpl] pf_base currency pf_id=2731 currency = EUR
2014-09-25 14:44:58,690 INFO  [PositionJdbcImpl] Unsettled AC: pf=2731 AC=-283.72927999985404 pf_count = 1217
2014-09-25 14:44:58,691 INFO  [PositionJdbcImpl] pf_base currency pf_id=2728 currency = USD
2014-09-25 14:44:58,691 INFO  [PositionJdbcImpl] Unsettled AC: pf=2728 AC=0.0 pf_count = 1218
2014-09-25 14:44:58,692 INFO  [PositionJdbcImpl] pf_base currency pf_id=2720 currency = USD
2014-09-25 14:44:58,692 INFO  [PositionJdbcImpl] Unsettled AC: pf=2720 AC=0.0 pf_count = 1219
2014-09-25 14:44:58,693 INFO  [PositionJdbcImpl] pf_base currency pf_id=2710 currency = JPY
2014-09-25 14:44:58,693 INFO  [PositionJdbcImpl] Unsettled AC: pf=2710 AC=8482.860532529245 pf_count = 1220
2014-09-25 14:44:58,694 INFO  [PositionJdbcImpl] pf_base currency pf_id=2711 currency = JPY
2014-09-25 14:44:58,694 INFO  [PositionJdbcImpl] Unsettled AC: pf=2711 AC=1061269.6299999994 pf_count = 1221
2014-09-25 14:44:58,695 INFO  [PositionJdbcImpl] pf_base currency pf_id=2701 currency = EUR
2014-09-25 14:44:58,695 INFO  [PositionJdbcImpl] Unsettled AC: pf=2701 AC=-0.00356929749250412 pf_count = 1222
2014-09-25 14:44:58,696 INFO  [PositionJdbcImpl] pf_base currency pf_id=2703 currency = EUR
2014-09-25 14:44:58,696 INFO  [PositionJdbcImpl] Unsettled AC: pf=2703 AC=459085.7472539912 pf_count = 1223
2014-09-25 14:44:58,697 INFO  [PositionJdbcImpl] pf_base currency pf_id=2702 currency = GBP
2014-09-25 14:44:58,697 INFO  [PositionJdbcImpl] Unsettled AC: pf=2702 AC=-0.050938691943883896 pf_count = 1224
2014-09-25 14:44:58,698 INFO  [PositionJdbcImpl] pf_base currency pf_id=2697 currency = EUR
2014-09-25 14:44:58,698 INFO  [PositionJdbcImpl] Unsettled AC: pf=2697 AC=386.3956215793587 pf_count = 1225
2014-09-25 14:44:58,699 INFO  [PositionJdbcImpl] pf_base currency pf_id=2808 currency = USD
2014-09-25 14:44:58,700 INFO  [PositionJdbcImpl] Unsettled AC: pf=2808 AC=207046.88 pf_count = 1226
2014-09-25 14:44:58,701 INFO  [PositionJdbcImpl] pf_base currency pf_id=2814 currency = USD
2014-09-25 14:44:58,703 INFO  [PositionJdbcImpl] Unsettled AC: pf=2814 AC=6.822226792011853E7 pf_count = 1227
2014-09-25 14:44:58,703 INFO  [PositionJdbcImpl] pf_base currency pf_id=2801 currency = USD
2014-09-25 14:44:58,704 INFO  [PositionJdbcImpl] Unsettled AC: pf=2801 AC=157677.3766269604 pf_count = 1228
2014-09-25 14:44:58,705 INFO  [PositionJdbcImpl] pf_base currency pf_id=2807 currency = USD
2014-09-25 14:44:58,707 INFO  [PositionJdbcImpl] Unsettled AC: pf=2807 AC=3071802.357536554 pf_count = 1229
2014-09-25 14:44:58,708 INFO  [PositionJdbcImpl] pf_base currency pf_id=2794 currency = USD
2014-09-25 14:44:58,708 INFO  [PositionJdbcImpl] Unsettled AC: pf=2794 AC=0.0 pf_count = 1230
2014-09-25 14:44:58,709 INFO  [PositionJdbcImpl] pf_base currency pf_id=2796 currency = USD
2014-09-25 14:44:58,709 INFO  [PositionJdbcImpl] Unsettled AC: pf=2796 AC=1.5610511869999997E7 pf_count = 1231
2014-09-25 14:44:58,710 INFO  [PositionJdbcImpl] pf_base currency pf_id=2788 currency = USD
2014-09-25 14:44:58,711 INFO  [PositionJdbcImpl] Unsettled AC: pf=2788 AC=10199.61 pf_count = 1232
2014-09-25 14:44:58,712 INFO  [PositionJdbcImpl] pf_base currency pf_id=2780 currency = USD
2014-09-25 14:44:58,712 INFO  [PositionJdbcImpl] Unsettled AC: pf=2780 AC=0.0 pf_count = 1233
2014-09-25 14:44:58,713 INFO  [PositionJdbcImpl] pf_base currency pf_id=2783 currency = USD
2014-09-25 14:44:58,714 INFO  [PositionJdbcImpl] Unsettled AC: pf=2783 AC=469980.06752621493 pf_count = 1234
2014-09-25 14:44:58,715 INFO  [PositionJdbcImpl] pf_base currency pf_id=2768 currency = USD
2014-09-25 14:44:58,716 INFO  [PositionJdbcImpl] Unsettled AC: pf=2768 AC=3409246.737826326 pf_count = 1235
2014-09-25 14:44:58,717 INFO  [PositionJdbcImpl] pf_base currency pf_id=2769 currency = USD
2014-09-25 14:44:58,718 INFO  [PositionJdbcImpl] Unsettled AC: pf=2769 AC=5383255.87 pf_count = 1236
2014-09-25 14:44:58,718 INFO  [PositionJdbcImpl] pf_base currency pf_id=2772 currency = USD
2014-09-25 14:44:58,719 INFO  [PositionJdbcImpl] Unsettled AC: pf=2772 AC=2589998.5601666667 pf_count = 1237
2014-09-25 14:44:58,720 INFO  [PositionJdbcImpl] pf_base currency pf_id=2773 currency = USD
2014-09-25 14:44:58,721 INFO  [PositionJdbcImpl] Unsettled AC: pf=2773 AC=5331941.921302567 pf_count = 1238
2014-09-25 14:44:58,722 INFO  [PositionJdbcImpl] pf_base currency pf_id=2775 currency = USD
2014-09-25 14:44:58,722 INFO  [PositionJdbcImpl] Unsettled AC: pf=2775 AC=0.0 pf_count = 1239
2014-09-25 14:44:58,723 INFO  [PositionJdbcImpl] pf_base currency pf_id=2763 currency = USD
2014-09-25 14:44:58,724 INFO  [PositionJdbcImpl] Unsettled AC: pf=2763 AC=1.016325865E7 pf_count = 1240
2014-09-25 14:44:58,725 INFO  [PositionJdbcImpl] pf_base currency pf_id=2767 currency = USD
2014-09-25 14:44:58,726 INFO  [PositionJdbcImpl] Unsettled AC: pf=2767 AC=572732.1800000016 pf_count = 1241
2014-09-25 14:44:58,727 INFO  [PositionJdbcImpl] pf_base currency pf_id=2756 currency = USD
2014-09-25 14:44:58,727 INFO  [PositionJdbcImpl] Unsettled AC: pf=2756 AC=0.0 pf_count = 1242
2014-09-25 14:44:58,728 INFO  [PositionJdbcImpl] pf_base currency pf_id=6917 currency = JPY
2014-09-25 14:44:58,728 INFO  [PositionJdbcImpl] Unsettled AC: pf=6917 AC=4095967.0200000033 pf_count = 1243
2014-09-25 14:44:58,729 INFO  [PositionJdbcImpl] pf_base currency pf_id=6916 currency = USD
2014-09-25 14:44:58,729 INFO  [PositionJdbcImpl] Unsettled AC: pf=6916 AC=0.0 pf_count = 1244
2014-09-25 14:44:58,730 INFO  [PositionJdbcImpl] pf_base currency pf_id=6914 currency = USD
2014-09-25 14:44:58,731 INFO  [PositionJdbcImpl] Unsettled AC: pf=6914 AC=4379840.074999999 pf_count = 1245
2014-09-25 14:44:58,732 INFO  [PositionJdbcImpl] pf_base currency pf_id=2623 currency = SGD
2014-09-25 14:44:58,732 INFO  [PositionJdbcImpl] Unsettled AC: pf=2623 AC=0.0 pf_count = 1246
2014-09-25 14:44:58,733 INFO  [PositionJdbcImpl] pf_base currency pf_id=2622 currency = SGD
2014-09-25 14:44:58,733 INFO  [PositionJdbcImpl] Unsettled AC: pf=2622 AC=0.0 pf_count = 1247
2014-09-25 14:44:58,734 INFO  [PositionJdbcImpl] pf_base currency pf_id=6925 currency = BRL
2014-09-25 14:44:58,734 INFO  [PositionJdbcImpl] Unsettled AC: pf=6925 AC=0.0 pf_count = 1248
2014-09-25 14:44:58,735 INFO  [PositionJdbcImpl] pf_base currency pf_id=6924 currency = USD
2014-09-25 14:44:58,735 INFO  [PositionJdbcImpl] Unsettled AC: pf=6924 AC=0.0 pf_count = 1249
2014-09-25 14:44:58,736 INFO  [PositionJdbcImpl] pf_base currency pf_id=6923 currency = USD
2014-09-25 14:44:58,736 INFO  [PositionJdbcImpl] Unsettled AC: pf=6923 AC=0.0 pf_count = 1250
2014-09-25 14:44:58,739 INFO  [PositionJdbcImpl] pf_base currency pf_id=2619 currency = USD
2014-09-25 14:44:58,739 INFO  [PositionJdbcImpl] Unsettled AC: pf=2619 AC=0.0 pf_count = 1251
2014-09-25 14:44:58,740 INFO  [PositionJdbcImpl] pf_base currency pf_id=2617 currency = USD
2014-09-25 14:44:58,740 INFO  [PositionJdbcImpl] Unsettled AC: pf=2617 AC=0.0 pf_count = 1252
2014-09-25 14:44:58,741 INFO  [PositionJdbcImpl] pf_base currency pf_id=6920 currency = USD
2014-09-25 14:44:58,742 INFO  [PositionJdbcImpl] Unsettled AC: pf=6920 AC=8.534956503661299E7 pf_count = 1253
2014-09-25 14:44:58,742 INFO  [PositionJdbcImpl] pf_base currency pf_id=6935 currency = HKD
2014-09-25 14:44:58,743 INFO  [PositionJdbcImpl] Unsettled AC: pf=6935 AC=0.0 pf_count = 1254
2014-09-25 14:44:58,743 INFO  [PositionJdbcImpl] pf_base currency pf_id=6933 currency = USD
2014-09-25 14:44:58,743 INFO  [PositionJdbcImpl] Unsettled AC: pf=6933 AC=2641625.0 pf_count = 1255
2014-09-25 14:44:58,744 INFO  [PositionJdbcImpl] pf_base currency pf_id=6942 currency = USD
2014-09-25 14:44:58,744 INFO  [PositionJdbcImpl] Unsettled AC: pf=6942 AC=0.0 pf_count = 1256
2014-09-25 14:44:58,745 INFO  [PositionJdbcImpl] pf_base currency pf_id=6943 currency = BRL
2014-09-25 14:44:58,745 INFO  [PositionJdbcImpl] Unsettled AC: pf=6943 AC=0.0 pf_count = 1257
2014-09-25 14:44:58,746 INFO  [PositionJdbcImpl] pf_base currency pf_id=6940 currency = USD
2014-09-25 14:44:58,746 INFO  [PositionJdbcImpl] Unsettled AC: pf=6940 AC=0.0 pf_count = 1258
2014-09-25 14:44:58,747 INFO  [PositionJdbcImpl] pf_base currency pf_id=6936 currency = HKD
2014-09-25 14:44:58,747 INFO  [PositionJdbcImpl] Unsettled AC: pf=6936 AC=0.0 pf_count = 1259
2014-09-25 14:44:58,748 INFO  [PositionJdbcImpl] pf_base currency pf_id=6937 currency = BRL
2014-09-25 14:44:58,748 INFO  [PositionJdbcImpl] Unsettled AC: pf=6937 AC=0.0 pf_count = 1260
2014-09-25 14:44:58,749 INFO  [PositionJdbcImpl] pf_base currency pf_id=6949 currency = CNH
2014-09-25 14:44:58,749 INFO  [PositionJdbcImpl] Unsettled AC: pf=6949 AC=0.0 pf_count = 1261
2014-09-25 14:44:58,750 INFO  [PositionJdbcImpl] pf_base currency pf_id=2580 currency = USD
2014-09-25 14:44:58,751 INFO  [PositionJdbcImpl] Unsettled AC: pf=2580 AC=1.8031641680000007E7 pf_count = 1262
2014-09-25 14:44:58,752 INFO  [PositionJdbcImpl] pf_base currency pf_id=6951 currency = USD
2014-09-25 14:44:58,752 INFO  [PositionJdbcImpl] Unsettled AC: pf=6951 AC=0.0 pf_count = 1263
2014-09-25 14:44:58,753 INFO  [PositionJdbcImpl] pf_base currency pf_id=6950 currency = EUR
2014-09-25 14:44:58,753 INFO  [PositionJdbcImpl] Unsettled AC: pf=6950 AC=0.0 pf_count = 1264
2014-09-25 14:44:58,753 INFO  [PositionJdbcImpl] pf_base currency pf_id=6945 currency = USD
2014-09-25 14:44:58,753 INFO  [PositionJdbcImpl] Unsettled AC: pf=6945 AC=0.0 pf_count = 1265
2014-09-25 14:44:58,754 INFO  [PositionJdbcImpl] pf_base currency pf_id=6944 currency = USD
2014-09-25 14:44:58,754 INFO  [PositionJdbcImpl] Unsettled AC: pf=6944 AC=0.0 pf_count = 1266
2014-09-25 14:44:58,755 INFO  [PositionJdbcImpl] pf_base currency pf_id=6947 currency = USD
2014-09-25 14:44:58,755 INFO  [PositionJdbcImpl] Unsettled AC: pf=6947 AC=1.634125E7 pf_count = 1267
2014-09-25 14:44:58,756 INFO  [PositionJdbcImpl] pf_base currency pf_id=6956 currency = AUD
2014-09-25 14:44:58,758 INFO  [PositionJdbcImpl] Unsettled AC: pf=6956 AC=0.0 pf_count = 1268
2014-09-25 14:44:58,759 INFO  [PositionJdbcImpl] pf_base currency pf_id=6959 currency = USD
2014-09-25 14:44:58,759 INFO  [PositionJdbcImpl] Unsettled AC: pf=6959 AC=0.0 pf_count = 1269
2014-09-25 14:44:58,759 INFO  [PositionJdbcImpl] pf_base currency pf_id=6955 currency = USD
2014-09-25 14:44:58,759 INFO  [PositionJdbcImpl] Unsettled AC: pf=6955 AC=0.0 pf_count = 1270
2014-09-25 14:44:58,760 INFO  [PositionJdbcImpl] pf_base currency pf_id=6954 currency = USD
2014-09-25 14:44:58,761 INFO  [PositionJdbcImpl] Unsettled AC: pf=6954 AC=2266236.4549163645 pf_count = 1271
2014-09-25 14:44:58,762 INFO  [PositionJdbcImpl] pf_base currency pf_id=6964 currency = USD
2014-09-25 14:44:58,762 INFO  [PositionJdbcImpl] Unsettled AC: pf=6964 AC=333946.16 pf_count = 1272
2014-09-25 14:44:58,763 INFO  [PositionJdbcImpl] pf_base currency pf_id=2565 currency = GBP
2014-09-25 14:44:58,763 INFO  [PositionJdbcImpl] Unsettled AC: pf=2565 AC=0.0 pf_count = 1273
2014-09-25 14:44:58,764 INFO  [PositionJdbcImpl] pf_base currency pf_id=6966 currency = USD
2014-09-25 14:44:58,764 INFO  [PositionJdbcImpl] Unsettled AC: pf=6966 AC=2700000.0 pf_count = 1274
2014-09-25 14:44:58,766 INFO  [PositionJdbcImpl] pf_base currency pf_id=6961 currency = BRL
2014-09-25 14:44:58,766 INFO  [PositionJdbcImpl] Unsettled AC: pf=6961 AC=6619392.210220794 pf_count = 1275
2014-09-25 14:44:58,766 INFO  [PositionJdbcImpl] pf_base currency pf_id=6962 currency = USD
2014-09-25 14:44:58,767 INFO  [PositionJdbcImpl] Unsettled AC: pf=6962 AC=0.0 pf_count = 1276
2014-09-25 14:44:58,767 INFO  [PositionJdbcImpl] pf_base currency pf_id=6963 currency = USD
2014-09-25 14:44:58,768 INFO  [PositionJdbcImpl] Unsettled AC: pf=6963 AC=502968.56999999995 pf_count = 1277
2014-09-25 14:44:58,768 INFO  [PositionJdbcImpl] pf_base currency pf_id=6972 currency = USD
2014-09-25 14:44:58,769 INFO  [PositionJdbcImpl] Unsettled AC: pf=6972 AC=0.0 pf_count = 1278
2014-09-25 14:44:58,769 INFO  [PositionJdbcImpl] pf_base currency pf_id=2573 currency = USD
2014-09-25 14:44:58,770 INFO  [PositionJdbcImpl] Unsettled AC: pf=2573 AC=0.0 pf_count = 1279
2014-09-25 14:44:58,770 INFO  [PositionJdbcImpl] pf_base currency pf_id=6974 currency = BRL
2014-09-25 14:44:58,770 INFO  [PositionJdbcImpl] Unsettled AC: pf=6974 AC=0.0 pf_count = 1280
2014-09-25 14:44:58,771 INFO  [PositionJdbcImpl] pf_base currency pf_id=6975 currency = USD
2014-09-25 14:44:58,771 INFO  [PositionJdbcImpl] Unsettled AC: pf=6975 AC=0.0 pf_count = 1281
2014-09-25 14:44:58,772 INFO  [PositionJdbcImpl] pf_base currency pf_id=2568 currency = USD
2014-09-25 14:44:58,773 INFO  [PositionJdbcImpl] Unsettled AC: pf=2568 AC=244840.98 pf_count = 1282
2014-09-25 14:44:58,774 INFO  [PositionJdbcImpl] pf_base currency pf_id=6968 currency = USD
2014-09-25 14:44:58,774 INFO  [PositionJdbcImpl] Unsettled AC: pf=6968 AC=5408.037281285739 pf_count = 1283
2014-09-25 14:44:58,775 INFO  [PositionJdbcImpl] pf_base currency pf_id=6977 currency = USD
2014-09-25 14:44:58,775 INFO  [PositionJdbcImpl] Unsettled AC: pf=6977 AC=0.0 pf_count = 1284
2014-09-25 14:44:58,776 INFO  [PositionJdbcImpl] pf_base currency pf_id=6983 currency = CNH
2014-09-25 14:44:58,776 INFO  [PositionJdbcImpl] Unsettled AC: pf=6983 AC=0.0 pf_count = 1285
2014-09-25 14:44:58,777 INFO  [PositionJdbcImpl] pf_base currency pf_id=2681 currency = JPY
2014-09-25 14:44:58,777 INFO  [PositionJdbcImpl] Unsettled AC: pf=2681 AC=421821.3149999999 pf_count = 1286
2014-09-25 14:44:58,778 INFO  [PositionJdbcImpl] pf_base currency pf_id=2687 currency = USD
2014-09-25 14:44:58,778 INFO  [PositionJdbcImpl] Unsettled AC: pf=2687 AC=0.0 pf_count = 1287
2014-09-25 14:44:58,779 INFO  [PositionJdbcImpl] pf_base currency pf_id=2686 currency = USD
2014-09-25 14:44:58,779 INFO  [PositionJdbcImpl] Unsettled AC: pf=2686 AC=0.0 pf_count = 1288
2014-09-25 14:44:58,780 INFO  [PositionJdbcImpl] pf_base currency pf_id=2645 currency = THB
2014-09-25 14:44:58,780 INFO  [PositionJdbcImpl] Unsettled AC: pf=2645 AC=0.0 pf_count = 1289
2014-09-25 14:44:58,784 INFO  [PositionJdbcImpl] pf_base currency pf_id=2646 currency = BND
2014-09-25 14:44:58,784 INFO  [PositionJdbcImpl] Unsettled AC: pf=2646 AC=5989140.000000001 pf_count = 1290
2014-09-25 14:44:58,784 INFO  [PositionJdbcImpl] pf_base currency pf_id=2650 currency = PHP
2014-09-25 14:44:58,785 INFO  [PositionJdbcImpl] Unsettled AC: pf=2650 AC=0.0 pf_count = 1291
2014-09-25 14:44:58,785 INFO  [PositionJdbcImpl] pf_base currency pf_id=2626 currency = SGD
2014-09-25 14:44:58,786 INFO  [PositionJdbcImpl] Unsettled AC: pf=2626 AC=0.0 pf_count = 1292
2014-09-25 14:44:58,786 INFO  [PositionJdbcImpl] pf_base currency pf_id=2628 currency = SGD
2014-09-25 14:44:58,786 INFO  [PositionJdbcImpl] Unsettled AC: pf=2628 AC=0.0 pf_count = 1293
2014-09-25 14:44:58,787 INFO  [PositionJdbcImpl] pf_base currency pf_id=2632 currency = HKD
2014-09-25 14:44:58,788 INFO  [PositionJdbcImpl] Unsettled AC: pf=2632 AC=0.0 pf_count = 1294
2014-09-25 14:44:58,788 INFO  [PositionJdbcImpl] pf_base currency pf_id=2634 currency = KRW
2014-09-25 14:44:58,788 INFO  [PositionJdbcImpl] Unsettled AC: pf=2634 AC=0.0 pf_count = 1295
2014-09-25 14:44:58,789 INFO  [PositionJdbcImpl] pf_base currency pf_id=2639 currency = SGD
2014-09-25 14:44:58,789 INFO  [PositionJdbcImpl] Unsettled AC: pf=2639 AC=0.0 pf_count = 1296
2014-09-25 14:44:58,790 INFO  [PositionJdbcImpl] pf_base currency pf_id=2988 currency = USD
2014-09-25 14:44:58,790 INFO  [PositionJdbcImpl] Unsettled AC: pf=2988 AC=4719804.083000001 pf_count = 1297
2014-09-25 14:44:58,791 INFO  [PositionJdbcImpl] pf_base currency pf_id=6815 currency = USD
2014-09-25 14:44:58,791 INFO  [PositionJdbcImpl] Unsettled AC: pf=6815 AC=0.0 pf_count = 1298
2014-09-25 14:44:58,792 INFO  [PositionJdbcImpl] pf_base currency pf_id=6814 currency = BRL
2014-09-25 14:44:58,792 INFO  [PositionJdbcImpl] Unsettled AC: pf=6814 AC=0.0 pf_count = 1299
2014-09-25 14:44:58,793 INFO  [PositionJdbcImpl] pf_base currency pf_id=6809 currency = BRL
2014-09-25 14:44:58,793 INFO  [PositionJdbcImpl] Unsettled AC: pf=6809 AC=0.0 pf_count = 1300
2014-09-25 14:44:58,794 INFO  [PositionJdbcImpl] pf_base currency pf_id=6808 currency = BRL
2014-09-25 14:44:58,794 INFO  [PositionJdbcImpl] Unsettled AC: pf=6808 AC=0.0 pf_count = 1301
2014-09-25 14:44:58,795 INFO  [PositionJdbcImpl] pf_base currency pf_id=6811 currency = NZD
2014-09-25 14:44:58,795 INFO  [PositionJdbcImpl] Unsettled AC: pf=6811 AC=0.0 pf_count = 1302
2014-09-25 14:44:58,796 INFO  [PositionJdbcImpl] pf_base currency pf_id=2987 currency = USD
2014-09-25 14:44:58,796 INFO  [PositionJdbcImpl] Unsettled AC: pf=2987 AC=0.0 pf_count = 1303
2014-09-25 14:44:58,797 INFO  [PositionJdbcImpl] pf_base currency pf_id=6810 currency = USD
2014-09-25 14:44:58,798 INFO  [PositionJdbcImpl] Unsettled AC: pf=6810 AC=8879333.795747617 pf_count = 1304
2014-09-25 14:44:58,799 INFO  [PositionJdbcImpl] pf_base currency pf_id=6805 currency = USD
2014-09-25 14:44:58,799 INFO  [PositionJdbcImpl] Unsettled AC: pf=6805 AC=0.0 pf_count = 1305
2014-09-25 14:44:58,800 INFO  [PositionJdbcImpl] pf_base currency pf_id=6804 currency = USD
2014-09-25 14:44:58,800 INFO  [PositionJdbcImpl] Unsettled AC: pf=6804 AC=0.0 pf_count = 1306
2014-09-25 14:44:58,801 INFO  [PositionJdbcImpl] pf_base currency pf_id=2980 currency = USD
2014-09-25 14:44:58,802 INFO  [PositionJdbcImpl] Unsettled AC: pf=2980 AC=3.984177765828876E7 pf_count = 1307
2014-09-25 14:44:58,803 INFO  [PositionJdbcImpl] pf_base currency pf_id=6806 currency = USD
2014-09-25 14:44:58,804 INFO  [PositionJdbcImpl] Unsettled AC: pf=6806 AC=0.0 pf_count = 1308
2014-09-25 14:44:58,804 INFO  [PositionJdbcImpl] pf_base currency pf_id=6801 currency = USD
2014-09-25 14:44:58,805 INFO  [PositionJdbcImpl] Unsettled AC: pf=6801 AC=7763173.390000001 pf_count = 1309
2014-09-25 14:44:58,805 INFO  [PositionJdbcImpl] pf_base currency pf_id=6800 currency = GBP
2014-09-25 14:44:58,805 INFO  [PositionJdbcImpl] Unsettled AC: pf=6800 AC=272093.6051975541 pf_count = 1310
2014-09-25 14:44:58,806 INFO  [PositionJdbcImpl] pf_base currency pf_id=6803 currency = NZD
2014-09-25 14:44:58,806 INFO  [PositionJdbcImpl] Unsettled AC: pf=6803 AC=0.0 pf_count = 1311
2014-09-25 14:44:58,806 INFO  [PositionJdbcImpl] pf_base currency pf_id=6796 currency = CHF
2014-09-25 14:44:58,807 INFO  [PositionJdbcImpl] Unsettled AC: pf=6796 AC=127963.98334042891 pf_count = 1312
2014-09-25 14:44:58,807 INFO  [PositionJdbcImpl] pf_base currency pf_id=3004 currency = USD
2014-09-25 14:44:58,807 INFO  [PositionJdbcImpl] Unsettled AC: pf=3004 AC=0.0 pf_count = 1313
2014-09-25 14:44:58,808 INFO  [PositionJdbcImpl] pf_base currency pf_id=6797 currency = GBP
2014-09-25 14:44:58,808 INFO  [PositionJdbcImpl] Unsettled AC: pf=6797 AC=1629930.9226990682 pf_count = 1314
2014-09-25 14:44:58,809 INFO  [PositionJdbcImpl] pf_base currency pf_id=6798 currency = EUR
2014-09-25 14:44:58,809 INFO  [PositionJdbcImpl] Unsettled AC: pf=6798 AC=1134430.0707463445 pf_count = 1315
2014-09-25 14:44:58,810 INFO  [PositionJdbcImpl] pf_base currency pf_id=6799 currency = EUR
2014-09-25 14:44:58,810 INFO  [PositionJdbcImpl] Unsettled AC: pf=6799 AC=577538.8876369726 pf_count = 1316
2014-09-25 14:44:58,811 INFO  [PositionJdbcImpl] pf_base currency pf_id=6792 currency = BRL
2014-09-25 14:44:58,811 INFO  [PositionJdbcImpl] Unsettled AC: pf=6792 AC=0.0 pf_count = 1317
2014-09-25 14:44:58,811 INFO  [PositionJdbcImpl] pf_base currency pf_id=6793 currency = USD
2014-09-25 14:44:58,812 INFO  [PositionJdbcImpl] Unsettled AC: pf=6793 AC=0.0 pf_count = 1318
2014-09-25 14:44:58,812 INFO  [PositionJdbcImpl] pf_base currency pf_id=6794 currency = USD
2014-09-25 14:44:58,812 INFO  [PositionJdbcImpl] Unsettled AC: pf=6794 AC=0.0 pf_count = 1319
2014-09-25 14:44:58,813 INFO  [PositionJdbcImpl] pf_base currency pf_id=6789 currency = USD
2014-09-25 14:44:58,813 INFO  [PositionJdbcImpl] Unsettled AC: pf=6789 AC=0.0 pf_count = 1320
2014-09-25 14:44:58,814 INFO  [PositionJdbcImpl] pf_base currency pf_id=2998 currency = USD
2014-09-25 14:44:58,814 INFO  [PositionJdbcImpl] Unsettled AC: pf=2998 AC=1.6388019042347825E8 pf_count = 1321
2014-09-25 14:44:58,815 INFO  [PositionJdbcImpl] pf_base currency pf_id=6790 currency = USD
2014-09-25 14:44:58,815 INFO  [PositionJdbcImpl] Unsettled AC: pf=6790 AC=0.0 pf_count = 1322
2014-09-25 14:44:58,816 INFO  [PositionJdbcImpl] pf_base currency pf_id=2999 currency = USD
2014-09-25 14:44:58,816 INFO  [PositionJdbcImpl] Unsettled AC: pf=2999 AC=5.7161600796E8 pf_count = 1323
2014-09-25 14:44:58,817 INFO  [PositionJdbcImpl] pf_base currency pf_id=6791 currency = BRL
2014-09-25 14:44:58,817 INFO  [PositionJdbcImpl] Unsettled AC: pf=6791 AC=0.0 pf_count = 1324
2014-09-25 14:44:58,818 INFO  [PositionJdbcImpl] pf_base currency pf_id=2992 currency = USD
2014-09-25 14:44:58,818 INFO  [PositionJdbcImpl] Unsettled AC: pf=2992 AC=0.0 pf_count = 1325
2014-09-25 14:44:58,819 INFO  [PositionJdbcImpl] pf_base currency pf_id=6784 currency = USD
2014-09-25 14:44:58,819 INFO  [PositionJdbcImpl] Unsettled AC: pf=6784 AC=0.0 pf_count = 1326
2014-09-25 14:44:58,820 INFO  [PositionJdbcImpl] pf_base currency pf_id=2994 currency = USD
2014-09-25 14:44:58,820 INFO  [PositionJdbcImpl] Unsettled AC: pf=2994 AC=283157.5 pf_count = 1327
2014-09-25 14:44:58,825 INFO  [PositionJdbcImpl] pf_base currency pf_id=6847 currency = BRL
2014-09-25 14:44:58,825 INFO  [PositionJdbcImpl] Unsettled AC: pf=6847 AC=0.0 pf_count = 1328
2014-09-25 14:44:58,826 INFO  [PositionJdbcImpl] pf_base currency pf_id=6846 currency = USD
2014-09-25 14:44:58,826 INFO  [PositionJdbcImpl] Unsettled AC: pf=6846 AC=0.0 pf_count = 1329
2014-09-25 14:44:58,827 INFO  [PositionJdbcImpl] pf_base currency pf_id=2958 currency = USD
2014-09-25 14:44:58,827 INFO  [PositionJdbcImpl] Unsettled AC: pf=2958 AC=0.0 pf_count = 1330
2014-09-25 14:44:58,827 INFO  [PositionJdbcImpl] pf_base currency pf_id=6844 currency = USD
2014-09-25 14:44:58,828 INFO  [PositionJdbcImpl] Unsettled AC: pf=6844 AC=0.0 pf_count = 1331
2014-09-25 14:44:58,828 INFO  [PositionJdbcImpl] pf_base currency pf_id=6842 currency = BRL
2014-09-25 14:44:58,828 INFO  [PositionJdbcImpl] Unsettled AC: pf=6842 AC=0.0 pf_count = 1332
2014-09-25 14:44:58,829 INFO  [PositionJdbcImpl] pf_base currency pf_id=6841 currency = EUR
2014-09-25 14:44:58,829 INFO  [PositionJdbcImpl] Unsettled AC: pf=6841 AC=0.0 pf_count = 1333
2014-09-25 14:44:58,830 INFO  [PositionJdbcImpl] pf_base currency pf_id=6840 currency = JPY
2014-09-25 14:44:58,831 INFO  [PositionJdbcImpl] Unsettled AC: pf=6840 AC=2672112.499999985 pf_count = 1334
2014-09-25 14:44:58,831 INFO  [PositionJdbcImpl] pf_base currency pf_id=2951 currency = USD
2014-09-25 14:44:58,831 INFO  [PositionJdbcImpl] Unsettled AC: pf=2951 AC=1.4319084584712982E-8 pf_count = 1335
2014-09-25 14:44:58,832 INFO  [PositionJdbcImpl] pf_base currency pf_id=6838 currency = BRL
2014-09-25 14:44:58,834 INFO  [PositionJdbcImpl] Unsettled AC: pf=6838 AC=187436.2229 pf_count = 1336
2014-09-25 14:44:58,834 INFO  [PositionJdbcImpl] pf_base currency pf_id=2949 currency = USD
2014-09-25 14:44:58,834 INFO  [PositionJdbcImpl] Unsettled AC: pf=2949 AC=0.0 pf_count = 1337
2014-09-25 14:44:58,835 INFO  [PositionJdbcImpl] pf_base currency pf_id=6836 currency = BRL
2014-09-25 14:44:58,835 INFO  [PositionJdbcImpl] Unsettled AC: pf=6836 AC=0.0 pf_count = 1338
2014-09-25 14:44:58,836 INFO  [PositionJdbcImpl] pf_base currency pf_id=6835 currency = BRL
2014-09-25 14:44:58,836 INFO  [PositionJdbcImpl] Unsettled AC: pf=6835 AC=0.0 pf_count = 1339
2014-09-25 14:44:58,837 INFO  [PositionJdbcImpl] pf_base currency pf_id=6833 currency = USD
2014-09-25 14:44:58,837 INFO  [PositionJdbcImpl] Unsettled AC: pf=6833 AC=2.7567148208618164E-6 pf_count = 1340
2014-09-25 14:44:58,838 INFO  [PositionJdbcImpl] pf_base currency pf_id=6832 currency = USD
2014-09-25 14:44:58,839 INFO  [PositionJdbcImpl] Unsettled AC: pf=6832 AC=2.813505881E7 pf_count = 1341
2014-09-25 14:44:58,839 INFO  [PositionJdbcImpl] pf_base currency pf_id=6830 currency = EUR
2014-09-25 14:44:58,839 INFO  [PositionJdbcImpl] Unsettled AC: pf=6830 AC=0.0 pf_count = 1342
2014-09-25 14:44:58,841 INFO  [PositionJdbcImpl] pf_base currency pf_id=6831 currency = EUR
2014-09-25 14:44:58,841 INFO  [PositionJdbcImpl] Unsettled AC: pf=6831 AC=19279.505745858885 pf_count = 1343
2014-09-25 14:44:58,842 INFO  [PositionJdbcImpl] pf_base currency pf_id=6828 currency = JPY
2014-09-25 14:44:58,842 INFO  [PositionJdbcImpl] Unsettled AC: pf=6828 AC=0.0 pf_count = 1344
2014-09-25 14:44:58,844 INFO  [PositionJdbcImpl] pf_base currency pf_id=6827 currency = JPY
2014-09-25 14:44:58,845 INFO  [PositionJdbcImpl] Unsettled AC: pf=6827 AC=-1069454.8599999547 pf_count = 1345
2014-09-25 14:44:58,846 INFO  [PositionJdbcImpl] pf_base currency pf_id=6824 currency = SGD
2014-09-25 14:44:58,846 INFO  [PositionJdbcImpl] Unsettled AC: pf=6824 AC=8.731149137020111E-11 pf_count = 1346
2014-09-25 14:44:58,847 INFO  [PositionJdbcImpl] pf_base currency pf_id=2969 currency = USD
2014-09-25 14:44:58,847 INFO  [PositionJdbcImpl] Unsettled AC: pf=2969 AC=5767977.6 pf_count = 1347
2014-09-25 14:44:58,848 INFO  [PositionJdbcImpl] pf_base currency pf_id=6823 currency = SGD
2014-09-25 14:44:58,848 INFO  [PositionJdbcImpl] Unsettled AC: pf=6823 AC=394415.5616735025 pf_count = 1348
2014-09-25 14:44:58,849 INFO  [PositionJdbcImpl] pf_base currency pf_id=6820 currency = USD
2014-09-25 14:44:58,849 INFO  [PositionJdbcImpl] Unsettled AC: pf=6820 AC=0.0 pf_count = 1349
2014-09-25 14:44:58,850 INFO  [PositionJdbcImpl] pf_base currency pf_id=2964 currency = USD
2014-09-25 14:44:58,850 INFO  [PositionJdbcImpl] Unsettled AC: pf=2964 AC=0.0 pf_count = 1350
2014-09-25 14:44:58,850 INFO  [PositionJdbcImpl] pf_base currency pf_id=6821 currency = USD
2014-09-25 14:44:58,850 INFO  [PositionJdbcImpl] Unsettled AC: pf=6821 AC=0.0 pf_count = 1351
2014-09-25 14:44:58,851 INFO  [PositionJdbcImpl] pf_base currency pf_id=6818 currency = USD
2014-09-25 14:44:58,851 INFO  [PositionJdbcImpl] Unsettled AC: pf=6818 AC=0.0 pf_count = 1352
2014-09-25 14:44:58,852 INFO  [PositionJdbcImpl] pf_base currency pf_id=6819 currency = USD
2014-09-25 14:44:58,854 INFO  [PositionJdbcImpl] Unsettled AC: pf=6819 AC=8065579.493487724 pf_count = 1353
2014-09-25 14:44:58,854 INFO  [PositionJdbcImpl] pf_base currency pf_id=6816 currency = USD
2014-09-25 14:44:58,855 INFO  [PositionJdbcImpl] Unsettled AC: pf=6816 AC=0.0 pf_count = 1354
2014-09-25 14:44:58,856 INFO  [PositionJdbcImpl] pf_base currency pf_id=6817 currency = CHF
2014-09-25 14:44:58,856 INFO  [PositionJdbcImpl] Unsettled AC: pf=6817 AC=0.0 pf_count = 1355
2014-09-25 14:44:58,856 INFO  [PositionJdbcImpl] pf_base currency pf_id=6873 currency = USD
2014-09-25 14:44:58,856 INFO  [PositionJdbcImpl] Unsettled AC: pf=6873 AC=0.0 pf_count = 1356
2014-09-25 14:44:58,857 INFO  [PositionJdbcImpl] pf_base currency pf_id=3049 currency = USD
2014-09-25 14:44:58,857 INFO  [PositionJdbcImpl] Unsettled AC: pf=3049 AC=743143.4 pf_count = 1357
2014-09-25 14:44:58,858 INFO  [PositionJdbcImpl] pf_base currency pf_id=3048 currency = USD
2014-09-25 14:44:58,858 INFO  [PositionJdbcImpl] Unsettled AC: pf=3048 AC=826275.0 pf_count = 1358
2014-09-25 14:44:58,859 INFO  [PositionJdbcImpl] pf_base currency pf_id=3050 currency = USD
2014-09-25 14:44:58,859 INFO  [PositionJdbcImpl] Unsettled AC: pf=3050 AC=3267546.3 pf_count = 1359
2014-09-25 14:44:58,860 INFO  [PositionJdbcImpl] pf_base currency pf_id=6877 currency = USD
2014-09-25 14:44:58,860 INFO  [PositionJdbcImpl] Unsettled AC: pf=6877 AC=0.0 pf_count = 1360
2014-09-25 14:44:58,861 INFO  [PositionJdbcImpl] pf_base currency pf_id=3053 currency = USD
2014-09-25 14:44:58,861 INFO  [PositionJdbcImpl] Unsettled AC: pf=3053 AC=-38011.59999999998 pf_count = 1361
2014-09-25 14:44:58,862 INFO  [PositionJdbcImpl] pf_base currency pf_id=6879 currency = NZD
2014-09-25 14:44:58,862 INFO  [PositionJdbcImpl] Unsettled AC: pf=6879 AC=0.0 pf_count = 1362
2014-09-25 14:44:58,863 INFO  [PositionJdbcImpl] pf_base currency pf_id=3055 currency = USD
2014-09-25 14:44:58,863 INFO  [PositionJdbcImpl] Unsettled AC: pf=3055 AC=0.0 pf_count = 1363
2014-09-25 14:44:58,864 INFO  [PositionJdbcImpl] pf_base currency pf_id=6878 currency = USD
2014-09-25 14:44:58,864 INFO  [PositionJdbcImpl] Unsettled AC: pf=6878 AC=0.0 pf_count = 1364
2014-09-25 14:44:58,865 INFO  [PositionJdbcImpl] pf_base currency pf_id=3041 currency = USD
2014-09-25 14:44:58,865 INFO  [PositionJdbcImpl] Unsettled AC: pf=3041 AC=1224487.0 pf_count = 1365
2014-09-25 14:44:58,866 INFO  [PositionJdbcImpl] pf_base currency pf_id=3040 currency = USD
2014-09-25 14:44:58,867 INFO  [PositionJdbcImpl] Unsettled AC: pf=3040 AC=464105.0 pf_count = 1366
2014-09-25 14:44:58,868 INFO  [PositionJdbcImpl] pf_base currency pf_id=3043 currency = USD
2014-09-25 14:44:58,868 INFO  [PositionJdbcImpl] Unsettled AC: pf=3043 AC=2901565.0 pf_count = 1367
2014-09-25 14:44:58,869 INFO  [PositionJdbcImpl] pf_base currency pf_id=3042 currency = USD
2014-09-25 14:44:58,869 INFO  [PositionJdbcImpl] Unsettled AC: pf=3042 AC=2247577.2 pf_count = 1368
2014-09-25 14:44:58,870 INFO  [PositionJdbcImpl] pf_base currency pf_id=6869 currency = GBP
2014-09-25 14:44:58,870 INFO  [PositionJdbcImpl] Unsettled AC: pf=6869 AC=0.0 pf_count = 1369
2014-09-25 14:44:58,871 INFO  [PositionJdbcImpl] pf_base currency pf_id=3045 currency = USD
2014-09-25 14:44:58,872 INFO  [PositionJdbcImpl] Unsettled AC: pf=3045 AC=1.6014274E7 pf_count = 1370
2014-09-25 14:44:58,872 INFO  [PositionJdbcImpl] pf_base currency pf_id=3044 currency = USD
2014-09-25 14:44:58,873 INFO  [PositionJdbcImpl] Unsettled AC: pf=3044 AC=3.53421102E7 pf_count = 1371
2014-09-25 14:44:58,874 INFO  [PositionJdbcImpl] pf_base currency pf_id=6870 currency = JPY
2014-09-25 14:44:58,874 INFO  [PositionJdbcImpl] Unsettled AC: pf=6870 AC=0.0 pf_count = 1372
2014-09-25 14:44:58,875 INFO  [PositionJdbcImpl] pf_base currency pf_id=3046 currency = USD
2014-09-25 14:44:58,875 INFO  [PositionJdbcImpl] Unsettled AC: pf=3046 AC=2060251.5300000003 pf_count = 1373
2014-09-25 14:44:58,876 INFO  [PositionJdbcImpl] pf_base currency pf_id=6856 currency = GBP
2014-09-25 14:44:58,876 INFO  [PositionJdbcImpl] Unsettled AC: pf=6856 AC=-5.820766091346741E-11 pf_count = 1374
2014-09-25 14:44:58,877 INFO  [PositionJdbcImpl] pf_base currency pf_id=6857 currency = BRL
2014-09-25 14:44:58,877 INFO  [PositionJdbcImpl] Unsettled AC: pf=6857 AC=0.0 pf_count = 1375
2014-09-25 14:44:58,878 INFO  [PositionJdbcImpl] pf_base currency pf_id=6858 currency = BRL
2014-09-25 14:44:58,878 INFO  [PositionJdbcImpl] Unsettled AC: pf=6858 AC=169728.00539027678 pf_count = 1376
2014-09-25 14:44:58,879 INFO  [PositionJdbcImpl] pf_base currency pf_id=6859 currency = BRL
2014-09-25 14:44:58,879 INFO  [PositionJdbcImpl] Unsettled AC: pf=6859 AC=0.0 pf_count = 1377
2014-09-25 14:44:58,880 INFO  [PositionJdbcImpl] pf_base currency pf_id=3067 currency = USD
2014-09-25 14:44:58,880 INFO  [PositionJdbcImpl] Unsettled AC: pf=3067 AC=0.0 pf_count = 1378
2014-09-25 14:44:58,881 INFO  [PositionJdbcImpl] pf_base currency pf_id=6860 currency = USD
2014-09-25 14:44:58,881 INFO  [PositionJdbcImpl] Unsettled AC: pf=6860 AC=0.0 pf_count = 1379
2014-09-25 14:44:58,882 INFO  [PositionJdbcImpl] pf_base currency pf_id=6861 currency = USD
2014-09-25 14:44:58,882 INFO  [PositionJdbcImpl] Unsettled AC: pf=6861 AC=0.0 pf_count = 1380
2014-09-25 14:44:58,883 INFO  [PositionJdbcImpl] pf_base currency pf_id=6862 currency = USD
2014-09-25 14:44:58,883 INFO  [PositionJdbcImpl] Unsettled AC: pf=6862 AC=0.0 pf_count = 1381
2014-09-25 14:44:58,883 INFO  [PositionJdbcImpl] pf_base currency pf_id=6848 currency = USD
2014-09-25 14:44:58,884 INFO  [PositionJdbcImpl] Unsettled AC: pf=6848 AC=0.0 pf_count = 1382
2014-09-25 14:44:58,884 INFO  [PositionJdbcImpl] pf_base currency pf_id=3056 currency = USD
2014-09-25 14:44:58,884 INFO  [PositionJdbcImpl] Unsettled AC: pf=3056 AC=2267698.1999999997 pf_count = 1383
2014-09-25 14:44:58,885 INFO  [PositionJdbcImpl] pf_base currency pf_id=6849 currency = USD
2014-09-25 14:44:58,885 INFO  [PositionJdbcImpl] Unsettled AC: pf=6849 AC=0.0 pf_count = 1384
2014-09-25 14:44:58,886 INFO  [PositionJdbcImpl] pf_base currency pf_id=3057 currency = USD
2014-09-25 14:44:58,886 INFO  [PositionJdbcImpl] Unsettled AC: pf=3057 AC=1920995.0 pf_count = 1385
2014-09-25 14:44:58,887 INFO  [PositionJdbcImpl] pf_base currency pf_id=6850 currency = USD
2014-09-25 14:44:58,887 INFO  [PositionJdbcImpl] Unsettled AC: pf=6850 AC=0.0 pf_count = 1386
2014-09-25 14:44:58,888 INFO  [PositionJdbcImpl] pf_base currency pf_id=3058 currency = USD
2014-09-25 14:44:58,889 INFO  [PositionJdbcImpl] Unsettled AC: pf=3058 AC=2.25867125E7 pf_count = 1387
2014-09-25 14:44:58,890 INFO  [PositionJdbcImpl] pf_base currency pf_id=6851 currency = USD
2014-09-25 14:44:58,890 INFO  [PositionJdbcImpl] Unsettled AC: pf=6851 AC=0.0 pf_count = 1388
2014-09-25 14:44:58,890 INFO  [PositionJdbcImpl] pf_base currency pf_id=6852 currency = USD
2014-09-25 14:44:58,890 INFO  [PositionJdbcImpl] Unsettled AC: pf=6852 AC=0.0 pf_count = 1389
2014-09-25 14:44:58,891 INFO  [PositionJdbcImpl] pf_base currency pf_id=3060 currency = USD
2014-09-25 14:44:58,893 INFO  [PositionJdbcImpl] Unsettled AC: pf=3060 AC=1.5552555379101599E7 pf_count = 1390
2014-09-25 14:44:58,894 INFO  [PositionJdbcImpl] pf_base currency pf_id=6854 currency = JPY
2014-09-25 14:44:58,894 INFO  [PositionJdbcImpl] Unsettled AC: pf=6854 AC=-1.4551915228366852E-11 pf_count = 1391
2014-09-25 14:44:58,894 INFO  [PositionJdbcImpl] pf_base currency pf_id=6855 currency = JPY
2014-09-25 14:44:58,894 INFO  [PositionJdbcImpl] Unsettled AC: pf=6855 AC=0.0 pf_count = 1392
2014-09-25 14:44:58,895 INFO  [PositionJdbcImpl] pf_base currency pf_id=6907 currency = JPY
2014-09-25 14:44:58,896 INFO  [PositionJdbcImpl] Unsettled AC: pf=6907 AC=0.0 pf_count = 1393
2014-09-25 14:44:58,896 INFO  [PositionJdbcImpl] pf_base currency pf_id=6906 currency = BRL
2014-09-25 14:44:58,897 INFO  [PositionJdbcImpl] Unsettled AC: pf=6906 AC=0.0 pf_count = 1394
2014-09-25 14:44:58,897 INFO  [PositionJdbcImpl] pf_base currency pf_id=6905 currency = USD
2014-09-25 14:44:58,898 INFO  [PositionJdbcImpl] Unsettled AC: pf=6905 AC=0.0 pf_count = 1395
2014-09-25 14:44:58,898 INFO  [PositionJdbcImpl] pf_base currency pf_id=6911 currency = USD
2014-09-25 14:44:58,898 INFO  [PositionJdbcImpl] Unsettled AC: pf=6911 AC=0.0 pf_count = 1396
2014-09-25 14:44:58,899 INFO  [PositionJdbcImpl] pf_base currency pf_id=6910 currency = AUD
2014-09-25 14:44:58,900 INFO  [PositionJdbcImpl] Unsettled AC: pf=6910 AC=0.0 pf_count = 1397
2014-09-25 14:44:58,900 INFO  [PositionJdbcImpl] pf_base currency pf_id=6909 currency = USD
2014-09-25 14:44:58,901 INFO  [PositionJdbcImpl] Unsettled AC: pf=6909 AC=350188.45999999996 pf_count = 1398
2014-09-25 14:44:58,901 INFO  [PositionJdbcImpl] pf_base currency pf_id=6908 currency = USD
2014-09-25 14:44:58,901 INFO  [PositionJdbcImpl] Unsettled AC: pf=6908 AC=0.0 pf_count = 1399
2014-09-25 14:44:58,902 INFO  [PositionJdbcImpl] pf_base currency pf_id=6899 currency = BRL
2014-09-25 14:44:58,902 INFO  [PositionJdbcImpl] Unsettled AC: pf=6899 AC=0.0 pf_count = 1400
2014-09-25 14:44:58,903 INFO  [PositionJdbcImpl] pf_base currency pf_id=3011 currency = USD
2014-09-25 14:44:58,903 INFO  [PositionJdbcImpl] Unsettled AC: pf=3011 AC=1316869.0 pf_count = 1401
2014-09-25 14:44:58,904 INFO  [PositionJdbcImpl] pf_base currency pf_id=6898 currency = BRL
2014-09-25 14:44:58,904 INFO  [PositionJdbcImpl] Unsettled AC: pf=6898 AC=0.0 pf_count = 1402
2014-09-25 14:44:58,905 INFO  [PositionJdbcImpl] pf_base currency pf_id=6897 currency = USD
2014-09-25 14:44:58,906 INFO  [PositionJdbcImpl] Unsettled AC: pf=6897 AC=6983952.879999996 pf_count = 1403
2014-09-25 14:44:58,906 INFO  [PositionJdbcImpl] pf_base currency pf_id=6896 currency = NZD
2014-09-25 14:44:58,907 INFO  [PositionJdbcImpl] Unsettled AC: pf=6896 AC=6282327.4799999995 pf_count = 1404
2014-09-25 14:44:58,907 INFO  [PositionJdbcImpl] pf_base currency pf_id=6903 currency = EUR
2014-09-25 14:44:58,908 INFO  [PositionJdbcImpl] Unsettled AC: pf=6903 AC=0.0 pf_count = 1405
2014-09-25 14:44:58,908 INFO  [PositionJdbcImpl] pf_base currency pf_id=3015 currency = USD
2014-09-25 14:44:58,909 INFO  [PositionJdbcImpl] Unsettled AC: pf=3015 AC=2090025.0 pf_count = 1406
2014-09-25 14:44:58,910 INFO  [PositionJdbcImpl] pf_base currency pf_id=6902 currency = USD
2014-09-25 14:44:58,910 INFO  [PositionJdbcImpl] Unsettled AC: pf=6902 AC=0.0 pf_count = 1407
2014-09-25 14:44:58,910 INFO  [PositionJdbcImpl] pf_base currency pf_id=6901 currency = USD
2014-09-25 14:44:58,911 INFO  [PositionJdbcImpl] Unsettled AC: pf=6901 AC=2.2919208310000002E7 pf_count = 1408
2014-09-25 14:44:58,912 INFO  [PositionJdbcImpl] pf_base currency pf_id=3013 currency = USD
2014-09-25 14:44:58,912 INFO  [PositionJdbcImpl] Unsettled AC: pf=3013 AC=1.5343397229600003E8 pf_count = 1409
2014-09-25 14:44:58,913 INFO  [PositionJdbcImpl] pf_base currency pf_id=6900 currency = USD
2014-09-25 14:44:58,914 INFO  [PositionJdbcImpl] Unsettled AC: pf=6900 AC=6247775.428883946 pf_count = 1410
2014-09-25 14:44:58,915 INFO  [PositionJdbcImpl] pf_base currency pf_id=3012 currency = USD
2014-09-25 14:44:58,915 INFO  [PositionJdbcImpl] Unsettled AC: pf=3012 AC=0.0 pf_count = 1411
2014-09-25 14:44:58,916 INFO  [PositionJdbcImpl] pf_base currency pf_id=6890 currency = USD
2014-09-25 14:44:58,916 INFO  [PositionJdbcImpl] Unsettled AC: pf=6890 AC=0.0 pf_count = 1412
2014-09-25 14:44:58,917 INFO  [PositionJdbcImpl] pf_base currency pf_id=6891 currency = GBP
2014-09-25 14:44:58,917 INFO  [PositionJdbcImpl] Unsettled AC: pf=6891 AC=652537.7101425137 pf_count = 1413
2014-09-25 14:44:58,918 INFO  [PositionJdbcImpl] pf_base currency pf_id=6889 currency = USD
2014-09-25 14:44:58,918 INFO  [PositionJdbcImpl] Unsettled AC: pf=6889 AC=0.0 pf_count = 1414
2014-09-25 14:44:58,918 INFO  [PositionJdbcImpl] pf_base currency pf_id=6894 currency = USD
2014-09-25 14:44:58,918 INFO  [PositionJdbcImpl] Unsettled AC: pf=6894 AC=0.0 pf_count = 1415
2014-09-25 14:44:58,919 INFO  [PositionJdbcImpl] pf_base currency pf_id=6895 currency = USD
2014-09-25 14:44:58,919 INFO  [PositionJdbcImpl] Unsettled AC: pf=6895 AC=0.0 pf_count = 1416
2014-09-25 14:44:58,920 INFO  [PositionJdbcImpl] pf_base currency pf_id=6892 currency = AUD
2014-09-25 14:44:58,920 INFO  [PositionJdbcImpl] Unsettled AC: pf=6892 AC=2.03254237536E8 pf_count = 1417
2014-09-25 14:44:58,921 INFO  [PositionJdbcImpl] pf_base currency pf_id=3037 currency = USD
2014-09-25 14:44:58,921 INFO  [PositionJdbcImpl] Unsettled AC: pf=3037 AC=-2185.3999999999996 pf_count = 1418
2014-09-25 14:44:58,922 INFO  [PositionJdbcImpl] pf_base currency pf_id=6882 currency = USD
2014-09-25 14:44:58,922 INFO  [PositionJdbcImpl] Unsettled AC: pf=6882 AC=0.0 pf_count = 1419
2014-09-25 14:44:58,923 INFO  [PositionJdbcImpl] pf_base currency pf_id=6883 currency = BRL
2014-09-25 14:44:58,923 INFO  [PositionJdbcImpl] Unsettled AC: pf=6883 AC=0.0 pf_count = 1420
2014-09-25 14:44:58,923 INFO  [PositionJdbcImpl] pf_base currency pf_id=6881 currency = USD
2014-09-25 14:44:58,924 INFO  [PositionJdbcImpl] Unsettled AC: pf=6881 AC=9052.644683320425 pf_count = 1421
2014-09-25 14:44:58,925 INFO  [PositionJdbcImpl] pf_base currency pf_id=6886 currency = USD
2014-09-25 14:44:58,925 INFO  [PositionJdbcImpl] Unsettled AC: pf=6886 AC=0.0 pf_count = 1422
2014-09-25 14:44:58,926 INFO  [PositionJdbcImpl] pf_base currency pf_id=6887 currency = USD
2014-09-25 14:44:58,926 INFO  [PositionJdbcImpl] Unsettled AC: pf=6887 AC=0.0 pf_count = 1423
2014-09-25 14:44:58,926 INFO  [PositionJdbcImpl] pf_base currency pf_id=6884 currency = BRL
2014-09-25 14:44:58,926 INFO  [PositionJdbcImpl] Unsettled AC: pf=6884 AC=0.0 pf_count = 1424
2014-09-25 14:44:58,927 INFO  [PositionJdbcImpl] pf_base currency pf_id=2854 currency = USD
2014-09-25 14:44:58,928 INFO  [PositionJdbcImpl] Unsettled AC: pf=2854 AC=-748694.29 pf_count = 1425
2014-09-25 14:44:58,928 INFO  [PositionJdbcImpl] pf_base currency pf_id=6672 currency = USD
2014-09-25 14:44:58,928 INFO  [PositionJdbcImpl] Unsettled AC: pf=6672 AC=0.0 pf_count = 1426
2014-09-25 14:44:58,929 INFO  [PositionJdbcImpl] pf_base currency pf_id=2850 currency = USD
2014-09-25 14:44:58,930 INFO  [PositionJdbcImpl] Unsettled AC: pf=2850 AC=2.050962824E7 pf_count = 1427
2014-09-25 14:44:58,931 INFO  [PositionJdbcImpl] pf_base currency pf_id=2851 currency = USD
2014-09-25 14:44:58,932 INFO  [PositionJdbcImpl] Unsettled AC: pf=2851 AC=3836381.7800969207 pf_count = 1428
2014-09-25 14:44:58,933 INFO  [PositionJdbcImpl] pf_base currency pf_id=2862 currency = USD
2014-09-25 14:44:58,933 INFO  [PositionJdbcImpl] Unsettled AC: pf=2862 AC=0.0 pf_count = 1429
2014-09-25 14:44:58,934 INFO  [PositionJdbcImpl] pf_base currency pf_id=2856 currency = USD
2014-09-25 14:44:58,935 INFO  [PositionJdbcImpl] Unsettled AC: pf=2856 AC=1.3203069715570312E7 pf_count = 1430
2014-09-25 14:44:58,935 INFO  [PositionJdbcImpl] pf_base currency pf_id=2858 currency = USD
2014-09-25 14:44:58,936 INFO  [PositionJdbcImpl] Unsettled AC: pf=2858 AC=7253658.21988 pf_count = 1431
2014-09-25 14:44:58,937 INFO  [PositionJdbcImpl] pf_base currency pf_id=2859 currency = USD
2014-09-25 14:44:58,937 INFO  [PositionJdbcImpl] Unsettled AC: pf=2859 AC=1.6037647158000004E8 pf_count = 1432
2014-09-25 14:44:58,938 INFO  [PositionJdbcImpl] pf_base currency pf_id=6660 currency = USD
2014-09-25 14:44:58,938 INFO  [PositionJdbcImpl] Unsettled AC: pf=6660 AC=0.0 pf_count = 1433
2014-09-25 14:44:58,939 INFO  [PositionJdbcImpl] pf_base currency pf_id=6663 currency = USD
2014-09-25 14:44:58,939 INFO  [PositionJdbcImpl] Unsettled AC: pf=6663 AC=0.0 pf_count = 1434
2014-09-25 14:44:58,940 INFO  [PositionJdbcImpl] pf_base currency pf_id=6662 currency = USD
2014-09-25 14:44:58,940 INFO  [PositionJdbcImpl] Unsettled AC: pf=6662 AC=0.0 pf_count = 1435
2014-09-25 14:44:58,941 INFO  [PositionJdbcImpl] pf_base currency pf_id=6657 currency = USD
2014-09-25 14:44:58,941 INFO  [PositionJdbcImpl] Unsettled AC: pf=6657 AC=0.0 pf_count = 1436
2014-09-25 14:44:58,942 INFO  [PositionJdbcImpl] pf_base currency pf_id=6658 currency = USD
2014-09-25 14:44:58,942 INFO  [PositionJdbcImpl] Unsettled AC: pf=6658 AC=0.0 pf_count = 1437
2014-09-25 14:44:58,943 INFO  [PositionJdbcImpl] pf_base currency pf_id=2877 currency = USD
2014-09-25 14:44:58,943 INFO  [PositionJdbcImpl] Unsettled AC: pf=2877 AC=620234.38 pf_count = 1438
2014-09-25 14:44:58,944 INFO  [PositionJdbcImpl] pf_base currency pf_id=6669 currency = JPY
2014-09-25 14:44:58,944 INFO  [PositionJdbcImpl] Unsettled AC: pf=6669 AC=0.0 pf_count = 1439
2014-09-25 14:44:58,945 INFO  [PositionJdbcImpl] pf_base currency pf_id=2876 currency = USD
2014-09-25 14:44:58,945 INFO  [PositionJdbcImpl] Unsettled AC: pf=2876 AC=3042468.7600000002 pf_count = 1440
2014-09-25 14:44:58,946 INFO  [PositionJdbcImpl] pf_base currency pf_id=6668 currency = JPY
2014-09-25 14:44:58,946 INFO  [PositionJdbcImpl] Unsettled AC: pf=6668 AC=69972.29398182034 pf_count = 1441
2014-09-25 14:44:58,947 INFO  [PositionJdbcImpl] pf_base currency pf_id=6664 currency = USD
2014-09-25 14:44:58,947 INFO  [PositionJdbcImpl] Unsettled AC: pf=6664 AC=0.0 pf_count = 1442
2014-09-25 14:44:58,948 INFO  [PositionJdbcImpl] pf_base currency pf_id=6666 currency = BRL
2014-09-25 14:44:58,948 INFO  [PositionJdbcImpl] Unsettled AC: pf=6666 AC=0.0 pf_count = 1443
2014-09-25 14:44:58,949 INFO  [PositionJdbcImpl] pf_base currency pf_id=2823 currency = USD
2014-09-25 14:44:58,949 INFO  [PositionJdbcImpl] Unsettled AC: pf=2823 AC=0.0 pf_count = 1444
2014-09-25 14:44:58,950 INFO  [PositionJdbcImpl] pf_base currency pf_id=6708 currency = BRL
2014-09-25 14:44:58,950 INFO  [PositionJdbcImpl] Unsettled AC: pf=6708 AC=0.0 pf_count = 1445
2014-09-25 14:44:58,951 INFO  [PositionJdbcImpl] pf_base currency pf_id=6706 currency = USD
2014-09-25 14:44:58,951 INFO  [PositionJdbcImpl] Unsettled AC: pf=6706 AC=0.0 pf_count = 1446
2014-09-25 14:44:58,952 INFO  [PositionJdbcImpl] pf_base currency pf_id=6707 currency = USD
2014-09-25 14:44:58,952 INFO  [PositionJdbcImpl] Unsettled AC: pf=6707 AC=0.0 pf_count = 1447
2014-09-25 14:44:58,953 INFO  [PositionJdbcImpl] pf_base currency pf_id=6704 currency = USD
2014-09-25 14:44:58,953 INFO  [PositionJdbcImpl] Unsettled AC: pf=6704 AC=0.0 pf_count = 1448
2014-09-25 14:44:58,954 INFO  [PositionJdbcImpl] pf_base currency pf_id=6718 currency = USD
2014-09-25 14:44:58,954 INFO  [PositionJdbcImpl] Unsettled AC: pf=6718 AC=0.0 pf_count = 1449
2014-09-25 14:44:58,954 INFO  [PositionJdbcImpl] pf_base currency pf_id=6716 currency = USD
2014-09-25 14:44:58,955 INFO  [PositionJdbcImpl] Unsettled AC: pf=6716 AC=0.0 pf_count = 1450
2014-09-25 14:44:58,955 INFO  [PositionJdbcImpl] pf_base currency pf_id=2829 currency = USD
2014-09-25 14:44:58,955 INFO  [PositionJdbcImpl] Unsettled AC: pf=2829 AC=0.0 pf_count = 1451
2014-09-25 14:44:58,956 INFO  [PositionJdbcImpl] pf_base currency pf_id=6717 currency = USD
2014-09-25 14:44:58,956 INFO  [PositionJdbcImpl] Unsettled AC: pf=6717 AC=0.0 pf_count = 1452
2014-09-25 14:44:58,957 INFO  [PositionJdbcImpl] pf_base currency pf_id=2826 currency = USD
2014-09-25 14:44:58,957 INFO  [PositionJdbcImpl] Unsettled AC: pf=2826 AC=0.0 pf_count = 1453
2014-09-25 14:44:58,958 INFO  [PositionJdbcImpl] pf_base currency pf_id=6714 currency = USD
2014-09-25 14:44:58,958 INFO  [PositionJdbcImpl] Unsettled AC: pf=6714 AC=0.0 pf_count = 1454
2014-09-25 14:44:58,959 INFO  [PositionJdbcImpl] pf_base currency pf_id=2825 currency = USD
2014-09-25 14:44:58,960 INFO  [PositionJdbcImpl] Unsettled AC: pf=2825 AC=1079341.0917603062 pf_count = 1455
2014-09-25 14:44:58,961 INFO  [PositionJdbcImpl] pf_base currency pf_id=6713 currency = EUR
2014-09-25 14:44:58,961 INFO  [PositionJdbcImpl] Unsettled AC: pf=6713 AC=12.65816729515791 pf_count = 1456
2014-09-25 14:44:58,962 INFO  [PositionJdbcImpl] pf_base currency pf_id=2839 currency = USD
2014-09-25 14:44:58,962 INFO  [PositionJdbcImpl] Unsettled AC: pf=2839 AC=322615.0 pf_count = 1457
2014-09-25 14:44:58,964 INFO  [PositionJdbcImpl] pf_base currency pf_id=6694 currency = USD
2014-09-25 14:44:58,964 INFO  [PositionJdbcImpl] Unsettled AC: pf=6694 AC=0.0 pf_count = 1458
2014-09-25 14:44:58,965 INFO  [PositionJdbcImpl] pf_base currency pf_id=2837 currency = USD
2014-09-25 14:44:58,965 INFO  [PositionJdbcImpl] Unsettled AC: pf=2837 AC=21750.0 pf_count = 1459
2014-09-25 14:44:58,966 INFO  [PositionJdbcImpl] pf_base currency pf_id=6693 currency = USD
2014-09-25 14:44:58,966 INFO  [PositionJdbcImpl] Unsettled AC: pf=6693 AC=0.0 pf_count = 1460
2014-09-25 14:44:58,967 INFO  [PositionJdbcImpl] pf_base currency pf_id=6692 currency = USD
2014-09-25 14:44:58,967 INFO  [PositionJdbcImpl] Unsettled AC: pf=6692 AC=0.0 pf_count = 1461
2014-09-25 14:44:58,968 INFO  [PositionJdbcImpl] pf_base currency pf_id=2832 currency = USD
2014-09-25 14:44:58,970 INFO  [PositionJdbcImpl] Unsettled AC: pf=2832 AC=2173123.16 pf_count = 1462
177.259: [GC 177.259: [ParNew: 37487K->3880K(38336K), 0.0091700 secs] 541835K->508771K(1065664K), 0.0092610 secs] [Times: user=0.02 sys=0.00, real=0.01 secs] 
2014-09-25 14:44:58,981 INFO  [PositionJdbcImpl] pf_base currency pf_id=2847 currency = USD
2014-09-25 14:44:58,982 INFO  [PositionJdbcImpl] Unsettled AC: pf=2847 AC=4693350.099999999 pf_count = 1463
2014-09-25 14:44:58,983 INFO  [PositionJdbcImpl] pf_base currency pf_id=6702 currency = USD
2014-09-25 14:44:58,983 INFO  [PositionJdbcImpl] Unsettled AC: pf=6702 AC=0.0 pf_count = 1464
2014-09-25 14:44:58,984 INFO  [PositionJdbcImpl] pf_base currency pf_id=2845 currency = USD
2014-09-25 14:44:58,985 INFO  [PositionJdbcImpl] Unsettled AC: pf=2845 AC=6413145.576773956 pf_count = 1465
2014-09-25 14:44:58,986 INFO  [PositionJdbcImpl] pf_base currency pf_id=6701 currency = USD
2014-09-25 14:44:58,986 INFO  [PositionJdbcImpl] Unsettled AC: pf=6701 AC=0.0 pf_count = 1466
2014-09-25 14:44:58,987 INFO  [PositionJdbcImpl] pf_base currency pf_id=6700 currency = USD
2014-09-25 14:44:58,987 INFO  [PositionJdbcImpl] Unsettled AC: pf=6700 AC=0.0 pf_count = 1467
2014-09-25 14:44:58,988 INFO  [PositionJdbcImpl] pf_base currency pf_id=2843 currency = USD
2014-09-25 14:44:58,988 INFO  [PositionJdbcImpl] Unsettled AC: pf=2843 AC=10150.0 pf_count = 1468
2014-09-25 14:44:58,989 INFO  [PositionJdbcImpl] pf_base currency pf_id=6699 currency = USD
2014-09-25 14:44:58,989 INFO  [PositionJdbcImpl] Unsettled AC: pf=6699 AC=0.0 pf_count = 1469
2014-09-25 14:44:58,990 INFO  [PositionJdbcImpl] pf_base currency pf_id=2842 currency = USD
2014-09-25 14:44:58,990 INFO  [PositionJdbcImpl] Unsettled AC: pf=2842 AC=2268827.3780610105 pf_count = 1470
2014-09-25 14:44:58,991 INFO  [PositionJdbcImpl] pf_base currency pf_id=6698 currency = USD
2014-09-25 14:44:58,991 INFO  [PositionJdbcImpl] Unsettled AC: pf=6698 AC=0.0 pf_count = 1471
2014-09-25 14:44:58,991 INFO  [PositionJdbcImpl] pf_base currency pf_id=6697 currency = USD
2014-09-25 14:44:58,991 INFO  [PositionJdbcImpl] Unsettled AC: pf=6697 AC=0.0 pf_count = 1472
2014-09-25 14:44:58,992 INFO  [PositionJdbcImpl] pf_base currency pf_id=2840 currency = USD
2014-09-25 14:44:58,993 INFO  [PositionJdbcImpl] Unsettled AC: pf=2840 AC=1.3120880179677345E7 pf_count = 1473
2014-09-25 14:44:58,994 INFO  [PositionJdbcImpl] pf_base currency pf_id=6737 currency = USD
2014-09-25 14:44:58,996 INFO  [PositionJdbcImpl] Unsettled AC: pf=6737 AC=4.937108816239999E7 pf_count = 1474
2014-09-25 14:44:58,997 INFO  [PositionJdbcImpl] pf_base currency pf_id=2915 currency = USD
2014-09-25 14:44:58,999 INFO  [PositionJdbcImpl] Unsettled AC: pf=2915 AC=4.478078493000002E7 pf_count = 1475
2014-09-25 14:44:58,999 INFO  [PositionJdbcImpl] pf_base currency pf_id=6739 currency = USD
2014-09-25 14:44:59,000 INFO  [PositionJdbcImpl] Unsettled AC: pf=6739 AC=893637.8167 pf_count = 1476
2014-09-25 14:44:59,001 INFO  [PositionJdbcImpl] pf_base currency pf_id=6740 currency = USD
2014-09-25 14:44:59,001 INFO  [PositionJdbcImpl] Unsettled AC: pf=6740 AC=0.0 pf_count = 1477
2014-09-25 14:44:59,002 INFO  [PositionJdbcImpl] pf_base currency pf_id=6741 currency = USD
2014-09-25 14:44:59,002 INFO  [PositionJdbcImpl] Unsettled AC: pf=6741 AC=0.0 pf_count = 1478
2014-09-25 14:44:59,003 INFO  [PositionJdbcImpl] pf_base currency pf_id=2918 currency = USD
2014-09-25 14:44:59,003 INFO  [PositionJdbcImpl] Unsettled AC: pf=2918 AC=869669.4 pf_count = 1479
2014-09-25 14:44:59,004 INFO  [PositionJdbcImpl] pf_base currency pf_id=6742 currency = USD
2014-09-25 14:44:59,004 INFO  [PositionJdbcImpl] Unsettled AC: pf=6742 AC=994349.94 pf_count = 1480
2014-09-25 14:44:59,005 INFO  [PositionJdbcImpl] pf_base currency pf_id=6743 currency = USD
2014-09-25 14:44:59,005 INFO  [PositionJdbcImpl] Unsettled AC: pf=6743 AC=0.0 pf_count = 1481
2014-09-25 14:44:59,006 INFO  [PositionJdbcImpl] pf_base currency pf_id=6744 currency = USD
2014-09-25 14:44:59,006 INFO  [PositionJdbcImpl] Unsettled AC: pf=6744 AC=0.0 pf_count = 1482
2014-09-25 14:44:59,007 INFO  [PositionJdbcImpl] pf_base currency pf_id=6745 currency = USD
2014-09-25 14:44:59,007 INFO  [PositionJdbcImpl] Unsettled AC: pf=6745 AC=0.0 pf_count = 1483
2014-09-25 14:44:59,007 INFO  [PositionJdbcImpl] pf_base currency pf_id=6746 currency = USD
2014-09-25 14:44:59,007 INFO  [PositionJdbcImpl] Unsettled AC: pf=6746 AC=0.0 pf_count = 1484
2014-09-25 14:44:59,008 INFO  [PositionJdbcImpl] pf_base currency pf_id=2923 currency = USD
2014-09-25 14:44:59,008 INFO  [PositionJdbcImpl] Unsettled AC: pf=2923 AC=0.0 pf_count = 1485
2014-09-25 14:44:59,009 INFO  [PositionJdbcImpl] pf_base currency pf_id=6747 currency = USD
2014-09-25 14:44:59,009 INFO  [PositionJdbcImpl] Unsettled AC: pf=6747 AC=0.0 pf_count = 1486
2014-09-25 14:44:59,010 INFO  [PositionJdbcImpl] pf_base currency pf_id=2924 currency = USD
2014-09-25 14:44:59,011 INFO  [PositionJdbcImpl] Unsettled AC: pf=2924 AC=33349.83999999985 pf_count = 1487
2014-09-25 14:44:59,012 INFO  [PositionJdbcImpl] pf_base currency pf_id=6748 currency = GBP
2014-09-25 14:44:59,012 INFO  [PositionJdbcImpl] Unsettled AC: pf=6748 AC=2.9103830456733704E-11 pf_count = 1488
2014-09-25 14:44:59,013 INFO  [PositionJdbcImpl] pf_base currency pf_id=2925 currency = USD
2014-09-25 14:44:59,013 INFO  [PositionJdbcImpl] Unsettled AC: pf=2925 AC=0.0 pf_count = 1489
2014-09-25 14:44:59,013 INFO  [PositionJdbcImpl] pf_base currency pf_id=2927 currency = USD
2014-09-25 14:44:59,014 INFO  [PositionJdbcImpl] Unsettled AC: pf=2927 AC=13050.0 pf_count = 1490
2014-09-25 14:44:59,015 INFO  [PositionJdbcImpl] pf_base currency pf_id=6721 currency = EUR
2014-09-25 14:44:59,015 INFO  [PositionJdbcImpl] Unsettled AC: pf=6721 AC=-8.075498044490814E-5 pf_count = 1491
2014-09-25 14:44:59,016 INFO  [PositionJdbcImpl] pf_base currency pf_id=6727 currency = USD
2014-09-25 14:44:59,016 INFO  [PositionJdbcImpl] Unsettled AC: pf=6727 AC=1988280.0 pf_count = 1492
2014-09-25 14:44:59,016 INFO  [PositionJdbcImpl] pf_base currency pf_id=6726 currency = SGD
2014-09-25 14:44:59,017 INFO  [PositionJdbcImpl] Unsettled AC: pf=6726 AC=26109.2902 pf_count = 1493
2014-09-25 14:44:59,017 INFO  [PositionJdbcImpl] pf_base currency pf_id=6729 currency = USD
2014-09-25 14:44:59,018 INFO  [PositionJdbcImpl] Unsettled AC: pf=6729 AC=2.9708194212968748E7 pf_count = 1494
2014-09-25 14:44:59,019 INFO  [PositionJdbcImpl] pf_base currency pf_id=6728 currency = USD
2014-09-25 14:44:59,019 INFO  [PositionJdbcImpl] Unsettled AC: pf=6728 AC=0.0 pf_count = 1495
2014-09-25 14:44:59,020 INFO  [PositionJdbcImpl] pf_base currency pf_id=6731 currency = USD
2014-09-25 14:44:59,020 INFO  [PositionJdbcImpl] Unsettled AC: pf=6731 AC=0.0 pf_count = 1496
2014-09-25 14:44:59,021 INFO  [PositionJdbcImpl] pf_base currency pf_id=6730 currency = USD
2014-09-25 14:44:59,021 INFO  [PositionJdbcImpl] Unsettled AC: pf=6730 AC=0.0 pf_count = 1497
2014-09-25 14:44:59,022 INFO  [PositionJdbcImpl] pf_base currency pf_id=6735 currency = USD
2014-09-25 14:44:59,022 INFO  [PositionJdbcImpl] Unsettled AC: pf=6735 AC=1.1641532182693481E-10 pf_count = 1498
2014-09-25 14:44:59,023 INFO  [PositionJdbcImpl] pf_base currency pf_id=6768 currency = AUD
2014-09-25 14:44:59,023 INFO  [PositionJdbcImpl] Unsettled AC: pf=6768 AC=0.0 pf_count = 1499
2014-09-25 14:44:59,024 INFO  [PositionJdbcImpl] pf_base currency pf_id=2887 currency = USD
2014-09-25 14:44:59,024 INFO  [PositionJdbcImpl] Unsettled AC: pf=2887 AC=-2821.618467370048 pf_count = 1500
2014-09-25 14:44:59,025 INFO  [PositionJdbcImpl] pf_base currency pf_id=6775 currency = EUR
2014-09-25 14:44:59,025 INFO  [PositionJdbcImpl] Unsettled AC: pf=6775 AC=-1443.9578610587632 pf_count = 1501
2014-09-25 14:44:59,028 INFO  [PositionJdbcImpl] pf_base currency pf_id=6779 currency = BRL
2014-09-25 14:44:59,029 INFO  [PositionJdbcImpl] Unsettled AC: pf=6779 AC=0.0 pf_count = 1502
2014-09-25 14:44:59,030 INFO  [PositionJdbcImpl] pf_base currency pf_id=6776 currency = GBP
2014-09-25 14:44:59,030 INFO  [PositionJdbcImpl] Unsettled AC: pf=6776 AC=0.0 pf_count = 1503
2014-09-25 14:44:59,031 INFO  [PositionJdbcImpl] pf_base currency pf_id=6780 currency = USD
2014-09-25 14:44:59,031 INFO  [PositionJdbcImpl] Unsettled AC: pf=6780 AC=0.0 pf_count = 1504
2014-09-25 14:44:59,032 INFO  [PositionJdbcImpl] pf_base currency pf_id=6754 currency = BRL
2014-09-25 14:44:59,032 INFO  [PositionJdbcImpl] Unsettled AC: pf=6754 AC=0.0 pf_count = 1505
2014-09-25 14:44:59,032 INFO  [PositionJdbcImpl] pf_base currency pf_id=6753 currency = USD
2014-09-25 14:44:59,032 INFO  [PositionJdbcImpl] Unsettled AC: pf=6753 AC=0.0 pf_count = 1506
2014-09-25 14:44:59,033 INFO  [PositionJdbcImpl] pf_base currency pf_id=6759 currency = USD
2014-09-25 14:44:59,033 INFO  [PositionJdbcImpl] Unsettled AC: pf=6759 AC=0.0 pf_count = 1507
2014-09-25 14:44:59,034 INFO  [PositionJdbcImpl] pf_base currency pf_id=6758 currency = USD
2014-09-25 14:44:59,034 INFO  [PositionJdbcImpl] Unsettled AC: pf=6758 AC=0.0 pf_count = 1508
2014-09-25 14:44:59,034 INFO  [PositionJdbcImpl] pf_base currency pf_id=6757 currency = USD
2014-09-25 14:44:59,035 INFO  [PositionJdbcImpl] Unsettled AC: pf=6757 AC=0.0 pf_count = 1509
2014-09-25 14:44:59,035 INFO  [PositionJdbcImpl] pf_base currency pf_id=6756 currency = USD
2014-09-25 14:44:59,036 INFO  [PositionJdbcImpl] Unsettled AC: pf=6756 AC=0.0 pf_count = 1510
2014-09-25 14:44:59,036 INFO  [PositionJdbcImpl] pf_base currency pf_id=6763 currency = USD
2014-09-25 14:44:59,036 INFO  [PositionJdbcImpl] Unsettled AC: pf=6763 AC=0.0 pf_count = 1511
2014-09-25 14:44:59,037 INFO  [PositionJdbcImpl] pf_base currency pf_id=6762 currency = USD
2014-09-25 14:44:59,037 INFO  [PositionJdbcImpl] Unsettled AC: pf=6762 AC=0.0 pf_count = 1512
2014-09-25 14:44:59,038 INFO  [PositionJdbcImpl] pf_base currency pf_id=2905 currency = USD
2014-09-25 14:44:59,040 INFO  [PositionJdbcImpl] Unsettled AC: pf=2905 AC=2.448275129628601E7 pf_count = 1513
2014-09-25 14:44:59,040 INFO  [PositionJdbcImpl] pf_base currency pf_id=6761 currency = USD
2014-09-25 14:44:59,040 INFO  [PositionJdbcImpl] Unsettled AC: pf=6761 AC=0.0 pf_count = 1514
2014-09-25 14:44:59,041 INFO  [PositionJdbcImpl] pf_base currency pf_id=6760 currency = USD
2014-09-25 14:44:59,041 INFO  [PositionJdbcImpl] Unsettled AC: pf=6760 AC=0.0 pf_count = 1515
2014-09-25 14:44:59,042 INFO  [PositionJdbcImpl] pf_base currency pf_id=6767 currency = USD
2014-09-25 14:44:59,043 INFO  [PositionJdbcImpl] Unsettled AC: pf=6767 AC=3197232.69621 pf_count = 1516
2014-09-25 14:44:59,044 INFO  [PositionJdbcImpl] pf_base currency pf_id=2909 currency = USD
2014-09-25 14:44:59,045 INFO  [PositionJdbcImpl] Unsettled AC: pf=2909 AC=9778273.67733473 pf_count = 1517
2014-09-25 14:44:59,045 INFO  [PositionJdbcImpl] pf_base currency pf_id=6764 currency = USD
2014-09-25 14:44:59,045 INFO  [PositionJdbcImpl] Unsettled AC: pf=6764 AC=0.0 pf_count = 1518
2014-09-25 14:44:59,046 INFO  [PositionJdbcImpl] pf_base currency pf_id=3293 currency = USD
2014-09-25 14:44:59,046 INFO  [PositionJdbcImpl] Unsettled AC: pf=3293 AC=0.0 pf_count = 1519
2014-09-25 14:44:59,048 INFO  [PositionJdbcImpl] pf_base currency pf_id=3268 currency = USD
2014-09-25 14:44:59,048 INFO  [PositionJdbcImpl] Unsettled AC: pf=3268 AC=4.021644E8 pf_count = 1520
2014-09-25 14:44:59,049 INFO  [PositionJdbcImpl] pf_base currency pf_id=3264 currency = USD
2014-09-25 14:44:59,049 INFO  [PositionJdbcImpl] Unsettled AC: pf=3264 AC=15354.190000001341 pf_count = 1521
2014-09-25 14:44:59,050 INFO  [PositionJdbcImpl] pf_base currency pf_id=3267 currency = USD
2014-09-25 14:44:59,050 INFO  [PositionJdbcImpl] Unsettled AC: pf=3267 AC=-253884.17999994755 pf_count = 1522
2014-09-25 14:44:59,051 INFO  [PositionJdbcImpl] pf_base currency pf_id=3266 currency = USD
2014-09-25 14:44:59,052 INFO  [PositionJdbcImpl] Unsettled AC: pf=3266 AC=-7457.166000019759 pf_count = 1523
2014-09-25 14:44:59,053 INFO  [PositionJdbcImpl] pf_base currency pf_id=3273 currency = USD
2014-09-25 14:44:59,053 INFO  [PositionJdbcImpl] Unsettled AC: pf=3273 AC=0.0 pf_count = 1524
2014-09-25 14:44:59,053 INFO  [PositionJdbcImpl] pf_base currency pf_id=3272 currency = USD
2014-09-25 14:44:59,054 INFO  [PositionJdbcImpl] Unsettled AC: pf=3272 AC=0.0 pf_count = 1525
2014-09-25 14:44:59,054 INFO  [PositionJdbcImpl] pf_base currency pf_id=3275 currency = USD
2014-09-25 14:44:59,054 INFO  [PositionJdbcImpl] Unsettled AC: pf=3275 AC=0.0 pf_count = 1526
2014-09-25 14:44:59,056 INFO  [PositionJdbcImpl] pf_base currency pf_id=3274 currency = USD
2014-09-25 14:44:59,056 INFO  [PositionJdbcImpl] Unsettled AC: pf=3274 AC=0.0 pf_count = 1527
2014-09-25 14:44:59,056 INFO  [PositionJdbcImpl] pf_base currency pf_id=3319 currency = USD
2014-09-25 14:44:59,056 INFO  [PositionJdbcImpl] Unsettled AC: pf=3319 AC=0.0 pf_count = 1528
2014-09-25 14:44:59,057 INFO  [PositionJdbcImpl] pf_base currency pf_id=3316 currency = USD
2014-09-25 14:44:59,057 INFO  [PositionJdbcImpl] Unsettled AC: pf=3316 AC=0.0 pf_count = 1529
2014-09-25 14:44:59,058 INFO  [PositionJdbcImpl] pf_base currency pf_id=3303 currency = USD
2014-09-25 14:44:59,058 INFO  [PositionJdbcImpl] Unsettled AC: pf=3303 AC=0.0 pf_count = 1530
2014-09-25 14:44:59,059 INFO  [PositionJdbcImpl] pf_base currency pf_id=3302 currency = USD
2014-09-25 14:44:59,059 INFO  [PositionJdbcImpl] Unsettled AC: pf=3302 AC=0.0 pf_count = 1531
2014-09-25 14:44:59,060 INFO  [PositionJdbcImpl] pf_base currency pf_id=3307 currency = USD
2014-09-25 14:44:59,060 INFO  [PositionJdbcImpl] Unsettled AC: pf=3307 AC=0.0 pf_count = 1532
2014-09-25 14:44:59,061 INFO  [PositionJdbcImpl] pf_base currency pf_id=3306 currency = USD
2014-09-25 14:44:59,061 INFO  [PositionJdbcImpl] Unsettled AC: pf=3306 AC=0.0 pf_count = 1533
2014-09-25 14:44:59,062 INFO  [PositionJdbcImpl] pf_base currency pf_id=3305 currency = USD
2014-09-25 14:44:59,062 INFO  [PositionJdbcImpl] Unsettled AC: pf=3305 AC=0.0 pf_count = 1534
2014-09-25 14:44:59,062 INFO  [PositionJdbcImpl] pf_base currency pf_id=3304 currency = USD
2014-09-25 14:44:59,062 INFO  [PositionJdbcImpl] Unsettled AC: pf=3304 AC=0.0 pf_count = 1535
2014-09-25 14:44:59,063 INFO  [PositionJdbcImpl] pf_base currency pf_id=3204 currency = USD
2014-09-25 14:44:59,064 INFO  [PositionJdbcImpl] Unsettled AC: pf=3204 AC=-9.313225746154785E-10 pf_count = 1536
2014-09-25 14:44:59,064 INFO  [PositionJdbcImpl] pf_base currency pf_id=3209 currency = USD
2014-09-25 14:44:59,064 INFO  [PositionJdbcImpl] Unsettled AC: pf=3209 AC=0.0 pf_count = 1537
2014-09-25 14:44:59,065 INFO  [PositionJdbcImpl] pf_base currency pf_id=3208 currency = USD
2014-09-25 14:44:59,065 INFO  [PositionJdbcImpl] Unsettled AC: pf=3208 AC=0.0 pf_count = 1538
2014-09-25 14:44:59,066 INFO  [PositionJdbcImpl] pf_base currency pf_id=3210 currency = USD
2014-09-25 14:44:59,066 INFO  [PositionJdbcImpl] Unsettled AC: pf=3210 AC=0.0 pf_count = 1539
2014-09-25 14:44:59,067 INFO  [PositionJdbcImpl] pf_base currency pf_id=3251 currency = USD
2014-09-25 14:44:59,068 INFO  [PositionJdbcImpl] Unsettled AC: pf=3251 AC=9957767.963476554 pf_count = 1540
2014-09-25 14:44:59,069 INFO  [PositionJdbcImpl] pf_base currency pf_id=3252 currency = USD
2014-09-25 14:44:59,069 INFO  [PositionJdbcImpl] Unsettled AC: pf=3252 AC=0.0 pf_count = 1541
2014-09-25 14:44:59,070 INFO  [PositionJdbcImpl] pf_base currency pf_id=3253 currency = USD
2014-09-25 14:44:59,070 INFO  [PositionJdbcImpl] Unsettled AC: pf=3253 AC=0.0 pf_count = 1542
2014-09-25 14:44:59,070 INFO  [PositionJdbcImpl] pf_base currency pf_id=3235 currency = USD
2014-09-25 14:44:59,071 INFO  [PositionJdbcImpl] Unsettled AC: pf=3235 AC=0.0 pf_count = 1543
2014-09-25 14:44:59,071 INFO  [PositionJdbcImpl] pf_base currency pf_id=3232 currency = USD
2014-09-25 14:44:59,073 INFO  [PositionJdbcImpl] Unsettled AC: pf=3232 AC=3.800251495999999E7 pf_count = 1544
2014-09-25 14:44:59,074 INFO  [PositionJdbcImpl] pf_base currency pf_id=3237 currency = USD
2014-09-25 14:44:59,075 INFO  [PositionJdbcImpl] Unsettled AC: pf=3237 AC=1000000.0 pf_count = 1545
2014-09-25 14:44:59,075 INFO  [PositionJdbcImpl] pf_base currency pf_id=3159 currency = USD
2014-09-25 14:44:59,076 INFO  [PositionJdbcImpl] Unsettled AC: pf=3159 AC=2851642.5 pf_count = 1546
2014-09-25 14:44:59,076 INFO  [PositionJdbcImpl] pf_base currency pf_id=3152 currency = USD
2014-09-25 14:44:59,077 INFO  [PositionJdbcImpl] Unsettled AC: pf=3152 AC=1121110.0 pf_count = 1547
2014-09-25 14:44:59,077 INFO  [PositionJdbcImpl] pf_base currency pf_id=3192 currency = USD
2014-09-25 14:44:59,078 INFO  [PositionJdbcImpl] Unsettled AC: pf=3192 AC=68.78959537572155 pf_count = 1548
2014-09-25 14:44:59,079 INFO  [PositionJdbcImpl] pf_base currency pf_id=3191 currency = USD
2014-09-25 14:44:59,079 INFO  [PositionJdbcImpl] Unsettled AC: pf=3191 AC=0.0 pf_count = 1549
2014-09-25 14:44:59,079 INFO  [PositionJdbcImpl] pf_base currency pf_id=3114 currency = USD
2014-09-25 14:44:59,080 INFO  [PositionJdbcImpl] Unsettled AC: pf=3114 AC=322362.69999999995 pf_count = 1550
2014-09-25 14:44:59,081 INFO  [PositionJdbcImpl] pf_base currency pf_id=3115 currency = USD
2014-09-25 14:44:59,081 INFO  [PositionJdbcImpl] Unsettled AC: pf=3115 AC=570625.31 pf_count = 1551
2014-09-25 14:44:59,082 INFO  [PositionJdbcImpl] pf_base currency pf_id=3112 currency = USD
2014-09-25 14:44:59,083 INFO  [PositionJdbcImpl] Unsettled AC: pf=3112 AC=143948.0 pf_count = 1552
2014-09-25 14:44:59,084 INFO  [PositionJdbcImpl] pf_base currency pf_id=3113 currency = USD
2014-09-25 14:44:59,084 INFO  [PositionJdbcImpl] Unsettled AC: pf=3113 AC=0.0 pf_count = 1553
2014-09-25 14:44:59,085 INFO  [PositionJdbcImpl] pf_base currency pf_id=3119 currency = USD
2014-09-25 14:44:59,085 INFO  [PositionJdbcImpl] Unsettled AC: pf=3119 AC=0.0 pf_count = 1554
2014-09-25 14:44:59,086 INFO  [PositionJdbcImpl] pf_base currency pf_id=3403 currency = USD
2014-09-25 14:44:59,086 INFO  [PositionJdbcImpl] Unsettled AC: pf=3403 AC=0.0 pf_count = 1555
2014-09-25 14:44:59,087 INFO  [PositionJdbcImpl] pf_base currency pf_id=3412 currency = USD
2014-09-25 14:44:59,088 INFO  [PositionJdbcImpl] Unsettled AC: pf=3412 AC=1865724.529833668 pf_count = 1556
2014-09-25 14:44:59,089 INFO  [PositionJdbcImpl] pf_base currency pf_id=3339 currency = USD
2014-09-25 14:44:59,089 INFO  [PositionJdbcImpl] Unsettled AC: pf=3339 AC=0.0 pf_count = 1557
2014-09-25 14:44:59,090 INFO  [PositionJdbcImpl] pf_base currency pf_id=3342 currency = USD
2014-09-25 14:44:59,090 INFO  [PositionJdbcImpl] Unsettled AC: pf=3342 AC=0.0 pf_count = 1558
2014-09-25 14:44:59,090 INFO  [PositionJdbcImpl] pf_base currency pf_id=3340 currency = USD
2014-09-25 14:44:59,090 INFO  [PositionJdbcImpl] Unsettled AC: pf=3340 AC=0.0 pf_count = 1559
2014-09-25 14:44:59,091 INFO  [PositionJdbcImpl] pf_base currency pf_id=3341 currency = USD
2014-09-25 14:44:59,091 INFO  [PositionJdbcImpl] Unsettled AC: pf=3341 AC=0.0 pf_count = 1560
2014-09-25 14:44:59,092 INFO  [PositionJdbcImpl] pf_base currency pf_id=3333 currency = USD
2014-09-25 14:44:59,092 INFO  [PositionJdbcImpl] Unsettled AC: pf=3333 AC=0.0 pf_count = 1561
2014-09-25 14:44:59,093 INFO  [PositionJdbcImpl] pf_base currency pf_id=3355 currency = USD
2014-09-25 14:44:59,093 INFO  [PositionJdbcImpl] Unsettled AC: pf=3355 AC=0.0 pf_count = 1562
2014-09-25 14:44:59,094 INFO  [PositionJdbcImpl] pf_base currency pf_id=3346 currency = USD
2014-09-25 14:44:59,094 INFO  [PositionJdbcImpl] Unsettled AC: pf=3346 AC=0.0 pf_count = 1563
2014-09-25 14:44:59,095 INFO  [PositionJdbcImpl] pf_base currency pf_id=3345 currency = USD
2014-09-25 14:44:59,095 INFO  [PositionJdbcImpl] Unsettled AC: pf=3345 AC=0.0 pf_count = 1564
2014-09-25 14:44:59,095 INFO  [PositionJdbcImpl] pf_base currency pf_id=3344 currency = USD
2014-09-25 14:44:59,095 INFO  [PositionJdbcImpl] Unsettled AC: pf=3344 AC=0.0 pf_count = 1565
2014-09-25 14:44:59,096 INFO  [PositionJdbcImpl] pf_base currency pf_id=3351 currency = USD
2014-09-25 14:44:59,096 INFO  [PositionJdbcImpl] Unsettled AC: pf=3351 AC=0.0 pf_count = 1566
2014-09-25 14:44:59,097 INFO  [PositionJdbcImpl] pf_base currency pf_id=3350 currency = USD
2014-09-25 14:44:59,097 INFO  [PositionJdbcImpl] Unsettled AC: pf=3350 AC=0.0 pf_count = 1567
2014-09-25 14:44:59,098 INFO  [PositionJdbcImpl] pf_base currency pf_id=3349 currency = USD
2014-09-25 14:44:59,098 INFO  [PositionJdbcImpl] Unsettled AC: pf=3349 AC=0.0 pf_count = 1568
2014-09-25 14:44:59,099 INFO  [PositionJdbcImpl] pf_base currency pf_id=3348 currency = USD
2014-09-25 14:44:59,099 INFO  [PositionJdbcImpl] Unsettled AC: pf=3348 AC=0.0 pf_count = 1569
2014-09-25 14:44:59,100 INFO  [PositionJdbcImpl] pf_base currency pf_id=3368 currency = USD
2014-09-25 14:44:59,100 INFO  [PositionJdbcImpl] Unsettled AC: pf=3368 AC=0.0 pf_count = 1570
2014-09-25 14:44:59,100 INFO  [PositionJdbcImpl] pf_base currency pf_id=3371 currency = USD
2014-09-25 14:44:59,100 INFO  [PositionJdbcImpl] Unsettled AC: pf=3371 AC=0.0 pf_count = 1571
2014-09-25 14:44:59,101 INFO  [PositionJdbcImpl] pf_base currency pf_id=3373 currency = USD
2014-09-25 14:44:59,101 INFO  [PositionJdbcImpl] Unsettled AC: pf=3373 AC=0.0 pf_count = 1572
2014-09-25 14:44:59,102 INFO  [PositionJdbcImpl] pf_base currency pf_id=3374 currency = USD
2014-09-25 14:44:59,102 INFO  [PositionJdbcImpl] Unsettled AC: pf=3374 AC=0.0 pf_count = 1573
2014-09-25 14:44:59,103 INFO  [PositionJdbcImpl] pf_base currency pf_id=3361 currency = USD
2014-09-25 14:44:59,103 INFO  [PositionJdbcImpl] Unsettled AC: pf=3361 AC=0.0 pf_count = 1574
2014-09-25 14:44:59,104 INFO  [PositionJdbcImpl] pf_base currency pf_id=3367 currency = USD
2014-09-25 14:44:59,104 INFO  [PositionJdbcImpl] Unsettled AC: pf=3367 AC=0.0 pf_count = 1575
2014-09-25 14:44:59,105 INFO  [PositionJdbcImpl] pf_base currency pf_id=3385 currency = USD
2014-09-25 14:44:59,105 INFO  [PositionJdbcImpl] Unsettled AC: pf=3385 AC=0.0 pf_count = 1576
2014-09-25 14:44:59,105 INFO  [PositionJdbcImpl] pf_base currency pf_id=3384 currency = USD
2014-09-25 14:44:59,105 INFO  [PositionJdbcImpl] Unsettled AC: pf=3384 AC=0.0 pf_count = 1577
2014-09-25 14:44:59,106 INFO  [PositionJdbcImpl] pf_base currency pf_id=3386 currency = USD
2014-09-25 14:44:59,106 INFO  [PositionJdbcImpl] Unsettled AC: pf=3386 AC=0.0 pf_count = 1578
2014-09-25 14:44:59,106 INFO  [PositionJdbcImpl] pf_base currency pf_id=3376 currency = USD
2014-09-25 14:44:59,106 INFO  [PositionJdbcImpl] Unsettled AC: pf=3376 AC=0.0 pf_count = 1579
2014-09-25 14:44:59,107 INFO  [PositionJdbcImpl] pf_base currency pf_id=3379 currency = USD
2014-09-25 14:44:59,107 INFO  [PositionJdbcImpl] Unsettled AC: pf=3379 AC=0.0 pf_count = 1580
2014-09-25 14:44:59,108 INFO  [PositionJdbcImpl] pf_base currency pf_id=3383 currency = USD
2014-09-25 14:44:59,108 INFO  [PositionJdbcImpl] Unsettled AC: pf=3383 AC=0.0 pf_count = 1581
2014-09-25 14:44:59,109 INFO  [PositionJdbcImpl] pf_base currency pf_id=3810 currency = USD
2014-09-25 14:44:59,109 INFO  [PositionJdbcImpl] Unsettled AC: pf=3810 AC=1390300.7657866664 pf_count = 1582
2014-09-25 14:44:59,110 INFO  [PositionJdbcImpl] pf_base currency pf_id=3822 currency = USD
2014-09-25 14:44:59,110 INFO  [PositionJdbcImpl] Unsettled AC: pf=3822 AC=220312.0 pf_count = 1583
2014-09-25 14:44:59,111 INFO  [PositionJdbcImpl] pf_base currency pf_id=3782 currency = USD
2014-09-25 14:44:59,111 INFO  [PositionJdbcImpl] Unsettled AC: pf=3782 AC=0.0 pf_count = 1584
2014-09-25 14:44:59,112 INFO  [PositionJdbcImpl] pf_base currency pf_id=3767 currency = AUD
2014-09-25 14:44:59,112 INFO  [PositionJdbcImpl] Unsettled AC: pf=3767 AC=0.0 pf_count = 1585
2014-09-25 14:44:59,113 INFO  [PositionJdbcImpl] pf_base currency pf_id=3764 currency = AUD
2014-09-25 14:44:59,113 INFO  [PositionJdbcImpl] Unsettled AC: pf=3764 AC=0.0 pf_count = 1586
2014-09-25 14:44:59,114 INFO  [PositionJdbcImpl] pf_base currency pf_id=3765 currency = AUD
2014-09-25 14:44:59,114 INFO  [PositionJdbcImpl] Unsettled AC: pf=3765 AC=0.0 pf_count = 1587
2014-09-25 14:44:59,115 INFO  [PositionJdbcImpl] pf_base currency pf_id=3761 currency = AUD
2014-09-25 14:44:59,115 INFO  [PositionJdbcImpl] Unsettled AC: pf=3761 AC=2181510.5661 pf_count = 1588
2014-09-25 14:44:59,116 INFO  [PositionJdbcImpl] pf_base currency pf_id=3769 currency = AUD
2014-09-25 14:44:59,116 INFO  [PositionJdbcImpl] Unsettled AC: pf=3769 AC=0.0 pf_count = 1589
2014-09-25 14:44:59,117 INFO  [PositionJdbcImpl] pf_base currency pf_id=3750 currency = AUD
2014-09-25 14:44:59,118 INFO  [PositionJdbcImpl] Unsettled AC: pf=3750 AC=0.0 pf_count = 1590
2014-09-25 14:44:59,119 INFO  [PositionJdbcImpl] pf_base currency pf_id=3749 currency = AUD
2014-09-25 14:44:59,119 INFO  [PositionJdbcImpl] Unsettled AC: pf=3749 AC=0.0 pf_count = 1591
2014-09-25 14:44:59,120 INFO  [PositionJdbcImpl] pf_base currency pf_id=3747 currency = AUD
2014-09-25 14:44:59,120 INFO  [PositionJdbcImpl] Unsettled AC: pf=3747 AC=920164.8332 pf_count = 1592
2014-09-25 14:44:59,121 INFO  [PositionJdbcImpl] pf_base currency pf_id=3746 currency = NZD
2014-09-25 14:44:59,121 INFO  [PositionJdbcImpl] Unsettled AC: pf=3746 AC=0.0 pf_count = 1593
2014-09-25 14:44:59,122 INFO  [PositionJdbcImpl] pf_base currency pf_id=3745 currency = AUD
2014-09-25 14:44:59,123 INFO  [PositionJdbcImpl] Unsettled AC: pf=3745 AC=2617812.6794 pf_count = 1594
2014-09-25 14:44:59,124 INFO  [PositionJdbcImpl] pf_base currency pf_id=3729 currency = USD
2014-09-25 14:44:59,124 INFO  [PositionJdbcImpl] Unsettled AC: pf=3729 AC=0.0 pf_count = 1595
2014-09-25 14:44:59,125 INFO  [PositionJdbcImpl] pf_base currency pf_id=3731 currency = USD
2014-09-25 14:44:59,125 INFO  [PositionJdbcImpl] Unsettled AC: pf=3731 AC=0.0 pf_count = 1596
2014-09-25 14:44:59,126 INFO  [PositionJdbcImpl] pf_base currency pf_id=3741 currency = AUD
2014-09-25 14:44:59,127 INFO  [PositionJdbcImpl] Unsettled AC: pf=3741 AC=3054114.7926 pf_count = 1597
2014-09-25 14:44:59,127 INFO  [PositionJdbcImpl] pf_base currency pf_id=3742 currency = AUD
2014-09-25 14:44:59,130 INFO  [PositionJdbcImpl] Unsettled AC: pf=3742 AC=1.04712507174E7 pf_count = 1598
2014-09-25 14:44:59,131 INFO  [PositionJdbcImpl] pf_base currency pf_id=3743 currency = AUD
2014-09-25 14:44:59,131 INFO  [PositionJdbcImpl] Unsettled AC: pf=3743 AC=7853438.0381 pf_count = 1599
2014-09-25 14:44:59,132 INFO  [PositionJdbcImpl] pf_base currency pf_id=3716 currency = GBP
2014-09-25 14:44:59,132 INFO  [PositionJdbcImpl] Unsettled AC: pf=3716 AC=7.450580596923828E-8 pf_count = 1600
2014-09-25 14:44:59,133 INFO  [PositionJdbcImpl] pf_base currency pf_id=3715 currency = AUD
2014-09-25 14:44:59,134 INFO  [PositionJdbcImpl] Unsettled AC: pf=3715 AC=322120.23792329914 pf_count = 1601
2014-09-25 14:44:59,135 INFO  [PositionJdbcImpl] pf_base currency pf_id=3707 currency = USD
2014-09-25 14:44:59,136 INFO  [PositionJdbcImpl] Unsettled AC: pf=3707 AC=1.0550255560000004E7 pf_count = 1602
2014-09-25 14:44:59,137 INFO  [PositionJdbcImpl] pf_base currency pf_id=3709 currency = USD
2014-09-25 14:44:59,138 INFO  [PositionJdbcImpl] Unsettled AC: pf=3709 AC=191363.77835821494 pf_count = 1603
2014-09-25 14:44:59,139 INFO  [PositionJdbcImpl] pf_base currency pf_id=3699 currency = USD
2014-09-25 14:44:59,140 INFO  [PositionJdbcImpl] Unsettled AC: pf=3699 AC=996697.6716450383 pf_count = 1604
2014-09-25 14:44:59,141 INFO  [PositionJdbcImpl] pf_base currency pf_id=3695 currency = HKD
2014-09-25 14:44:59,141 INFO  [PositionJdbcImpl] Unsettled AC: pf=3695 AC=0.0 pf_count = 1605
2014-09-25 14:44:59,142 INFO  [PositionJdbcImpl] pf_base currency pf_id=3686 currency = USD
2014-09-25 14:44:59,143 INFO  [PositionJdbcImpl] Unsettled AC: pf=3686 AC=8143457.541076553 pf_count = 1606
2014-09-25 14:44:59,144 INFO  [PositionJdbcImpl] pf_base currency pf_id=3684 currency = USD
2014-09-25 14:44:59,145 INFO  [PositionJdbcImpl] Unsettled AC: pf=3684 AC=2221116.7399999998 pf_count = 1607
2014-09-25 14:44:59,146 INFO  [PositionJdbcImpl] pf_base currency pf_id=3685 currency = USD
2014-09-25 14:44:59,147 INFO  [PositionJdbcImpl] Unsettled AC: pf=3685 AC=1.1926555865040554E7 pf_count = 1608
2014-09-25 14:44:59,148 INFO  [PositionJdbcImpl] pf_base currency pf_id=3675 currency = USD
2014-09-25 14:44:59,150 INFO  [PositionJdbcImpl] Unsettled AC: pf=3675 AC=2556665.5704000033 pf_count = 1609
2014-09-25 14:44:59,150 INFO  [PositionJdbcImpl] pf_base currency pf_id=3674 currency = USD
2014-09-25 14:44:59,150 INFO  [PositionJdbcImpl] Unsettled AC: pf=3674 AC=0.0 pf_count = 1610
2014-09-25 14:44:59,151 INFO  [PositionJdbcImpl] pf_base currency pf_id=3593 currency = USD
2014-09-25 14:44:59,151 INFO  [PositionJdbcImpl] Unsettled AC: pf=3593 AC=0.0 pf_count = 1611
2014-09-25 14:44:59,152 INFO  [PositionJdbcImpl] pf_base currency pf_id=4064 currency = GBP
2014-09-25 14:44:59,153 INFO  [PositionJdbcImpl] Unsettled AC: pf=4064 AC=5.089396434401503E7 pf_count = 1612
2014-09-25 14:44:59,154 INFO  [PositionJdbcImpl] pf_base currency pf_id=4075 currency = USD
2014-09-25 14:44:59,154 INFO  [PositionJdbcImpl] Unsettled AC: pf=4075 AC=0.0 pf_count = 1613
2014-09-25 14:44:59,155 INFO  [PositionJdbcImpl] pf_base currency pf_id=4088 currency = USD
2014-09-25 14:44:59,155 INFO  [PositionJdbcImpl] Unsettled AC: pf=4088 AC=0.0 pf_count = 1614
2014-09-25 14:44:59,156 INFO  [PositionJdbcImpl] pf_base currency pf_id=4090 currency = AUD
2014-09-25 14:44:59,157 INFO  [PositionJdbcImpl] Unsettled AC: pf=4090 AC=1324358.8068651515 pf_count = 1615
2014-09-25 14:44:59,157 INFO  [PositionJdbcImpl] pf_base currency pf_id=4094 currency = USD
2014-09-25 14:44:59,158 INFO  [PositionJdbcImpl] Unsettled AC: pf=4094 AC=4.859792480125718E7 pf_count = 1616
2014-09-25 14:44:59,159 INFO  [PositionJdbcImpl] pf_base currency pf_id=4095 currency = USD
2014-09-25 14:44:59,160 INFO  [PositionJdbcImpl] Unsettled AC: pf=4095 AC=0.0 pf_count = 1617
2014-09-25 14:44:59,160 INFO  [PositionJdbcImpl] pf_base currency pf_id=4035 currency = USD
2014-09-25 14:44:59,160 INFO  [PositionJdbcImpl] Unsettled AC: pf=4035 AC=0.0 pf_count = 1618
2014-09-25 14:44:59,161 INFO  [PositionJdbcImpl] pf_base currency pf_id=4037 currency = USD
2014-09-25 14:44:59,162 INFO  [PositionJdbcImpl] Unsettled AC: pf=4037 AC=937300.96 pf_count = 1619
2014-09-25 14:44:59,163 INFO  [PositionJdbcImpl] pf_base currency pf_id=4044 currency = EUR
2014-09-25 14:44:59,163 INFO  [PositionJdbcImpl] Unsettled AC: pf=4044 AC=1597893.8846299946 pf_count = 1620
2014-09-25 14:44:59,164 INFO  [PositionJdbcImpl] pf_base currency pf_id=4050 currency = USD
2014-09-25 14:44:59,166 INFO  [PositionJdbcImpl] Unsettled AC: pf=4050 AC=3.510510926921031E7 pf_count = 1621
2014-09-25 14:44:59,167 INFO  [PositionJdbcImpl] pf_base currency pf_id=4049 currency = USD
2014-09-25 14:44:59,167 INFO  [PositionJdbcImpl] Unsettled AC: pf=4049 AC=0.0 pf_count = 1622
2014-09-25 14:44:59,168 INFO  [PositionJdbcImpl] pf_base currency pf_id=4053 currency = USD
2014-09-25 14:44:59,170 INFO  [PositionJdbcImpl] Unsettled AC: pf=4053 AC=9.90636371339708E7 pf_count = 1623
2014-09-25 14:44:59,171 INFO  [PositionJdbcImpl] pf_base currency pf_id=4059 currency = USD
2014-09-25 14:44:59,171 INFO  [PositionJdbcImpl] Unsettled AC: pf=4059 AC=0.0 pf_count = 1624
2014-09-25 14:44:59,171 INFO  [PositionJdbcImpl] pf_base currency pf_id=4056 currency = USD
2014-09-25 14:44:59,171 INFO  [PositionJdbcImpl] Unsettled AC: pf=4056 AC=-4325.0 pf_count = 1625
2014-09-25 14:44:59,172 INFO  [PositionJdbcImpl] pf_base currency pf_id=4057 currency = USD
2014-09-25 14:44:59,172 INFO  [PositionJdbcImpl] Unsettled AC: pf=4057 AC=0.0 pf_count = 1626
2014-09-25 14:44:59,173 INFO  [PositionJdbcImpl] pf_base currency pf_id=3914 currency = USD
2014-09-25 14:44:59,173 INFO  [PositionJdbcImpl] Unsettled AC: pf=3914 AC=0.0 pf_count = 1627
2014-09-25 14:44:59,174 INFO  [PositionJdbcImpl] pf_base currency pf_id=3906 currency = USD
2014-09-25 14:44:59,174 INFO  [PositionJdbcImpl] Unsettled AC: pf=3906 AC=498470.76975468744 pf_count = 1628
2014-09-25 14:44:59,175 INFO  [PositionJdbcImpl] pf_base currency pf_id=3905 currency = USD
2014-09-25 14:44:59,175 INFO  [PositionJdbcImpl] Unsettled AC: pf=3905 AC=0.0 pf_count = 1629
2014-09-25 14:44:59,176 INFO  [PositionJdbcImpl] pf_base currency pf_id=3908 currency = USD
2014-09-25 14:44:59,177 INFO  [PositionJdbcImpl] Unsettled AC: pf=3908 AC=3377211.974274425 pf_count = 1630
2014-09-25 14:44:59,178 INFO  [PositionJdbcImpl] pf_base currency pf_id=3892 currency = USD
2014-09-25 14:44:59,179 INFO  [PositionJdbcImpl] Unsettled AC: pf=3892 AC=0.0 pf_count = 1631
2014-09-25 14:44:59,179 INFO  [PositionJdbcImpl] pf_base currency pf_id=3889 currency = USD
2014-09-25 14:44:59,179 INFO  [PositionJdbcImpl] Unsettled AC: pf=3889 AC=0.0 pf_count = 1632
2014-09-25 14:44:59,180 INFO  [PositionJdbcImpl] pf_base currency pf_id=3851 currency = USD
2014-09-25 14:44:59,180 INFO  [PositionJdbcImpl] Unsettled AC: pf=3851 AC=0.0 pf_count = 1633
2014-09-25 14:44:59,181 INFO  [PositionJdbcImpl] pf_base currency pf_id=3868 currency = USD
2014-09-25 14:44:59,183 INFO  [PositionJdbcImpl] Unsettled AC: pf=3868 AC=9455107.729198769 pf_count = 1634
2014-09-25 14:44:59,184 INFO  [PositionJdbcImpl] pf_base currency pf_id=3858 currency = USD
2014-09-25 14:44:59,184 INFO  [PositionJdbcImpl] Unsettled AC: pf=3858 AC=0.0 pf_count = 1635
2014-09-25 14:44:59,186 INFO  [PositionJdbcImpl] Fetched all TradeTransactionMap rows. Size is :1636
2014-09-25 14:44:59,194 INFO  [LotCacheManager] Initialized all Caches...
2014-09-25 14:44:59,194 INFO  [LotCacheManager] PositionSubsystem began Caching
177.714: [GC 177.714: [ParNew: 37992K->4224K(38336K), 0.0102840 secs] 542883K->509944K(1065664K), 0.0103740 secs] [Times: user=0.02 sys=0.00, real=0.01 secs] 
178.166: [GC 178.166: [ParNew: 38336K->3391K(38336K), 0.0103650 secs] 544056K->511587K(1065664K), 0.0104460 secs] [Times: user=0.01 sys=0.00, real=0.01 secs] 
178.922: [GC 178.922: [ParNew: 37503K->2063K(38336K), 0.0039050 secs] 545699K->510259K(1065664K), 0.0039890 secs] [Times: user=0.00 sys=0.00, real=0.00 secs] 
179.510: [GC 179.510: [ParNew: 36175K->1607K(38336K), 0.0039030 secs] 544371K->509803K(1065664K), 0.0039770 secs] [Times: user=0.01 sys=0.00, real=0.00 secs] 
180.202: [GC 180.202: [ParNew: 35633K->1939K(38336K), 0.0042520 secs] 543829K->510135K(1065664K), 0.0043330 secs] [Times: user=0.01 sys=0.00, real=0.00 secs] 
180.586: [GC 180.586: [ParNew: 36051K->2607K(38336K), 0.0045680 secs] 544247K->511118K(1065664K), 0.0046540 secs] [Times: user=0.00 sys=0.00, real=0.01 secs] 
180.971: [GC 180.971: [ParNew: 36719K->2184K(38336K), 0.0040550 secs] 545230K->511014K(1065664K), 0.0041360 secs] [Times: user=0.01 sys=0.00, real=0.00 secs] 
181.386: [GC 181.386: [ParNew: 36296K->2194K(38336K), 0.0036280 secs] 545126K->511024K(1065664K), 0.0037040 secs] [Times: user=0.00 sys=0.00, real=0.00 secs] 
181.818: [GC 181.818: [ParNew: 36306K->1600K(38336K), 0.0040310 secs] 545136K->510744K(1065664K), 0.0041070 secs] [Times: user=0.01 sys=0.00, real=0.01 secs] 
182.239: [GC 182.239: [ParNew: 35712K->1510K(38336K), 0.0041330 secs] 544856K->510654K(1065664K), 0.0042300 secs] [Times: user=0.01 sys=0.00, real=0.01 secs] 
182.653: [GC 182.653: [ParNew: 35622K->1441K(38336K), 0.0039330 secs] 544766K->511059K(1065664K), 0.0040100 secs] [Times: user=0.01 sys=0.00, real=0.00 secs] 
183.131: [GC 183.131: [ParNew: 35553K->2013K(38336K), 0.0039390 secs] 545171K->511631K(1065664K), 0.0040180 secs] [Times: user=0.01 sys=0.00, real=0.00 secs] 
183.609: [GC 183.609: [ParNew: 36125K->678K(38336K), 0.0038960 secs] 545743K->510296K(1065664K), 0.0039690 secs] [Times: user=0.00 sys=0.00, real=0.01 secs] 
184.091: [GC 184.091: [ParNew: 34790K->603K(38336K), 0.0037290 secs] 544408K->510221K(1065664K), 0.0038000 secs] [Times: user=0.01 sys=0.00, real=0.00 secs] 
184.477: [GC 184.477: [ParNew: 34715K->4224K(38336K), 0.0484150 secs] 544333K->519886K(1065664K), 0.0485060 secs] [Times: user=0.09 sys=0.00, real=0.05 secs] 
184.659: [GC 184.659: [ParNew: 38336K->4224K(38336K), 0.1301370 secs] 553998K->550905K(1065664K), 0.1302230 secs] [Times: user=0.25 sys=0.00, real=0.13 secs] 
185.065: [GC 185.065: [ParNew: 38336K->4224K(38336K), 0.1411310 secs] 585017K->580127K(1065664K), 0.1412260 secs] [Times: user=0.25 sys=0.02, real=0.14 secs] 
185.334: [GC 185.334: [ParNew: 38336K->4224K(38336K), 0.0529240 secs] 614239K->587321K(1065664K), 0.0530140 secs] [Times: user=0.09 sys=0.01, real=0.05 secs] 
185.436: [GC 185.436: [ParNew: 38336K->4206K(38336K), 0.0257070 secs] 621433K->591551K(1065664K), 0.0257960 secs] [Times: user=0.05 sys=0.01, real=0.03 secs] 
185.505: [GC 185.505: [ParNew: 38318K->4224K(38336K), 0.0083560 secs] 625663K->591568K(1065664K), 0.0084430 secs] [Times: user=0.02 sys=0.00, real=0.01 secs] 
185.551: [GC 185.551: [ParNew: 38336K->4224K(38336K), 0.0144720 secs] 625680K->593423K(1065664K), 0.0145610 secs] [Times: user=0.02 sys=0.00, real=0.01 secs] 
185.601: [GC 185.601: [ParNew: 38336K->4224K(38336K), 0.0141250 secs] 627535K->595124K(1065664K), 0.0142120 secs] [Times: user=0.02 sys=0.00, real=0.01 secs] 
185.653: [GC 185.653: [ParNew: 38336K->4224K(38336K), 0.0152100 secs] 629236K->596822K(1065664K), 0.0153080 secs] [Times: user=0.02 sys=0.01, real=0.01 secs] 
185.704: [GC 185.704: [ParNew: 38336K->4224K(38336K), 0.0147790 secs] 630934K->598524K(1065664K), 0.0148680 secs] [Times: user=0.03 sys=0.00, real=0.01 secs] 
185.756: [GC 185.756: [ParNew: 38336K->3677K(38336K), 0.0151410 secs] 632636K->599953K(1065664K), 0.0152530 secs] [Times: user=0.03 sys=0.00, real=0.02 secs] 
185.807: [GC 185.808: [ParNew: 37789K->4224K(38336K), 0.0150190 secs] 634065K->602340K(1065664K), 0.0150990 secs] [Times: user=0.02 sys=0.01, real=0.02 secs] 
185.860: [GC 185.860: [ParNew: 38336K->4224K(38336K), 0.0183230 secs] 636452K->604136K(1065664K), 0.0184030 secs] [Times: user=0.03 sys=0.00, real=0.01 secs] 
185.916: [GC 185.916: [ParNew: 38336K->4224K(38336K), 0.0148040 secs] 638248K->605934K(1065664K), 0.0149050 secs] [Times: user=0.03 sys=0.00, real=0.02 secs] 
185.971: [GC 185.971: [ParNew: 38336K->4224K(38336K), 0.0186530 secs] 640046K->607823K(1065664K), 0.0187450 secs] [Times: user=0.03 sys=0.00, real=0.01 secs] 
186.027: [GC 186.027: [ParNew: 38336K->3919K(38336K), 0.0198830 secs] 641935K->611660K(1065664K), 0.0199760 secs] [Times: user=0.03 sys=0.00, real=0.02 secs] 
186.084: [GC 186.084: [ParNew: 38031K->4108K(38336K), 0.0130200 secs] 645772K->611849K(1065664K), 0.0131100 secs] [Times: user=0.02 sys=0.00, real=0.01 secs] 
186.134: [GC 186.134: [ParNew: 38220K->4224K(38336K), 0.0163990 secs] 645961K->613970K(1065664K), 0.0164910 secs] [Times: user=0.03 sys=0.00, real=0.01 secs] 
186.187: [GC 186.187: [ParNew: 38336K->4224K(38336K), 0.0139590 secs] 648082K->615748K(1065664K), 0.0140390 secs] [Times: user=0.03 sys=0.00, real=0.02 secs] 
186.238: [GC 186.238: [ParNew: 38336K->4224K(38336K), 0.0147970 secs] 649860K->617459K(1065664K), 0.0148790 secs] [Times: user=0.03 sys=0.00, real=0.02 secs] 
186.290: [GC 186.290: [ParNew: 38336K->4224K(38336K), 0.0150280 secs] 651571K->619234K(1065664K), 0.0151070 secs] [Times: user=0.03 sys=0.00, real=0.02 secs] 
186.343: [GC 186.343: [ParNew: 38336K->4224K(38336K), 0.0151890 secs] 653346K->621042K(1065664K), 0.0152770 secs] [Times: user=0.03 sys=0.00, real=0.01 secs] 
186.395: [GC 186.395: [ParNew: 38336K->4224K(38336K), 0.0157520 secs] 655154K->622850K(1065664K), 0.0158440 secs] [Times: user=0.03 sys=0.01, real=0.02 secs] 
186.449: [GC 186.449: [ParNew: 38336K->4224K(38336K), 0.0160840 secs] 656962K->624677K(1065664K), 0.0161700 secs] [Times: user=0.03 sys=0.00, real=0.02 secs] 
186.509: [GC 186.509: [ParNew: 38336K->4224K(38336K), 0.0220880 secs] 658789K->626799K(1065664K), 0.0221710 secs] [Times: user=0.04 sys=0.00, real=0.03 secs] 
186.569: [GC 186.569: [ParNew: 38336K->3862K(38336K), 0.0215620 secs] 660911K->630751K(1065664K), 0.0216680 secs] [Times: user=0.03 sys=0.00, real=0.03 secs] 
186.629: [GC 186.630: [ParNew: 37974K->4224K(38336K), 0.0103740 secs] 664863K->631113K(1065664K), 0.0104570 secs] [Times: user=0.02 sys=0.00, real=0.01 secs] 
186.677: [GC 186.677: [ParNew: 38336K->4224K(38336K), 0.0168870 secs] 665225K->633330K(1065664K), 0.0169790 secs] [Times: user=0.03 sys=0.00, real=0.02 secs] 
186.731: [GC 186.732: [ParNew: 38336K->4224K(38336K), 0.0161150 secs] 667442K->635135K(1065664K), 0.0161970 secs] [Times: user=0.03 sys=0.00, real=0.01 secs] 
186.785: [GC 186.785: [ParNew: 38336K->4224K(38336K), 0.0162610 secs] 669247K->636883K(1065664K), 0.0163500 secs] [Times: user=0.03 sys=0.01, real=0.02 secs] 
186.840: [GC 186.840: [ParNew: 38336K->4224K(38336K), 0.0162330 secs] 670995K->638661K(1065664K), 0.0163320 secs] [Times: user=0.03 sys=0.00, real=0.02 secs] 
186.909: [GC 186.909: [ParNew: 38336K->4224K(38336K), 0.0220520 secs] 672773K->647899K(1065664K), 0.0221320 secs] [Times: user=0.04 sys=0.00, real=0.03 secs] 
186.934: [GC [1 CMS-initial-mark: 643675K(1027328K)] 649266K(1065664K), 0.0032680 secs] [Times: user=0.00 sys=0.00, real=0.00 secs] 
186.937: [CMS-concurrent-mark-start]
2014-09-25 14:45:09,463 INFO  [LotCacheManager] Stored TradePfIdsMap in the Cache
187.882: [GC 187.882: [ParNew: 38336K->4224K(38336K), 0.0359340 secs] 682011K->652232K(1065664K), 0.0360170 secs] [Times: user=0.07 sys=0.00, real=0.03 secs] 
188.080: [CMS-concurrent-mark: 1.116/1.143 secs] [Times: user=1.49 sys=0.22, real=1.14 secs] 
188.080: [GC 188.081: [ParNew: 38336K->4224K(38336K), 0.0770120 secs] 686344K->666677K(1065664K), 0.0770930 secs] [Times: user=0.13 sys=0.01, real=0.08 secs] 
188.158: [CMS-concurrent-preclean-start]
188.202: [GC 188.202: [ParNew: 38336K->4212K(38336K), 0.0259120 secs] 700789K->670962K(1065664K), 0.0259920 secs] [Times: user=0.04 sys=0.00, real=0.02 secs] 
188.265: [CMS-concurrent-preclean: 0.070/0.107 secs] [Times: user=0.18 sys=0.03, real=0.11 secs] 
188.265: [CMS-concurrent-abortable-preclean-start]
188.273: [GC 188.273: [ParNew: 38324K->4224K(38336K), 0.0081280 secs] 705074K->670974K(1065664K), 0.0082050 secs] [Times: user=0.02 sys=0.00, real=0.00 secs] 
188.281: [CMS-concurrent-abortable-preclean: 0.004/0.016 secs] [Times: user=0.03 sys=0.00, real=0.01 secs] 
188.281: [GC[YG occupancy: 4907 K (38336 K)]188.281: [Rescan (parallel) , 0.0033930 secs]188.285: [weak refs processing, 0.0001410 secs] [1 CMS-remark: 666750K(1027328K)] 671657K(1065664K), 0.0036840 secs] [Times: user=0.00 sys=0.00, real=0.00 secs] 
188.285: [CMS-concurrent-sweep-start]
188.331: [GC 188.331: [ParNew: 38336K->4224K(38336K), 0.0130490 secs] 701546K->669337K(1065664K), 0.0131280 secs] [Times: user=0.03 sys=0.00, real=0.02 secs] 
188.389: [GC 188.389: [ParNew: 38336K->4224K(38336K), 0.0130750 secs] 700513K->668417K(1065664K), 0.0131530 secs] [Times: user=0.02 sys=0.00, real=0.02 secs] 
188.448: [GC 188.448: [ParNew: 38336K->4224K(38336K), 0.0148870 secs] 702030K->670016K(1065664K), 0.0149650 secs] [Times: user=0.03 sys=0.00, real=0.02 secs] 
2014-09-25 14:45:10,384 INFO  [LotCacheManager] Stored SecurityPfIdsMap in the Cache
2014-09-25 14:45:10,392 INFO  [PositionJdbcImpl] processing getgetNaicData started.
188.765: [CMS-concurrent-sweep: 0.446/0.480 secs] [Times: user=0.70 sys=0.05, real=0.48 secs] 
188.765: [CMS-concurrent-reset-start]
188.772: [CMS-concurrent-reset: 0.007/0.007 secs] [Times: user=0.01 sys=0.00, real=0.01 secs] 
2014-09-25 14:45:10,565 INFO  [PositionJdbcImpl] Fetched all naic rows. Size is :2369
2014-09-25 14:45:10,787 INFO  [PositionJdbcImpl] Executing {call db_position_history(?)} procedure completed.
189.148: [GC 189.148: [ParNew: 38336K->4224K(38336K), 0.0135670 secs] 548030K->514486K(1065664K), 0.0136480 secs] [Times: user=0.02 sys=0.00, real=0.02 secs] 
189.273: [GC 189.273: [ParNew: 38336K->3416K(38336K), 0.0119000 secs] 548598K->517058K(1065664K), 0.0119860 secs] [Times: user=0.02 sys=0.00, real=0.01 secs] 
2014-09-25 14:45:11,051 INFO  [PositionJdbcImpl] lot count = 10000
189.401: [GC 189.401: [ParNew: 37528K->2983K(38336K), 0.0067600 secs] 551170K->516625K(1065664K), 0.0068480 secs] [Times: user=0.01 sys=0.00, real=0.01 secs] 
189.527: [GC 189.527: [ParNew: 37095K->3498K(38336K), 0.0091790 secs] 550737K->518489K(1065664K), 0.0092600 secs] [Times: user=0.02 sys=0.00, real=0.01 secs] 
2014-09-25 14:45:11,298 INFO  [PositionJdbcImpl] lot count = 20000
189.647: [GC 189.647: [ParNew: 37610K->3929K(38336K), 0.0090020 secs] 552601K->520272K(1065664K), 0.0090810 secs] [Times: user=0.02 sys=0.00, real=0.01 secs] 
189.767: [GC 189.767: [ParNew: 38041K->4036K(38336K), 0.0092320 secs] 554384K->521734K(1065664K), 0.0093090 secs] [Times: user=0.02 sys=0.00, real=0.01 secs] 
2014-09-25 14:45:11,538 INFO  [PositionJdbcImpl] lot count = 30000
189.888: [GC 189.888: [ParNew: 38148K->4056K(38336K), 0.0093390 secs] 555846K->523108K(1065664K), 0.0094290 secs] [Times: user=0.02 sys=0.00, real=0.01 secs] 
190.009: [GC 190.009: [ParNew: 38168K->4059K(38336K), 0.0089880 secs] 557220K->524459K(1065664K), 0.0090650 secs] [Times: user=0.02 sys=0.00, real=0.01 secs] 
2014-09-25 14:45:11,779 INFO  [PositionJdbcImpl] lot count = 40000
190.128: [GC 190.128: [ParNew: 38171K->4065K(38336K), 0.0097820 secs] 558571K->525817K(1065664K), 0.0098620 secs] [Times: user=0.02 sys=0.00, real=0.01 secs] 
190.251: [GC 190.251: [ParNew: 38177K->4066K(38336K), 0.0098360 secs] 559929K->527172K(1065664K), 0.0099320 secs] [Times: user=0.02 sys=0.00, real=0.01 secs] 
2014-09-25 14:45:12,023 INFO  [PositionJdbcImpl] lot count = 50000
190.373: [GC 190.373: [ParNew: 38178K->4066K(38336K), 0.0097420 secs] 561284K->528524K(1065664K), 0.0098220 secs] [Times: user=0.02 sys=0.00, real=0.01 secs] 
190.493: [GC 190.493: [ParNew: 38178K->4066K(38336K), 0.0144490 secs] 562636K->529879K(1065664K), 0.0145380 secs] [Times: user=0.02 sys=0.00, real=0.01 secs] 
2014-09-25 14:45:12,269 INFO  [PositionJdbcImpl] lot count = 60000
190.618: [GC 190.618: [ParNew: 38178K->4061K(38336K), 0.0093190 secs] 563991K->531223K(1065664K), 0.0094060 secs] [Times: user=0.02 sys=0.00, real=0.01 secs] 
190.739: [GC 190.739: [ParNew: 38173K->4066K(38336K), 0.0093900 secs] 565335K->532567K(1065664K), 0.0094710 secs] [Times: user=0.01 sys=0.00, real=0.01 secs] 
2014-09-25 14:45:12,515 INFO  [PositionJdbcImpl] lot count = 70000
190.867: [GC 190.867: [ParNew: 38178K->4081K(38336K), 0.0095220 secs] 566679K->533948K(1065664K), 0.0096040 secs] [Times: user=0.02 sys=0.00, real=0.01 secs] 
190.989: [GC 190.990: [ParNew: 38193K->4068K(38336K), 0.0095070 secs] 568060K->535288K(1065664K), 0.0095950 secs] [Times: user=0.02 sys=0.00, real=0.01 secs] 
2014-09-25 14:45:12,763 INFO  [PositionJdbcImpl] lot count = 80000
191.111: [GC 191.111: [ParNew: 38180K->4064K(38336K), 0.0097430 secs] 569400K->536636K(1065664K), 0.0098260 secs] [Times: user=0.01 sys=0.00, real=0.01 secs] 
191.232: [GC 191.232: [ParNew: 38176K->4062K(38336K), 0.0094390 secs] 570748K->537985K(1065664K), 0.0095200 secs] [Times: user=0.02 sys=0.00, real=0.01 secs] 
2014-09-25 14:45:13,009 INFO  [PositionJdbcImpl] lot count = 90000
191.361: [GC 191.361: [ParNew: 38174K->4063K(38336K), 0.0099840 secs] 572097K->539337K(1065664K), 0.0100740 secs] [Times: user=0.02 sys=0.00, real=0.02 secs] 
191.479: [GC 191.480: [ParNew: 38175K->4065K(38336K), 0.0091070 secs] 573449K->540693K(1065664K), 0.0091900 secs] [Times: user=0.02 sys=0.00, real=0.01 secs] 
2014-09-25 14:45:13,252 INFO  [PositionJdbcImpl] lot count = 100000
191.600: [GC 191.600: [ParNew: 38177K->4060K(38336K), 0.0099220 secs] 574805K->542037K(1065664K), 0.0100110 secs] [Times: user=0.02 sys=0.00, real=0.01 secs] 
191.722: [GC 191.722: [ParNew: 38172K->4063K(38336K), 0.0097220 secs] 576149K->543391K(1065664K), 0.0098080 secs] [Times: user=0.02 sys=0.00, real=0.01 secs] 
2014-09-25 14:45:13,496 INFO  [PositionJdbcImpl] lot count = 110000
191.844: [GC 191.844: [ParNew: 38175K->4063K(38336K), 0.0094560 secs] 577503K->544745K(1065664K), 0.0095360 secs] [Times: user=0.02 sys=0.00, real=0.01 secs] 
191.965: [GC 191.965: [ParNew: 38175K->4058K(38336K), 0.0094330 secs] 578857K->546092K(1065664K), 0.0095290 secs] [Times: user=0.02 sys=0.00, real=0.01 secs] 
2014-09-25 14:45:13,738 INFO  [PositionJdbcImpl] lot count = 120000
192.086: [GC 192.086: [ParNew: 38170K->4057K(38336K), 0.0096640 secs] 580204K->547438K(1065664K), 0.0097410 secs] [Times: user=0.02 sys=0.00, real=0.01 secs] 
192.208: [GC 192.208: [ParNew: 38169K->4061K(38336K), 0.0097580 secs] 581550K->548793K(1065664K), 0.0098540 secs] [Times: user=0.01 sys=0.00, real=0.01 secs] 
2014-09-25 14:45:13,982 INFO  [PositionJdbcImpl] lot count = 130000
192.330: [GC 192.330: [ParNew: 38173K->4060K(38336K), 0.0093550 secs] 582905K->550142K(1065664K), 0.0094410 secs] [Times: user=0.01 sys=0.00, real=0.01 secs] 
192.451: [GC 192.451: [ParNew: 38172K->4059K(38336K), 0.0097270 secs] 584254K->551493K(1065664K), 0.0098070 secs] [Times: user=0.02 sys=0.00, real=0.01 secs] 
2014-09-25 14:45:14,224 INFO  [PositionJdbcImpl] lot count = 140000
192.570: [GC 192.570: [ParNew: 38171K->4062K(38336K), 0.0099030 secs] 585605K->552845K(1065664K), 0.0099930 secs] [Times: user=0.02 sys=0.00, real=0.01 secs] 
192.692: [GC 192.692: [ParNew: 38174K->4066K(38336K), 0.0096200 secs] 586957K->554203K(1065664K), 0.0097080 secs] [Times: user=0.02 sys=0.00, real=0.01 secs] 
2014-09-25 14:45:14,467 INFO  [PositionJdbcImpl] lot count = 150000
192.814: [GC 192.814: [ParNew: 38178K->4068K(38336K), 0.0095360 secs] 588315K->555557K(1065664K), 0.0096140 secs] [Times: user=0.02 sys=0.00, real=0.01 secs] 
192.934: [GC 192.934: [ParNew: 38180K->4068K(38336K), 0.0088650 secs] 589669K->556913K(1065664K), 0.0089420 secs] [Times: user=0.02 sys=0.00, real=0.01 secs] 
2014-09-25 14:45:14,705 INFO  [PositionJdbcImpl] lot count = 160000
193.050: [GC 193.050: [ParNew: 38180K->4063K(38336K), 0.0097950 secs] 591025K->558261K(1065664K), 0.0098800 secs] [Times: user=0.02 sys=0.00, real=0.01 secs] 
193.171: [GC 193.171: [ParNew: 38175K->4061K(38336K), 0.0094560 secs] 592373K->559609K(1065664K), 0.0095480 secs] [Times: user=0.02 sys=0.00, real=0.01 secs] 
2014-09-25 14:45:14,945 INFO  [PositionJdbcImpl] lot count = 170000
193.291: [GC 193.291: [ParNew: 38173K->4066K(38336K), 0.0095290 secs] 593721K->560966K(1065664K), 0.0096090 secs] [Times: user=0.02 sys=0.00, real=0.01 secs] 
193.411: [GC 193.411: [ParNew: 38178K->4066K(38336K), 0.0091900 secs] 595078K->562321K(1065664K), 0.0092740 secs] [Times: user=0.02 sys=0.00, real=0.01 secs] 
2014-09-25 14:45:15,185 INFO  [PositionJdbcImpl] lot count = 180000
193.533: [GC 193.533: [ParNew: 38178K->4065K(38336K), 0.0094640 secs] 596433K->563667K(1065664K), 0.0095450 secs] [Times: user=0.02 sys=0.00, real=0.01 secs] 
193.661: [GC 193.661: [ParNew: 38177K->4072K(38336K), 0.0092870 secs] 597779K->565030K(1065664K), 0.0093680 secs] [Times: user=0.02 sys=0.00, real=0.01 secs] 
2014-09-25 14:45:15,439 INFO  [PositionJdbcImpl] lot count = 190000
193.789: [GC 193.789: [ParNew: 38184K->4069K(38336K), 0.0095470 secs] 599142K->566382K(1065664K), 0.0096370 secs] [Times: user=0.02 sys=0.00, real=0.01 secs] 
193.917: [GC 193.917: [ParNew: 38181K->4067K(38336K), 0.0130870 secs] 600494K->567734K(1065664K), 0.0131760 secs] [Times: user=0.02 sys=0.00, real=0.01 secs] 
2014-09-25 14:45:15,699 INFO  [PositionJdbcImpl] lot count = 200000
194.049: [GC 194.050: [ParNew: 38179K->4063K(38336K), 0.0092950 secs] 601846K->569082K(1065664K), 0.0093750 secs] [Times: user=0.02 sys=0.00, real=0.01 secs] 
194.174: [GC 194.175: [ParNew: 38175K->4063K(38336K), 0.0094900 secs] 603194K->570433K(1065664K), 0.0095840 secs] [Times: user=0.02 sys=0.00, real=0.01 secs] 
2014-09-25 14:45:15,952 INFO  [PositionJdbcImpl] lot count = 210000
194.303: [GC 194.303: [ParNew: 38175K->4065K(38336K), 0.0093750 secs] 604545K->571788K(1065664K), 0.0094640 secs] [Times: user=0.02 sys=0.00, real=0.00 secs] 
194.431: [GC 194.431: [ParNew: 38177K->4064K(38336K), 0.0096410 secs] 605900K->573140K(1065664K), 0.0097390 secs] [Times: user=0.02 sys=0.00, real=0.01 secs] 
2014-09-25 14:45:16,209 INFO  [PositionJdbcImpl] lot count = 220000
194.560: [GC 194.560: [ParNew: 38176K->4062K(38336K), 0.0097610 secs] 607252K->574489K(1065664K), 0.0098520 secs] [Times: user=0.02 sys=0.00, real=0.01 secs] 
194.686: [GC 194.686: [ParNew: 38174K->4074K(38336K), 0.0095060 secs] 608601K->575850K(1065664K), 0.0095820 secs] [Times: user=0.01 sys=0.00, real=0.01 secs] 
2014-09-25 14:45:16,464 INFO  [PositionJdbcImpl] lot count = 230000
194.814: [GC 194.814: [ParNew: 38186K->4078K(38336K), 0.0095380 secs] 609962K->577218K(1065664K), 0.0096240 secs] [Times: user=0.02 sys=0.00, real=0.01 secs] 
194.942: [GC 194.942: [ParNew: 38190K->4067K(38336K), 0.0097340 secs] 611330K->578557K(1065664K), 0.0098290 secs] [Times: user=0.02 sys=0.00, real=0.01 secs] 
2014-09-25 14:45:16,720 INFO  [PositionJdbcImpl] lot count = 240000
195.078: [GC 195.078: [ParNew: 38179K->4071K(38336K), 0.0098400 secs] 612669K->579913K(1065664K), 0.0099260 secs] [Times: user=0.02 sys=0.00, real=0.01 secs] 
195.207: [GC 195.207: [ParNew: 38183K->4078K(38336K), 0.0095270 secs] 614025K->581279K(1065664K), 0.0096080 secs] [Times: user=0.02 sys=0.00, real=0.01 secs] 
2014-09-25 14:45:16,985 INFO  [PositionJdbcImpl] lot count = 250000
195.334: [GC 195.335: [ParNew: 38190K->4069K(38336K), 0.0094720 secs] 615391K->582626K(1065664K), 0.0095490 secs] [Times: user=0.02 sys=0.00, real=0.01 secs] 
195.456: [GC 195.456: [ParNew: 38181K->4058K(38336K), 0.0094610 secs] 616738K->583965K(1065664K), 0.0095500 secs] [Times: user=0.02 sys=0.00, real=0.01 secs] 
2014-09-25 14:45:17,236 INFO  [PositionJdbcImpl] lot count = 260000
195.585: [GC 195.585: [ParNew: 38170K->4053K(38336K), 0.0095510 secs] 618077K->585308K(1065664K), 0.0096350 secs] [Times: user=0.01 sys=0.00, real=0.01 secs] 
195.703: [GC 195.703: [ParNew: 38165K->4063K(38336K), 0.0094340 secs] 619420K->586666K(1065664K), 0.0095150 secs] [Times: user=0.02 sys=0.00, real=0.01 secs] 
2014-09-25 14:45:17,474 INFO  [PositionJdbcImpl] lot count = 270000
195.824: [GC 195.824: [ParNew: 38175K->4126K(38336K), 0.0101440 secs] 620778K->588088K(1065664K), 0.0102260 secs] [Times: user=0.02 sys=0.00, real=0.01 secs] 
195.952: [GC 195.952: [ParNew: 38238K->4146K(38336K), 0.0094800 secs] 622200K->589510K(1065664K), 0.0095680 secs] [Times: user=0.02 sys=0.00, real=0.01 secs] 
2014-09-25 14:45:17,723 INFO  [PositionJdbcImpl] lot count = 280000
196.074: [GC 196.074: [ParNew: 38258K->4114K(38336K), 0.0092710 secs] 623622K->590840K(1065664K), 0.0093580 secs] [Times: user=0.02 sys=0.00, real=0.01 secs] 
196.195: [GC 196.196: [ParNew: 38226K->4098K(38336K), 0.0094320 secs] 624952K->592191K(1065664K), 0.0095250 secs] [Times: user=0.02 sys=0.00, real=0.01 secs] 
2014-09-25 14:45:17,963 INFO  [PositionJdbcImpl] lot count = 290000
196.314: [GC 196.315: [ParNew: 38210K->4101K(38336K), 0.0092860 secs] 626303K->593550K(1065664K), 0.0093760 secs] [Times: user=0.02 sys=0.00, real=0.01 secs] 
196.436: [GC 196.436: [ParNew: 38213K->4101K(38336K), 0.0095830 secs] 627662K->594922K(1065664K), 0.0096810 secs] [Times: user=0.02 sys=0.00, real=0.01 secs] 
2014-09-25 14:45:18,205 INFO  [PositionJdbcImpl] lot count = 300000
196.558: [GC 196.558: [ParNew: 38213K->4074K(38336K), 0.0098420 secs] 629034K->596253K(1065664K), 0.0099210 secs] [Times: user=0.02 sys=0.00, real=0.01 secs] 
196.680: [GC 196.680: [ParNew: 38186K->4055K(38336K), 0.0088240 secs] 630365K->597581K(1065664K), 0.0089050 secs] [Times: user=0.01 sys=0.00, real=0.01 secs] 
2014-09-25 14:45:18,447 INFO  [PositionJdbcImpl] lot count = 310000
196.800: [GC 196.801: [ParNew: 38167K->4051K(38336K), 0.0096990 secs] 631693K->598923K(1065664K), 0.0097980 secs] [Times: user=0.02 sys=0.00, real=0.01 secs] 
196.922: [GC 196.922: [ParNew: 38163K->4044K(38336K), 0.0098490 secs] 633035K->600264K(1065664K), 0.0099360 secs] [Times: user=0.01 sys=0.00, real=0.01 secs] 
2014-09-25 14:45:18,694 INFO  [PositionJdbcImpl] lot count = 320000
197.051: [GC 197.051: [ParNew: 38156K->4042K(38336K), 0.0098710 secs] 634376K->601605K(1065664K), 0.0099610 secs] [Times: user=0.02 sys=0.00, real=0.01 secs] 
197.174: [GC 197.174: [ParNew: 38154K->4049K(38336K), 0.0094210 secs] 635717K->602958K(1065664K), 0.0095080 secs] [Times: user=0.01 sys=0.00, real=0.01 secs] 
2014-09-25 14:45:18,942 INFO  [PositionJdbcImpl] lot count = 330000
197.294: [GC 197.294: [ParNew: 38161K->4057K(38336K), 0.0093750 secs] 637070K->604317K(1065664K), 0.0094520 secs] [Times: user=0.01 sys=0.01, real=0.01 secs] 
197.415: [GC 197.415: [ParNew: 38169K->4052K(38336K), 0.0096340 secs] 638429K->605663K(1065664K), 0.0097310 secs] [Times: user=0.02 sys=0.00, real=0.01 secs] 
2014-09-25 14:45:19,183 INFO  [PositionJdbcImpl] lot count = 340000
197.538: [GC 197.538: [ParNew: 38164K->4050K(38336K), 0.0095850 secs] 639775K->607006K(1065664K), 0.0096770 secs] [Times: user=0.01 sys=0.00, real=0.01 secs] 
197.663: [GC 197.663: [ParNew: 38162K->4042K(38336K), 0.0088950 secs] 641118K->608336K(1065664K), 0.0089750 secs] [Times: user=0.01 sys=0.00, real=0.00 secs] 
2014-09-25 14:45:19,429 INFO  [PositionJdbcImpl] lot count = 350000
197.782: [GC 197.782: [ParNew: 38154K->4043K(38336K), 0.0091800 secs] 642448K->609688K(1065664K), 0.0092640 secs] [Times: user=0.02 sys=0.00, real=0.01 secs] 
197.903: [GC 197.903: [ParNew: 38155K->4035K(38336K), 0.0093080 secs] 643800K->611017K(1065664K), 0.0094040 secs] [Times: user=0.02 sys=0.00, real=0.00 secs] 
2014-09-25 14:45:19,673 INFO  [PositionJdbcImpl] lot count = 360000
198.031: [GC 198.031: [ParNew: 38147K->4036K(38336K), 0.0093110 secs] 645129K->612364K(1065664K), 0.0094240 secs] [Times: user=0.01 sys=0.00, real=0.01 secs] 
198.158: [GC 198.158: [ParNew: 38148K->4027K(38336K), 0.0092530 secs] 646476K->613694K(1065664K), 0.0093410 secs] [Times: user=0.02 sys=0.00, real=0.01 secs] 
2014-09-25 14:45:19,928 INFO  [PositionJdbcImpl] lot count = 370000
198.284: [GC 198.284: [ParNew: 38139K->4030K(38336K), 0.0099290 secs] 647806K->615031K(1065664K), 0.0100250 secs] [Times: user=0.02 sys=0.00, real=0.01 secs] 
198.411: [GC 198.411: [ParNew: 38142K->4051K(38336K), 0.0092960 secs] 649143K->616381K(1065664K), 0.0093770 secs] [Times: user=0.02 sys=0.00, real=0.01 secs] 
2014-09-25 14:45:20,181 INFO  [PositionJdbcImpl] lot count = 380000
198.539: [GC 198.539: [ParNew: 38163K->4073K(38336K), 0.0091010 secs] 650493K->617775K(1065664K), 0.0091810 secs] [Times: user=0.01 sys=0.00, real=0.01 secs] 
198.666: [GC 198.666: [ParNew: 38185K->4040K(38336K), 0.0091520 secs] 651887K->619081K(1065664K), 0.0092480 secs] [Times: user=0.02 sys=0.00, real=0.01 secs] 
2014-09-25 14:45:20,436 INFO  [PositionJdbcImpl] lot count = 390000
198.793: [GC 198.794: [ParNew: 38152K->4038K(38336K), 0.0101830 secs] 653193K->620422K(1065664K), 0.0102630 secs] [Times: user=0.02 sys=0.00, real=0.01 secs] 
198.922: [GC 198.922: [ParNew: 38150K->4030K(38336K), 0.0094840 secs] 654534K->621757K(1065664K), 0.0095670 secs] [Times: user=0.02 sys=0.00, real=0.01 secs] 
2014-09-25 14:45:20,693 INFO  [PositionJdbcImpl] lot count = 400000
199.050: [GC 199.050: [ParNew: 38142K->4032K(38336K), 0.0095020 secs] 655869K->623091K(1065664K), 0.0095770 secs] [Times: user=0.02 sys=0.00, real=0.01 secs] 
199.178: [GC 199.178: [ParNew: 38144K->4048K(38336K), 0.0093760 secs] 657203K->624460K(1065664K), 0.0094600 secs] [Times: user=0.02 sys=0.00, real=0.01 secs] 
2014-09-25 14:45:20,947 INFO  [PositionJdbcImpl] lot count = 410000
199.305: [GC 199.306: [ParNew: 38160K->4047K(38336K), 0.0097680 secs] 658572K->625804K(1065664K), 0.0098630 secs] [Times: user=0.02 sys=0.00, real=0.01 secs] 
199.434: [GC 199.434: [ParNew: 38159K->4048K(38336K), 0.0099280 secs] 659916K->627152K(1065664K), 0.0100090 secs] [Times: user=0.02 sys=0.00, real=0.01 secs] 
2014-09-25 14:45:21,200 INFO  [PositionJdbcImpl] lot count = 420000
199.557: [GC 199.557: [ParNew: 38160K->4036K(38336K), 0.0091700 secs] 661264K->628487K(1065664K), 0.0092760 secs] [Times: user=0.02 sys=0.00, real=0.01 secs] 
199.685: [GC 199.685: [ParNew: 38148K->4016K(38336K), 0.0094200 secs] 662599K->629796K(1065664K), 0.0095090 secs] [Times: user=0.02 sys=0.00, real=0.01 secs] 
2014-09-25 14:45:21,452 INFO  [PositionJdbcImpl] lot count = 430000
199.812: [GC 199.812: [ParNew: 38128K->4015K(38336K), 0.0092250 secs] 663908K->631136K(1065664K), 0.0093040 secs] [Times: user=0.02 sys=0.01, real=0.01 secs] 
199.939: [GC 199.939: [ParNew: 38127K->4008K(38336K), 0.0094680 secs] 665248K->632458K(1065664K), 0.0095890 secs] [Times: user=0.02 sys=0.00, real=0.01 secs] 
2014-09-25 14:45:21,707 INFO  [PositionJdbcImpl] lot count = 440000
200.067: [GC 200.068: [ParNew: 38120K->4005K(38336K), 0.0121830 secs] 666570K->633792K(1065664K), 0.0122610 secs] [Times: user=0.02 sys=0.00, real=0.01 secs] 
200.198: [GC 200.199: [ParNew: 38117K->4011K(38336K), 0.0090400 secs] 667904K->635125K(1065664K), 0.0091310 secs] [Times: user=0.02 sys=0.00, real=0.01 secs] 
2014-09-25 14:45:21,965 INFO  [PositionJdbcImpl] lot count = 450000
200.327: [GC 200.327: [ParNew: 38123K->4008K(38336K), 0.0091830 secs] 669237K->636467K(1065664K), 0.0092620 secs] [Times: user=0.01 sys=0.00, real=0.01 secs] 
200.454: [GC 200.454: [ParNew: 38120K->4224K(38336K), 0.0093430 secs] 670579K->638005K(1065664K), 0.0094560 secs] [Times: user=0.02 sys=0.00, real=0.01 secs] 
2014-09-25 14:45:22,220 INFO  [PositionJdbcImpl] lot count = 460000
200.581: [GC 200.581: [ParNew: 38336K->4017K(38336K), 0.0093270 secs] 672117K->639131K(1065664K), 0.0094180 secs] [Times: user=0.02 sys=0.00, real=0.01 secs] 
200.707: [GC 200.707: [ParNew: 38129K->4020K(38336K), 0.0090320 secs] 673243K->640480K(1065664K), 0.0091100 secs] [Times: user=0.02 sys=0.00, real=0.01 secs] 
2014-09-25 14:45:22,472 INFO  [PositionJdbcImpl] lot count = 470000
200.833: [GC 200.833: [ParNew: 38132K->4010K(38336K), 0.0091390 secs] 674592K->641800K(1065664K), 0.0092180 secs] [Times: user=0.02 sys=0.00, real=0.00 secs] 
200.960: [GC 200.960: [ParNew: 38122K->4019K(38336K), 0.0092150 secs] 675912K->643148K(1065664K), 0.0093020 secs] [Times: user=0.02 sys=0.00, real=0.01 secs] 
2014-09-25 14:45:22,723 INFO  [PositionJdbcImpl] lot count = 480000
201.086: [GC 201.086: [ParNew: 38131K->4014K(38336K), 0.0091450 secs] 677260K->644482K(1065664K), 0.0092350 secs] [Times: user=0.02 sys=0.00, real=0.01 secs] 
201.212: [GC 201.213: [ParNew: 38126K->3986K(38336K), 0.0083830 secs] 678594K->645782K(1065664K), 0.0084620 secs] [Times: user=0.01 sys=0.00, real=0.01 secs] 
2014-09-25 14:45:22,973 INFO  [PositionJdbcImpl] lot count = 490000
201.334: [GC 201.334: [ParNew: 38098K->3972K(38336K), 0.0121460 secs] 679894K->647086K(1065664K), 0.0122250 secs] [Times: user=0.01 sys=0.00, real=0.01 secs] 
201.458: [GC 201.458: [ParNew: 38084K->3992K(38336K), 0.0083930 secs] 681198K->648428K(1065664K), 0.0084690 secs] [Times: user=0.02 sys=0.00, real=0.01 secs] 
2014-09-25 14:45:23,220 INFO  [PositionJdbcImpl] lot count = 500000
201.579: [GC 201.579: [ParNew: 38104K->3992K(38336K), 0.0086200 secs] 682540K->649765K(1065664K), 0.0087030 secs] [Times: user=0.01 sys=0.00, real=0.01 secs] 
201.702: [GC 201.702: [ParNew: 38104K->3973K(38336K), 0.0084950 secs] 683877K->651068K(1065664K), 0.0085740 secs] [Times: user=0.02 sys=0.00, real=0.01 secs] 
2014-09-25 14:45:23,462 INFO  [PositionJdbcImpl] lot count = 510000
201.823: [GC 201.823: [ParNew: 38085K->3967K(38336K), 0.0083760 secs] 685180K->652381K(1065664K), 0.0084540 secs] [Times: user=0.02 sys=0.00, real=0.01 secs] 
201.943: [GC 201.944: [ParNew: 38079K->3963K(38336K), 0.0084020 secs] 686493K->653690K(1065664K), 0.0084810 secs] [Times: user=0.02 sys=0.00, real=0.01 secs] 
2014-09-25 14:45:23,703 INFO  [PositionJdbcImpl] lot count = 520000
202.066: [GC 202.066: [ParNew: 38075K->3970K(38336K), 0.0092140 secs] 687802K->655020K(1065664K), 0.0092920 secs] [Times: user=0.01 sys=0.00, real=0.01 secs] 
202.194: [GC 202.194: [ParNew: 38082K->3967K(38336K), 0.0095370 secs] 689132K->656338K(1065664K), 0.0096280 secs] [Times: user=0.02 sys=0.00, real=0.01 secs] 
2014-09-25 14:45:23,956 INFO  [PositionJdbcImpl] lot count = 530000
202.322: [GC 202.322: [ParNew: 38079K->3969K(38336K), 0.0092560 secs] 690450K->657660K(1065664K), 0.0093440 secs] [Times: user=0.01 sys=0.00, real=0.01 secs] 
202.452: [GC 202.452: [ParNew: 38081K->4000K(38336K), 0.0092870 secs] 691772K->659013K(1065664K), 0.0093660 secs] [Times: user=0.02 sys=0.00, real=0.01 secs] 
2014-09-25 14:45:24,212 INFO  [PositionJdbcImpl] lot count = 540000
202.579: [GC 202.580: [ParNew: 38112K->4061K(38336K), 0.0098080 secs] 693125K->660416K(1065664K), 0.0099120 secs] [Times: user=0.02 sys=0.00, real=0.01 secs] 
202.705: [GC 202.705: [ParNew: 38173K->4077K(38336K), 0.0093880 secs] 694528K->661808K(1065664K), 0.0094810 secs] [Times: user=0.02 sys=0.00, real=0.01 secs] 
2014-09-25 14:45:24,461 INFO  [PositionJdbcImpl] lot count = 550000
2014-09-25 14:45:24,528 INFO  [PositionJdbcImpl] Fetched all TradeTransactionMap rows. Size is :1635
2014-09-25 14:45:24,528 INFO  [LotCacheManager] PositionSubsystem began Caching
202.885: [GC 202.885: [ParNew: 38189K->4064K(38336K), 0.0094140 secs] 695920K->663135K(1065664K), 0.0094960 secs] [Times: user=0.01 sys=0.00, real=0.01 secs] 
203.365: [GC 203.365: [ParNew: 38111K->2930K(38336K), 0.0079330 secs] 697183K->663361K(1065664K), 0.0080210 secs] [Times: user=0.02 sys=0.00, real=0.00 secs] 
203.802: [GC 203.802: [ParNew: 37042K->3939K(38336K), 0.0061750 secs] 697473K->664371K(1065664K), 0.0062800 secs] [Times: user=0.02 sys=0.00, real=0.01 secs] 
204.243: [GC 204.243: [ParNew: 38051K->1863K(38336K), 0.0078390 secs] 698483K->663512K(1065664K), 0.0079360 secs] [Times: user=0.02 sys=0.00, real=0.01 secs] 
204.674: [GC 204.674: [ParNew: 35975K->888K(38336K), 0.0063740 secs] 697624K->662537K(1065664K), 0.0064580 secs] [Times: user=0.01 sys=0.00, real=0.00 secs] 
205.109: [GC 205.110: [ParNew: 35000K->1049K(38336K), 0.0073240 secs] 696649K->662699K(1065664K), 0.0074070 secs] [Times: user=0.01 sys=0.00, real=0.01 secs] 
205.565: [GC 205.565: [ParNew: 35161K->722K(38336K), 0.0044510 secs] 696811K->662371K(1065664K), 0.0045330 secs] [Times: user=0.01 sys=0.00, real=0.00 secs] 
206.040: [GC 206.040: [ParNew: 34615K->1171K(38336K), 0.0043460 secs] 696264K->662821K(1065664K), 0.0044200 secs] [Times: user=0.01 sys=0.00, real=0.01 secs] 
206.438: [GC 206.438: [ParNew: 35283K->1101K(38336K), 0.0042880 secs] 696933K->662750K(1065664K), 0.0043670 secs] [Times: user=0.01 sys=0.00, real=0.00 secs] 
206.883: [GC 206.883: [ParNew: 35213K->771K(38336K), 0.0045010 secs] 696862K->662421K(1065664K), 0.0045810 secs] [Times: user=0.01 sys=0.00, real=0.01 secs] 
207.332: [GC 207.332: [ParNew: 34883K->800K(38336K), 0.0042960 secs] 696533K->662450K(1065664K), 0.0043640 secs] [Times: user=0.01 sys=0.00, real=0.01 secs] 
207.783: [GC 207.783: [ParNew: 34912K->857K(38336K), 0.0040550 secs] 696562K->662506K(1065664K), 0.0041260 secs] [Times: user=0.01 sys=0.00, real=0.01 secs] 
208.310: [GC 208.311: [ParNew: 34969K->907K(38336K), 0.0043200 secs] 696618K->662557K(1065664K), 0.0044030 secs] [Times: user=0.01 sys=0.00, real=0.01 secs] 
208.868: [GC 208.868: [ParNew: 35002K->524K(38336K), 0.0044360 secs] 696651K->662173K(1065664K), 0.0045070 secs] [Times: user=0.01 sys=0.00, real=0.00 secs] 
2014-09-25 14:45:31,057 INFO  [DatabaseService] End Init method 664 MB
2014-09-25 14:45:36,072 INFO  [ReconManager] Trade Reconciliation started
2014-09-25 14:45:36,117 INFO  [LotCacheManager] getPfLotMapByTradeId :Map portfolioIds are [4660, 1974, 1406, 6933, 1430, 5845, 6914, 2402, 6909, 1260, 2439]
2014-09-25 14:45:36,120 INFO  [TradeProcessor] Begin process method 670 MB
2014-09-25 14:45:36,130 INFO  [TradeProcessor] TradeList has tradeIds :[TradeId=7460519:secId=1530346:tradeStatus=Voided:tradeDate=1411628400000]
2014-09-25 14:45:36,165 INFO  [TradeCacheManager] loadTradeTransactionCache size = 11
2014-09-25 14:45:36,234 INFO  [LotCacheManager] Adding 2 lots in the Cache
2014-09-25 14:45:36,260 INFO  [LotCacheManager] Adding 2 lots in the Cache
2014-09-25 14:45:36,281 INFO  [LotCacheManager] Adding 2 lots in the Cache
2014-09-25 14:45:36,303 INFO  [LotCacheManager] Adding 2 lots in the Cache
2014-09-25 14:45:36,314 INFO  [LotCacheManager] Adding 2 lots in the Cache
214.618: [GC 214.618: [ParNew: 34636K->2817K(38336K), 0.0067820 secs] 696285K->664466K(1065664K), 0.0068640 secs] [Times: user=0.02 sys=0.00, real=0.00 secs] 
2014-09-25 14:45:36,341 INFO  [LotCacheManager] Adding 2 lots in the Cache
2014-09-25 14:45:36,361 INFO  [LotCacheManager] Adding 2 lots in the Cache
2014-09-25 14:45:36,373 INFO  [LotCacheManager] Adding 2 lots in the Cache
2014-09-25 14:45:36,388 INFO  [LotCacheManager] Adding 2 lots in the Cache
2014-09-25 14:45:36,410 INFO  [LotCacheManager] Adding 2 lots in the Cache
2014-09-25 14:45:36,428 INFO  [LotCacheManager] Adding 2 lots in the Cache
2014-09-25 14:45:36,472 INFO  [RollupParams] No rollups for pf 4660
2014-09-25 14:45:36,474 INFO  [RollupParams] No rollups for pf 1974
2014-09-25 14:45:36,476 INFO  [RollupParams] No rollups for pf 6933
2014-09-25 14:45:36,477 INFO  [RollupParams] No rollups for pf 1406
2014-09-25 14:45:36,478 INFO  [RollupParams] No rollups for pf 5845
2014-09-25 14:45:36,479 INFO  [RollupParams] No rollups for pf 1430
2014-09-25 14:45:36,486 INFO  [RollupParams] No rollups for pf 6914
2014-09-25 14:45:36,487 INFO  [RollupParams] No rollups for pf 2402
2014-09-25 14:45:36,488 INFO  [RollupParams] No rollups for pf 6909
2014-09-25 14:45:36,490 INFO  [RollupParams] No rollups for pf 1260
2014-09-25 14:45:36,491 INFO  [RollupParams] No rollups for pf 2439
2014-09-25 14:45:36,492 INFO  [RollupParams] No rollups for pf 4660
2014-09-25 14:45:36,493 INFO  [RollupParams] No rollups for pf 1974
2014-09-25 14:45:36,494 INFO  [RollupParams] No rollups for pf 6933
2014-09-25 14:45:36,495 INFO  [RollupParams] No rollups for pf 1406
2014-09-25 14:45:36,496 INFO  [RollupParams] No rollups for pf 5845
2014-09-25 14:45:36,498 INFO  [RollupParams] No rollups for pf 1430
2014-09-25 14:45:36,499 INFO  [RollupParams] No rollups for pf 6914
2014-09-25 14:45:36,500 INFO  [RollupParams] No rollups for pf 2402
2014-09-25 14:45:36,501 INFO  [RollupParams] No rollups for pf 6909
2014-09-25 14:45:36,502 INFO  [RollupParams] No rollups for pf 1260
2014-09-25 14:45:36,503 INFO  [RollupParams] No rollups for pf 2439
2014-09-25 14:45:36,572 INFO  [TradeProcessor] End process method 658 MB
2014-09-25 14:45:36,572 INFO  [TradeProcessor] Time taken by TradeProcessor.process method 452
2014-09-25 14:45:36,577 INFO  [LotCacheManager] getPfLotMapByTradeId :Map portfolioIds are [2850]
2014-09-25 14:45:36,577 INFO  [ReconManager] Trade 7461579 out of date. Created on=Thu Sep 25 14:43:06 PDT 2014 cachedCreatedOn=Thu Sep 25 14:43:06 PDT 2014
2014-09-25 14:45:36,581 INFO  [LotCacheManager] getPfLotMapByTradeId :Map portfolioIds are [2842]
2014-09-25 14:45:36,581 INFO  [ReconManager] Trade 7461790 out of date. Created on=Thu Sep 25 14:43:07 PDT 2014 cachedCreatedOn=Thu Sep 25 14:43:07 PDT 2014
2014-09-25 14:45:36,584 INFO  [LotCacheManager] getPfLotMapByTradeId :Map portfolioIds are [156]
2014-09-25 14:45:36,584 INFO  [ReconManager] Trade 7462036 out of date. Created on=Thu Sep 25 14:42:07 PDT 2014 cachedCreatedOn=Thu Sep 25 14:42:07 PDT 2014
2014-09-25 14:45:36,589 INFO  [LotCacheManager] getPfLotMapByTradeId :Map portfolioIds are [2924]
2014-09-25 14:45:36,589 INFO  [ReconManager] Trade 7461701 out of date. Created on=Thu Sep 25 14:42:07 PDT 2014 cachedCreatedOn=Thu Sep 25 14:42:07 PDT 2014
2014-09-25 14:45:36,590 INFO  [LotCacheManager] getPfLotMapByTradeId :Map portfolioIds are [156]
2014-09-25 14:45:36,590 INFO  [ReconManager] Trade 7462037 out of date. Created on=Thu Sep 25 14:42:07 PDT 2014 cachedCreatedOn=Thu Sep 25 14:42:07 PDT 2014
2014-09-25 14:45:36,591 INFO  [LotCacheManager] getPfLotMapByTradeId :Map portfolioIds are [2924]
2014-09-25 14:45:36,591 INFO  [ReconManager] Trade 7461702 out of date. Created on=Thu Sep 25 14:42:07 PDT 2014 cachedCreatedOn=Thu Sep 25 14:42:07 PDT 2014
2014-09-25 14:45:36,592 INFO  [LotCacheManager] getPfLotMapByTradeId :Map portfolioIds are []
2014-09-25 14:45:36,592 INFO  [TradeProcessor] Begin process method 660 MB
2014-09-25 14:45:36,594 INFO  [TradeProcessor] TradeList has tradeIds :[TradeId=7462038:secId=1530346:tradeStatus=Draft:tradeDate=1411628400000]
2014-09-25 14:45:36,604 INFO  [TradeCacheManager] loadTradeTransactionCache size = 11
2014-09-25 14:45:36,611 INFO  [TradeProcessor] End process method 660 MB
2014-09-25 14:45:36,611 INFO  [TradeProcessor] Time taken by TradeProcessor.process method 19
2014-09-25 14:45:36,613 INFO  [LotCacheManager] getPfLotMapByTradeId :Map portfolioIds are [2850]
2014-09-25 14:45:36,613 INFO  [ReconManager] Trade 7461580 out of date. Created on=Thu Sep 25 14:43:07 PDT 2014 cachedCreatedOn=Thu Sep 25 14:43:07 PDT 2014
2014-09-25 14:45:36,614 INFO  [LotCacheManager] getPfLotMapByTradeId :Map portfolioIds are [2842]
2014-09-25 14:45:36,615 INFO  [ReconManager] Trade 7461791 out of date. Created on=Thu Sep 25 14:43:07 PDT 2014 cachedCreatedOn=Thu Sep 25 14:43:07 PDT 2014
2014-09-25 14:45:36,623 INFO  [LotCacheManager] getPfLotMapByTradeId :Map portfolioIds are [3264, 3267, 3266]
2014-09-25 14:45:36,623 INFO  [ReconManager] Trade 7459820 out of date. Created on=Thu Sep 25 14:44:29 PDT 2014 cachedCreatedOn=Thu Sep 25 14:44:29 PDT 2014
2014-09-25 14:45:36,627 INFO  [LotCacheManager] getPfLotMapByTradeId :Map portfolioIds are [5865]
2014-09-25 14:45:36,627 INFO  [TradeProcessor] Begin process method 661 MB
2014-09-25 14:45:36,629 INFO  [TradeProcessor] TradeList has tradeIds :[TradeId=7461578:secId=1473159:tradeStatus=Draft:tradeDate=1411628400000]
2014-09-25 14:45:36,638 INFO  [TradeCacheManager] loadTradeTransactionCache size = 12
2014-09-25 14:45:36,643 INFO  [TradeProcessor] End process method 662 MB
2014-09-25 14:45:36,643 INFO  [TradeProcessor] Time taken by TradeProcessor.process method 16
2014-09-25 14:45:36,643 INFO  [ReconManager] Trade Reconcilation completed
2014-09-25 14:45:36,645 INFO  [SubsystemImpl] Subsystem: P3PositionSubsystem loaded
2014-09-25 14:45:36,650 INFO  [JMSSubscriber] createTopicSubscription:[[P3PositionSubsystem]]com.westernasset.framework.subsystem.function.request.P3PositionSubsystem.GetRollups,null
2014-09-25 14:45:36,671 INFO  [SubsystemImpl] Subsystem: P3PositionSubsystem function registered: GetRollups
2014-09-25 14:45:36,671 INFO  [JMSSubscriber] createTopicSubscription:[[P3PositionSubsystem]]com.westernasset.framework.subsystem.function.request.P3PositionSubsystem.GetAllCurrencies,null
2014-09-25 14:45:36,694 INFO  [SubsystemImpl] Subsystem: P3PositionSubsystem function registered: GetAllCurrencies
2014-09-25 14:45:36,695 INFO  [JMSSubscriber] createTopicSubscription:[[P3PositionSubsystem]]com.westernasset.framework.subsystem.function.request.P3PositionSubsystem.ExpireSessionId,null
2014-09-25 14:45:36,736 INFO  [SubsystemImpl] Subsystem: P3PositionSubsystem function registered: ExpireSessionId
2014-09-25 14:45:36,736 INFO  [JMSSubscriber] createTopicSubscription:[[P3PositionSubsystem]]com.westernasset.framework.subsystem.function.request.P3PositionSubsystem.GetAllCounties,null
2014-09-25 14:45:36,754 INFO  [SubsystemImpl] Subsystem: P3PositionSubsystem function registered: GetAllCounties
2014-09-25 14:45:36,754 INFO  [JMSSubscriber] createTopicSubscription:[[P3PositionSubsystem]]com.westernasset.framework.subsystem.function.request.P3PositionSubsystem.ProcessTrades,null
2014-09-25 14:45:36,772 INFO  [SubsystemImpl] Subsystem: P3PositionSubsystem function registered: ProcessTrades
2014-09-25 14:45:36,772 INFO  [JMSSubscriber] createTopicSubscription:[[P3PositionSubsystem]]com.westernasset.framework.subsystem.function.request.P3PositionSubsystem.RemoveTrades,null
2014-09-25 14:45:36,789 INFO  [SubsystemImpl] Subsystem: P3PositionSubsystem function registered: RemoveTrades
2014-09-25 14:45:36,789 INFO  [JMSSubscriber] createTopicSubscription:[[P3PositionSubsystem]]com.westernasset.framework.subsystem.function.request.P3PositionSubsystem.GetTrades,null
2014-09-25 14:45:36,814 INFO  [SubsystemImpl] Subsystem: P3PositionSubsystem function registered: GetTrades
2014-09-25 14:45:36,814 INFO  [JMSSubscriber] createTopicSubscription:[[P3PositionSubsystem]]com.westernasset.framework.subsystem.function.request.P3PositionSubsystem.GetFullLotDetails,null
2014-09-25 14:45:36,834 INFO  [SubsystemImpl] Subsystem: P3PositionSubsystem function registered: GetFullLotDetails
2014-09-25 14:45:36,834 INFO  [JMSSubscriber] createTopicSubscription:[[P3PositionSubsystem]]com.westernasset.framework.subsystem.function.request.P3PositionSubsystem.ProcessDebugMessagePss,null
2014-09-25 14:45:36,850 INFO  [SubsystemImpl] Subsystem: P3PositionSubsystem function registered: ProcessDebugMessagePss
2014-09-25 14:45:36,871 INFO  [JMSSubscriber] createTopicSubscription:[[P3PositionSubsystem]]com.westernasset.cashsubsystem.settleDateBalance,null
2014-09-25 14:45:36,900 INFO  [JMSSubscriber] createTopicSubscription:[[P3PositionSubsystem]]com.westernasset.GDRDateRoll.Pasadena,null
2014-09-25 14:45:36,916 INFO  [JMSSubscriber] createTopicSubscription:[[P3PositionSubsystem]]com.westernasset.GDRDateRoll.Asia,null
2014-09-25 14:45:36,961 INFO  [JMSSubscriber] createTopicSubscription:com.westernasset.framework.subsystem.heartbeat,null
2014-09-25 14:45:37,232 INFO  [CSSBatchMessageService] Loading PM Adjustments from CSS ...
2014-09-25 14:45:37,244 INFO  [RollupSpecServices] Loading RollupSpec into coherence cache.size is :10
2014-09-25 14:45:37,251 INFO  [JMSSubscriber] createTopicSubscription:com.westernasset.framework.subsystem.function.response.pssprod01,null
2014-09-25 14:45:37,255 INFO  [RollupCacheManager] [NyLiqIssuer, NyMuniProduct, CashAllocatorProduct, MarketValue, NyLiqProduct, NyMuniGuarantorRoomInName, NyMuniAmt, LnIssuer, NyMuniGuarantor, NyMuniIssuerDivers]
2014-09-25 14:45:37,287 INFO  [RollupCacheManager] RollupSubsystem completed Caching RollupSpec size is :10
2014-09-25 14:45:37,287 INFO  [RollupSpecServices] Loaded RollupSpec into coherence cache.
2014-09-25 14:45:37,291 INFO  [RollupSpecServices] Loading Rollup object into coherence cache.size is :10
2014-09-25 14:45:37,380 INFO  [RollupCacheManager] RollupSubsystem began Caching Spec for pfIds :[NyLiqIssuer, NyMuniProduct, CashAllocatorProduct, MarketValue, NyLiqProduct, NyMuniGuarantorRoomInName, NyMuniAmt, LnIssuer, NyMuniGuarantor, NyMuniIssuerDivers]
2014-09-25 14:45:37,430 INFO  [RollupCacheManager] RollupSubsystem completed Caching RollupSpec size is :10
2014-09-25 14:45:37,430 INFO  [RollupSpecServices] Loaded RollupSpec into coherence cache.
215.770: [GC 215.770: [ParNew: 36929K->2908K(38336K), 0.0213320 secs] 698578K->666736K(1065664K), 0.0214190 secs] [Times: user=0.04 sys=0.00, real=0.02 secs] 
Target file  does not exist, defaulting to previous
2014-09-25 14:45:37,708 INFO  [PSSJmxManager] Starting HTTP adaptor ...
2014-09-25 14:45:37,710 INFO  [PSSJmxManager] HTTP adapter started on pssprod01:9095
HttpAdaptor version 3.0.2 started on port 9095
Sep 25, 2014 2:45:38 PM org.apache.catalina.startup.HostConfig deployWAR
INFO: Deploying web application archive /opt/projects/trading/shared/pss/webapps/ROOT.war
216.910: [GC 216.910: [ParNew: 37020K->4224K(38336K), 0.0401030 secs] 700848K->670477K(1065664K), 0.0401950 secs] [Times: user=0.08 sys=0.01, real=0.04 secs] 
217.505: [GC 217.505: [ParNew: 38336K->3020K(38336K), 0.0241020 secs] 704589K->672568K(1065664K), 0.0241940 secs] [Times: user=0.04 sys=0.00, real=0.03 secs] 
Sep 25, 2014 2:45:39 PM org.apache.coyote.AbstractProtocol start
INFO: Starting ProtocolHandler ["http-bio-8080"]
Sep 25, 2014 2:45:39 PM org.apache.coyote.AbstractProtocol start
INFO: Starting ProtocolHandler ["ajp-bio-8009"]
Sep 25, 2014 2:45:39 PM org.apache.catalina.startup.Catalina start
INFO: Server startup in 216688 ms
217.924: [GC 217.924: [ParNew: 37132K->1497K(38336K), 0.0071920 secs] 706680K->671044K(1065664K), 0.0073240 secs] [Times: user=0.02 sys=0.00, real=0.01 secs] 
219.818: [GC 219.819: [ParNew: 35609K->4224K(38336K), 0.0132100 secs] 705156K->674461K(1065664K), 0.0133740 secs] [Times: user=0.02 sys=0.00, real=0.01 secs] 
222.172: [GC 222.172: [ParNew: 38336K->3474K(38336K), 0.0182830 secs] 708573K->677838K(1065664K), 0.0184140 secs] [Times: user=0.03 sys=0.00, real=0.02 secs] 
224.420: [GC 224.420: [ParNew: 37586K->2177K(38336K), 0.0123930 secs] 711950K->676542K(1065664K), 0.0125270 secs] [Times: user=0.03 sys=0.00, real=0.01 secs] 
2014-09-25 14:45:48,052 INFO  [PMAdjustmentManager] Processing PMAdjustment : CRUD=C|PfId=2701:secId=18214:lotId=CSS617256432:MV=-1.0070519128887348E7:sCost=-1.0070519128887348E7:epamort=0.0:taxExemptYield=0.0:naicDesignation=0
2014-09-25 14:45:48,076 INFO  [PMAdjustmentManager] Processing PMAdjustment : CRUD=C|PfId=2702:secId=18216:lotId=CSS617256433:MV=7.183661740960424E7:sCost=7.183661740960424E7:epamort=0.0:taxExemptYield=0.0:naicDesignation=0
2014-09-25 14:45:57.793 Oracle Coherence GE 3.3.1/389 <D5> (thread=Cluster, member=6): Member(Id=7, Timestamp=2014-09-25 14:45:57.606, Address=10.199.0.27:8089, MachineId=52507, Location=process:15116@pssprod02) joined Cluster with senior member 1
2014-09-25 14:46:00.368 Oracle Coherence GE 3.3.1/389 <D5> (thread=Cluster, member=6): Member 7 joined Service DistributedCache with senior member 1
2014-09-25 14:46:00.488 Oracle Coherence GE 3.3.1/389 <D5> (thread=Cluster, member=6): Member 7 joined Service ReplicatedCache with senior member 1
239.054: [GC 239.054: [ParNew: 36244K->4224K(38336K), 0.0112050 secs] 710608K->678710K(1065664K), 0.0113560 secs] [Times: user=0.02 sys=0.00, real=0.01 secs] 
239.176: [GC 239.176: [ParNew: 38228K->4224K(38336K), 0.0147030 secs] 712715K->680375K(1065664K), 0.0148310 secs] [Times: user=0.03 sys=0.00, real=0.02 secs] 
239.309: [GC 239.309: [ParNew: 38336K->4224K(38336K), 0.0064160 secs] 714487K->680754K(1065664K), 0.0065500 secs] [Times: user=0.01 sys=0.00, real=0.00 secs] 
239.423: [GC 239.424: [ParNew: 38320K->4224K(38336K), 0.0107830 secs] 714851K->684945K(1065664K), 0.0109220 secs] [Times: user=0.01 sys=0.00, real=0.01 secs] 
239.591: [GC 239.591: [ParNew: 38255K->4224K(38336K), 0.0103550 secs] 718976K->689194K(1065664K), 0.0104820 secs] [Times: user=0.01 sys=0.00, real=0.01 secs] 
239.802: [GC 239.802: [ParNew: 38336K->4224K(38336K), 0.0109790 secs] 723306K->693585K(1065664K), 0.0111290 secs] [Times: user=0.02 sys=0.00, real=0.01 secs] 
239.969: [GC 239.970: [ParNew: 38336K->4224K(38336K), 0.0117490 secs] 727697K->698465K(1065664K), 0.0118820 secs] [Times: user=0.02 sys=0.01, real=0.01 secs] 
240.092: [GC 240.092: [ParNew: 38336K->4224K(38336K), 0.0103440 secs] 732577K->702018K(1065664K), 0.0104770 secs] [Times: user=0.02 sys=0.00, real=0.01 secs] 
240.199: [GC 240.199: [ParNew: 38336K->4224K(38336K), 0.0115670 secs] 736130K->707127K(1065664K), 0.0116990 secs] [Times: user=0.02 sys=0.01, real=0.01 secs] 
240.309: [GC 240.309: [ParNew: 38336K->4224K(38336K), 0.0113550 secs] 741239K->711504K(1065664K), 0.0114970 secs] [Times: user=0.02 sys=0.00, real=0.01 secs] 
240.421: [GC 240.421: [ParNew: 38336K->4224K(38336K), 0.0108370 secs] 745616K->715513K(1065664K), 0.0109830 secs] [Times: user=0.02 sys=0.01, real=0.01 secs] 
240.531: [GC 240.531: [ParNew: 38336K->4224K(38336K), 0.0113860 secs] 749625K->721112K(1065664K), 0.0115100 secs] [Times: user=0.01 sys=0.00, real=0.01 secs] 
240.641: [GC 240.641: [ParNew: 38336K->4224K(38336K), 0.0096140 secs] 755224K->724169K(1065664K), 0.0097360 secs] [Times: user=0.01 sys=0.00, real=0.01 secs] 
240.768: [GC 240.768: [ParNew: 38336K->4224K(38336K), 0.0081440 secs] 758281K->726587K(1065664K), 0.0082720 secs] [Times: user=0.01 sys=0.00, real=0.01 secs] 
240.950: [GC 240.950: [ParNew: 38336K->4224K(38336K), 0.0093300 secs] 760699K->730666K(1065664K), 0.0094550 secs] [Times: user=0.01 sys=0.00, real=0.01 secs] 
252.535: [GC 252.535: [ParNew: 38336K->3753K(38336K), 0.0059980 secs] 764778K->730204K(1065664K), 0.0061320 secs] [Times: user=0.01 sys=0.00, real=0.01 secs] 
2014-09-25 14:46:16,421 INFO  [AtpTradeXMLSonicSubscriber] ATP message received
2014-09-25 14:46:16,454 INFO  [MessageProcessor] Message unmarshalled. Ticket number = 7458862
2014-09-25 14:46:16,454 INFO  [MessageQueue] Ticket 7458862 added to queue
2014-09-25 14:46:16,454 INFO  [MessageQueue] Removing the first item of 1 from the queue
2014-09-25 14:46:16,454 INFO  [MessageFetcher] Processing message started...[7458862]
2014-09-25 14:46:16,454 INFO  [TradeProcessor] Begin process method 715 MB
2014-09-25 14:46:16,458 INFO  [TradeProcessor] TradeList has tradeIds :[TradeId=7458862:secId=1345051:tradeStatus=Posted:tradeDate=1411628400000]
2014-09-25 14:46:16,479 INFO  [TradeCacheManager] loadTradeTransactionCache size = 17
2014-09-25 14:46:16,564 WARN  [TradeProcessor] Prior trade was not draft/preclear.
2014-09-25 14:46:16,581 INFO  [LotCacheManager] Adding 4 lots in the Cache
2014-09-25 14:46:16,647 INFO  [LotCacheManager] Adding 4 lots in the Cache
2014-09-25 14:46:16,709 INFO  [LotCacheManager] Adding 4 lots in the Cache
2014-09-25 14:46:16,740 INFO  [LotCacheManager] Adding 4 lots in the Cache
2014-09-25 14:46:16,780 INFO  [RollupParams] No rollups for pf 2905
2014-09-25 14:46:16,782 INFO  [RollupParams] No rollups for pf 2851
2014-09-25 14:46:16,783 INFO  [RollupParams] No rollups for pf 2905
2014-09-25 14:46:16,784 INFO  [RollupParams] No rollups for pf 2909
2014-09-25 14:46:16,785 INFO  [RollupParams] No rollups for pf 2840
2014-09-25 14:46:16,786 INFO  [RollupParams] No rollups for pf 2851
2014-09-25 14:46:16,787 INFO  [RollupParams] No rollups for pf 2905
2014-09-25 14:46:16,788 INFO  [RollupParams] No rollups for pf 2909
2014-09-25 14:46:16,789 INFO  [RollupParams] No rollups for pf 2840
2014-09-25 14:46:16,790 INFO  [RollupParams] No rollups for pf 2909
2014-09-25 14:46:16,791 INFO  [RollupParams] No rollups for pf 2840
2014-09-25 14:46:16,792 INFO  [RollupParams] No rollups for pf 2851
2014-09-25 14:46:16,793 INFO  [RollupParams] No rollups for pf 2905
2014-09-25 14:46:16,794 INFO  [RollupParams] No rollups for pf 2909
2014-09-25 14:46:16,795 INFO  [RollupParams] No rollups for pf 2840
2014-09-25 14:46:16,796 INFO  [RollupParams] No rollups for pf 2851
2014-09-25 14:46:16,800 INFO  [TradeProcessor] End process method 727 MB
2014-09-25 14:46:16,800 INFO  [TradeProcessor] Time taken by TradeProcessor.process method 346
2014-09-25 14:46:16,800 INFO  [MessageFetcher] Processing message completed...[7458862]
2014-09-25 14:47:26,662 INFO  [AtpTradeXMLSonicSubscriber] ATP message received
2014-09-25 14:47:26,706 INFO  [MessageProcessor] Message unmarshalled. Ticket number = 7461781
2014-09-25 14:47:26,706 INFO  [MessageQueue] Ticket 7461781 added to queue
2014-09-25 14:47:26,706 INFO  [MessageQueue] Removing the first item of 1 from the queue
2014-09-25 14:47:26,706 INFO  [MessageFetcher] Processing message started...[7461781]
2014-09-25 14:47:26,706 INFO  [TradeProcessor] Begin process method 732 MB
2014-09-25 14:47:30,182 INFO  [AtpTradeXMLSonicSubscriber] ATP message received
2014-09-25 14:47:30.195 Oracle Coherence GE 3.3.1/389 <Warning> (thread=PacketPublisher, member=6): A potential communication problem has been detected. A packet has failed to be delivered (or acknowledged) after 45 seconds, although other packets were acknowledged by the same cluster member (Member(Id=5, Timestamp=2014-09-25 14:41:57.721, Address=10.199.0.29:8088, MachineId=52509, Location=process:5974@pssprod03)) to this member (Member(Id=6, Timestamp=2014-09-25 14:42:10.701, Address=10.199.0.26:8089, MachineId=52506, Location=process:2864@pssprod01)) as recently as 2 seconds ago. It is possible that the packet size greater than 1451 is responsible; for example, some network equipment cannot handle packets larger than 1472 bytes (IPv4) or 1468 bytes (IPv6). Use the 'ping' command with the <size> option to verify successful delivery of specifically sized packets. Other possible causes include network failure, poor thread scheduling (see FAQ if running on Windows), an extremely overloaded server, a server that is attempting to run its processes using swap space, and unreasonably lengthy GC times.
2014-09-25 14:47:30,222 INFO  [MessageProcessor] Message unmarshalled. Ticket number = 7461571
2014-09-25 14:47:30,222 INFO  [MessageQueue] Ticket 7461571 added to queue
2014-09-25 14:47:30,465 INFO  [AtpTradeXMLSonicSubscriber] ATP message received
2014-09-25 14:47:30,512 INFO  [MessageProcessor] Message unmarshalled. Ticket number = 7461932
2014-09-25 14:47:30,512 INFO  [MessageQueue] Ticket 7461932 added to queue
2014-09-25 14:47:31,080 INFO  [AtpTradeXMLSonicSubscriber] ATP message received
2014-09-25 14:47:31,104 INFO  [MessageProcessor] Message unmarshalled. Ticket number = 7461930
2014-09-25 14:47:31,104 INFO  [MessageQueue] Ticket 7461930 added to queue
2014-09-25 14:47:31,358 INFO  [AtpTradeXMLSonicSubscriber] ATP message received
2014-09-25 14:47:31,373 INFO  [MessageProcessor] Message unmarshalled. Ticket number = 7461834
2014-09-25 14:47:31,373 INFO  [MessageQueue] Ticket 7461834 added to queue
2014-09-25 14:47:31,381 INFO  [AtpTradeXMLSonicSubscriber] ATP message received
2014-09-25 14:47:31,411 INFO  [MessageProcessor] Message unmarshalled. Ticket number = 7462020
2014-09-25 14:47:31,411 INFO  [MessageQueue] Ticket 7462020 added to queue
2014-09-25 14:47:31,411 INFO  [AtpTradeXMLSonicSubscriber] ATP message received
2014-09-25 14:47:31,438 INFO  [MessageProcessor] Message unmarshalled. Ticket number = 7462015
2014-09-25 14:47:31,438 INFO  [MessageQueue] Ticket 7462015 added to queue
2014-09-25 14:47:31,438 INFO  [AtpTradeXMLSonicSubscriber] ATP message received
2014-09-25 14:47:31,450 INFO  [MessageProcessor] Message unmarshalled. Ticket number = 7462011
2014-09-25 14:47:31,450 INFO  [MessageQueue] Ticket 7462011 added to queue
2014-09-25 14:47:31,535 INFO  [AtpTradeXMLSonicSubscriber] ATP message received
2014-09-25 14:47:31,545 INFO  [MessageProcessor] Message unmarshalled. Ticket number = 7461677
2014-09-25 14:47:31,545 INFO  [MessageQueue] Ticket 7461677 added to queue
2014-09-25 14:47:32,073 INFO  [AtpTradeXMLSonicSubscriber] ATP message received
2014-09-25 14:47:32,082 INFO  [MessageProcessor] Message unmarshalled. Ticket number = 7461829
2014-09-25 14:47:32,082 INFO  [MessageQueue] Ticket 7461829 added to queue
2014-09-25 14:47:32,694 INFO  [AtpTradeXMLSonicSubscriber] ATP message received
2014-09-25 14:47:32,704 INFO  [MessageProcessor] Message unmarshalled. Ticket number = 7461766
2014-09-25 14:47:32,704 INFO  [MessageQueue] Ticket 7461766 added to queue
2014-09-25 14:47:32,717 INFO  [AtpTradeXMLSonicSubscriber] ATP message received
2014-09-25 14:47:32,728 INFO  [MessageProcessor] Message unmarshalled. Ticket number = 7461767
2014-09-25 14:47:32,728 INFO  [MessageQueue] Ticket 7461767 added to queue
2014-09-25 14:47:32,742 INFO  [AtpTradeXMLSonicSubscriber] ATP message received
2014-09-25 14:47:32,750 INFO  [MessageProcessor] Message unmarshalled. Ticket number = 7461562
2014-09-25 14:47:32,750 INFO  [MessageQueue] Ticket 7461562 added to queue
2014-09-25 14:47:32,766 INFO  [AtpTradeXMLSonicSubscriber] ATP message received
2014-09-25 14:47:32,775 INFO  [MessageProcessor] Message unmarshalled. Ticket number = 7461676
2014-09-25 14:47:32,775 INFO  [MessageQueue] Ticket 7461676 added to queue
2014-09-25 14:47:32,888 INFO  [AtpTradeXMLSonicSubscriber] ATP message received
2014-09-25 14:47:32,897 INFO  [MessageProcessor] Message unmarshalled. Ticket number = 7462013
2014-09-25 14:47:32,897 INFO  [MessageQueue] Ticket 7462013 added to queue
2014-09-25 14:47:33,246 INFO  [AtpTradeXMLSonicSubscriber] ATP message received
2014-09-25 14:47:33,254 INFO  [MessageProcessor] Message unmarshalled. Ticket number = 7461831
2014-09-25 14:47:33,254 INFO  [MessageQueue] Ticket 7461831 added to queue
2014-09-25 14:47:33,263 INFO  [AtpTradeXMLSonicSubscriber] ATP message received
2014-09-25 14:47:33,271 INFO  [MessageProcessor] Message unmarshalled. Ticket number = 7462012
2014-09-25 14:47:33,271 INFO  [MessageQueue] Ticket 7462012 added to queue
2014-09-25 14:47:33,376 INFO  [AtpTradeXMLSonicSubscriber] ATP message received
2014-09-25 14:47:33,386 INFO  [MessageProcessor] Message unmarshalled. Ticket number = 7461833
2014-09-25 14:47:33,386 INFO  [MessageQueue] Ticket 7461833 added to queue
2014-09-25 14:47:33,625 INFO  [AtpTradeXMLSonicSubscriber] ATP message received
2014-09-25 14:47:33,633 INFO  [MessageProcessor] Message unmarshalled. Ticket number = 7461836
2014-09-25 14:47:33,633 INFO  [MessageQueue] Ticket 7461836 added to queue
2014-09-25 14:47:33,635 INFO  [AtpTradeXMLSonicSubscriber] ATP message received
2014-09-25 14:47:33,643 INFO  [MessageProcessor] Message unmarshalled. Ticket number = 7461768
2014-09-25 14:47:33,643 INFO  [MessageQueue] Ticket 7461768 added to queue
2014-09-25 14:47:33,677 INFO  [AtpTradeXMLSonicSubscriber] ATP message received
2014-09-25 14:47:33,685 INFO  [MessageProcessor] Message unmarshalled. Ticket number = 7462016
2014-09-25 14:47:33,685 INFO  [MessageQueue] Ticket 7462016 added to queue
2014-09-25 14:47:34,702 INFO  [AtpTradeXMLSonicSubscriber] ATP message received
2014-09-25 14:47:34,710 INFO  [MessageProcessor] Message unmarshalled. Ticket number = 7462010
2014-09-25 14:47:34,710 INFO  [MessageQueue] Ticket 7462010 added to queue
2014-09-25 14:47:34,929 INFO  [AtpTradeXMLSonicSubscriber] ATP message received
2014-09-25 14:47:34,937 INFO  [MessageProcessor] Message unmarshalled. Ticket number = 7461560
2014-09-25 14:47:34,937 INFO  [MessageQueue] Ticket 7461560 added to queue
2014-09-25 14:47:34,964 INFO  [AtpTradeXMLSonicSubscriber] ATP message received
333.254: [GC 333.254: [ParNew: 37865K->3204K(38336K), 0.0107050 secs] 764316K->729655K(1065664K), 0.0108200 secs] [Times: user=0.02 sys=0.00, real=0.01 secs] 
2014-09-25 14:47:34,984 INFO  [MessageProcessor] Message unmarshalled. Ticket number = 7461564
2014-09-25 14:47:34,984 INFO  [MessageQueue] Ticket 7461564 added to queue
2014-09-25 14:47:35,141 INFO  [AtpTradeXMLSonicSubscriber] ATP message received
2014-09-25 14:47:35,149 INFO  [MessageProcessor] Message unmarshalled. Ticket number = 7461673
2014-09-25 14:47:35,149 INFO  [MessageQueue] Ticket 7461673 added to queue
2014-09-25 14:47:35,169 INFO  [AtpTradeXMLSonicSubscriber] ATP message received
2014-09-25 14:47:35,177 INFO  [MessageProcessor] Message unmarshalled. Ticket number = 7461671
2014-09-25 14:47:35,178 INFO  [MessageQueue] Ticket 7461671 added to queue
2014-09-25 14:47:35,194 INFO  [AtpTradeXMLSonicSubscriber] ATP message received
2014-09-25 14:47:35,204 INFO  [MessageProcessor] Message unmarshalled. Ticket number = 7461670
2014-09-25 14:47:35,204 INFO  [MessageQueue] Ticket 7461670 added to queue
2014-09-25 14:47:35,218 INFO  [AtpTradeXMLSonicSubscriber] ATP message received
2014-09-25 14:47:35,227 INFO  [MessageProcessor] Message unmarshalled. Ticket number = 7461558
2014-09-25 14:47:35,227 INFO  [MessageQueue] Ticket 7461558 added to queue
2014-09-25 14:47:37.607 Oracle Coherence GE 3.3.1/389 <Warning> (thread=PacketPublisher, member=6): A potential communication problem has been detected. A packet has failed to be delivered (or acknowledged) after 52 seconds, although other packets were acknowledged by the same cluster member (Member(Id=1, Timestamp=2014-09-25 14:41:50.371, Address=10.199.0.30:8088, MachineId=52510, Location=process:19583@dssprod01)) to this member (Member(Id=6, Timestamp=2014-09-25 14:42:10.701, Address=10.199.0.26:8089, MachineId=52506, Location=process:2864@pssprod01)) as recently as 0 seconds ago. It is possible that the packet size greater than 1451 is responsible; for example, some network equipment cannot handle packets larger than 1472 bytes (IPv4) or 1468 bytes (IPv6). Use the 'ping' command with the <size> option to verify successful delivery of specifically sized packets. Other possible causes include network failure, poor thread scheduling (see FAQ if running on Windows), an extremely overloaded server, a server that is attempting to run its processes using swap space, and unreasonably lengthy GC times.
2014-09-25 14:47:37.607 Oracle Coherence GE 3.3.1/389 <Warning> (thread=PacketPublisher, member=6): A potential communication problem has been detected. A packet has failed to be delivered (or acknowledged) after 52 seconds, although other packets were acknowledged by the same cluster member (Member(Id=3, Timestamp=2014-09-25 14:41:55.818, Address=10.199.0.32:8088, MachineId=52512, Location=process:9053@dssprod02)) to this member (Member(Id=6, Timestamp=2014-09-25 14:42:10.701, Address=10.199.0.26:8089, MachineId=52506, Location=process:2864@pssprod01)) as recently as 0 seconds ago. It is possible that the packet size greater than 1451 is responsible; for example, some network equipment cannot handle packets larger than 1472 bytes (IPv4) or 1468 bytes (IPv6). Use the 'ping' command with the <size> option to verify successful delivery of specifically sized packets. Other possible causes include network failure, poor thread scheduling (see FAQ if running on Windows), an extremely overloaded server, a server that is attempting to run its processes using swap space, and unreasonably lengthy GC times.
2014-09-25 14:47:37.607 Oracle Coherence GE 3.3.1/389 <Warning> (thread=PacketPublisher, member=6): A potential communication problem has been detected. A packet has failed to be delivered (or acknowledged) after 52 seconds, although other packets were acknowledged by the same cluster member (Member(Id=4, Timestamp=2014-09-25 14:41:55.834, Address=10.199.0.27:8088, MachineId=52507, Location=process:14840@pssprod02)) to this member (Member(Id=6, Timestamp=2014-09-25 14:42:10.701, Address=10.199.0.26:8089, MachineId=52506, Location=process:2864@pssprod01)) as recently as 0 seconds ago. It is possible that the packet size greater than 1451 is responsible; for example, some network equipment cannot handle packets larger than 1472 bytes (IPv4) or 1468 bytes (IPv6). Use the 'ping' command with the <size> option to verify successful delivery of specifically sized packets. Other possible causes include network failure, poor thread scheduling (see FAQ if running on Windows), an extremely overloaded server, a server that is attempting to run its processes using swap space, and unreasonably lengthy GC times.
2014-09-25 14:47:45.219 Oracle Coherence GE 3.3.1/389 <Error> (thread=PacketPublisher, member=6): Timeout while delivering a packet to members [Member(Id=5, Timestamp=2014-09-25 14:41:57.721, Address=10.199.0.29:8088, MachineId=52509, Location=process:5974@pssprod03), Member(Id=1, Timestamp=2014-09-25 14:41:50.371, Address=10.199.0.30:8088, MachineId=52510, Location=process:19583@dssprod01), Member(Id=3, Timestamp=2014-09-25 14:41:55.818, Address=10.199.0.32:8088, MachineId=52512, Location=process:9053@dssprod02), Member(Id=4, Timestamp=2014-09-25 14:41:55.834, Address=10.199.0.27:8088, MachineId=52507, Location=process:14840@pssprod02)];
Stopping cluster service.
2014-09-25 14:47:45.219 Oracle Coherence GE 3.3.1/389 <D5> (thread=Cluster, member=6): Service Cluster left the cluster
2014-09-25 14:47:45.321 Oracle Coherence GE 3.3.1/389 <D5> (thread=ReplicatedCache, member=6): Service ReplicatedCache left the cluster
2014-09-25 14:47:45.321 Oracle Coherence GE 3.3.1/389 <D5> (thread=SusbsystemHeartbeatService, member=6): Repeating "SizeRequest" for 208 partitions due to the re-distribution
2014-09-25 14:47:45.322 Oracle Coherence GE 3.3.1/389 <D5> (thread=DistributedCache, member=6): Service DistributedCache left the cluster
2014-09-25 14:47:45,337 ERROR [TradeProcessor] Error in getPrioTradeStatusByMessage
com.westernasset.framework.subsystem.common.SubsystemException: SubsystemExceptionNested:
java.lang.RuntimeException: Failed to start Service "DistributedCache" (ServiceState=SERVICE_STOPPED)Nested:
java.lang.RuntimeException: Failed to start Service "DistributedCache" (ServiceState=SERVICE_STOPPED)
	at com.tangosol.coherence.component.util.daemon.queueProcessor.Service.waitAcceptingClients(Service.CDB:12)
	at com.tangosol.coherence.component.util.daemon.queueProcessor.service.DistributedCache.waitAcceptingClients(DistributedCache.CDB:1)
	at com.tangosol.coherence.component.util.daemon.queueProcessor.Service.poll(Service.CDB:8)
	at com.tangosol.coherence.component.util.daemon.queueProcessor.Service.poll(Service.CDB:18)
	at com.tangosol.coherence.component.util.daemon.queueProcessor.service.DistributedCache$BinaryMap.get(DistributedCache.CDB:27)
	at com.tangosol.util.ConverterCollections$ConverterMap.get(ConverterCollections.java:1300)
	at com.tangosol.coherence.component.util.daemon.queueProcessor.service.DistributedCache$ViewMap.get(DistributedCache.CDB:1)
	at com.tangosol.coherence.component.util.SafeNamedCache.get(SafeNamedCache.CDB:1)
	at com.tangosol.net.cache.CachingMap.get(CachingMap.java:490)
	at com.westernasset.tss.cache.TradeCacheManager.getTradeById(TradeCacheManager.java:202)
	at com.westernasset.tss.services.TradeNearCacheSubsystem.getTradeById(TradeNearCacheSubsystem.java:104)
	at com.westernasset.tss.services.TradeNearCacheSubsystem.handleFuncCall(TradeNearCacheSubsystem.java:50)
	at com.westernasset.tss.services.TradeSubsystem.handleFuncCall(TradeSubsystem.java:29)
	at com.westernasset.framework.subsystem.receiving.SubsystemImpl.innerHandleFuncCall(SubsystemImpl.java:154)
	at com.westernasset.framework.subsystem.receiving.internal.InProcessFunctionCallReceiver.handleFuncCall(InProcessFunctionCallReceiver.java:49)
	at com.westernasset.framework.subsystem.calling.internal.inprocess.InProcessFunctionCallCaller.doCall(InProcessFunctionCallCaller.java:19)
	at com.westernasset.framework.subsystem.calling.internal.inprocess.ForwardIfNotFoundFunctionCallCaller.doCall(ForwardIfNotFoundFunctionCallCaller.java:28)
	at com.westernasset.framework.subsystem.calling.internal.base.BaseFunctionCallCaller.callFunc(BaseFunctionCallCaller.java:33)
	at com.westernasset.framework.subsystem.calling.internal.base.BaseSubsystem.callFunc(BaseSubsystem.java:35)
	at com.westernasset.pss.msg.reciever.process.TradeProcessor.getTradeByTradeId(TradeProcessor.java:250)
	at com.westernasset.pss.msg.reciever.process.TradeProcessor.getPrioTradeStatusByMessage(TradeProcessor.java:268)
	at com.westernasset.pss.msg.reciever.process.TradeProcessor.process(TradeProcessor.java:50)
	at com.westernasset.pss.msg.queue.MessageFetcher.processMessage(MessageFetcher.java:91)
	at com.westernasset.pss.msg.queue.MessageFetcher.pullMessageFromQueue(MessageFetcher.java:78)
	at com.westernasset.pss.msg.queue.MessageFetcher.run(MessageFetcher.java:48)

	at com.westernasset.framework.subsystem.common.internal.SubsystemExceptionUtils.dataObjectToException(SubsystemExceptionUtils.java:38)
	at com.westernasset.framework.subsystem.common.internal.SubsystemExceptionUtils.throwExceptionIfNeeded(SubsystemExceptionUtils.java:15)
	at com.westernasset.framework.subsystem.calling.internal.base.BaseSubsystem.callFunc(BaseSubsystem.java:37)
	at com.westernasset.pss.msg.reciever.process.TradeProcessor.getTradeByTradeId(TradeProcessor.java:250)
	at com.westernasset.pss.msg.reciever.process.TradeProcessor.getPrioTradeStatusByMessage(TradeProcessor.java:268)
	at com.westernasset.pss.msg.reciever.process.TradeProcessor.process(TradeProcessor.java:50)
	at com.westernasset.pss.msg.queue.MessageFetcher.processMessage(MessageFetcher.java:91)
	at com.westernasset.pss.msg.queue.MessageFetcher.pullMessageFromQueue(MessageFetcher.java:78)
	at com.westernasset.pss.msg.queue.MessageFetcher.run(MessageFetcher.java:48)
2014-09-25 14:47:45.338 Oracle Coherence GE 3.3.1/389 <Info> (thread=MAIN_SWEEPER_THREAD, member=6): Restarting NamedCache: near-com.westernasset.cache.SweeperLockCache
2014-09-25 14:47:45.338 Oracle Coherence GE 3.3.1/389 <Info> (thread=MAIN_SWEEPER_THREAD, member=6): Restarting Service: DistributedCache
2014-09-25 14:47:45.338 Oracle Coherence GE 3.3.1/389 <Info> (thread=MAIN_SWEEPER_THREAD, member=n/a): Restarting cluster
2014-09-25 14:47:45,341 ERROR [SubsystemHeartbeatService] SusbsystemHeartbeatService.run
java.lang.RuntimeException: Service has been terminated
	at com.tangosol.coherence.component.util.daemon.queueProcessor.service.DistributedCache$BinaryMap.onMissingStorage(DistributedCache.CDB:9)
	at com.tangosol.coherence.component.util.daemon.queueProcessor.service.DistributedCache$BinaryMap.sendPartitionedRequest(DistributedCache.CDB:32)
	at com.tangosol.coherence.component.util.daemon.queueProcessor.service.DistributedCache$BinaryMap.size(DistributedCache.CDB:13)
	at com.tangosol.util.ConverterCollections$ConverterMap.size(ConverterCollections.java:1248)
	at com.tangosol.coherence.component.util.daemon.queueProcessor.service.DistributedCache$ViewMap.size(DistributedCache.CDB:1)
	at com.tangosol.coherence.component.util.SafeNamedCache.size(SafeNamedCache.CDB:1)
	at com.tangosol.net.cache.CachingMap.size(CachingMap.java:1334)
	at com.westernasset.framework.subsystem.receiving.internal.jms.SubsystemHeartbeatService.fillServiceMap(SubsystemHeartbeatService.java:117)
	at com.westernasset.framework.subsystem.receiving.internal.jms.SubsystemHeartbeatService.fillInHostInfo(SubsystemHeartbeatService.java:67)
	at com.westernasset.framework.subsystem.receiving.internal.jms.SubsystemHeartbeatService.run(SubsystemHeartbeatService.java:146)
2014-09-25 14:47:45.416 Oracle Coherence GE 3.3.1/389 <D5> (thread=Cluster, member=n/a): Service Cluster joined the cluster with senior service member n/a
2014-09-25 14:48:16.048 Oracle Coherence GE 3.3.1/389 <Warning> (thread=Cluster, member=n/a): This Member(Id=0, Timestamp=2014-09-25 14:47:45.342, Address=10.199.0.26:8089, MachineId=52506, Location=process:2864@pssprod01) has been attempting to join the cluster at address 239.199.0.5:61069 with TTL 3 for 30 seconds without success; this could indicate a mis-configured TTL value, or it may simply be the result of a busy cluster or active failover.
2014-09-25 14:48:16.048 Oracle Coherence GE 3.3.1/389 <Warning> (thread=Cluster, member=n/a): Received a discovery message that indicates the presence of an existing cluster:
Message "NewMemberAnnounceWait"
  {
  FromMember=Member(Id=2, Timestamp=2014-09-25 14:41:55.763, Address=10.199.0.26:8088, MachineId=52506, Location=process:2769@pssprod01)
  FromMessageId=0
  Internal=false
  MessagePartCount=1
  PendingCount=0
  MessageType=9
  ToPollId=0
  Poll=null
  Packets
    {
    [000]=Broadcast{PacketType=0x0DDF00D2, ToId=0, FromId=2, Direction=Incoming, ReceivedMillis=14:48:16.47, MessageType=9, MessagePartCount=1, MessagePartIndex=0, Body=0x0000000148AEC36BB30AC7001A00000000000000000000000040001F980000CD1A000205020201004040400E323736394070737370726F6430314040000100000148AEC8C13E0AC7001A00000000000000000000000040001F990000CD1A000005020201004040400E323836344070737370726F64303140400000000148AEC356A30AC7001E00000000000000000000000040001F980000CD1E000105020201004040400F31393538334064737370726F643031404000, Body.length=183}
    }
  Service=ClusterService{Name=Cluster, State=(SERVICE_STARTED, STATE_ANNOUNCE), Id=0, Version=3.3}
  ToMemberSet=null
  NotifySent=false
  ToMember=Member(Id=0, Timestamp=2014-09-25 14:47:45.342, Address=10.199.0.26:8089, MachineId=52506, Location=process:2864@pssprod01)
  SeniorMember=Member(Id=1, Timestamp=2014-09-25 14:41:50.371, Address=10.199.0.30:8088, MachineId=52510, Location=process:19583@dssprod01)
  }
2014-09-25 14:48:17.450 Oracle Coherence GE 3.3.1/389 <D5> (thread=Cluster, member=n/a): Received a discovery message that indicates the presence of an existing cluster:
Message "NewMemberAnnounceWait"
  {
  FromMember=Member(Id=2, Timestamp=2014-09-25 14:41:55.763, Address=10.199.0.26:8088, MachineId=52506, Location=process:2769@pssprod01)
  FromMessageId=0
  Internal=false
  MessagePartCount=1
  PendingCount=0
  MessageType=9
  ToPollId=0
  Poll=null
  Packets
    {
    [000]=Broadcast{PacketType=0x0DDF00D2, ToId=0, FromId=2, Direction=Incoming, ReceivedMillis=14:48:17.449, MessageType=9, MessagePartCount=1, MessagePartIndex=0, Body=0x0000000148AEC36BB30AC7001A00000000000000000000000040001F980000CD1A000205020201004040400E323736394070737370726F6430314040000100000148AEC8C13E0AC7001A00000000000000000000000040001F990000CD1A000005020201004040400E323836344070737370726F64303140400000000148AEC356A30AC7001E00000000000000000000000040001F980000CD1E000105020201004040400F31393538334064737370726F643031404000, Body.length=183}
    }
  Service=ClusterService{Name=Cluster, State=(SERVICE_STARTED, STATE_ANNOUNCE), Id=0, Version=3.3}
  ToMemberSet=null
  NotifySent=false
  ToMember=Member(Id=0, Timestamp=2014-09-25 14:47:45.342, Address=10.199.0.26:8089, MachineId=52506, Location=process:2864@pssprod01)
  SeniorMember=Member(Id=1, Timestamp=2014-09-25 14:41:50.371, Address=10.199.0.30:8088, MachineId=52510, Location=process:19583@dssprod01)
  }
2014-09-25 14:48:18.851 Oracle Coherence GE 3.3.1/389 <D5> (thread=Cluster, member=n/a): Received a discovery message that indicates the presence of an existing cluster:
Message "NewMemberAnnounceWait"
  {
  FromMember=Member(Id=2, Timestamp=2014-09-25 14:41:55.763, Address=10.199.0.26:8088, MachineId=52506, Location=process:2769@pssprod01)
  FromMessageId=0
  Internal=false
  MessagePartCount=1
  PendingCount=0
  MessageType=9
  ToPollId=0
  Poll=null
  Packets
    {
    [000]=Broadcast{PacketType=0x0DDF00D2, ToId=0, FromId=2, Direction=Incoming, ReceivedMillis=14:48:18.850, MessageType=9, MessagePartCount=1, MessagePartIndex=0, Body=0x0000000148AEC36BB30AC7001A00000000000000000000000040001F980000CD1A000205020201004040400E323736394070737370726F6430314040000100000148AEC8C13E0AC7001A00000000000000000000000040001F990000CD1A000005020201004040400E323836344070737370726F64303140400000000148AEC356A30AC7001E00000000000000000000000040001F980000CD1E000105020201004040400F31393538334064737370726F643031404000, Body.length=183}
    }
  Service=ClusterService{Name=Cluster, State=(SERVICE_STARTED, STATE_ANNOUNCE), Id=0, Version=3.3}
  ToMemberSet=null
  NotifySent=false
  ToMember=Member(Id=0, Timestamp=2014-09-25 14:47:45.342, Address=10.199.0.26:8089, MachineId=52506, Location=process:2864@pssprod01)
  SeniorMember=Member(Id=1, Timestamp=2014-09-25 14:41:50.371, Address=10.199.0.30:8088, MachineId=52510, Location=process:19583@dssprod01)
  }
2014-09-25 14:48:20.252 Oracle Coherence GE 3.3.1/389 <D5> (thread=Cluster, member=n/a): Received a discovery message that indicates the presence of an existing cluster:
Message "NewMemberAnnounceWait"
  {
  FromMember=Member(Id=2, Timestamp=2014-09-25 14:41:55.763, Address=10.199.0.26:8088, MachineId=52506, Location=process:2769@pssprod01)
  FromMessageId=0
  Internal=false
  MessagePartCount=1
  PendingCount=0
  MessageType=9
  ToPollId=0
  Poll=null
  Packets
    {
    [000]=Broadcast{PacketType=0x0DDF00D2, ToId=0, FromId=2, Direction=Incoming, ReceivedMillis=14:48:20.251, MessageType=9, MessagePartCount=1, MessagePartIndex=0, Body=0x0000000148AEC36BB30AC7001A00000000000000000000000040001F980000CD1A000205020201004040400E323736394070737370726F6430314040000100000148AEC8C13E0AC7001A00000000000000000000000040001F990000CD1A000005020201004040400E323836344070737370726F64303140400000000148AEC356A30AC7001E00000000000000000000000040001F980000CD1E000105020201004040400F31393538334064737370726F643031404000, Body.length=183}
    }
  Service=ClusterService{Name=Cluster, State=(SERVICE_STARTED, STATE_ANNOUNCE), Id=0, Version=3.3}
  ToMemberSet=null
  NotifySent=false
  ToMember=Member(Id=0, Timestamp=2014-09-25 14:47:45.342, Address=10.199.0.26:8089, MachineId=52506, Location=process:2864@pssprod01)
  SeniorMember=Member(Id=1, Timestamp=2014-09-25 14:41:50.371, Address=10.199.0.30:8088, MachineId=52510, Location=process:19583@dssprod01)
  }
2014-09-25 14:48:21.654 Oracle Coherence GE 3.3.1/389 <Warning> (thread=Cluster, member=n/a): Received a discovery message that indicates the presence of an existing cluster:
Message "NewMemberAnnounceWait"
  {
  FromMember=Member(Id=2, Timestamp=2014-09-25 14:41:55.763, Address=10.199.0.26:8088, MachineId=52506, Location=process:2769@pssprod01)
  FromMessageId=0
  Internal=false
  MessagePartCount=1
  PendingCount=0
  MessageType=9
  ToPollId=0
  Poll=null
  Packets
    {
    [000]=Broadcast{PacketType=0x0DDF00D2, ToId=0, FromId=2, Direction=Incoming, ReceivedMillis=14:48:21.654, MessageType=9, MessagePartCount=1, MessagePartIndex=0, Body=0x0000000148AEC36BB30AC7001A00000000000000000000000040001F980000CD1A000205020201004040400E323736394070737370726F6430314040000100000148AEC8C13E0AC7001A00000000000000000000000040001F990000CD1A000005020201004040400E323836344070737370726F64303140400000000148AEC356A30AC7001E00000000000000000000000040001F980000CD1E000105020201004040400F31393538334064737370726F643031404000, Body.length=183}
    }
  Service=ClusterService{Name=Cluster, State=(SERVICE_STARTED, STATE_ANNOUNCE), Id=0, Version=3.3}
  ToMemberSet=null
  NotifySent=false
  ToMember=Member(Id=0, Timestamp=2014-09-25 14:47:45.342, Address=10.199.0.26:8089, MachineId=52506, Location=process:2864@pssprod01)
  SeniorMember=Member(Id=1, Timestamp=2014-09-25 14:41:50.371, Address=10.199.0.30:8088, MachineId=52510, Location=process:19583@dssprod01)
  }
2014-09-25 14:48:23.055 Oracle Coherence GE 3.3.1/389 <D5> (thread=Cluster, member=n/a): Received a discovery message that indicates the presence of an existing cluster:
Message "NewMemberAnnounceWait"
  {
  FromMember=Member(Id=2, Timestamp=2014-09-25 14:41:55.763, Address=10.199.0.26:8088, MachineId=52506, Location=process:2769@pssprod01)
  FromMessageId=0
  Internal=false
  MessagePartCount=1
  PendingCount=0
  MessageType=9
  ToPollId=0
  Poll=null
  Packets
    {
    [000]=Broadcast{PacketType=0x0DDF00D2, ToId=0, FromId=2, Direction=Incoming, ReceivedMillis=14:48:23.55, MessageType=9, MessagePartCount=1, MessagePartIndex=0, Body=0x0000000148AEC36BB30AC7001A00000000000000000000000040001F980000CD1A000205020201004040400E323736394070737370726F6430314040000100000148AEC8C13E0AC7001A00000000000000000000000040001F990000CD1A000005020201004040400E323836344070737370726F64303140400000000148AEC356A30AC7001E00000000000000000000000040001F980000CD1E000105020201004040400F31393538334064737370726F643031404000, Body.length=183}
    }
  Service=ClusterService{Name=Cluster, State=(SERVICE_STARTED, STATE_ANNOUNCE), Id=0, Version=3.3}
  ToMemberSet=null
  NotifySent=false
  ToMember=Member(Id=0, Timestamp=2014-09-25 14:47:45.342, Address=10.199.0.26:8089, MachineId=52506, Location=process:2864@pssprod01)
  SeniorMember=Member(Id=1, Timestamp=2014-09-25 14:41:50.371, Address=10.199.0.30:8088, MachineId=52510, Location=process:19583@dssprod01)
  }
2014-09-25 14:48:24.456 Oracle Coherence GE 3.3.1/389 <D5> (thread=Cluster, member=n/a): Received a discovery message that indicates the presence of an existing cluster:
Message "NewMemberAnnounceWait"
  {
  FromMember=Member(Id=2, Timestamp=2014-09-25 14:41:55.763, Address=10.199.0.26:8088, MachineId=52506, Location=process:2769@pssprod01)
  FromMessageId=0
  Internal=false
  MessagePartCount=1
  PendingCount=0
  MessageType=9
  ToPollId=0
  Poll=null
  Packets
    {
    [000]=Broadcast{PacketType=0x0DDF00D2, ToId=0, FromId=2, Direction=Incoming, ReceivedMillis=14:48:24.456, MessageType=9, MessagePartCount=1, MessagePartIndex=0, Body=0x0000000148AEC36BB30AC7001A00000000000000000000000040001F980000CD1A000205020201004040400E323736394070737370726F6430314040000100000148AEC8C13E0AC7001A00000000000000000000000040001F990000CD1A000005020201004040400E323836344070737370726F64303140400000000148AEC356A30AC7001E00000000000000000000000040001F980000CD1E000105020201004040400F31393538334064737370726F643031404000, Body.length=183}
    }
  Service=ClusterService{Name=Cluster, State=(SERVICE_STARTED, STATE_ANNOUNCE), Id=0, Version=3.3}
  ToMemberSet=null
  NotifySent=false
  ToMember=Member(Id=0, Timestamp=2014-09-25 14:47:45.342, Address=10.199.0.26:8089, MachineId=52506, Location=process:2864@pssprod01)
  SeniorMember=Member(Id=1, Timestamp=2014-09-25 14:41:50.371, Address=10.199.0.30:8088, MachineId=52510, Location=process:19583@dssprod01)
  }
2014-09-25 14:48:25.858 Oracle Coherence GE 3.3.1/389 <D5> (thread=Cluster, member=n/a): Received a discovery message that indicates the presence of an existing cluster:
Message "NewMemberAnnounceWait"
  {
  FromMember=Member(Id=2, Timestamp=2014-09-25 14:41:55.763, Address=10.199.0.26:8088, MachineId=52506, Location=process:2769@pssprod01)
  FromMessageId=0
  Internal=false
  MessagePartCount=1
  PendingCount=0
  MessageType=9
  ToPollId=0
  Poll=null
  Packets
    {
    [000]=Broadcast{PacketType=0x0DDF00D2, ToId=0, FromId=2, Direction=Incoming, ReceivedMillis=14:48:25.858, MessageType=9, MessagePartCount=1, MessagePartIndex=0, Body=0x0000000148AEC36BB30AC7001A00000000000000000000000040001F980000CD1A000205020201004040400E323736394070737370726F6430314040000100000148AEC8C13E0AC7001A00000000000000000000000040001F990000CD1A000005020201004040400E323836344070737370726F64303140400000000148AEC356A30AC7001E00000000000000000000000040001F980000CD1E000105020201004040400F31393538334064737370726F643031404000, Body.length=183}
    }
  Service=ClusterService{Name=Cluster, State=(SERVICE_STARTED, STATE_ANNOUNCE), Id=0, Version=3.3}
  ToMemberSet=null
  NotifySent=false
  ToMember=Member(Id=0, Timestamp=2014-09-25 14:47:45.342, Address=10.199.0.26:8089, MachineId=52506, Location=process:2864@pssprod01)
  SeniorMember=Member(Id=1, Timestamp=2014-09-25 14:41:50.371, Address=10.199.0.30:8088, MachineId=52510, Location=process:19583@dssprod01)
  }
2014-09-25 14:48:27.259 Oracle Coherence GE 3.3.1/389 <Warning> (thread=Cluster, member=n/a): Received a discovery message that indicates the presence of an existing cluster:
Message "NewMemberAnnounceWait"
  {
  FromMember=Member(Id=2, Timestamp=2014-09-25 14:41:55.763, Address=10.199.0.26:8088, MachineId=52506, Location=process:2769@pssprod01)
  FromMessageId=0
  Internal=false
  MessagePartCount=1
  PendingCount=0
  MessageType=9
  ToPollId=0
  Poll=null
  Packets
    {
    [000]=Broadcast{PacketType=0x0DDF00D2, ToId=0, FromId=2, Direction=Incoming, ReceivedMillis=14:48:27.258, MessageType=9, MessagePartCount=1, MessagePartIndex=0, Body=0x0000000148AEC36BB30AC7001A00000000000000000000000040001F980000CD1A000205020201004040400E323736394070737370726F6430314040000100000148AEC8C13E0AC7001A00000000000000000000000040001F990000CD1A000005020201004040400E323836344070737370726F64303140400000000148AEC356A30AC7001E00000000000000000000000040001F980000CD1E000105020201004040400F31393538334064737370726F643031404000, Body.length=183}
    }
  Service=ClusterService{Name=Cluster, State=(SERVICE_STARTED, STATE_ANNOUNCE), Id=0, Version=3.3}
  ToMemberSet=null
  NotifySent=false
  ToMember=Member(Id=0, Timestamp=2014-09-25 14:47:45.342, Address=10.199.0.26:8089, MachineId=52506, Location=process:2864@pssprod01)
  SeniorMember=Member(Id=1, Timestamp=2014-09-25 14:41:50.371, Address=10.199.0.30:8088, MachineId=52510, Location=process:19583@dssprod01)
  }
2014-09-25 14:48:28.660 Oracle Coherence GE 3.3.1/389 <D5> (thread=Cluster, member=n/a): Received a discovery message that indicates the presence of an existing cluster:
Message "NewMemberAnnounceWait"
  {
  FromMember=Member(Id=2, Timestamp=2014-09-25 14:41:55.763, Address=10.199.0.26:8088, MachineId=52506, Location=process:2769@pssprod01)
  FromMessageId=0
  Internal=false
  MessagePartCount=1
  PendingCount=0
  MessageType=9
  ToPollId=0
  Poll=null
  Packets
    {
    [000]=Broadcast{PacketType=0x0DDF00D2, ToId=0, FromId=2, Direction=Incoming, ReceivedMillis=14:48:28.659, MessageType=9, MessagePartCount=1, MessagePartIndex=0, Body=0x0000000148AEC36BB30AC7001A00000000000000000000000040001F980000CD1A000205020201004040400E323736394070737370726F6430314040000100000148AEC8C13E0AC7001A00000000000000000000000040001F990000CD1A000005020201004040400E323836344070737370726F64303140400000000148AEC356A30AC7001E00000000000000000000000040001F980000CD1E000105020201004040400F31393538334064737370726F643031404000, Body.length=183}
    }
  Service=ClusterService{Name=Cluster, State=(SERVICE_STARTED, STATE_ANNOUNCE), Id=0, Version=3.3}
  ToMemberSet=null
  NotifySent=false
  ToMember=Member(Id=0, Timestamp=2014-09-25 14:47:45.342, Address=10.199.0.26:8089, MachineId=52506, Location=process:2864@pssprod01)
  SeniorMember=Member(Id=1, Timestamp=2014-09-25 14:41:50.371, Address=10.199.0.30:8088, MachineId=52510, Location=process:19583@dssprod01)
  }
2014-09-25 14:48:30.062 Oracle Coherence GE 3.3.1/389 <D5> (thread=Cluster, member=n/a): Received a discovery message that indicates the presence of an existing cluster:
Message "NewMemberAnnounceWait"
  {
  FromMember=Member(Id=2, Timestamp=2014-09-25 14:41:55.763, Address=10.199.0.26:8088, MachineId=52506, Location=process:2769@pssprod01)
  FromMessageId=0
  Internal=false
  MessagePartCount=1
  PendingCount=0
  MessageType=9
  ToPollId=0
  Poll=null
  Packets
    {
    [000]=Broadcast{PacketType=0x0DDF00D2, ToId=0, FromId=2, Direction=Incoming, ReceivedMillis=14:48:30.62, MessageType=9, MessagePartCount=1, MessagePartIndex=0, Body=0x0000000148AEC36BB30AC7001A00000000000000000000000040001F980000CD1A000205020201004040400E323736394070737370726F6430314040000100000148AEC8C13E0AC7001A00000000000000000000000040001F990000CD1A000005020201004040400E323836344070737370726F64303140400000000148AEC356A30AC7001E00000000000000000000000040001F980000CD1E000105020201004040400F31393538334064737370726F643031404000, Body.length=183}
    }
  Service=ClusterService{Name=Cluster, State=(SERVICE_STARTED, STATE_ANNOUNCE), Id=0, Version=3.3}
  ToMemberSet=null
  NotifySent=false
  ToMember=Member(Id=0, Timestamp=2014-09-25 14:47:45.342, Address=10.199.0.26:8089, MachineId=52506, Location=process:2864@pssprod01)
  SeniorMember=Member(Id=1, Timestamp=2014-09-25 14:41:50.371, Address=10.199.0.30:8088, MachineId=52510, Location=process:19583@dssprod01)
  }
2014-09-25 14:48:31.468 Oracle Coherence GE 3.3.1/389 <D5> (thread=Cluster, member=n/a): Received a discovery message that indicates the presence of an existing cluster:
Message "NewMemberAnnounceWait"
  {
  FromMember=Member(Id=2, Timestamp=2014-09-25 14:41:55.763, Address=10.199.0.26:8088, MachineId=52506, Location=process:2769@pssprod01)
  FromMessageId=0
  Internal=false
  MessagePartCount=1
  PendingCount=0
  MessageType=9
  ToPollId=0
  Poll=null
  Packets
    {
    [000]=Broadcast{PacketType=0x0DDF00D2, ToId=0, FromId=2, Direction=Incoming, ReceivedMillis=14:48:31.464, MessageType=9, MessagePartCount=1, MessagePartIndex=0, Body=0x0000000148AEC36BB30AC7001A00000000000000000000000040001F980000CD1A000205020201004040400E323736394070737370726F6430314040000100000148AEC8C13E0AC7001A00000000000000000000000040001F990000CD1A000005020201004040400E323836344070737370726F64303140400000000148AEC356A30AC7001E00000000000000000000000040001F980000CD1E000105020201004040400F31393538334064737370726F643031404000, Body.length=183}
    }
  Service=ClusterService{Name=Cluster, State=(SERVICE_STARTED, STATE_ANNOUNCE), Id=0, Version=3.3}
  ToMemberSet=null
  NotifySent=false
  ToMember=Member(Id=0, Timestamp=2014-09-25 14:47:45.342, Address=10.199.0.26:8089, MachineId=52506, Location=process:2864@pssprod01)
  SeniorMember=Member(Id=1, Timestamp=2014-09-25 14:41:50.371, Address=10.199.0.30:8088, MachineId=52510, Location=process:19583@dssprod01)
  }
2014-09-25 14:48:32.868 Oracle Coherence GE 3.3.1/389 <Warning> (thread=Cluster, member=n/a): Received a discovery message that indicates the presence of an existing cluster:
Message "NewMemberAnnounceWait"
  {
  FromMember=Member(Id=2, Timestamp=2014-09-25 14:41:55.763, Address=10.199.0.26:8088, MachineId=52506, Location=process:2769@pssprod01)
  FromMessageId=0
  Internal=false
  MessagePartCount=1
  PendingCount=0
  MessageType=9
  ToPollId=0
  Poll=null
  Packets
    {
    [000]=Broadcast{PacketType=0x0DDF00D2, ToId=0, FromId=2, Direction=Incoming, ReceivedMillis=14:48:32.867, MessageType=9, MessagePartCount=1, MessagePartIndex=0, Body=0x0000000148AEC36BB30AC7001A00000000000000000000000040001F980000CD1A000205020201004040400E323736394070737370726F6430314040000100000148AEC8C13E0AC7001A00000000000000000000000040001F990000CD1A000005020201004040400E323836344070737370726F64303140400000000148AEC356A30AC7001E00000000000000000000000040001F980000CD1E000105020201004040400F31393538334064737370726F643031404000, Body.length=183}
    }
  Service=ClusterService{Name=Cluster, State=(SERVICE_STARTED, STATE_ANNOUNCE), Id=0, Version=3.3}
  ToMemberSet=null
  NotifySent=false
  ToMember=Member(Id=0, Timestamp=2014-09-25 14:47:45.342, Address=10.199.0.26:8089, MachineId=52506, Location=process:2864@pssprod01)
  SeniorMember=Member(Id=1, Timestamp=2014-09-25 14:41:50.371, Address=10.199.0.30:8088, MachineId=52510, Location=process:19583@dssprod01)
  }
2014-09-25 14:48:34.270 Oracle Coherence GE 3.3.1/389 <D5> (thread=Cluster, member=n/a): Received a discovery message that indicates the presence of an existing cluster:
Message "NewMemberAnnounceWait"
  {
  FromMember=Member(Id=2, Timestamp=2014-09-25 14:41:55.763, Address=10.199.0.26:8088, MachineId=52506, Location=process:2769@pssprod01)
  FromMessageId=0
  Internal=false
  MessagePartCount=1
  PendingCount=0
  MessageType=9
  ToPollId=0
  Poll=null
  Packets
    {
    [000]=Broadcast{PacketType=0x0DDF00D2, ToId=0, FromId=2, Direction=Incoming, ReceivedMillis=14:48:34.269, MessageType=9, MessagePartCount=1, MessagePartIndex=0, Body=0x0000000148AEC36BB30AC7001A00000000000000000000000040001F980000CD1A000205020201004040400E323736394070737370726F6430314040000100000148AEC8C13E0AC7001A00000000000000000000000040001F990000CD1A000005020201004040400E323836344070737370726F64303140400000000148AEC356A30AC7001E00000000000000000000000040001F980000CD1E000105020201004040400F31393538334064737370726F643031404000, Body.length=183}
    }
  Service=ClusterService{Name=Cluster, State=(SERVICE_STARTED, STATE_ANNOUNCE), Id=0, Version=3.3}
  ToMemberSet=null
  NotifySent=false
  ToMember=Member(Id=0, Timestamp=2014-09-25 14:47:45.342, Address=10.199.0.26:8089, MachineId=52506, Location=process:2864@pssprod01)
  SeniorMember=Member(Id=1, Timestamp=2014-09-25 14:41:50.371, Address=10.199.0.30:8088, MachineId=52510, Location=process:19583@dssprod01)
  }
2014-09-25 14:48:35.671 Oracle Coherence GE 3.3.1/389 <D5> (thread=Cluster, member=n/a): Received a discovery message that indicates the presence of an existing cluster:
Message "NewMemberAnnounceWait"
  {
  FromMember=Member(Id=2, Timestamp=2014-09-25 14:41:55.763, Address=10.199.0.26:8088, MachineId=52506, Location=process:2769@pssprod01)
  FromMessageId=0
  Internal=false
  MessagePartCount=1
  PendingCount=0
  MessageType=9
  ToPollId=0
  Poll=null
  Packets
    {
    [000]=Broadcast{PacketType=0x0DDF00D2, ToId=0, FromId=2, Direction=Incoming, ReceivedMillis=14:48:35.671, MessageType=9, MessagePartCount=1, MessagePartIndex=0, Body=0x0000000148AEC36BB30AC7001A00000000000000000000000040001F980000CD1A000205020201004040400E323736394070737370726F6430314040000100000148AEC8C13E0AC7001A00000000000000000000000040001F990000CD1A000005020201004040400E323836344070737370726F64303140400000000148AEC356A30AC7001E00000000000000000000000040001F980000CD1E000105020201004040400F31393538334064737370726F643031404000, Body.length=183}
    }
  Service=ClusterService{Name=Cluster, State=(SERVICE_STARTED, STATE_ANNOUNCE), Id=0, Version=3.3}
  ToMemberSet=null
  NotifySent=false
  ToMember=Member(Id=0, Timestamp=2014-09-25 14:47:45.342, Address=10.199.0.26:8089, MachineId=52506, Location=process:2864@pssprod01)
  SeniorMember=Member(Id=1, Timestamp=2014-09-25 14:41:50.371, Address=10.199.0.30:8088, MachineId=52510, Location=process:19583@dssprod01)
  }
2014-09-25 14:48:37.073 Oracle Coherence GE 3.3.1/389 <D5> (thread=Cluster, member=n/a): Received a discovery message that indicates the presence of an existing cluster:
Message "NewMemberAnnounceWait"
  {
  FromMember=Member(Id=2, Timestamp=2014-09-25 14:41:55.763, Address=10.199.0.26:8088, MachineId=52506, Location=process:2769@pssprod01)
  FromMessageId=0
  Internal=false
  MessagePartCount=1
  PendingCount=0
  MessageType=9
  ToPollId=0
  Poll=null
  Packets
    {
    [000]=Broadcast{PacketType=0x0DDF00D2, ToId=0, FromId=2, Direction=Incoming, ReceivedMillis=14:48:37.72, MessageType=9, MessagePartCount=1, MessagePartIndex=0, Body=0x0000000148AEC36BB30AC7001A00000000000000000000000040001F980000CD1A000205020201004040400E323736394070737370726F6430314040000100000148AEC8C13E0AC7001A00000000000000000000000040001F990000CD1A000005020201004040400E323836344070737370726F64303140400000000148AEC356A30AC7001E00000000000000000000000040001F980000CD1E000105020201004040400F31393538334064737370726F643031404000, Body.length=183}
    }
  Service=ClusterService{Name=Cluster, State=(SERVICE_STARTED, STATE_ANNOUNCE), Id=0, Version=3.3}
  ToMemberSet=null
  NotifySent=false
  ToMember=Member(Id=0, Timestamp=2014-09-25 14:47:45.342, Address=10.199.0.26:8089, MachineId=52506, Location=process:2864@pssprod01)
  SeniorMember=Member(Id=1, Timestamp=2014-09-25 14:41:50.371, Address=10.199.0.30:8088, MachineId=52510, Location=process:19583@dssprod01)
  }
2014-09-25 14:48:38.474 Oracle Coherence GE 3.3.1/389 <Warning> (thread=Cluster, member=n/a): Received a discovery message that indicates the presence of an existing cluster:
Message "NewMemberAnnounceWait"
  {
  FromMember=Member(Id=2, Timestamp=2014-09-25 14:41:55.763, Address=10.199.0.26:8088, MachineId=52506, Location=process:2769@pssprod01)
  FromMessageId=0
  Internal=false
  MessagePartCount=1
  PendingCount=0
  MessageType=9
  ToPollId=0
  Poll=null
  Packets
    {
    [000]=Broadcast{PacketType=0x0DDF00D2, ToId=0, FromId=2, Direction=Incoming, ReceivedMillis=14:48:38.474, MessageType=9, MessagePartCount=1, MessagePartIndex=0, Body=0x0000000148AEC36BB30AC7001A00000000000000000000000040001F980000CD1A000205020201004040400E323736394070737370726F6430314040000100000148AEC8C13E0AC7001A00000000000000000000000040001F990000CD1A000005020201004040400E323836344070737370726F64303140400000000148AEC356A30AC7001E00000000000000000000000040001F980000CD1E000105020201004040400F31393538334064737370726F643031404000, Body.length=183}
    }
  Service=ClusterService{Name=Cluster, State=(SERVICE_STARTED, STATE_ANNOUNCE), Id=0, Version=3.3}
  ToMemberSet=null
  NotifySent=false
  ToMember=Member(Id=0, Timestamp=2014-09-25 14:47:45.342, Address=10.199.0.26:8089, MachineId=52506, Location=process:2864@pssprod01)
  SeniorMember=Member(Id=1, Timestamp=2014-09-25 14:41:50.371, Address=10.199.0.30:8088, MachineId=52510, Location=process:19583@dssprod01)
  }
2014-09-25 14:48:39.876 Oracle Coherence GE 3.3.1/389 <D5> (thread=Cluster, member=n/a): Received a discovery message that indicates the presence of an existing cluster:
Message "NewMemberAnnounceWait"
  {
  FromMember=Member(Id=2, Timestamp=2014-09-25 14:41:55.763, Address=10.199.0.26:8088, MachineId=52506, Location=process:2769@pssprod01)
  FromMessageId=0
  Internal=false
  MessagePartCount=1
  PendingCount=0
  MessageType=9
  ToPollId=0
  Poll=null
  Packets
    {
    [000]=Broadcast{PacketType=0x0DDF00D2, ToId=0, FromId=2, Direction=Incoming, ReceivedMillis=14:48:39.876, MessageType=9, MessagePartCount=1, MessagePartIndex=0, Body=0x0000000148AEC36BB30AC7001A00000000000000000000000040001F980000CD1A000205020201004040400E323736394070737370726F6430314040000100000148AEC8C13E0AC7001A00000000000000000000000040001F990000CD1A000005020201004040400E323836344070737370726F64303140400000000148AEC356A30AC7001E00000000000000000000000040001F980000CD1E000105020201004040400F31393538334064737370726F643031404000, Body.length=183}
    }
  Service=ClusterService{Name=Cluster, State=(SERVICE_STARTED, STATE_ANNOUNCE), Id=0, Version=3.3}
  ToMemberSet=null
  NotifySent=false
  ToMember=Member(Id=0, Timestamp=2014-09-25 14:47:45.342, Address=10.199.0.26:8089, MachineId=52506, Location=process:2864@pssprod01)
  SeniorMember=Member(Id=1, Timestamp=2014-09-25 14:41:50.371, Address=10.199.0.30:8088, MachineId=52510, Location=process:19583@dssprod01)
  }
2014-09-25 14:48:41.280 Oracle Coherence GE 3.3.1/389 <D5> (thread=Cluster, member=n/a): Received a discovery message that indicates the presence of an existing cluster:
Message "NewMemberAnnounceWait"
  {
  FromMember=Member(Id=2, Timestamp=2014-09-25 14:41:55.763, Address=10.199.0.26:8088, MachineId=52506, Location=process:2769@pssprod01)
  FromMessageId=0
  Internal=false
  MessagePartCount=1
  PendingCount=0
  MessageType=9
  ToPollId=0
  Poll=null
  Packets
    {
    [000]=Broadcast{PacketType=0x0DDF00D2, ToId=0, FromId=2, Direction=Incoming, ReceivedMillis=14:48:41.279, MessageType=9, MessagePartCount=1, MessagePartIndex=0, Body=0x0000000148AEC36BB30AC7001A00000000000000000000000040001F980000CD1A000205020201004040400E323736394070737370726F6430314040000100000148AEC8C13E0AC7001A00000000000000000000000040001F990000CD1A000005020201004040400E323836344070737370726F64303140400000000148AEC356A30AC7001E00000000000000000000000040001F980000CD1E000105020201004040400F31393538334064737370726F643031404000, Body.length=183}
    }
  Service=ClusterService{Name=Cluster, State=(SERVICE_STARTED, STATE_ANNOUNCE), Id=0, Version=3.3}
  ToMemberSet=null
  NotifySent=false
  ToMember=Member(Id=0, Timestamp=2014-09-25 14:47:45.342, Address=10.199.0.26:8089, MachineId=52506, Location=process:2864@pssprod01)
  SeniorMember=Member(Id=1, Timestamp=2014-09-25 14:41:50.371, Address=10.199.0.30:8088, MachineId=52510, Location=process:19583@dssprod01)
  }
2014-09-25 14:48:42.680 Oracle Coherence GE 3.3.1/389 <D5> (thread=Cluster, member=n/a): Received a discovery message that indicates the presence of an existing cluster:
Message "NewMemberAnnounceWait"
  {
  FromMember=Member(Id=2, Timestamp=2014-09-25 14:41:55.763, Address=10.199.0.26:8088, MachineId=52506, Location=process:2769@pssprod01)
  FromMessageId=0
  Internal=false
  MessagePartCount=1
  PendingCount=0
  MessageType=9
  ToPollId=0
  Poll=null
  Packets
    {
    [000]=Broadcast{PacketType=0x0DDF00D2, ToId=0, FromId=2, Direction=Incoming, ReceivedMillis=14:48:42.680, MessageType=9, MessagePartCount=1, MessagePartIndex=0, Body=0x0000000148AEC36BB30AC7001A00000000000000000000000040001F980000CD1A000205020201004040400E323736394070737370726F6430314040000100000148AEC8C13E0AC7001A00000000000000000000000040001F990000CD1A000005020201004040400E323836344070737370726F64303140400000000148AEC356A30AC7001E00000000000000000000000040001F980000CD1E000105020201004040400F31393538334064737370726F643031404000, Body.length=183}
    }
  Service=ClusterService{Name=Cluster, State=(SERVICE_STARTED, STATE_ANNOUNCE), Id=0, Version=3.3}
  ToMemberSet=null
  NotifySent=false
  ToMember=Member(Id=0, Timestamp=2014-09-25 14:47:45.342, Address=10.199.0.26:8089, MachineId=52506, Location=process:2864@pssprod01)
  SeniorMember=Member(Id=1, Timestamp=2014-09-25 14:41:50.371, Address=10.199.0.30:8088, MachineId=52510, Location=process:19583@dssprod01)
  }
2014-09-25 14:48:44.082 Oracle Coherence GE 3.3.1/389 <Warning> (thread=Cluster, member=n/a): Received a discovery message that indicates the presence of an existing cluster:
Message "NewMemberAnnounceWait"
  {
  FromMember=Member(Id=2, Timestamp=2014-09-25 14:41:55.763, Address=10.199.0.26:8088, MachineId=52506, Location=process:2769@pssprod01)
  FromMessageId=0
  Internal=false
  MessagePartCount=1
  PendingCount=0
  MessageType=9
  ToPollId=0
  Poll=null
  Packets
    {
    [000]=Broadcast{PacketType=0x0DDF00D2, ToId=0, FromId=2, Direction=Incoming, ReceivedMillis=14:48:44.82, MessageType=9, MessagePartCount=1, MessagePartIndex=0, Body=0x0000000148AEC36BB30AC7001A00000000000000000000000040001F980000CD1A000205020201004040400E323736394070737370726F6430314040000100000148AEC8C13E0AC7001A00000000000000000000000040001F990000CD1A000005020201004040400E323836344070737370726F64303140400000000148AEC356A30AC7001E00000000000000000000000040001F980000CD1E000105020201004040400F31393538334064737370726F643031404000, Body.length=183}
    }
  Service=ClusterService{Name=Cluster, State=(SERVICE_STARTED, STATE_ANNOUNCE), Id=0, Version=3.3}
  ToMemberSet=null
  NotifySent=false
  ToMember=Member(Id=0, Timestamp=2014-09-25 14:47:45.342, Address=10.199.0.26:8089, MachineId=52506, Location=process:2864@pssprod01)
  SeniorMember=Member(Id=1, Timestamp=2014-09-25 14:41:50.371, Address=10.199.0.30:8088, MachineId=52510, Location=process:19583@dssprod01)
  }
2014-09-25 14:48:45.483 Oracle Coherence GE 3.3.1/389 <D5> (thread=Cluster, member=n/a): Received a discovery message that indicates the presence of an existing cluster:
Message "NewMemberAnnounceWait"
  {
  FromMember=Member(Id=2, Timestamp=2014-09-25 14:41:55.763, Address=10.199.0.26:8088, MachineId=52506, Location=process:2769@pssprod01)
  FromMessageId=0
  Internal=false
  MessagePartCount=1
  PendingCount=0
  MessageType=9
  ToPollId=0
  Poll=null
  Packets
    {
    [000]=Broadcast{PacketType=0x0DDF00D2, ToId=0, FromId=2, Direction=Incoming, ReceivedMillis=14:48:45.483, MessageType=9, MessagePartCount=1, MessagePartIndex=0, Body=0x0000000148AEC36BB30AC7001A00000000000000000000000040001F980000CD1A000205020201004040400E323736394070737370726F6430314040000100000148AEC8C13E0AC7001A00000000000000000000000040001F990000CD1A000005020201004040400E323836344070737370726F64303140400000000148AEC356A30AC7001E00000000000000000000000040001F980000CD1E000105020201004040400F31393538334064737370726F643031404000, Body.length=183}
    }
  Service=ClusterService{Name=Cluster, State=(SERVICE_STARTED, STATE_ANNOUNCE), Id=0, Version=3.3}
  ToMemberSet=null
  NotifySent=false
  ToMember=Member(Id=0, Timestamp=2014-09-25 14:47:45.342, Address=10.199.0.26:8089, MachineId=52506, Location=process:2864@pssprod01)
  SeniorMember=Member(Id=1, Timestamp=2014-09-25 14:41:50.371, Address=10.199.0.30:8088, MachineId=52510, Location=process:19583@dssprod01)
  }
2014-09-25 14:48:50.888 Oracle Coherence GE 3.3.1/389 <Info> (thread=Cluster, member=n/a): Created a new cluster with Member(Id=1, Timestamp=2014-09-25 14:47:45.342, Address=10.199.0.26:8089, MachineId=52506, Location=process:2864@pssprod01, Edition=Grid Edition, Mode=Production, CpuCount=2, SocketCount=1) UID=0x0AC7001A00000148AEC8C13ECD1A1F99
2014-09-25 14:48:50.898 Oracle Coherence GE 3.3.1/389 <D5> (thread=DistributedCache, member=1): Service DistributedCache joined the cluster with senior service member 1
Exception in thread "MAIN_SWEEPER_THREAD" java.lang.RuntimeException: Storage is not configured
	at com.tangosol.coherence.component.util.daemon.queueProcessor.service.DistributedCache$BinaryMap.onMissingStorage(DistributedCache.CDB:9)
	at com.tangosol.coherence.component.util.daemon.queueProcessor.service.DistributedCache$BinaryMap.unlock(DistributedCache.CDB:19)
	at com.tangosol.coherence.component.util.daemon.queueProcessor.service.DistributedCache$ViewMap.unlock(DistributedCache.CDB:1)
	at com.tangosol.coherence.component.util.SafeNamedCache.unlock(SafeNamedCache.CDB:1)
	at com.tangosol.net.cache.NearCache.unlock(NearCache.java:346)
	at com.westernasset.sweeper.SweeperProcess.process(SweeperProcess.java:99)
	at com.westernasset.sweeper.SweeperProcess.run(SweeperProcess.java:81)
	at java.lang.Thread.run(Thread.java:636)
2014-09-25 14:48:50.923 Oracle Coherence GE 3.3.1/389 <Info> (thread=Trade Message Fetcher, member=1): Restarting NamedCache: near-com.westernasset.cache.TradeAuditIdCache
2014-09-25 14:48:50,924 ERROR [SubsystemHeartbeatService] SusbsystemHeartbeatService.run
java.lang.RuntimeException: Storage is not configured
	at com.tangosol.coherence.component.util.daemon.queueProcessor.service.DistributedCache$BinaryMap.onMissingStorage(DistributedCache.CDB:9)
	at com.tangosol.coherence.component.util.daemon.queueProcessor.service.DistributedCache$BinaryMap.sendPartitionedRequest(DistributedCache.CDB:32)
	at com.tangosol.coherence.component.util.daemon.queueProcessor.service.DistributedCache$BinaryMap.size(DistributedCache.CDB:13)
	at com.tangosol.util.ConverterCollections$ConverterMap.size(ConverterCollections.java:1248)
	at com.tangosol.coherence.component.util.daemon.queueProcessor.service.DistributedCache$ViewMap.size(DistributedCache.CDB:1)
	at com.tangosol.coherence.component.util.SafeNamedCache.size(SafeNamedCache.CDB:1)
	at com.tangosol.net.cache.CachingMap.size(CachingMap.java:1334)
	at com.westernasset.framework.subsystem.receiving.internal.jms.SubsystemHeartbeatService.fillServiceMap(SubsystemHeartbeatService.java:117)
	at com.westernasset.framework.subsystem.receiving.internal.jms.SubsystemHeartbeatService.fillInHostInfo(SubsystemHeartbeatService.java:67)
	at com.westernasset.framework.subsystem.receiving.internal.jms.SubsystemHeartbeatService.run(SubsystemHeartbeatService.java:146)
2014-09-25 14:48:50,924 ERROR [TradeProcessor] Exception occured while processing message
java.lang.RuntimeException: Storage is not configured
	at com.tangosol.coherence.component.util.daemon.queueProcessor.service.DistributedCache$BinaryMap.onMissingStorage(DistributedCache.CDB:9)
	at com.tangosol.coherence.component.util.daemon.queueProcessor.service.DistributedCache$BinaryMap.addMapListener(DistributedCache.CDB:37)
	at com.tangosol.coherence.component.util.daemon.queueProcessor.service.DistributedCache$ViewMap.addMapListener(DistributedCache.CDB:1)
	at com.tangosol.coherence.component.util.SafeNamedCache.addMapListener(SafeNamedCache.CDB:25)
	at com.tangosol.net.cache.CachingMap.registerListener(CachingMap.java:1640)
	at com.tangosol.net.cache.CachingMap.ensureInvalidationStrategy(CachingMap.java:1756)
	at com.tangosol.net.cache.CachingMap.registerListener(CachingMap.java:1661)
	at com.tangosol.net.cache.CachingMap.get(CachingMap.java:486)
	at com.westernasset.tss.cache.TradeCacheManager.isDuplicateTrade(TradeCacheManager.java:356)
	at com.westernasset.pss.common.util.PojoHelper.createObjects(PojoHelper.java:132)
	at com.westernasset.pss.msg.reciever.process.TradeProcessor.process(TradeProcessor.java:55)
	at com.westernasset.pss.msg.queue.MessageFetcher.processMessage(MessageFetcher.java:91)
	at com.westernasset.pss.msg.queue.MessageFetcher.pullMessageFromQueue(MessageFetcher.java:78)
	at com.westernasset.pss.msg.queue.MessageFetcher.run(MessageFetcher.java:48)
2014-09-25 14:48:50,925 INFO  [TradeProcessor] End process method 732 MB
2014-09-25 14:48:50,925 INFO  [TradeProcessor] Time taken by TradeProcessor.process method 84219
2014-09-25 14:48:50,925 INFO  [MessageFetcher] Processing message completed...[7461781]
2014-09-25 14:48:50,925 INFO  [MessageQueue] Removing the first item of 27 from the queue
2014-09-25 14:48:50,925 INFO  [MessageFetcher] Processing message started...[7461571]
2014-09-25 14:48:50,925 INFO  [TradeProcessor] Begin process method 732 MB
2014-09-25 14:48:50.925 Oracle Coherence GE 3.3.1/389 <Info> (thread=Trade Message Fetcher, member=1): Restarting NamedCache: repl-com.westernasset.cache.SecurityMasterCache
2014-09-25 14:48:50.925 Oracle Coherence GE 3.3.1/389 <Info> (thread=Trade Message Fetcher, member=1): Restarting Service: ReplicatedCache
2014-09-25 14:48:50.934 Oracle Coherence GE 3.3.1/389 <D5> (thread=ReplicatedCache, member=1): Service ReplicatedCache joined the cluster with senior service member 1
2014-09-25 14:48:50.936 Oracle Coherence GE 3.3.1/389 <Info> (thread=Trade Message Fetcher, member=1): Restarting NamedCache: near-com.westernasset.cache.currentBusinessDateListCache
2014-09-25 14:48:50,937 ERROR [TradeProcessor] Error in doSecurityExist
java.lang.RuntimeException: Storage is not configured
	at com.tangosol.coherence.component.util.daemon.queueProcessor.service.DistributedCache$BinaryMap.onMissingStorage(DistributedCache.CDB:9)
	at com.tangosol.coherence.component.util.daemon.queueProcessor.service.DistributedCache$BinaryMap.addMapListener(DistributedCache.CDB:37)
	at com.tangosol.coherence.component.util.daemon.queueProcessor.service.DistributedCache$ViewMap.addMapListener(DistributedCache.CDB:1)
	at com.tangosol.coherence.component.util.SafeNamedCache.addMapListener(SafeNamedCache.CDB:25)
	at com.tangosol.net.cache.CachingMap.registerListener(CachingMap.java:1640)
	at com.tangosol.net.cache.CachingMap.ensureInvalidationStrategy(CachingMap.java:1756)
	at com.tangosol.net.cache.CachingMap.registerListener(CachingMap.java:1661)
	at com.tangosol.net.cache.CachingMap.get(CachingMap.java:486)
	at com.westernasset.smss.common.util.BusinessDateHelper.get(BusinessDateHelper.java:55)
	at com.westernasset.smss.common.util.BusinessDateHelper.getBusinessDateFromCacheWithOffset(BusinessDateHelper.java:130)
	at com.westernasset.smss.common.util.BusinessDateHelper.getCurrentBusinessDateAny(BusinessDateHelper.java:125)
	at com.westernasset.pss.msg.reciever.process.TradeProcessor.doSecurityExist(TradeProcessor.java:328)
	at com.westernasset.pss.msg.reciever.process.TradeProcessor.createSecurity(TradeProcessor.java:296)
	at com.westernasset.pss.msg.reciever.process.TradeProcessor.process(TradeProcessor.java:49)
	at com.westernasset.pss.msg.queue.MessageFetcher.processMessage(MessageFetcher.java:91)
	at com.westernasset.pss.msg.queue.MessageFetcher.pullMessageFromQueue(MessageFetcher.java:78)
	at com.westernasset.pss.msg.queue.MessageFetcher.run(MessageFetcher.java:48)
2014-09-25 14:48:50.942 Oracle Coherence GE 3.3.1/389 <Info> (thread=Trade Message Fetcher, member=1): Restarting NamedCache: near-com.westernasset.cache.SecurityMasterRatingCache
2014-09-25 14:48:50,943 ERROR [AtpToPssMapper] com.westernasset.framework.subsystem.common.SubsystemException: SubsystemExceptionNested:
java.lang.RuntimeException: Storage is not configuredNested:
java.lang.RuntimeException: Storage is not configured
	at com.tangosol.coherence.component.util.daemon.queueProcessor.service.DistributedCache$BinaryMap.onMissingStorage(DistributedCache.CDB:9)
	at com.tangosol.coherence.component.util.daemon.queueProcessor.service.DistributedCache$BinaryMap.addMapListener(DistributedCache.CDB:37)
	at com.tangosol.coherence.component.util.daemon.queueProcessor.service.DistributedCache$ViewMap.addMapListener(DistributedCache.CDB:1)
	at com.tangosol.coherence.component.util.SafeNamedCache.addMapListener(SafeNamedCache.CDB:25)
	at com.tangosol.net.cache.CachingMap.registerListener(CachingMap.java:1640)
	at com.tangosol.net.cache.CachingMap.ensureInvalidationStrategy(CachingMap.java:1756)
	at com.tangosol.net.cache.CachingMap.registerListener(CachingMap.java:1661)
	at com.tangosol.net.cache.CachingMap.get(CachingMap.java:486)
	at com.westernasset.smss.server.SecurityMasterNearCacheSubsystem.getDigitRatingFromString(SecurityMasterNearCacheSubsystem.java:186)
	at com.westernasset.smss.server.SecurityMasterNearCacheSubsystem.handleFuncCall(SecurityMasterNearCacheSubsystem.java:85)
	at com.westernasset.smss.server.SecurityMasterManagementSubsystem.handleFuncCall(SecurityMasterManagementSubsystem.java:23)
	at com.westernasset.framework.subsystem.receiving.SubsystemImpl.innerHandleFuncCall(SubsystemImpl.java:154)
	at com.westernasset.framework.subsystem.receiving.internal.InProcessFunctionCallReceiver.handleFuncCall(InProcessFunctionCallReceiver.java:49)
	at com.westernasset.framework.subsystem.calling.internal.inprocess.InProcessFunctionCallCaller.doCall(InProcessFunctionCallCaller.java:19)
	at com.westernasset.framework.subsystem.calling.internal.inprocess.ForwardIfNotFoundFunctionCallCaller.doCall(ForwardIfNotFoundFunctionCallCaller.java:28)
	at com.westernasset.framework.subsystem.calling.internal.base.BaseFunctionCallCaller.callFunc(BaseFunctionCallCaller.java:33)
	at com.westernasset.framework.subsystem.calling.internal.base.BaseSubsystem.callFunc(BaseSubsystem.java:35)
	at com.westernasset.pss.msg.mapper.AtpToPssMapper.getRating(AtpToPssMapper.java:219)
	at com.westernasset.pss.msg.mapper.AtpToPssMapper.updateSecurityWithRatings(AtpToPssMapper.java:167)
	at com.westernasset.pss.msg.mapper.AtpToPssMapper.createSecurityVO(AtpToPssMapper.java:133)
	at com.westernasset.pss.msg.reciever.process.TradeProcessor.createSecurity(TradeProcessor.java:297)
	at com.westernasset.pss.msg.reciever.process.TradeProcessor.process(TradeProcessor.java:49)
	at com.westernasset.pss.msg.queue.MessageFetcher.processMessage(MessageFetcher.java:91)
	at com.westernasset.pss.msg.queue.MessageFetcher.pullMessageFromQueue(MessageFetcher.java:78)
	at com.westernasset.pss.msg.queue.MessageFetcher.run(MessageFetcher.java:48)

2014-09-25 14:48:50,943 ERROR [AtpToPssMapper] com.westernasset.framework.subsystem.common.SubsystemException: SubsystemExceptionNested:
java.lang.RuntimeException: Storage is not configuredNested:
java.lang.RuntimeException: Storage is not configured
	at com.tangosol.coherence.component.util.daemon.queueProcessor.service.DistributedCache$BinaryMap.onMissingStorage(DistributedCache.CDB:9)
	at com.tangosol.coherence.component.util.daemon.queueProcessor.service.DistributedCache$BinaryMap.get(DistributedCache.CDB:15)
	at com.tangosol.util.ConverterCollections$ConverterMap.get(ConverterCollections.java:1300)
	at com.tangosol.coherence.component.util.daemon.queueProcessor.service.DistributedCache$ViewMap.get(DistributedCache.CDB:1)
	at com.tangosol.coherence.component.util.SafeNamedCache.get(SafeNamedCache.CDB:1)
	at com.tangosol.net.cache.CachingMap.get(CachingMap.java:490)
	at com.westernasset.smss.server.SecurityMasterNearCacheSubsystem.getDigitRatingFromString(SecurityMasterNearCacheSubsystem.java:186)
	at com.westernasset.smss.server.SecurityMasterNearCacheSubsystem.handleFuncCall(SecurityMasterNearCacheSubsystem.java:85)
	at com.westernasset.smss.server.SecurityMasterManagementSubsystem.handleFuncCall(SecurityMasterManagementSubsystem.java:23)
	at com.westernasset.framework.subsystem.receiving.SubsystemImpl.innerHandleFuncCall(SubsystemImpl.java:154)
	at com.westernasset.framework.subsystem.receiving.internal.InProcessFunctionCallReceiver.handleFuncCall(InProcessFunctionCallReceiver.java:49)
	at com.westernasset.framework.subsystem.calling.internal.inprocess.InProcessFunctionCallCaller.doCall(InProcessFunctionCallCaller.java:19)
	at com.westernasset.framework.subsystem.calling.internal.inprocess.ForwardIfNotFoundFunctionCallCaller.doCall(ForwardIfNotFoundFunctionCallCaller.java:28)
	at com.westernasset.framework.subsystem.calling.internal.base.BaseFunctionCallCaller.callFunc(BaseFunctionCallCaller.java:33)
	at com.westernasset.framework.subsystem.calling.internal.base.BaseSubsystem.callFunc(BaseSubsystem.java:35)
	at com.westernasset.pss.msg.mapper.AtpToPssMapper.getRating(AtpToPssMapper.java:219)
	at com.westernasset.pss.msg.mapper.AtpToPssMapper.updateSecurityWithRatings(AtpToPssMapper.java:172)
	at com.westernasset.pss.msg.mapper.AtpToPssMapper.createSecurityVO(AtpToPssMapper.java:133)
	at com.westernasset.pss.msg.reciever.process.TradeProcessor.createSecurity(TradeProcessor.java:297)
	at com.westernasset.pss.msg.reciever.process.TradeProcessor.process(TradeProcessor.java:49)
	at com.westernasset.pss.msg.queue.MessageFetcher.processMessage(MessageFetcher.java:91)
	at com.westernasset.pss.msg.queue.MessageFetcher.pullMessageFromQueue(MessageFetcher.java:78)
	at com.westernasset.pss.msg.queue.MessageFetcher.run(MessageFetcher.java:48)

2014-09-25 14:48:50,944 ERROR [AtpToPssMapper] com.westernasset.framework.subsystem.common.SubsystemException: SubsystemExceptionNested:
java.lang.RuntimeException: Storage is not configuredNested:
java.lang.RuntimeException: Storage is not configured
	at com.tangosol.coherence.component.util.daemon.queueProcessor.service.DistributedCache$BinaryMap.onMissingStorage(DistributedCache.CDB:9)
	at com.tangosol.coherence.component.util.daemon.queueProcessor.service.DistributedCache$BinaryMap.get(DistributedCache.CDB:15)
	at com.tangosol.util.ConverterCollections$ConverterMap.get(ConverterCollections.java:1300)
	at com.tangosol.coherence.component.util.daemon.queueProcessor.service.DistributedCache$ViewMap.get(DistributedCache.CDB:1)
	at com.tangosol.coherence.component.util.SafeNamedCache.get(SafeNamedCache.CDB:1)
	at com.tangosol.net.cache.CachingMap.get(CachingMap.java:490)
	at com.westernasset.smss.server.SecurityMasterNearCacheSubsystem.getDigitRatingFromString(SecurityMasterNearCacheSubsystem.java:186)
	at com.westernasset.smss.server.SecurityMasterNearCacheSubsystem.handleFuncCall(SecurityMasterNearCacheSubsystem.java:85)
	at com.westernasset.smss.server.SecurityMasterManagementSubsystem.handleFuncCall(SecurityMasterManagementSubsystem.java:23)
	at com.westernasset.framework.subsystem.receiving.SubsystemImpl.innerHandleFuncCall(SubsystemImpl.java:154)
	at com.westernasset.framework.subsystem.receiving.internal.InProcessFunctionCallReceiver.handleFuncCall(InProcessFunctionCallReceiver.java:49)
	at com.westernasset.framework.subsystem.calling.internal.inprocess.InProcessFunctionCallCaller.doCall(InProcessFunctionCallCaller.java:19)
	at com.westernasset.framework.subsystem.calling.internal.inprocess.ForwardIfNotFoundFunctionCallCaller.doCall(ForwardIfNotFoundFunctionCallCaller.java:28)
	at com.westernasset.framework.subsystem.calling.internal.base.BaseFunctionCallCaller.callFunc(BaseFunctionCallCaller.java:33)
	at com.westernasset.framework.subsystem.calling.internal.base.BaseSubsystem.callFunc(BaseSubsystem.java:35)
	at com.westernasset.pss.msg.mapper.AtpToPssMapper.getRating(AtpToPssMapper.java:219)
	at com.westernasset.pss.msg.mapper.AtpToPssMapper.updateSecurityWithRatings(AtpToPssMapper.java:177)
	at com.westernasset.pss.msg.mapper.AtpToPssMapper.createSecurityVO(AtpToPssMapper.java:133)
	at com.westernasset.pss.msg.reciever.process.TradeProcessor.createSecurity(TradeProcessor.java:297)
	at com.westernasset.pss.msg.reciever.process.TradeProcessor.process(TradeProcessor.java:49)
	at com.westernasset.pss.msg.queue.MessageFetcher.processMessage(MessageFetcher.java:91)
	at com.westernasset.pss.msg.queue.MessageFetcher.pullMessageFromQueue(MessageFetcher.java:78)
	at com.westernasset.pss.msg.queue.MessageFetcher.run(MessageFetcher.java:48)

2014-09-25 14:48:50,944 ERROR [AtpToPssMapper] com.westernasset.framework.subsystem.common.SubsystemException: SubsystemExceptionNested:
java.lang.RuntimeException: Storage is not configuredNested:
java.lang.RuntimeException: Storage is not configured
	at com.tangosol.coherence.component.util.daemon.queueProcessor.service.DistributedCache$BinaryMap.onMissingStorage(DistributedCache.CDB:9)
	at com.tangosol.coherence.component.util.daemon.queueProcessor.service.DistributedCache$BinaryMap.get(DistributedCache.CDB:15)
	at com.tangosol.util.ConverterCollections$ConverterMap.get(ConverterCollections.java:1300)
	at com.tangosol.coherence.component.util.daemon.queueProcessor.service.DistributedCache$ViewMap.get(DistributedCache.CDB:1)
	at com.tangosol.coherence.component.util.SafeNamedCache.get(SafeNamedCache.CDB:1)
	at com.tangosol.net.cache.CachingMap.get(CachingMap.java:490)
	at com.westernasset.smss.server.SecurityMasterNearCacheSubsystem.getDigitRatingFromString(SecurityMasterNearCacheSubsystem.java:186)
	at com.westernasset.smss.server.SecurityMasterNearCacheSubsystem.handleFuncCall(SecurityMasterNearCacheSubsystem.java:85)
	at com.westernasset.smss.server.SecurityMasterManagementSubsystem.handleFuncCall(SecurityMasterManagementSubsystem.java:23)
	at com.westernasset.framework.subsystem.receiving.SubsystemImpl.innerHandleFuncCall(SubsystemImpl.java:154)
	at com.westernasset.framework.subsystem.receiving.internal.InProcessFunctionCallReceiver.handleFuncCall(InProcessFunctionCallReceiver.java:49)
	at com.westernasset.framework.subsystem.calling.internal.inprocess.InProcessFunctionCallCaller.doCall(InProcessFunctionCallCaller.java:19)
	at com.westernasset.framework.subsystem.calling.internal.inprocess.ForwardIfNotFoundFunctionCallCaller.doCall(ForwardIfNotFoundFunctionCallCaller.java:28)
	at com.westernasset.framework.subsystem.calling.internal.base.BaseFunctionCallCaller.callFunc(BaseFunctionCallCaller.java:33)
	at com.westernasset.framework.subsystem.calling.internal.base.BaseSubsystem.callFunc(BaseSubsystem.java:35)
	at com.westernasset.pss.msg.mapper.AtpToPssMapper.getRating(AtpToPssMapper.java:219)
	at com.westernasset.pss.msg.mapper.AtpToPssMapper.updateSecurityWithRatings(AtpToPssMapper.java:182)
	at com.westernasset.pss.msg.mapper.AtpToPssMapper.createSecurityVO(AtpToPssMapper.java:133)
	at com.westernasset.pss.msg.reciever.process.TradeProcessor.createSecurity(TradeProcessor.java:297)
	at com.westernasset.pss.msg.reciever.process.TradeProcessor.process(TradeProcessor.java:49)
	at com.westernasset.pss.msg.queue.MessageFetcher.processMessage(MessageFetcher.java:91)
	at com.westernasset.pss.msg.queue.MessageFetcher.pullMessageFromQueue(MessageFetcher.java:78)
	at com.westernasset.pss.msg.queue.MessageFetcher.run(MessageFetcher.java:48)

2014-09-25 14:48:50,945 ERROR [AtpToPssMapper] com.westernasset.framework.subsystem.common.SubsystemException: SubsystemExceptionNested:
java.lang.RuntimeException: Storage is not configuredNested:
java.lang.RuntimeException: Storage is not configured
	at com.tangosol.coherence.component.util.daemon.queueProcessor.service.DistributedCache$BinaryMap.onMissingStorage(DistributedCache.CDB:9)
	at com.tangosol.coherence.component.util.daemon.queueProcessor.service.DistributedCache$BinaryMap.get(DistributedCache.CDB:15)
	at com.tangosol.util.ConverterCollections$ConverterMap.get(ConverterCollections.java:1300)
	at com.tangosol.coherence.component.util.daemon.queueProcessor.service.DistributedCache$ViewMap.get(DistributedCache.CDB:1)
	at com.tangosol.coherence.component.util.SafeNamedCache.get(SafeNamedCache.CDB:1)
	at com.tangosol.net.cache.CachingMap.get(CachingMap.java:490)
	at com.westernasset.smss.server.SecurityMasterNearCacheSubsystem.getDigitRatingFromString(SecurityMasterNearCacheSubsystem.java:186)
	at com.westernasset.smss.server.SecurityMasterNearCacheSubsystem.handleFuncCall(SecurityMasterNearCacheSubsystem.java:85)
	at com.westernasset.smss.server.SecurityMasterManagementSubsystem.handleFuncCall(SecurityMasterManagementSubsystem.java:23)
	at com.westernasset.framework.subsystem.receiving.SubsystemImpl.innerHandleFuncCall(SubsystemImpl.java:154)
	at com.westernasset.framework.subsystem.receiving.internal.InProcessFunctionCallReceiver.handleFuncCall(InProcessFunctionCallReceiver.java:49)
	at com.westernasset.framework.subsystem.calling.internal.inprocess.InProcessFunctionCallCaller.doCall(InProcessFunctionCallCaller.java:19)
	at com.westernasset.framework.subsystem.calling.internal.inprocess.ForwardIfNotFoundFunctionCallCaller.doCall(ForwardIfNotFoundFunctionCallCaller.java:28)
	at com.westernasset.framework.subsystem.calling.internal.base.BaseFunctionCallCaller.callFunc(BaseFunctionCallCaller.java:33)
	at com.westernasset.framework.subsystem.calling.internal.base.BaseSubsystem.callFunc(BaseSubsystem.java:35)
	at com.westernasset.pss.msg.mapper.AtpToPssMapper.getRating(AtpToPssMapper.java:219)
	at com.westernasset.pss.msg.mapper.AtpToPssMapper.updateSecurityWithRatings(AtpToPssMapper.java:187)
	at com.westernasset.pss.msg.mapper.AtpToPssMapper.createSecurityVO(AtpToPssMapper.java:133)
	at com.westernasset.pss.msg.reciever.process.TradeProcessor.createSecurity(TradeProcessor.java:297)
	at com.westernasset.pss.msg.reciever.process.TradeProcessor.process(TradeProcessor.java:49)
	at com.westernasset.pss.msg.queue.MessageFetcher.processMessage(MessageFetcher.java:91)
	at com.westernasset.pss.msg.queue.MessageFetcher.pullMessageFromQueue(MessageFetcher.java:78)
	at com.westernasset.pss.msg.queue.MessageFetcher.run(MessageFetcher.java:48)

2014-09-25 14:48:50,946 ERROR [AtpToPssMapper] com.westernasset.framework.subsystem.common.SubsystemException: SubsystemExceptionNested:
java.lang.RuntimeException: Storage is not configuredNested:
java.lang.RuntimeException: Storage is not configured
	at com.tangosol.coherence.component.util.daemon.queueProcessor.service.DistributedCache$BinaryMap.onMissingStorage(DistributedCache.CDB:9)
	at com.tangosol.coherence.component.util.daemon.queueProcessor.service.DistributedCache$BinaryMap.get(DistributedCache.CDB:15)
	at com.tangosol.util.ConverterCollections$ConverterMap.get(ConverterCollections.java:1300)
	at com.tangosol.coherence.component.util.daemon.queueProcessor.service.DistributedCache$ViewMap.get(DistributedCache.CDB:1)
	at com.tangosol.coherence.component.util.SafeNamedCache.get(SafeNamedCache.CDB:1)
	at com.tangosol.net.cache.CachingMap.get(CachingMap.java:490)
	at com.westernasset.smss.server.SecurityMasterNearCacheSubsystem.getDigitRatingFromString(SecurityMasterNearCacheSubsystem.java:186)
	at com.westernasset.smss.server.SecurityMasterNearCacheSubsystem.handleFuncCall(SecurityMasterNearCacheSubsystem.java:85)
	at com.westernasset.smss.server.SecurityMasterManagementSubsystem.handleFuncCall(SecurityMasterManagementSubsystem.java:23)
	at com.westernasset.framework.subsystem.receiving.SubsystemImpl.innerHandleFuncCall(SubsystemImpl.java:154)
	at com.westernasset.framework.subsystem.receiving.internal.InProcessFunctionCallReceiver.handleFuncCall(InProcessFunctionCallReceiver.java:49)
	at com.westernasset.framework.subsystem.calling.internal.inprocess.InProcessFunctionCallCaller.doCall(InProcessFunctionCallCaller.java:19)
	at com.westernasset.framework.subsystem.calling.internal.inprocess.ForwardIfNotFoundFunctionCallCaller.doCall(ForwardIfNotFoundFunctionCallCaller.java:28)
	at com.westernasset.framework.subsystem.calling.internal.base.BaseFunctionCallCaller.callFunc(BaseFunctionCallCaller.java:33)
	at com.westernasset.framework.subsystem.calling.internal.base.BaseSubsystem.callFunc(BaseSubsystem.java:35)
	at com.westernasset.pss.msg.mapper.AtpToPssMapper.getRating(AtpToPssMapper.java:219)
	at com.westernasset.pss.msg.mapper.AtpToPssMapper.updateSecurityWithRatings(AtpToPssMapper.java:192)
	at com.westernasset.pss.msg.mapper.AtpToPssMapper.createSecurityVO(AtpToPssMapper.java:133)
	at com.westernasset.pss.msg.reciever.process.TradeProcessor.createSecurity(TradeProcessor.java:297)
	at com.westernasset.pss.msg.reciever.process.TradeProcessor.process(TradeProcessor.java:49)
	at com.westernasset.pss.msg.queue.MessageFetcher.processMessage(MessageFetcher.java:91)
	at com.westernasset.pss.msg.queue.MessageFetcher.pullMessageFromQueue(MessageFetcher.java:78)
	at com.westernasset.pss.msg.queue.MessageFetcher.run(MessageFetcher.java:48)

2014-09-25 14:48:50,946 ERROR [AtpToPssMapper] com.westernasset.framework.subsystem.common.SubsystemException: SubsystemExceptionNested:
java.lang.RuntimeException: Storage is not configuredNested:
java.lang.RuntimeException: Storage is not configured
	at com.tangosol.coherence.component.util.daemon.queueProcessor.service.DistributedCache$BinaryMap.onMissingStorage(DistributedCache.CDB:9)
	at com.tangosol.coherence.component.util.daemon.queueProcessor.service.DistributedCache$BinaryMap.get(DistributedCache.CDB:15)
	at com.tangosol.util.ConverterCollections$ConverterMap.get(ConverterCollections.java:1300)
	at com.tangosol.coherence.component.util.daemon.queueProcessor.service.DistributedCache$ViewMap.get(DistributedCache.CDB:1)
	at com.tangosol.coherence.component.util.SafeNamedCache.get(SafeNamedCache.CDB:1)
	at com.tangosol.net.cache.CachingMap.get(CachingMap.java:490)
	at com.westernasset.smss.server.SecurityMasterNearCacheSubsystem.getDigitRatingFromString(SecurityMasterNearCacheSubsystem.java:186)
	at com.westernasset.smss.server.SecurityMasterNearCacheSubsystem.handleFuncCall(SecurityMasterNearCacheSubsystem.java:85)
	at com.westernasset.smss.server.SecurityMasterManagementSubsystem.handleFuncCall(SecurityMasterManagementSubsystem.java:23)
	at com.westernasset.framework.subsystem.receiving.SubsystemImpl.innerHandleFuncCall(SubsystemImpl.java:154)
	at com.westernasset.framework.subsystem.receiving.internal.InProcessFunctionCallReceiver.handleFuncCall(InProcessFunctionCallReceiver.java:49)
	at com.westernasset.framework.subsystem.calling.internal.inprocess.InProcessFunctionCallCaller.doCall(InProcessFunctionCallCaller.java:19)
	at com.westernasset.framework.subsystem.calling.internal.inprocess.ForwardIfNotFoundFunctionCallCaller.doCall(ForwardIfNotFoundFunctionCallCaller.java:28)
	at com.westernasset.framework.subsystem.calling.internal.base.BaseFunctionCallCaller.callFunc(BaseFunctionCallCaller.java:33)
	at com.westernasset.framework.subsystem.calling.internal.base.BaseSubsystem.callFunc(BaseSubsystem.java:35)
	at com.westernasset.pss.msg.mapper.AtpToPssMapper.getRating(AtpToPssMapper.java:219)
	at com.westernasset.pss.msg.mapper.AtpToPssMapper.updateSecurityWithRatings(AtpToPssMapper.java:197)
	at com.westernasset.pss.msg.mapper.AtpToPssMapper.createSecurityVO(AtpToPssMapper.java:133)
	at com.westernasset.pss.msg.reciever.process.TradeProcessor.createSecurity(TradeProcessor.java:297)
	at com.westernasset.pss.msg.reciever.process.TradeProcessor.process(TradeProcessor.java:49)
	at com.westernasset.pss.msg.queue.MessageFetcher.processMessage(MessageFetcher.java:91)
	at com.westernasset.pss.msg.queue.MessageFetcher.pullMessageFromQueue(MessageFetcher.java:78)
	at com.westernasset.pss.msg.queue.MessageFetcher.run(MessageFetcher.java:48)

2014-09-25 14:48:50,947 ERROR [AtpToPssMapper] com.westernasset.framework.subsystem.common.SubsystemException: SubsystemExceptionNested:
java.lang.RuntimeException: Storage is not configuredNested:
java.lang.RuntimeException: Storage is not configured
	at com.tangosol.coherence.component.util.daemon.queueProcessor.service.DistributedCache$BinaryMap.onMissingStorage(DistributedCache.CDB:9)
	at com.tangosol.coherence.component.util.daemon.queueProcessor.service.DistributedCache$BinaryMap.get(DistributedCache.CDB:15)
	at com.tangosol.util.ConverterCollections$ConverterMap.get(ConverterCollections.java:1300)
	at com.tangosol.coherence.component.util.daemon.queueProcessor.service.DistributedCache$ViewMap.get(DistributedCache.CDB:1)
	at com.tangosol.coherence.component.util.SafeNamedCache.get(SafeNamedCache.CDB:1)
	at com.tangosol.net.cache.CachingMap.get(CachingMap.java:490)
	at com.westernasset.smss.server.SecurityMasterNearCacheSubsystem.getDigitRatingFromString(SecurityMasterNearCacheSubsystem.java:186)
	at com.westernasset.smss.server.SecurityMasterNearCacheSubsystem.handleFuncCall(SecurityMasterNearCacheSubsystem.java:85)
	at com.westernasset.smss.server.SecurityMasterManagementSubsystem.handleFuncCall(SecurityMasterManagementSubsystem.java:23)
	at com.westernasset.framework.subsystem.receiving.SubsystemImpl.innerHandleFuncCall(SubsystemImpl.java:154)
	at com.westernasset.framework.subsystem.receiving.internal.InProcessFunctionCallReceiver.handleFuncCall(InProcessFunctionCallReceiver.java:49)
	at com.westernasset.framework.subsystem.calling.internal.inprocess.InProcessFunctionCallCaller.doCall(InProcessFunctionCallCaller.java:19)
	at com.westernasset.framework.subsystem.calling.internal.inprocess.ForwardIfNotFoundFunctionCallCaller.doCall(ForwardIfNotFoundFunctionCallCaller.java:28)
	at com.westernasset.framework.subsystem.calling.internal.base.BaseFunctionCallCaller.callFunc(BaseFunctionCallCaller.java:33)
	at com.westernasset.framework.subsystem.calling.internal.base.BaseSubsystem.callFunc(BaseSubsystem.java:35)
	at com.westernasset.pss.msg.mapper.AtpToPssMapper.getRating(AtpToPssMapper.java:219)
	at com.westernasset.pss.msg.mapper.AtpToPssMapper.updateSecurityWithRatings(AtpToPssMapper.java:202)
	at com.westernasset.pss.msg.mapper.AtpToPssMapper.createSecurityVO(AtpToPssMapper.java:133)
	at com.westernasset.pss.msg.reciever.process.TradeProcessor.createSecurity(TradeProcessor.java:297)
	at com.westernasset.pss.msg.reciever.process.TradeProcessor.process(TradeProcessor.java:49)
	at com.westernasset.pss.msg.queue.MessageFetcher.processMessage(MessageFetcher.java:91)
	at com.westernasset.pss.msg.queue.MessageFetcher.pullMessageFromQueue(MessageFetcher.java:78)
	at com.westernasset.pss.msg.queue.MessageFetcher.run(MessageFetcher.java:48)

2014-09-25 14:48:50.949 Oracle Coherence GE 3.3.1/389 <Info> (thread=Trade Message Fetcher, member=1): Restarting NamedCache: near-com.westernasset.cache.CompIssuerCache
2014-09-25 14:48:50,949 ERROR [SecurityCacheManager] Failed to add security to cache: Storage is not configured : {SecurityId=1515753, AMTValue=1.0, MoodyRating=0, MoodyShortRating=0, FitchRating=0, FitchShortRating=0, SecurityTypeId=22, AssetTypeId=8, ProductId=20, SpRating=0, SpShortRating=0, WaRating=0, WaShortRating=0, IssueDate=2014-07-21T00:00:00.000-0700, MaturityDate=1943-10-02T00:00:00.000-0700, AssetId=37045VAF7, CurrencyCode=USD, SecurityType=CORPORATE, Description=GENERAL MOTORS CO, Product=Bonds/Notes (Par), SubSubSector=AUTOMOTIVE, TickerSymbol=GM, BBName=GENERAL MOTORS CO, IntType=FIXED, MinPiece=2000.0000, MinIncrement=2000.0000, AverageLife=29.022, Coupon=6.25, Dtm=10599.0, DtmLegalFinal=10599.0, Factor=1.0, DurationFactor=1.0, EffectiveConvexity=3.066, EffectiveDuration=14.084, YieldToWorst=5.331, MarketCFYield=5.331, OptionASpread=218.0, SpreadDuration=13.37, Country=US, AMT=N, NyIssuer=GM&8, LnIssuer=GM&8}
java.lang.RuntimeException: Storage is not configured
	at com.tangosol.coherence.component.util.daemon.queueProcessor.service.DistributedCache$BinaryMap.onMissingStorage(DistributedCache.CDB:9)
	at com.tangosol.coherence.component.util.daemon.queueProcessor.service.DistributedCache$BinaryMap.addMapListener(DistributedCache.CDB:37)
	at com.tangosol.coherence.component.util.daemon.queueProcessor.service.DistributedCache$ViewMap.addMapListener(DistributedCache.CDB:1)
	at com.tangosol.coherence.component.util.SafeNamedCache.addMapListener(SafeNamedCache.CDB:25)
	at com.tangosol.net.cache.CachingMap.registerListener(CachingMap.java:1640)
	at com.tangosol.net.cache.CachingMap.ensureInvalidationStrategy(CachingMap.java:1756)
	at com.tangosol.net.cache.CachingMap.registerListener(CachingMap.java:1661)
	at com.tangosol.net.cache.CachingMap.get(CachingMap.java:486)
	at com.westernasset.smss.common.util.BusinessUtils.getIssuerDesciption(BusinessUtils.java:146)
	at com.westernasset.smss.common.util.BusinessUtils.fillNUIssuerId(BusinessUtils.java:513)
	at com.westernasset.smss.common.util.BusinessUtils.fillDerivedValues(BusinessUtils.java:421)
	at com.westernasset.smss.server.SecurityCacheManager.addSecurity(SecurityCacheManager.java:137)
	at com.westernasset.smss.server.SecurityMasterNearCacheSubsystem.addSecurity(SecurityMasterNearCacheSubsystem.java:202)
	at com.westernasset.smss.server.SecurityMasterNearCacheSubsystem.handleFuncCall(SecurityMasterNearCacheSubsystem.java:92)
	at com.westernasset.smss.server.SecurityMasterManagementSubsystem.handleFuncCall(SecurityMasterManagementSubsystem.java:23)
	at com.westernasset.framework.subsystem.receiving.SubsystemImpl.innerHandleFuncCall(SubsystemImpl.java:154)
	at com.westernasset.framework.subsystem.receiving.internal.InProcessFunctionCallReceiver.handleFuncCall(InProcessFunctionCallReceiver.java:49)
	at com.westernasset.framework.subsystem.calling.internal.inprocess.InProcessFunctionCallCaller.doCall(InProcessFunctionCallCaller.java:19)
	at com.westernasset.framework.subsystem.calling.internal.inprocess.ForwardIfNotFoundFunctionCallCaller.doCall(ForwardIfNotFoundFunctionCallCaller.java:28)
	at com.westernasset.framework.subsystem.calling.internal.base.BaseFunctionCallCaller.callFunc(BaseFunctionCallCaller.java:33)
	at com.westernasset.framework.subsystem.calling.internal.base.BaseSubsystem.callFunc(BaseSubsystem.java:35)
	at com.westernasset.pss.msg.reciever.process.TradeProcessor.createSecurity(TradeProcessor.java:302)
	at com.westernasset.pss.msg.reciever.process.TradeProcessor.process(TradeProcessor.java:49)
	at com.westernasset.pss.msg.queue.MessageFetcher.processMessage(MessageFetcher.java:91)
	at com.westernasset.pss.msg.queue.MessageFetcher.pullMessageFromQueue(MessageFetcher.java:78)
	at com.westernasset.pss.msg.queue.MessageFetcher.run(MessageFetcher.java:48)
2014-09-25 14:48:50,950 INFO  [TradeProcessor] Created Security :{SecurityId=1515753, AMTValue=1.0, MoodyRating=0, MoodyShortRating=0, FitchRating=0, FitchShortRating=0, SecurityTypeId=22, AssetTypeId=8, ProductId=20, SpRating=0, SpShortRating=0, WaRating=0, WaShortRating=0, IssueDate=2014-07-21T00:00:00.000-0700, MaturityDate=1943-10-02T00:00:00.000-0700, AssetId=37045VAF7, CurrencyCode=USD, SecurityType=CORPORATE, Description=GENERAL MOTORS CO, Product=Bonds/Notes (Par), SubSubSector=AUTOMOTIVE, TickerSymbol=GM, BBName=GENERAL MOTORS CO, IntType=FIXED, MinPiece=2000.0000, MinIncrement=2000.0000, AverageLife=29.022, Coupon=6.25, Dtm=10599.0, DtmLegalFinal=10599.0, Factor=1.0, DurationFactor=1.0, EffectiveConvexity=3.066, EffectiveDuration=14.084, YieldToWorst=5.331, MarketCFYield=5.331, OptionASpread=218.0, SpreadDuration=13.37, Country=US, AMT=N, NyIssuer=GM&8, LnIssuer=GM&8}
2014-09-25 14:48:50.951 Oracle Coherence GE 3.3.1/389 <Info> (thread=Trade Message Fetcher, member=1): Restarting NamedCache: near-com.westernasset.cache.TradeCache
2014-09-25 14:48:50,952 ERROR [TradeProcessor] Error in getPrioTradeStatusByMessage
com.westernasset.framework.subsystem.common.SubsystemException: SubsystemExceptionNested:
java.lang.RuntimeException: Storage is not configuredNested:
java.lang.RuntimeException: Storage is not configured
	at com.tangosol.coherence.component.util.daemon.queueProcessor.service.DistributedCache$BinaryMap.onMissingStorage(DistributedCache.CDB:9)
	at com.tangosol.coherence.component.util.daemon.queueProcessor.service.DistributedCache$BinaryMap.addMapListener(DistributedCache.CDB:37)
	at com.tangosol.coherence.component.util.daemon.queueProcessor.service.DistributedCache$ViewMap.addMapListener(DistributedCache.CDB:1)
	at com.tangosol.coherence.component.util.SafeNamedCache.addMapListener(SafeNamedCache.CDB:25)
	at com.tangosol.net.cache.CachingMap.registerListener(CachingMap.java:1640)
	at com.tangosol.net.cache.CachingMap.ensureInvalidationStrategy(CachingMap.java:1756)
	at com.tangosol.net.cache.CachingMap.registerListener(CachingMap.java:1661)
	at com.tangosol.net.cache.CachingMap.get(CachingMap.java:486)
	at com.westernasset.tss.cache.TradeCacheManager.getTradeById(TradeCacheManager.java:202)
	at com.westernasset.tss.services.TradeNearCacheSubsystem.getTradeById(TradeNearCacheSubsystem.java:104)
	at com.westernasset.tss.services.TradeNearCacheSubsystem.handleFuncCall(TradeNearCacheSubsystem.java:50)
	at com.westernasset.tss.services.TradeSubsystem.handleFuncCall(TradeSubsystem.java:29)
	at com.westernasset.framework.subsystem.receiving.SubsystemImpl.innerHandleFuncCall(SubsystemImpl.java:154)
	at com.westernasset.framework.subsystem.receiving.internal.InProcessFunctionCallReceiver.handleFuncCall(InProcessFunctionCallReceiver.java:49)
	at com.westernasset.framework.subsystem.calling.internal.inprocess.InProcessFunctionCallCaller.doCall(InProcessFunctionCallCaller.java:19)
	at com.westernasset.framework.subsystem.calling.internal.inprocess.ForwardIfNotFoundFunctionCallCaller.doCall(ForwardIfNotFoundFunctionCallCaller.java:28)
	at com.westernasset.framework.subsystem.calling.internal.base.BaseFunctionCallCaller.callFunc(BaseFunctionCallCaller.java:33)
	at com.westernasset.framework.subsystem.calling.internal.base.BaseSubsystem.callFunc(BaseSubsystem.java:35)
	at com.westernasset.pss.msg.reciever.process.TradeProcessor.getTradeByTradeId(TradeProcessor.java:250)
	at com.westernasset.pss.msg.reciever.process.TradeProcessor.getPrioTradeStatusByMessage(TradeProcessor.java:268)
	at com.westernasset.pss.msg.reciever.process.TradeProcessor.process(TradeProcessor.java:50)
	at com.westernasset.pss.msg.queue.MessageFetcher.processMessage(MessageFetcher.java:91)
	at com.westernasset.pss.msg.queue.MessageFetcher.pullMessageFromQueue(MessageFetcher.java:78)
	at com.westernasset.pss.msg.queue.MessageFetcher.run(MessageFetcher.java:48)

	at com.westernasset.framework.subsystem.common.internal.SubsystemExceptionUtils.dataObjectToException(SubsystemExceptionUtils.java:38)
	at com.westernasset.framework.subsystem.common.internal.SubsystemExceptionUtils.throwExceptionIfNeeded(SubsystemExceptionUtils.java:15)
	at com.westernasset.framework.subsystem.calling.internal.base.BaseSubsystem.callFunc(BaseSubsystem.java:37)
	at com.westernasset.pss.msg.reciever.process.TradeProcessor.getTradeByTradeId(TradeProcessor.java:250)
	at com.westernasset.pss.msg.reciever.process.TradeProcessor.getPrioTradeStatusByMessage(TradeProcessor.java:268)
	at com.westernasset.pss.msg.reciever.process.TradeProcessor.process(TradeProcessor.java:50)
	at com.westernasset.pss.msg.queue.MessageFetcher.processMessage(MessageFetcher.java:91)
	at com.westernasset.pss.msg.queue.MessageFetcher.pullMessageFromQueue(MessageFetcher.java:78)
	at com.westernasset.pss.msg.queue.MessageFetcher.run(MessageFetcher.java:48)
2014-09-25 14:48:50,952 ERROR [TradeProcessor] Exception occured while processing message
java.lang.RuntimeException: Storage is not configured
	at com.tangosol.coherence.component.util.daemon.queueProcessor.service.DistributedCache$BinaryMap.onMissingStorage(DistributedCache.CDB:9)
	at com.tangosol.coherence.component.util.daemon.queueProcessor.service.DistributedCache$BinaryMap.get(DistributedCache.CDB:15)
	at com.tangosol.util.ConverterCollections$ConverterMap.get(ConverterCollections.java:1300)
	at com.tangosol.coherence.component.util.daemon.queueProcessor.service.DistributedCache$ViewMap.get(DistributedCache.CDB:1)
	at com.tangosol.coherence.component.util.SafeNamedCache.get(SafeNamedCache.CDB:1)
	at com.tangosol.net.cache.CachingMap.get(CachingMap.java:490)
	at com.westernasset.tss.cache.TradeCacheManager.isDuplicateTrade(TradeCacheManager.java:356)
	at com.westernasset.pss.common.util.PojoHelper.createObjects(PojoHelper.java:132)
	at com.westernasset.pss.msg.reciever.process.TradeProcessor.process(TradeProcessor.java:55)
	at com.westernasset.pss.msg.queue.MessageFetcher.processMessage(MessageFetcher.java:91)
	at com.westernasset.pss.msg.queue.MessageFetcher.pullMessageFromQueue(MessageFetcher.java:78)
	at com.westernasset.pss.msg.queue.MessageFetcher.run(MessageFetcher.java:48)
2014-09-25 14:48:50,952 INFO  [TradeProcessor] End process method 734 MB
2014-09-25 14:48:50,952 INFO  [TradeProcessor] Time taken by TradeProcessor.process method 27
2014-09-25 14:48:50,952 INFO  [MessageFetcher] Processing message completed...[7461571]
2014-09-25 14:48:50,952 INFO  [MessageQueue] Removing the first item of 26 from the queue
2014-09-25 14:48:50,952 INFO  [MessageFetcher] Processing message started...[7461932]
2014-09-25 14:48:50,952 INFO  [TradeProcessor] Begin process method 734 MB
2014-09-25 14:48:50,953 ERROR [TradeProcessor] Error in doSecurityExist
java.lang.RuntimeException: Storage is not configured
	at com.tangosol.coherence.component.util.daemon.queueProcessor.service.DistributedCache$BinaryMap.onMissingStorage(DistributedCache.CDB:9)
	at com.tangosol.coherence.component.util.daemon.queueProcessor.service.DistributedCache$BinaryMap.get(DistributedCache.CDB:15)
	at com.tangosol.util.ConverterCollections$ConverterMap.get(ConverterCollections.java:1300)
	at com.tangosol.coherence.component.util.daemon.queueProcessor.service.DistributedCache$ViewMap.get(DistributedCache.CDB:1)
	at com.tangosol.coherence.component.util.SafeNamedCache.get(SafeNamedCache.CDB:1)
	at com.tangosol.net.cache.CachingMap.get(CachingMap.java:490)
	at com.westernasset.smss.common.util.BusinessDateHelper.get(BusinessDateHelper.java:55)
	at com.westernasset.smss.common.util.BusinessDateHelper.getBusinessDateFromCacheWithOffset(BusinessDateHelper.java:130)
	at com.westernasset.smss.common.util.BusinessDateHelper.getCurrentBusinessDateAny(BusinessDateHelper.java:125)
	at com.westernasset.pss.msg.reciever.process.TradeProcessor.doSecurityExist(TradeProcessor.java:328)
	at com.westernasset.pss.msg.reciever.process.TradeProcessor.createSecurity(TradeProcessor.java:296)
	at com.westernasset.pss.msg.reciever.process.TradeProcessor.process(TradeProcessor.java:49)
	at com.westernasset.pss.msg.queue.MessageFetcher.processMessage(MessageFetcher.java:91)
	at com.westernasset.pss.msg.queue.MessageFetcher.pullMessageFromQueue(MessageFetcher.java:78)
	at com.westernasset.pss.msg.queue.MessageFetcher.run(MessageFetcher.java:48)
2014-09-25 14:48:50,954 ERROR [AtpToPssMapper] com.westernasset.framework.subsystem.common.SubsystemException: SubsystemExceptionNested:
java.lang.RuntimeException: Storage is not configuredNested:
java.lang.RuntimeException: Storage is not configured
	at com.tangosol.coherence.component.util.daemon.queueProcessor.service.DistributedCache$BinaryMap.onMissingStorage(DistributedCache.CDB:9)
	at com.tangosol.coherence.component.util.daemon.queueProcessor.service.DistributedCache$BinaryMap.get(DistributedCache.CDB:15)
	at com.tangosol.util.ConverterCollections$ConverterMap.get(ConverterCollections.java:1300)
	at com.tangosol.coherence.component.util.daemon.queueProcessor.service.DistributedCache$ViewMap.get(DistributedCache.CDB:1)
	at com.tangosol.coherence.component.util.SafeNamedCache.get(SafeNamedCache.CDB:1)
	at com.tangosol.net.cache.CachingMap.get(CachingMap.java:490)
	at com.westernasset.smss.server.SecurityMasterNearCacheSubsystem.getDigitRatingFromString(SecurityMasterNearCacheSubsystem.java:186)
	at com.westernasset.smss.server.SecurityMasterNearCacheSubsystem.handleFuncCall(SecurityMasterNearCacheSubsystem.java:85)
	at com.westernasset.smss.server.SecurityMasterManagementSubsystem.handleFuncCall(SecurityMasterManagementSubsystem.java:23)
	at com.westernasset.framework.subsystem.receiving.SubsystemImpl.innerHandleFuncCall(SubsystemImpl.java:154)
	at com.westernasset.framework.subsystem.receiving.internal.InProcessFunctionCallReceiver.handleFuncCall(InProcessFunctionCallReceiver.java:49)
	at com.westernasset.framework.subsystem.calling.internal.inprocess.InProcessFunctionCallCaller.doCall(InProcessFunctionCallCaller.java:19)
	at com.westernasset.framework.subsystem.calling.internal.inprocess.ForwardIfNotFoundFunctionCallCaller.doCall(ForwardIfNotFoundFunctionCallCaller.java:28)
	at com.westernasset.framework.subsystem.calling.internal.base.BaseFunctionCallCaller.callFunc(BaseFunctionCallCaller.java:33)
	at com.westernasset.framework.subsystem.calling.internal.base.BaseSubsystem.callFunc(BaseSubsystem.java:35)
	at com.westernasset.pss.msg.mapper.AtpToPssMapper.getRating(AtpToPssMapper.java:219)
	at com.westernasset.pss.msg.mapper.AtpToPssMapper.updateSecurityWithRatings(AtpToPssMapper.java:167)
	at com.westernasset.pss.msg.mapper.AtpToPssMapper.createSecurityVO(AtpToPssMapper.java:133)
	at com.westernasset.pss.msg.reciever.process.TradeProcessor.createSecurity(TradeProcessor.java:297)
	at com.westernasset.pss.msg.reciever.process.TradeProcessor.process(TradeProcessor.java:49)
	at com.westernasset.pss.msg.queue.MessageFetcher.processMessage(MessageFetcher.java:91)
	at com.westernasset.pss.msg.queue.MessageFetcher.pullMessageFromQueue(MessageFetcher.java:78)
	at com.westernasset.pss.msg.queue.MessageFetcher.run(MessageFetcher.java:48)

2014-09-25 14:48:50,954 ERROR [AtpToPssMapper] com.westernasset.framework.subsystem.common.SubsystemException: SubsystemExceptionNested:
java.lang.RuntimeException: Storage is not configuredNested:
java.lang.RuntimeException: Storage is not configured
	at com.tangosol.coherence.component.util.daemon.queueProcessor.service.DistributedCache$BinaryMap.onMissingStorage(DistributedCache.CDB:9)
	at com.tangosol.coherence.component.util.daemon.queueProcessor.service.DistributedCache$BinaryMap.get(DistributedCache.CDB:15)
	at com.tangosol.util.ConverterCollections$ConverterMap.get(ConverterCollections.java:1300)
	at com.tangosol.coherence.component.util.daemon.queueProcessor.service.DistributedCache$ViewMap.get(DistributedCache.CDB:1)
	at com.tangosol.coherence.component.util.SafeNamedCache.get(SafeNamedCache.CDB:1)
	at com.tangosol.net.cache.CachingMap.get(CachingMap.java:490)
	at com.westernasset.smss.server.SecurityMasterNearCacheSubsystem.getDigitRatingFromString(SecurityMasterNearCacheSubsystem.java:186)
	at com.westernasset.smss.server.SecurityMasterNearCacheSubsystem.handleFuncCall(SecurityMasterNearCacheSubsystem.java:85)
	at com.westernasset.smss.server.SecurityMasterManagementSubsystem.handleFuncCall(SecurityMasterManagementSubsystem.java:23)
	at com.westernasset.framework.subsystem.receiving.SubsystemImpl.innerHandleFuncCall(SubsystemImpl.java:154)
	at com.westernasset.framework.subsystem.receiving.internal.InProcessFunctionCallReceiver.handleFuncCall(InProcessFunctionCallReceiver.java:49)
	at com.westernasset.framework.subsystem.calling.internal.inprocess.InProcessFunctionCallCaller.doCall(InProcessFunctionCallCaller.java:19)
	at com.westernasset.framework.subsystem.calling.internal.inprocess.ForwardIfNotFoundFunctionCallCaller.doCall(ForwardIfNotFoundFunctionCallCaller.java:28)
	at com.westernasset.framework.subsystem.calling.internal.base.BaseFunctionCallCaller.callFunc(BaseFunctionCallCaller.java:33)
	at com.westernasset.framework.subsystem.calling.internal.base.BaseSubsystem.callFunc(BaseSubsystem.java:35)
	at com.westernasset.pss.msg.mapper.AtpToPssMapper.getRating(AtpToPssMapper.java:219)
	at com.westernasset.pss.msg.mapper.AtpToPssMapper.updateSecurityWithRatings(AtpToPssMapper.java:172)
	at com.westernasset.pss.msg.mapper.AtpToPssMapper.createSecurityVO(AtpToPssMapper.java:133)
	at com.westernasset.pss.msg.reciever.process.TradeProcessor.createSecurity(TradeProcessor.java:297)
	at com.westernasset.pss.msg.reciever.process.TradeProcessor.process(TradeProcessor.java:49)
	at com.westernasset.pss.msg.queue.MessageFetcher.processMessage(MessageFetcher.java:91)
	at com.westernasset.pss.msg.queue.MessageFetcher.pullMessageFromQueue(MessageFetcher.java:78)
	at com.westernasset.pss.msg.queue.MessageFetcher.run(MessageFetcher.java:48)

2014-09-25 14:48:50,955 ERROR [AtpToPssMapper] com.westernasset.framework.subsystem.common.SubsystemException: SubsystemExceptionNested:
java.lang.RuntimeException: Storage is not configuredNested:
java.lang.RuntimeException: Storage is not configured
	at com.tangosol.coherence.component.util.daemon.queueProcessor.service.DistributedCache$BinaryMap.onMissingStorage(DistributedCache.CDB:9)
	at com.tangosol.coherence.component.util.daemon.queueProcessor.service.DistributedCache$BinaryMap.get(DistributedCache.CDB:15)
	at com.tangosol.util.ConverterCollections$ConverterMap.get(ConverterCollections.java:1300)
	at com.tangosol.coherence.component.util.daemon.queueProcessor.service.DistributedCache$ViewMap.get(DistributedCache.CDB:1)
	at com.tangosol.coherence.component.util.SafeNamedCache.get(SafeNamedCache.CDB:1)
	at com.tangosol.net.cache.CachingMap.get(CachingMap.java:490)
	at com.westernasset.smss.server.SecurityMasterNearCacheSubsystem.getDigitRatingFromString(SecurityMasterNearCacheSubsystem.java:186)
	at com.westernasset.smss.server.SecurityMasterNearCacheSubsystem.handleFuncCall(SecurityMasterNearCacheSubsystem.java:85)
	at com.westernasset.smss.server.SecurityMasterManagementSubsystem.handleFuncCall(SecurityMasterManagementSubsystem.java:23)
	at com.westernasset.framework.subsystem.receiving.SubsystemImpl.innerHandleFuncCall(SubsystemImpl.java:154)
	at com.westernasset.framework.subsystem.receiving.internal.InProcessFunctionCallReceiver.handleFuncCall(InProcessFunctionCallReceiver.java:49)
	at com.westernasset.framework.subsystem.calling.internal.inprocess.InProcessFunctionCallCaller.doCall(InProcessFunctionCallCaller.java:19)
	at com.westernasset.framework.subsystem.calling.internal.inprocess.ForwardIfNotFoundFunctionCallCaller.doCall(ForwardIfNotFoundFunctionCallCaller.java:28)
	at com.westernasset.framework.subsystem.calling.internal.base.BaseFunctionCallCaller.callFunc(BaseFunctionCallCaller.java:33)
	at com.westernasset.framework.subsystem.calling.internal.base.BaseSubsystem.callFunc(BaseSubsystem.java:35)
	at com.westernasset.pss.msg.mapper.AtpToPssMapper.getRating(AtpToPssMapper.java:219)
	at com.westernasset.pss.msg.mapper.AtpToPssMapper.updateSecurityWithRatings(AtpToPssMapper.java:177)
	at com.westernasset.pss.msg.mapper.AtpToPssMapper.createSecurityVO(AtpToPssMapper.java:133)
	at com.westernasset.pss.msg.reciever.process.TradeProcessor.createSecurity(TradeProcessor.java:297)
	at com.westernasset.pss.msg.reciever.process.TradeProcessor.process(TradeProcessor.java:49)
	at com.westernasset.pss.msg.queue.MessageFetcher.processMessage(MessageFetcher.java:91)
	at com.westernasset.pss.msg.queue.MessageFetcher.pullMessageFromQueue(MessageFetcher.java:78)
	at com.westernasset.pss.msg.queue.MessageFetcher.run(MessageFetcher.java:48)

2014-09-25 14:48:50,955 ERROR [AtpToPssMapper] com.westernasset.framework.subsystem.common.SubsystemException: SubsystemExceptionNested:
java.lang.RuntimeException: Storage is not configuredNested:
java.lang.RuntimeException: Storage is not configured
	at com.tangosol.coherence.component.util.daemon.queueProcessor.service.DistributedCache$BinaryMap.onMissingStorage(DistributedCache.CDB:9)
	at com.tangosol.coherence.component.util.daemon.queueProcessor.service.DistributedCache$BinaryMap.get(DistributedCache.CDB:15)
	at com.tangosol.util.ConverterCollections$ConverterMap.get(ConverterCollections.java:1300)
	at com.tangosol.coherence.component.util.daemon.queueProcessor.service.DistributedCache$ViewMap.get(DistributedCache.CDB:1)
	at com.tangosol.coherence.component.util.SafeNamedCache.get(SafeNamedCache.CDB:1)
	at com.tangosol.net.cache.CachingMap.get(CachingMap.java:490)
	at com.westernasset.smss.server.SecurityMasterNearCacheSubsystem.getDigitRatingFromString(SecurityMasterNearCacheSubsystem.java:186)
	at com.westernasset.smss.server.SecurityMasterNearCacheSubsystem.handleFuncCall(SecurityMasterNearCacheSubsystem.java:85)
	at com.westernasset.smss.server.SecurityMasterManagementSubsystem.handleFuncCall(SecurityMasterManagementSubsystem.java:23)
	at com.westernasset.framework.subsystem.receiving.SubsystemImpl.innerHandleFuncCall(SubsystemImpl.java:154)
	at com.westernasset.framework.subsystem.receiving.internal.InProcessFunctionCallReceiver.handleFuncCall(InProcessFunctionCallReceiver.java:49)
	at com.westernasset.framework.subsystem.calling.internal.inprocess.InProcessFunctionCallCaller.doCall(InProcessFunctionCallCaller.java:19)
	at com.westernasset.framework.subsystem.calling.internal.inprocess.ForwardIfNotFoundFunctionCallCaller.doCall(ForwardIfNotFoundFunctionCallCaller.java:28)
	at com.westernasset.framework.subsystem.calling.internal.base.BaseFunctionCallCaller.callFunc(BaseFunctionCallCaller.java:33)
	at com.westernasset.framework.subsystem.calling.internal.base.BaseSubsystem.callFunc(BaseSubsystem.java:35)
	at com.westernasset.pss.msg.mapper.AtpToPssMapper.getRating(AtpToPssMapper.java:219)
	at com.westernasset.pss.msg.mapper.AtpToPssMapper.updateSecurityWithRatings(AtpToPssMapper.java:182)
	at com.westernasset.pss.msg.mapper.AtpToPssMapper.createSecurityVO(AtpToPssMapper.java:133)
	at com.westernasset.pss.msg.reciever.process.TradeProcessor.createSecurity(TradeProcessor.java:297)
	at com.westernasset.pss.msg.reciever.process.TradeProcessor.process(TradeProcessor.java:49)
	at com.westernasset.pss.msg.queue.MessageFetcher.processMessage(MessageFetcher.java:91)
	at com.westernasset.pss.msg.queue.MessageFetcher.pullMessageFromQueue(MessageFetcher.java:78)
	at com.westernasset.pss.msg.queue.MessageFetcher.run(MessageFetcher.java:48)

2014-09-25 14:48:50,956 ERROR [AtpToPssMapper] com.westernasset.framework.subsystem.common.SubsystemException: SubsystemExceptionNested:
java.lang.RuntimeException: Storage is not configuredNested:
java.lang.RuntimeException: Storage is not configured
	at com.tangosol.coherence.component.util.daemon.queueProcessor.service.DistributedCache$BinaryMap.onMissingStorage(DistributedCache.CDB:9)
	at com.tangosol.coherence.component.util.daemon.queueProcessor.service.DistributedCache$BinaryMap.get(DistributedCache.CDB:15)
	at com.tangosol.util.ConverterCollections$ConverterMap.get(ConverterCollections.java:1300)
	at com.tangosol.coherence.component.util.daemon.queueProcessor.service.DistributedCache$ViewMap.get(DistributedCache.CDB:1)
	at com.tangosol.coherence.component.util.SafeNamedCache.get(SafeNamedCache.CDB:1)
	at com.tangosol.net.cache.CachingMap.get(CachingMap.java:490)
	at com.westernasset.smss.server.SecurityMasterNearCacheSubsystem.getDigitRatingFromString(SecurityMasterNearCacheSubsystem.java:186)
	at com.westernasset.smss.server.SecurityMasterNearCacheSubsystem.handleFuncCall(SecurityMasterNearCacheSubsystem.java:85)
	at com.westernasset.smss.server.SecurityMasterManagementSubsystem.handleFuncCall(SecurityMasterManagementSubsystem.java:23)
	at com.westernasset.framework.subsystem.receiving.SubsystemImpl.innerHandleFuncCall(SubsystemImpl.java:154)
	at com.westernasset.framework.subsystem.receiving.internal.InProcessFunctionCallReceiver.handleFuncCall(InProcessFunctionCallReceiver.java:49)
	at com.westernasset.framework.subsystem.calling.internal.inprocess.InProcessFunctionCallCaller.doCall(InProcessFunctionCallCaller.java:19)
	at com.westernasset.framework.subsystem.calling.internal.inprocess.ForwardIfNotFoundFunctionCallCaller.doCall(ForwardIfNotFoundFunctionCallCaller.java:28)
	at com.westernasset.framework.subsystem.calling.internal.base.BaseFunctionCallCaller.callFunc(BaseFunctionCallCaller.java:33)
	at com.westernasset.framework.subsystem.calling.internal.base.BaseSubsystem.callFunc(BaseSubsystem.java:35)
	at com.westernasset.pss.msg.mapper.AtpToPssMapper.getRating(AtpToPssMapper.java:219)
	at com.westernasset.pss.msg.mapper.AtpToPssMapper.updateSecurityWithRatings(AtpToPssMapper.java:187)
	at com.westernasset.pss.msg.mapper.AtpToPssMapper.createSecurityVO(AtpToPssMapper.java:133)
	at com.westernasset.pss.msg.reciever.process.TradeProcessor.createSecurity(TradeProcessor.java:297)
	at com.westernasset.pss.msg.reciever.process.TradeProcessor.process(TradeProcessor.java:49)
	at com.westernasset.pss.msg.queue.MessageFetcher.processMessage(MessageFetcher.java:91)
	at com.westernasset.pss.msg.queue.MessageFetcher.pullMessageFromQueue(MessageFetcher.java:78)
	at com.westernasset.pss.msg.queue.MessageFetcher.run(MessageFetcher.java:48)

2014-09-25 14:48:50,956 ERROR [AtpToPssMapper] com.westernasset.framework.subsystem.common.SubsystemException: SubsystemExceptionNested:
java.lang.RuntimeException: Storage is not configuredNested:
java.lang.RuntimeException: Storage is not configured
	at com.tangosol.coherence.component.util.daemon.queueProcessor.service.DistributedCache$BinaryMap.onMissingStorage(DistributedCache.CDB:9)
	at com.tangosol.coherence.component.util.daemon.queueProcessor.service.DistributedCache$BinaryMap.get(DistributedCache.CDB:15)
	at com.tangosol.util.ConverterCollections$ConverterMap.get(ConverterCollections.java:1300)
	at com.tangosol.coherence.component.util.daemon.queueProcessor.service.DistributedCache$ViewMap.get(DistributedCache.CDB:1)
	at com.tangosol.coherence.component.util.SafeNamedCache.get(SafeNamedCache.CDB:1)
	at com.tangosol.net.cache.CachingMap.get(CachingMap.java:490)
	at com.westernasset.smss.server.SecurityMasterNearCacheSubsystem.getDigitRatingFromString(SecurityMasterNearCacheSubsystem.java:186)
	at com.westernasset.smss.server.SecurityMasterNearCacheSubsystem.handleFuncCall(SecurityMasterNearCacheSubsystem.java:85)
	at com.westernasset.smss.server.SecurityMasterManagementSubsystem.handleFuncCall(SecurityMasterManagementSubsystem.java:23)
	at com.westernasset.framework.subsystem.receiving.SubsystemImpl.innerHandleFuncCall(SubsystemImpl.java:154)
	at com.westernasset.framework.subsystem.receiving.internal.InProcessFunctionCallReceiver.handleFuncCall(InProcessFunctionCallReceiver.java:49)
	at com.westernasset.framework.subsystem.calling.internal.inprocess.InProcessFunctionCallCaller.doCall(InProcessFunctionCallCaller.java:19)
	at com.westernasset.framework.subsystem.calling.internal.inprocess.ForwardIfNotFoundFunctionCallCaller.doCall(ForwardIfNotFoundFunctionCallCaller.java:28)
	at com.westernasset.framework.subsystem.calling.internal.base.BaseFunctionCallCaller.callFunc(BaseFunctionCallCaller.java:33)
	at com.westernasset.framework.subsystem.calling.internal.base.BaseSubsystem.callFunc(BaseSubsystem.java:35)
	at com.westernasset.pss.msg.mapper.AtpToPssMapper.getRating(AtpToPssMapper.java:219)
	at com.westernasset.pss.msg.mapper.AtpToPssMapper.updateSecurityWithRatings(AtpToPssMapper.java:192)
	at com.westernasset.pss.msg.mapper.AtpToPssMapper.createSecurityVO(AtpToPssMapper.java:133)
	at com.westernasset.pss.msg.reciever.process.TradeProcessor.createSecurity(TradeProcessor.java:297)
	at com.westernasset.pss.msg.reciever.process.TradeProcessor.process(TradeProcessor.java:49)
	at com.westernasset.pss.msg.queue.MessageFetcher.processMessage(MessageFetcher.java:91)
	at com.westernasset.pss.msg.queue.MessageFetcher.pullMessageFromQueue(MessageFetcher.java:78)
	at com.westernasset.pss.msg.queue.MessageFetcher.run(MessageFetcher.java:48)

2014-09-25 14:48:50,957 ERROR [AtpToPssMapper] com.westernasset.framework.subsystem.common.SubsystemException: SubsystemExceptionNested:
java.lang.RuntimeException: Storage is not configuredNested:
java.lang.RuntimeException: Storage is not configured
	at com.tangosol.coherence.component.util.daemon.queueProcessor.service.DistributedCache$BinaryMap.onMissingStorage(DistributedCache.CDB:9)
	at com.tangosol.coherence.component.util.daemon.queueProcessor.service.DistributedCache$BinaryMap.get(DistributedCache.CDB:15)
	at com.tangosol.util.ConverterCollections$ConverterMap.get(ConverterCollections.java:1300)
	at com.tangosol.coherence.component.util.daemon.queueProcessor.service.DistributedCache$ViewMap.get(DistributedCache.CDB:1)
	at com.tangosol.coherence.component.util.SafeNamedCache.get(SafeNamedCache.CDB:1)
	at com.tangosol.net.cache.CachingMap.get(CachingMap.java:490)
	at com.westernasset.smss.server.SecurityMasterNearCacheSubsystem.getDigitRatingFromString(SecurityMasterNearCacheSubsystem.java:186)
	at com.westernasset.smss.server.SecurityMasterNearCacheSubsystem.handleFuncCall(SecurityMasterNearCacheSubsystem.java:85)
	at com.westernasset.smss.server.SecurityMasterManagementSubsystem.handleFuncCall(SecurityMasterManagementSubsystem.java:23)
	at com.westernasset.framework.subsystem.receiving.SubsystemImpl.innerHandleFuncCall(SubsystemImpl.java:154)
	at com.westernasset.framework.subsystem.receiving.internal.InProcessFunctionCallReceiver.handleFuncCall(InProcessFunctionCallReceiver.java:49)
	at com.westernasset.framework.subsystem.calling.internal.inprocess.InProcessFunctionCallCaller.doCall(InProcessFunctionCallCaller.java:19)
	at com.westernasset.framework.subsystem.calling.internal.inprocess.ForwardIfNotFoundFunctionCallCaller.doCall(ForwardIfNotFoundFunctionCallCaller.java:28)
	at com.westernasset.framework.subsystem.calling.internal.base.BaseFunctionCallCaller.callFunc(BaseFunctionCallCaller.java:33)
	at com.westernasset.framework.subsystem.calling.internal.base.BaseSubsystem.callFunc(BaseSubsystem.java:35)
	at com.westernasset.pss.msg.mapper.AtpToPssMapper.getRating(AtpToPssMapper.java:219)
	at com.westernasset.pss.msg.mapper.AtpToPssMapper.updateSecurityWithRatings(AtpToPssMapper.java:197)
	at com.westernasset.pss.msg.mapper.AtpToPssMapper.createSecurityVO(AtpToPssMapper.java:133)
	at com.westernasset.pss.msg.reciever.process.TradeProcessor.createSecurity(TradeProcessor.java:297)
	at com.westernasset.pss.msg.reciever.process.TradeProcessor.process(TradeProcessor.java:49)
	at com.westernasset.pss.msg.queue.MessageFetcher.processMessage(MessageFetcher.java:91)
	at com.westernasset.pss.msg.queue.MessageFetcher.pullMessageFromQueue(MessageFetcher.java:78)
	at com.westernasset.pss.msg.queue.MessageFetcher.run(MessageFetcher.java:48)

2014-09-25 14:48:50,957 ERROR [AtpToPssMapper] com.westernasset.framework.subsystem.common.SubsystemException: SubsystemExceptionNested:
java.lang.RuntimeException: Storage is not configuredNested:
java.lang.RuntimeException: Storage is not configured
	at com.tangosol.coherence.component.util.daemon.queueProcessor.service.DistributedCache$BinaryMap.onMissingStorage(DistributedCache.CDB:9)
	at com.tangosol.coherence.component.util.daemon.queueProcessor.service.DistributedCache$BinaryMap.get(DistributedCache.CDB:15)
	at com.tangosol.util.ConverterCollections$ConverterMap.get(ConverterCollections.java:1300)
	at com.tangosol.coherence.component.util.daemon.queueProcessor.service.DistributedCache$ViewMap.get(DistributedCache.CDB:1)
	at com.tangosol.coherence.component.util.SafeNamedCache.get(SafeNamedCache.CDB:1)
	at com.tangosol.net.cache.CachingMap.get(CachingMap.java:490)
	at com.westernasset.smss.server.SecurityMasterNearCacheSubsystem.getDigitRatingFromString(SecurityMasterNearCacheSubsystem.java:186)
	at com.westernasset.smss.server.SecurityMasterNearCacheSubsystem.handleFuncCall(SecurityMasterNearCacheSubsystem.java:85)
	at com.westernasset.smss.server.SecurityMasterManagementSubsystem.handleFuncCall(SecurityMasterManagementSubsystem.java:23)
	at com.westernasset.framework.subsystem.receiving.SubsystemImpl.innerHandleFuncCall(SubsystemImpl.java:154)
	at com.westernasset.framework.subsystem.receiving.internal.InProcessFunctionCallReceiver.handleFuncCall(InProcessFunctionCallReceiver.java:49)
	at com.westernasset.framework.subsystem.calling.internal.inprocess.InProcessFunctionCallCaller.doCall(InProcessFunctionCallCaller.java:19)
	at com.westernasset.framework.subsystem.calling.internal.inprocess.ForwardIfNotFoundFunctionCallCaller.doCall(ForwardIfNotFoundFunctionCallCaller.java:28)
	at com.westernasset.framework.subsystem.calling.internal.base.BaseFunctionCallCaller.callFunc(BaseFunctionCallCaller.java:33)
	at com.westernasset.framework.subsystem.calling.internal.base.BaseSubsystem.callFunc(BaseSubsystem.java:35)
	at com.westernasset.pss.msg.mapper.AtpToPssMapper.getRating(AtpToPssMapper.java:219)
	at com.westernasset.pss.msg.mapper.AtpToPssMapper.updateSecurityWithRatings(AtpToPssMapper.java:202)
	at com.westernasset.pss.msg.mapper.AtpToPssMapper.createSecurityVO(AtpToPssMapper.java:133)
	at com.westernasset.pss.msg.reciever.process.TradeProcessor.createSecurity(TradeProcessor.java:297)
	at com.westernasset.pss.msg.reciever.process.TradeProcessor.process(TradeProcessor.java:49)
	at com.westernasset.pss.msg.queue.MessageFetcher.processMessage(MessageFetcher.java:91)
	at com.westernasset.pss.msg.queue.MessageFetcher.pullMessageFromQueue(MessageFetcher.java:78)
	at com.westernasset.pss.msg.queue.MessageFetcher.run(MessageFetcher.java:48)

2014-09-25 14:48:50,959 ERROR [SecurityCacheManager] Failed to add security to cache: Storage is not configured : {SecurityId=1528709, AMTValue=1.0, MoodyRating=0, MoodyShortRating=0, FitchRating=0, FitchShortRating=0, SecurityTypeId=22, AssetTypeId=8, ProductId=20, SpRating=0, SpShortRating=0, WaRating=0, WaShortRating=0, IssueDate=2014-09-10T00:00:00.000-0700, MaturityDate=2019-09-10T00:00:00.000-0700, AssetId=002799AQ7, CurrencyCode=USD, SecurityType=CORPORATE, Description=ABBEY NATL TREASURY SERV, Product=Bonds/Notes (Par), SubSubSector=BANKING, TickerSymbol=SANTAN, BBName=ABBEY NATL TREASURY SERV, IntType=FIXED, MinPiece=1000.0000, MinIncrement=1000.0000, AverageLife=4.961, Coupon=2.35, Dtm=1811.0, DtmLegalFinal=1811.0, Factor=1.0, DurationFactor=1.0, EffectiveConvexity=0.252, EffectiveDuration=4.716, YieldToWorst=2.591, MarketCFYield=2.591, OptionASpread=76.0, SpreadDuration=4.64, Country=UK, AMT=N, NyIssuer=SANTAN&8, LnIssuer=SANTAN&8}
java.lang.RuntimeException: Storage is not configured
	at com.tangosol.coherence.component.util.daemon.queueProcessor.service.DistributedCache$BinaryMap.onMissingStorage(DistributedCache.CDB:9)
	at com.tangosol.coherence.component.util.daemon.queueProcessor.service.DistributedCache$BinaryMap.get(DistributedCache.CDB:15)
	at com.tangosol.util.ConverterCollections$ConverterMap.get(ConverterCollections.java:1300)
	at com.tangosol.coherence.component.util.daemon.queueProcessor.service.DistributedCache$ViewMap.get(DistributedCache.CDB:1)
	at com.tangosol.coherence.component.util.SafeNamedCache.get(SafeNamedCache.CDB:1)
	at com.tangosol.net.cache.CachingMap.get(CachingMap.java:490)
	at com.westernasset.smss.common.util.BusinessUtils.getIssuerDesciption(BusinessUtils.java:146)
	at com.westernasset.smss.common.util.BusinessUtils.fillNUIssuerId(BusinessUtils.java:513)
	at com.westernasset.smss.common.util.BusinessUtils.fillDerivedValues(BusinessUtils.java:421)
	at com.westernasset.smss.server.SecurityCacheManager.addSecurity(SecurityCacheManager.java:137)
	at com.westernasset.smss.server.SecurityMasterNearCacheSubsystem.addSecurity(SecurityMasterNearCacheSubsystem.java:202)
	at com.westernasset.smss.server.SecurityMasterNearCacheSubsystem.handleFuncCall(SecurityMasterNearCacheSubsystem.java:92)
	at com.westernasset.smss.server.SecurityMasterManagementSubsystem.handleFuncCall(SecurityMasterManagementSubsystem.java:23)
	at com.westernasset.framework.subsystem.receiving.SubsystemImpl.innerHandleFuncCall(SubsystemImpl.java:154)
	at com.westernasset.framework.subsystem.receiving.internal.InProcessFunctionCallReceiver.handleFuncCall(InProcessFunctionCallReceiver.java:49)
	at com.westernasset.framework.subsystem.calling.internal.inprocess.InProcessFunctionCallCaller.doCall(InProcessFunctionCallCaller.java:19)
	at com.westernasset.framework.subsystem.calling.internal.inprocess.ForwardIfNotFoundFunctionCallCaller.doCall(ForwardIfNotFoundFunctionCallCaller.java:28)
	at com.westernasset.framework.subsystem.calling.internal.base.BaseFunctionCallCaller.callFunc(BaseFunctionCallCaller.java:33)
	at com.westernasset.framework.subsystem.calling.internal.base.BaseSubsystem.callFunc(BaseSubsystem.java:35)
	at com.westernasset.pss.msg.reciever.process.TradeProcessor.createSecurity(TradeProcessor.java:302)
	at com.westernasset.pss.msg.reciever.process.TradeProcessor.process(TradeProcessor.java:49)
	at com.westernasset.pss.msg.queue.MessageFetcher.processMessage(MessageFetcher.java:91)
	at com.westernasset.pss.msg.queue.MessageFetcher.pullMessageFromQueue(MessageFetcher.java:78)
	at com.westernasset.pss.msg.queue.MessageFetcher.run(MessageFetcher.java:48)
2014-09-25 14:48:50,959 INFO  [TradeProcessor] Created Security :{SecurityId=1528709, AMTValue=1.0, MoodyRating=0, MoodyShortRating=0, FitchRating=0, FitchShortRating=0, SecurityTypeId=22, AssetTypeId=8, ProductId=20, SpRating=0, SpShortRating=0, WaRating=0, WaShortRating=0, IssueDate=2014-09-10T00:00:00.000-0700, MaturityDate=2019-09-10T00:00:00.000-0700, AssetId=002799AQ7, CurrencyCode=USD, SecurityType=CORPORATE, Description=ABBEY NATL TREASURY SERV, Product=Bonds/Notes (Par), SubSubSector=BANKING, TickerSymbol=SANTAN, BBName=ABBEY NATL TREASURY SERV, IntType=FIXED, MinPiece=1000.0000, MinIncrement=1000.0000, AverageLife=4.961, Coupon=2.35, Dtm=1811.0, DtmLegalFinal=1811.0, Factor=1.0, DurationFactor=1.0, EffectiveConvexity=0.252, EffectiveDuration=4.716, YieldToWorst=2.591, MarketCFYield=2.591, OptionASpread=76.0, SpreadDuration=4.64, Country=UK, AMT=N, NyIssuer=SANTAN&8, LnIssuer=SANTAN&8}
2014-09-25 14:48:50,960 ERROR [TradeProcessor] Error in getPrioTradeStatusByMessage
com.westernasset.framework.subsystem.common.SubsystemException: SubsystemExceptionNested:
java.lang.RuntimeException: Storage is not configuredNested:
java.lang.RuntimeException: Storage is not configured
	at com.tangosol.coherence.component.util.daemon.queueProcessor.service.DistributedCache$BinaryMap.onMissingStorage(DistributedCache.CDB:9)
	at com.tangosol.coherence.component.util.daemon.queueProcessor.service.DistributedCache$BinaryMap.get(DistributedCache.CDB:15)
	at com.tangosol.util.ConverterCollections$ConverterMap.get(ConverterCollections.java:1300)
	at com.tangosol.coherence.component.util.daemon.queueProcessor.service.DistributedCache$ViewMap.get(DistributedCache.CDB:1)
	at com.tangosol.coherence.component.util.SafeNamedCache.get(SafeNamedCache.CDB:1)
	at com.tangosol.net.cache.CachingMap.get(CachingMap.java:490)
	at com.westernasset.tss.cache.TradeCacheManager.getTradeById(TradeCacheManager.java:202)
	at com.westernasset.tss.services.TradeNearCacheSubsystem.getTradeById(TradeNearCacheSubsystem.java:104)
	at com.westernasset.tss.services.TradeNearCacheSubsystem.handleFuncCall(TradeNearCacheSubsystem.java:50)
	at com.westernasset.tss.services.TradeSubsystem.handleFuncCall(TradeSubsystem.java:29)
	at com.westernasset.framework.subsystem.receiving.SubsystemImpl.innerHandleFuncCall(SubsystemImpl.java:154)
	at com.westernasset.framework.subsystem.receiving.internal.InProcessFunctionCallReceiver.handleFuncCall(InProcessFunctionCallReceiver.java:49)
	at com.westernasset.framework.subsystem.calling.internal.inprocess.InProcessFunctionCallCaller.doCall(InProcessFunctionCallCaller.java:19)
	at com.westernasset.framework.subsystem.calling.internal.inprocess.ForwardIfNotFoundFunctionCallCaller.doCall(ForwardIfNotFoundFunctionCallCaller.java:28)
	at com.westernasset.framework.subsystem.calling.internal.base.BaseFunctionCallCaller.callFunc(BaseFunctionCallCaller.java:33)
	at com.westernasset.framework.subsystem.calling.internal.base.BaseSubsystem.callFunc(BaseSubsystem.java:35)
	at com.westernasset.pss.msg.reciever.process.TradeProcessor.getTradeByTradeId(TradeProcessor.java:250)
	at com.westernasset.pss.msg.reciever.process.TradeProcessor.getPrioTradeStatusByMessage(TradeProcessor.java:268)
	at com.westernasset.pss.msg.reciever.process.TradeProcessor.process(TradeProcessor.java:50)
	at com.westernasset.pss.msg.queue.MessageFetcher.processMessage(MessageFetcher.java:91)
	at com.westernasset.pss.msg.queue.MessageFetcher.pullMessageFromQueue(MessageFetcher.java:78)
	at com.westernasset.pss.msg.queue.MessageFetcher.run(MessageFetcher.java:48)

	at com.westernasset.framework.subsystem.common.internal.SubsystemExceptionUtils.dataObjectToException(SubsystemExceptionUtils.java:38)
	at com.westernasset.framework.subsystem.common.internal.SubsystemExceptionUtils.throwExceptionIfNeeded(SubsystemExceptionUtils.java:15)
	at com.westernasset.framework.subsystem.calling.internal.base.BaseSubsystem.callFunc(BaseSubsystem.java:37)
	at com.westernasset.pss.msg.reciever.process.TradeProcessor.getTradeByTradeId(TradeProcessor.java:250)
	at com.westernasset.pss.msg.reciever.process.TradeProcessor.getPrioTradeStatusByMessage(TradeProcessor.java:268)
	at com.westernasset.pss.msg.reciever.process.TradeProcessor.process(TradeProcessor.java:50)
	at com.westernasset.pss.msg.queue.MessageFetcher.processMessage(MessageFetcher.java:91)
	at com.westernasset.pss.msg.queue.MessageFetcher.pullMessageFromQueue(MessageFetcher.java:78)
	at com.westernasset.pss.msg.queue.MessageFetcher.run(MessageFetcher.java:48)
2014-09-25 14:48:50,960 ERROR [TradeProcessor] Exception occured while processing message
java.lang.RuntimeException: Storage is not configured
	at com.tangosol.coherence.component.util.daemon.queueProcessor.service.DistributedCache$BinaryMap.onMissingStorage(DistributedCache.CDB:9)
	at com.tangosol.coherence.component.util.daemon.queueProcessor.service.DistributedCache$BinaryMap.get(DistributedCache.CDB:15)
	at com.tangosol.util.ConverterCollections$ConverterMap.get(ConverterCollections.java:1300)
	at com.tangosol.coherence.component.util.daemon.queueProcessor.service.DistributedCache$ViewMap.get(DistributedCache.CDB:1)
	at com.tangosol.coherence.component.util.SafeNamedCache.get(SafeNamedCache.CDB:1)
	at com.tangosol.net.cache.CachingMap.get(CachingMap.java:490)
	at com.westernasset.tss.cache.TradeCacheManager.isDuplicateTrade(TradeCacheManager.java:356)
	at com.westernasset.pss.common.util.PojoHelper.createObjects(PojoHelper.java:132)
	at com.westernasset.pss.msg.reciever.process.TradeProcessor.process(TradeProcessor.java:55)
	at com.westernasset.pss.msg.queue.MessageFetcher.processMessage(MessageFetcher.java:91)
	at com.westernasset.pss.msg.queue.MessageFetcher.pullMessageFromQueue(MessageFetcher.java:78)
	at com.westernasset.pss.msg.queue.MessageFetcher.run(MessageFetcher.java:48)
2014-09-25 14:48:50,960 INFO  [TradeProcessor] End process method 735 MB
2014-09-25 14:48:50,960 INFO  [TradeProcessor] Time taken by TradeProcessor.process method 8
2014-09-25 14:48:50,960 INFO  [MessageFetcher] Processing message completed...[7461932]
2014-09-25 14:48:50,960 INFO  [MessageQueue] Removing the first item of 25 from the queue
2014-09-25 14:48:50,960 INFO  [MessageFetcher] Processing message started...[7461930]
2014-09-25 14:48:50,960 INFO  [TradeProcessor] Begin process method 735 MB
2014-09-25 14:48:50,961 ERROR [TradeProcessor] Error in doSecurityExist
java.lang.RuntimeException: Storage is not configured
	at com.tangosol.coherence.component.util.daemon.queueProcessor.service.DistributedCache$BinaryMap.onMissingStorage(DistributedCache.CDB:9)
	at com.tangosol.coherence.component.util.daemon.queueProcessor.service.DistributedCache$BinaryMap.get(DistributedCache.CDB:15)
	at com.tangosol.util.ConverterCollections$ConverterMap.get(ConverterCollections.java:1300)
	at com.tangosol.coherence.component.util.daemon.queueProcessor.service.DistributedCache$ViewMap.get(DistributedCache.CDB:1)
	at com.tangosol.coherence.component.util.SafeNamedCache.get(SafeNamedCache.CDB:1)
	at com.tangosol.net.cache.CachingMap.get(CachingMap.java:490)
	at com.westernasset.smss.common.util.BusinessDateHelper.get(BusinessDateHelper.java:55)
	at com.westernasset.smss.common.util.BusinessDateHelper.getBusinessDateFromCacheWithOffset(BusinessDateHelper.java:130)
	at com.westernasset.smss.common.util.BusinessDateHelper.getCurrentBusinessDateAny(BusinessDateHelper.java:125)
	at com.westernasset.pss.msg.reciever.process.TradeProcessor.doSecurityExist(TradeProcessor.java:328)
	at com.westernasset.pss.msg.reciever.process.TradeProcessor.createSecurity(TradeProcessor.java:296)
	at com.westernasset.pss.msg.reciever.process.TradeProcessor.process(TradeProcessor.java:49)
	at com.westernasset.pss.msg.queue.MessageFetcher.processMessage(MessageFetcher.java:91)
	at com.westernasset.pss.msg.queue.MessageFetcher.pullMessageFromQueue(MessageFetcher.java:78)
	at com.westernasset.pss.msg.queue.MessageFetcher.run(MessageFetcher.java:48)
2014-09-25 14:48:50,961 ERROR [AtpToPssMapper] com.westernasset.framework.subsystem.common.SubsystemException: SubsystemExceptionNested:
java.lang.RuntimeException: Storage is not configuredNested:
java.lang.RuntimeException: Storage is not configured
	at com.tangosol.coherence.component.util.daemon.queueProcessor.service.DistributedCache$BinaryMap.onMissingStorage(DistributedCache.CDB:9)
	at com.tangosol.coherence.component.util.daemon.queueProcessor.service.DistributedCache$BinaryMap.get(DistributedCache.CDB:15)
	at com.tangosol.util.ConverterCollections$ConverterMap.get(ConverterCollections.java:1300)
	at com.tangosol.coherence.component.util.daemon.queueProcessor.service.DistributedCache$ViewMap.get(DistributedCache.CDB:1)
	at com.tangosol.coherence.component.util.SafeNamedCache.get(SafeNamedCache.CDB:1)
	at com.tangosol.net.cache.CachingMap.get(CachingMap.java:490)
	at com.westernasset.smss.server.SecurityMasterNearCacheSubsystem.getDigitRatingFromString(SecurityMasterNearCacheSubsystem.java:186)
	at com.westernasset.smss.server.SecurityMasterNearCacheSubsystem.handleFuncCall(SecurityMasterNearCacheSubsystem.java:85)
	at com.westernasset.smss.server.SecurityMasterManagementSubsystem.handleFuncCall(SecurityMasterManagementSubsystem.java:23)
	at com.westernasset.framework.subsystem.receiving.SubsystemImpl.innerHandleFuncCall(SubsystemImpl.java:154)
	at com.westernasset.framework.subsystem.receiving.internal.InProcessFunctionCallReceiver.handleFuncCall(InProcessFunctionCallReceiver.java:49)
	at com.westernasset.framework.subsystem.calling.internal.inprocess.InProcessFunctionCallCaller.doCall(InProcessFunctionCallCaller.java:19)
	at com.westernasset.framework.subsystem.calling.internal.inprocess.ForwardIfNotFoundFunctionCallCaller.doCall(ForwardIfNotFoundFunctionCallCaller.java:28)
	at com.westernasset.framework.subsystem.calling.internal.base.BaseFunctionCallCaller.callFunc(BaseFunctionCallCaller.java:33)
	at com.westernasset.framework.subsystem.calling.internal.base.BaseSubsystem.callFunc(BaseSubsystem.java:35)
	at com.westernasset.pss.msg.mapper.AtpToPssMapper.getRating(AtpToPssMapper.java:219)
	at com.westernasset.pss.msg.mapper.AtpToPssMapper.updateSecurityWithRatings(AtpToPssMapper.java:167)
	at com.westernasset.pss.msg.mapper.AtpToPssMapper.createSecurityVO(AtpToPssMapper.java:133)
	at com.westernasset.pss.msg.reciever.process.TradeProcessor.createSecurity(TradeProcessor.java:297)
	at com.westernasset.pss.msg.reciever.process.TradeProcessor.process(TradeProcessor.java:49)
	at com.westernasset.pss.msg.queue.MessageFetcher.processMessage(MessageFetcher.java:91)
	at com.westernasset.pss.msg.queue.MessageFetcher.pullMessageFromQueue(MessageFetcher.java:78)
	at com.westernasset.pss.msg.queue.MessageFetcher.run(MessageFetcher.java:48)

2014-09-25 14:48:50,962 ERROR [AtpToPssMapper] com.westernasset.framework.subsystem.common.SubsystemException: SubsystemExceptionNested:
java.lang.RuntimeException: Storage is not configuredNested:
java.lang.RuntimeException: Storage is not configured
	at com.tangosol.coherence.component.util.daemon.queueProcessor.service.DistributedCache$BinaryMap.onMissingStorage(DistributedCache.CDB:9)
	at com.tangosol.coherence.component.util.daemon.queueProcessor.service.DistributedCache$BinaryMap.get(DistributedCache.CDB:15)
	at com.tangosol.util.ConverterCollections$ConverterMap.get(ConverterCollections.java:1300)
	at com.tangosol.coherence.component.util.daemon.queueProcessor.service.DistributedCache$ViewMap.get(DistributedCache.CDB:1)
	at com.tangosol.coherence.component.util.SafeNamedCache.get(SafeNamedCache.CDB:1)
	at com.tangosol.net.cache.CachingMap.get(CachingMap.java:490)
	at com.westernasset.smss.server.SecurityMasterNearCacheSubsystem.getDigitRatingFromString(SecurityMasterNearCacheSubsystem.java:186)
	at com.westernasset.smss.server.SecurityMasterNearCacheSubsystem.handleFuncCall(SecurityMasterNearCacheSubsystem.java:85)
	at com.westernasset.smss.server.SecurityMasterManagementSubsystem.handleFuncCall(SecurityMasterManagementSubsystem.java:23)
	at com.westernasset.framework.subsystem.receiving.SubsystemImpl.innerHandleFuncCall(SubsystemImpl.java:154)
	at com.westernasset.framework.subsystem.receiving.internal.InProcessFunctionCallReceiver.handleFuncCall(InProcessFunctionCallReceiver.java:49)
	at com.westernasset.framework.subsystem.calling.internal.inprocess.InProcessFunctionCallCaller.doCall(InProcessFunctionCallCaller.java:19)
	at com.westernasset.framework.subsystem.calling.internal.inprocess.ForwardIfNotFoundFunctionCallCaller.doCall(ForwardIfNotFoundFunctionCallCaller.java:28)
	at com.westernasset.framework.subsystem.calling.internal.base.BaseFunctionCallCaller.callFunc(BaseFunctionCallCaller.java:33)
	at com.westernasset.framework.subsystem.calling.internal.base.BaseSubsystem.callFunc(BaseSubsystem.java:35)
	at com.westernasset.pss.msg.mapper.AtpToPssMapper.getRating(AtpToPssMapper.java:219)
	at com.westernasset.pss.msg.mapper.AtpToPssMapper.updateSecurityWithRatings(AtpToPssMapper.java:172)
	at com.westernasset.pss.msg.mapper.AtpToPssMapper.createSecurityVO(AtpToPssMapper.java:133)
	at com.westernasset.pss.msg.reciever.process.TradeProcessor.createSecurity(TradeProcessor.java:297)
	at com.westernasset.pss.msg.reciever.process.TradeProcessor.process(TradeProcessor.java:49)
	at com.westernasset.pss.msg.queue.MessageFetcher.processMessage(MessageFetcher.java:91)
	at com.westernasset.pss.msg.queue.MessageFetcher.pullMessageFromQueue(MessageFetcher.java:78)
	at com.westernasset.pss.msg.queue.MessageFetcher.run(MessageFetcher.java:48)

2014-09-25 14:48:50,963 ERROR [AtpToPssMapper] com.westernasset.framework.subsystem.common.SubsystemException: SubsystemExceptionNested:
java.lang.RuntimeException: Storage is not configuredNested:
java.lang.RuntimeException: Storage is not configured
	at com.tangosol.coherence.component.util.daemon.queueProcessor.service.DistributedCache$BinaryMap.onMissingStorage(DistributedCache.CDB:9)
	at com.tangosol.coherence.component.util.daemon.queueProcessor.service.DistributedCache$BinaryMap.get(DistributedCache.CDB:15)
	at com.tangosol.util.ConverterCollections$ConverterMap.get(ConverterCollections.java:1300)
	at com.tangosol.coherence.component.util.daemon.queueProcessor.service.DistributedCache$ViewMap.get(DistributedCache.CDB:1)
	at com.tangosol.coherence.component.util.SafeNamedCache.get(SafeNamedCache.CDB:1)
	at com.tangosol.net.cache.CachingMap.get(CachingMap.java:490)
	at com.westernasset.smss.server.SecurityMasterNearCacheSubsystem.getDigitRatingFromString(SecurityMasterNearCacheSubsystem.java:186)
	at com.westernasset.smss.server.SecurityMasterNearCacheSubsystem.handleFuncCall(SecurityMasterNearCacheSubsystem.java:85)
	at com.westernasset.smss.server.SecurityMasterManagementSubsystem.handleFuncCall(SecurityMasterManagementSubsystem.java:23)
	at com.westernasset.framework.subsystem.receiving.SubsystemImpl.innerHandleFuncCall(SubsystemImpl.java:154)
	at com.westernasset.framework.subsystem.receiving.internal.InProcessFunctionCallReceiver.handleFuncCall(InProcessFunctionCallReceiver.java:49)
	at com.westernasset.framework.subsystem.calling.internal.inprocess.InProcessFunctionCallCaller.doCall(InProcessFunctionCallCaller.java:19)
	at com.westernasset.framework.subsystem.calling.internal.inprocess.ForwardIfNotFoundFunctionCallCaller.doCall(ForwardIfNotFoundFunctionCallCaller.java:28)
	at com.westernasset.framework.subsystem.calling.internal.base.BaseFunctionCallCaller.callFunc(BaseFunctionCallCaller.java:33)
	at com.westernasset.framework.subsystem.calling.internal.base.BaseSubsystem.callFunc(BaseSubsystem.java:35)
	at com.westernasset.pss.msg.mapper.AtpToPssMapper.getRating(AtpToPssMapper.java:219)
	at com.westernasset.pss.msg.mapper.AtpToPssMapper.updateSecurityWithRatings(AtpToPssMapper.java:177)
	at com.westernasset.pss.msg.mapper.AtpToPssMapper.createSecurityVO(AtpToPssMapper.java:133)
	at com.westernasset.pss.msg.reciever.process.TradeProcessor.createSecurity(TradeProcessor.java:297)
	at com.westernasset.pss.msg.reciever.process.TradeProcessor.process(TradeProcessor.java:49)
	at com.westernasset.pss.msg.queue.MessageFetcher.processMessage(MessageFetcher.java:91)
	at com.westernasset.pss.msg.queue.MessageFetcher.pullMessageFromQueue(MessageFetcher.java:78)
	at com.westernasset.pss.msg.queue.MessageFetcher.run(MessageFetcher.java:48)

2014-09-25 14:48:50,963 ERROR [AtpToPssMapper] com.westernasset.framework.subsystem.common.SubsystemException: SubsystemExceptionNested:
java.lang.RuntimeException: Storage is not configuredNested:
java.lang.RuntimeException: Storage is not configured
	at com.tangosol.coherence.component.util.daemon.queueProcessor.service.DistributedCache$BinaryMap.onMissingStorage(DistributedCache.CDB:9)
	at com.tangosol.coherence.component.util.daemon.queueProcessor.service.DistributedCache$BinaryMap.get(DistributedCache.CDB:15)
	at com.tangosol.util.ConverterCollections$ConverterMap.get(ConverterCollections.java:1300)
	at com.tangosol.coherence.component.util.daemon.queueProcessor.service.DistributedCache$ViewMap.get(DistributedCache.CDB:1)
	at com.tangosol.coherence.component.util.SafeNamedCache.get(SafeNamedCache.CDB:1)
	at com.tangosol.net.cache.CachingMap.get(CachingMap.java:490)
	at com.westernasset.smss.server.SecurityMasterNearCacheSubsystem.getDigitRatingFromString(SecurityMasterNearCacheSubsystem.java:186)
	at com.westernasset.smss.server.SecurityMasterNearCacheSubsystem.handleFuncCall(SecurityMasterNearCacheSubsystem.java:85)
	at com.westernasset.smss.server.SecurityMasterManagementSubsystem.handleFuncCall(SecurityMasterManagementSubsystem.java:23)
	at com.westernasset.framework.subsystem.receiving.SubsystemImpl.innerHandleFuncCall(SubsystemImpl.java:154)
	at com.westernasset.framework.subsystem.receiving.internal.InProcessFunctionCallReceiver.handleFuncCall(InProcessFunctionCallReceiver.java:49)
	at com.westernasset.framework.subsystem.calling.internal.inprocess.InProcessFunctionCallCaller.doCall(InProcessFunctionCallCaller.java:19)
	at com.westernasset.framework.subsystem.calling.internal.inprocess.ForwardIfNotFoundFunctionCallCaller.doCall(ForwardIfNotFoundFunctionCallCaller.java:28)
	at com.westernasset.framework.subsystem.calling.internal.base.BaseFunctionCallCaller.callFunc(BaseFunctionCallCaller.java:33)
	at com.westernasset.framework.subsystem.calling.internal.base.BaseSubsystem.callFunc(BaseSubsystem.java:35)
	at com.westernasset.pss.msg.mapper.AtpToPssMapper.getRating(AtpToPssMapper.java:219)
	at com.westernasset.pss.msg.mapper.AtpToPssMapper.updateSecurityWithRatings(AtpToPssMapper.java:182)
	at com.westernasset.pss.msg.mapper.AtpToPssMapper.createSecurityVO(AtpToPssMapper.java:133)
	at com.westernasset.pss.msg.reciever.process.TradeProcessor.createSecurity(TradeProcessor.java:297)
	at com.westernasset.pss.msg.reciever.process.TradeProcessor.process(TradeProcessor.java:49)
	at com.westernasset.pss.msg.queue.MessageFetcher.processMessage(MessageFetcher.java:91)
	at com.westernasset.pss.msg.queue.MessageFetcher.pullMessageFromQueue(MessageFetcher.java:78)
	at com.westernasset.pss.msg.queue.MessageFetcher.run(MessageFetcher.java:48)

2014-09-25 14:48:50,964 ERROR [AtpToPssMapper] com.westernasset.framework.subsystem.common.SubsystemException: SubsystemExceptionNested:
java.lang.RuntimeException: Storage is not configuredNested:
java.lang.RuntimeException: Storage is not configured
	at com.tangosol.coherence.component.util.daemon.queueProcessor.service.DistributedCache$BinaryMap.onMissingStorage(DistributedCache.CDB:9)
	at com.tangosol.coherence.component.util.daemon.queueProcessor.service.DistributedCache$BinaryMap.get(DistributedCache.CDB:15)
	at com.tangosol.util.ConverterCollections$ConverterMap.get(ConverterCollections.java:1300)
	at com.tangosol.coherence.component.util.daemon.queueProcessor.service.DistributedCache$ViewMap.get(DistributedCache.CDB:1)
	at com.tangosol.coherence.component.util.SafeNamedCache.get(SafeNamedCache.CDB:1)
	at com.tangosol.net.cache.CachingMap.get(CachingMap.java:490)
	at com.westernasset.smss.server.SecurityMasterNearCacheSubsystem.getDigitRatingFromString(SecurityMasterNearCacheSubsystem.java:186)
	at com.westernasset.smss.server.SecurityMasterNearCacheSubsystem.handleFuncCall(SecurityMasterNearCacheSubsystem.java:85)
	at com.westernasset.smss.server.SecurityMasterManagementSubsystem.handleFuncCall(SecurityMasterManagementSubsystem.java:23)
	at com.westernasset.framework.subsystem.receiving.SubsystemImpl.innerHandleFuncCall(SubsystemImpl.java:154)
	at com.westernasset.framework.subsystem.receiving.internal.InProcessFunctionCallReceiver.handleFuncCall(InProcessFunctionCallReceiver.java:49)
	at com.westernasset.framework.subsystem.calling.internal.inprocess.InProcessFunctionCallCaller.doCall(InProcessFunctionCallCaller.java:19)
	at com.westernasset.framework.subsystem.calling.internal.inprocess.ForwardIfNotFoundFunctionCallCaller.doCall(ForwardIfNotFoundFunctionCallCaller.java:28)
	at com.westernasset.framework.subsystem.calling.internal.base.BaseFunctionCallCaller.callFunc(BaseFunctionCallCaller.java:33)
	at com.westernasset.framework.subsystem.calling.internal.base.BaseSubsystem.callFunc(BaseSubsystem.java:35)
	at com.westernasset.pss.msg.mapper.AtpToPssMapper.getRating(AtpToPssMapper.java:219)
	at com.westernasset.pss.msg.mapper.AtpToPssMapper.updateSecurityWithRatings(AtpToPssMapper.java:187)
	at com.westernasset.pss.msg.mapper.AtpToPssMapper.createSecurityVO(AtpToPssMapper.java:133)
	at com.westernasset.pss.msg.reciever.process.TradeProcessor.createSecurity(TradeProcessor.java:297)
	at com.westernasset.pss.msg.reciever.process.TradeProcessor.process(TradeProcessor.java:49)
	at com.westernasset.pss.msg.queue.MessageFetcher.processMessage(MessageFetcher.java:91)
	at com.westernasset.pss.msg.queue.MessageFetcher.pullMessageFromQueue(MessageFetcher.java:78)
	at com.westernasset.pss.msg.queue.MessageFetcher.run(MessageFetcher.java:48)

2014-09-25 14:48:50,964 ERROR [AtpToPssMapper] com.westernasset.framework.subsystem.common.SubsystemException: SubsystemExceptionNested:
java.lang.RuntimeException: Storage is not configuredNested:
java.lang.RuntimeException: Storage is not configured
	at com.tangosol.coherence.component.util.daemon.queueProcessor.service.DistributedCache$BinaryMap.onMissingStorage(DistributedCache.CDB:9)
	at com.tangosol.coherence.component.util.daemon.queueProcessor.service.DistributedCache$BinaryMap.get(DistributedCache.CDB:15)
	at com.tangosol.util.ConverterCollections$ConverterMap.get(ConverterCollections.java:1300)
	at com.tangosol.coherence.component.util.daemon.queueProcessor.service.DistributedCache$ViewMap.get(DistributedCache.CDB:1)
	at com.tangosol.coherence.component.util.SafeNamedCache.get(SafeNamedCache.CDB:1)
	at com.tangosol.net.cache.CachingMap.get(CachingMap.java:490)
	at com.westernasset.smss.server.SecurityMasterNearCacheSubsystem.getDigitRatingFromString(SecurityMasterNearCacheSubsystem.java:186)
	at com.westernasset.smss.server.SecurityMasterNearCacheSubsystem.handleFuncCall(SecurityMasterNearCacheSubsystem.java:85)
	at com.westernasset.smss.server.SecurityMasterManagementSubsystem.handleFuncCall(SecurityMasterManagementSubsystem.java:23)
	at com.westernasset.framework.subsystem.receiving.SubsystemImpl.innerHandleFuncCall(SubsystemImpl.java:154)
	at com.westernasset.framework.subsystem.receiving.internal.InProcessFunctionCallReceiver.handleFuncCall(InProcessFunctionCallReceiver.java:49)
	at com.westernasset.framework.subsystem.calling.internal.inprocess.InProcessFunctionCallCaller.doCall(InProcessFunctionCallCaller.java:19)
	at com.westernasset.framework.subsystem.calling.internal.inprocess.ForwardIfNotFoundFunctionCallCaller.doCall(ForwardIfNotFoundFunctionCallCaller.java:28)
	at com.westernasset.framework.subsystem.calling.internal.base.BaseFunctionCallCaller.callFunc(BaseFunctionCallCaller.java:33)
	at com.westernasset.framework.subsystem.calling.internal.base.BaseSubsystem.callFunc(BaseSubsystem.java:35)
	at com.westernasset.pss.msg.mapper.AtpToPssMapper.getRating(AtpToPssMapper.java:219)
	at com.westernasset.pss.msg.mapper.AtpToPssMapper.updateSecurityWithRatings(AtpToPssMapper.java:192)
	at com.westernasset.pss.msg.mapper.AtpToPssMapper.createSecurityVO(AtpToPssMapper.java:133)
	at com.westernasset.pss.msg.reciever.process.TradeProcessor.createSecurity(TradeProcessor.java:297)
	at com.westernasset.pss.msg.reciever.process.TradeProcessor.process(TradeProcessor.java:49)
	at com.westernasset.pss.msg.queue.MessageFetcher.processMessage(MessageFetcher.java:91)
	at com.westernasset.pss.msg.queue.MessageFetcher.pullMessageFromQueue(MessageFetcher.java:78)
	at com.westernasset.pss.msg.queue.MessageFetcher.run(MessageFetcher.java:48)

2014-09-25 14:48:50,965 ERROR [AtpToPssMapper] com.westernasset.framework.subsystem.common.SubsystemException: SubsystemExceptionNested:
java.lang.RuntimeException: Storage is not configuredNested:
java.lang.RuntimeException: Storage is not configured
	at com.tangosol.coherence.component.util.daemon.queueProcessor.service.DistributedCache$BinaryMap.onMissingStorage(DistributedCache.CDB:9)
	at com.tangosol.coherence.component.util.daemon.queueProcessor.service.DistributedCache$BinaryMap.get(DistributedCache.CDB:15)
	at com.tangosol.util.ConverterCollections$ConverterMap.get(ConverterCollections.java:1300)
	at com.tangosol.coherence.component.util.daemon.queueProcessor.service.DistributedCache$ViewMap.get(DistributedCache.CDB:1)
	at com.tangosol.coherence.component.util.SafeNamedCache.get(SafeNamedCache.CDB:1)
	at com.tangosol.net.cache.CachingMap.get(CachingMap.java:490)
	at com.westernasset.smss.server.SecurityMasterNearCacheSubsystem.getDigitRatingFromString(SecurityMasterNearCacheSubsystem.java:186)
	at com.westernasset.smss.server.SecurityMasterNearCacheSubsystem.handleFuncCall(SecurityMasterNearCacheSubsystem.java:85)
	at com.westernasset.smss.server.SecurityMasterManagementSubsystem.handleFuncCall(SecurityMasterManagementSubsystem.java:23)
	at com.westernasset.framework.subsystem.receiving.SubsystemImpl.innerHandleFuncCall(SubsystemImpl.java:154)
	at com.westernasset.framework.subsystem.receiving.internal.InProcessFunctionCallReceiver.handleFuncCall(InProcessFunctionCallReceiver.java:49)
	at com.westernasset.framework.subsystem.calling.internal.inprocess.InProcessFunctionCallCaller.doCall(InProcessFunctionCallCaller.java:19)
	at com.westernasset.framework.subsystem.calling.internal.inprocess.ForwardIfNotFoundFunctionCallCaller.doCall(ForwardIfNotFoundFunctionCallCaller.java:28)
	at com.westernasset.framework.subsystem.calling.internal.base.BaseFunctionCallCaller.callFunc(BaseFunctionCallCaller.java:33)
	at com.westernasset.framework.subsystem.calling.internal.base.BaseSubsystem.callFunc(BaseSubsystem.java:35)
	at com.westernasset.pss.msg.mapper.AtpToPssMapper.getRating(AtpToPssMapper.java:219)
	at com.westernasset.pss.msg.mapper.AtpToPssMapper.updateSecurityWithRatings(AtpToPssMapper.java:197)
	at com.westernasset.pss.msg.mapper.AtpToPssMapper.createSecurityVO(AtpToPssMapper.java:133)
	at com.westernasset.pss.msg.reciever.process.TradeProcessor.createSecurity(TradeProcessor.java:297)
	at com.westernasset.pss.msg.reciever.process.TradeProcessor.process(TradeProcessor.java:49)
	at com.westernasset.pss.msg.queue.MessageFetcher.processMessage(MessageFetcher.java:91)
	at com.westernasset.pss.msg.queue.MessageFetcher.pullMessageFromQueue(MessageFetcher.java:78)
	at com.westernasset.pss.msg.queue.MessageFetcher.run(MessageFetcher.java:48)

2014-09-25 14:48:50,965 ERROR [AtpToPssMapper] com.westernasset.framework.subsystem.common.SubsystemException: SubsystemExceptionNested:
java.lang.RuntimeException: Storage is not configuredNested:
java.lang.RuntimeException: Storage is not configured
	at com.tangosol.coherence.component.util.daemon.queueProcessor.service.DistributedCache$BinaryMap.onMissingStorage(DistributedCache.CDB:9)
	at com.tangosol.coherence.component.util.daemon.queueProcessor.service.DistributedCache$BinaryMap.get(DistributedCache.CDB:15)
	at com.tangosol.util.ConverterCollections$ConverterMap.get(ConverterCollections.java:1300)
	at com.tangosol.coherence.component.util.daemon.queueProcessor.service.DistributedCache$ViewMap.get(DistributedCache.CDB:1)
	at com.tangosol.coherence.component.util.SafeNamedCache.get(SafeNamedCache.CDB:1)
	at com.tangosol.net.cache.CachingMap.get(CachingMap.java:490)
	at com.westernasset.smss.server.SecurityMasterNearCacheSubsystem.getDigitRatingFromString(SecurityMasterNearCacheSubsystem.java:186)
	at com.westernasset.smss.server.SecurityMasterNearCacheSubsystem.handleFuncCall(SecurityMasterNearCacheSubsystem.java:85)
	at com.westernasset.smss.server.SecurityMasterManagementSubsystem.handleFuncCall(SecurityMasterManagementSubsystem.java:23)
	at com.westernasset.framework.subsystem.receiving.SubsystemImpl.innerHandleFuncCall(SubsystemImpl.java:154)
	at com.westernasset.framework.subsystem.receiving.internal.InProcessFunctionCallReceiver.handleFuncCall(InProcessFunctionCallReceiver.java:49)
	at com.westernasset.framework.subsystem.calling.internal.inprocess.InProcessFunctionCallCaller.doCall(InProcessFunctionCallCaller.java:19)
	at com.westernasset.framework.subsystem.calling.internal.inprocess.ForwardIfNotFoundFunctionCallCaller.doCall(ForwardIfNotFoundFunctionCallCaller.java:28)
	at com.westernasset.framework.subsystem.calling.internal.base.BaseFunctionCallCaller.callFunc(BaseFunctionCallCaller.java:33)
	at com.westernasset.framework.subsystem.calling.internal.base.BaseSubsystem.callFunc(BaseSubsystem.java:35)
	at com.westernasset.pss.msg.mapper.AtpToPssMapper.getRating(AtpToPssMapper.java:219)
	at com.westernasset.pss.msg.mapper.AtpToPssMapper.updateSecurityWithRatings(AtpToPssMapper.java:202)
	at com.westernasset.pss.msg.mapper.AtpToPssMapper.createSecurityVO(AtpToPssMapper.java:133)
	at com.westernasset.pss.msg.reciever.process.TradeProcessor.createSecurity(TradeProcessor.java:297)
	at com.westernasset.pss.msg.reciever.process.TradeProcessor.process(TradeProcessor.java:49)
	at com.westernasset.pss.msg.queue.MessageFetcher.processMessage(MessageFetcher.java:91)
	at com.westernasset.pss.msg.queue.MessageFetcher.pullMessageFromQueue(MessageFetcher.java:78)
	at com.westernasset.pss.msg.queue.MessageFetcher.run(MessageFetcher.java:48)

2014-09-25 14:48:50,967 ERROR [SecurityCacheManager] Failed to add security to cache: Storage is not configured : {SecurityId=1403346, AMTValue=1.0, MoodyRating=0, MoodyShortRating=0, FitchRating=0, FitchShortRating=0, SecurityTypeId=22, AssetTypeId=8, ProductId=20, SpRating=0, SpShortRating=0, WaRating=0, WaShortRating=0, IssueDate=2013-09-18T00:00:00.000-0700, MaturityDate=2023-09-15T00:00:00.000-0700, AssetId=92343VBR4, CurrencyCode=USD, SecurityType=CORPORATE, Description=VERIZON COMMUNICATIONS, Product=Bonds/Notes (Par), SubSubSector=WIRELINES, TickerSymbol=VZ, BBName=VERIZON COMMUNICATIONS, IntType=FIXED, MinPiece=2000.0000, MinIncrement=2000.0000, AverageLife=8.975, Coupon=5.15, Dtm=3277.0, DtmLegalFinal=3277.0, Factor=1.0, DurationFactor=1.0, EffectiveConvexity=0.652, EffectiveDuration=7.404, YieldToWorst=3.731, MarketCFYield=3.731, OptionASpread=128.0, SpreadDuration=7.21, Country=US, AMT=N, NyIssuer=VZ&8, LnIssuer=VZ&8}
java.lang.RuntimeException: Storage is not configured
	at com.tangosol.coherence.component.util.daemon.queueProcessor.service.DistributedCache$BinaryMap.onMissingStorage(DistributedCache.CDB:9)
	at com.tangosol.coherence.component.util.daemon.queueProcessor.service.DistributedCache$BinaryMap.get(DistributedCache.CDB:15)
	at com.tangosol.util.ConverterCollections$ConverterMap.get(ConverterCollections.java:1300)
	at com.tangosol.coherence.component.util.daemon.queueProcessor.service.DistributedCache$ViewMap.get(DistributedCache.CDB:1)
	at com.tangosol.coherence.component.util.SafeNamedCache.get(SafeNamedCache.CDB:1)
	at com.tangosol.net.cache.CachingMap.get(CachingMap.java:490)
	at com.westernasset.smss.common.util.BusinessUtils.getIssuerDesciption(BusinessUtils.java:146)
	at com.westernasset.smss.common.util.BusinessUtils.fillNUIssuerId(BusinessUtils.java:513)
	at com.westernasset.smss.common.util.BusinessUtils.fillDerivedValues(BusinessUtils.java:421)
	at com.westernasset.smss.server.SecurityCacheManager.addSecurity(SecurityCacheManager.java:137)
	at com.westernasset.smss.server.SecurityMasterNearCacheSubsystem.addSecurity(SecurityMasterNearCacheSubsystem.java:202)
	at com.westernasset.smss.server.SecurityMasterNearCacheSubsystem.handleFuncCall(SecurityMasterNearCacheSubsystem.java:92)
	at com.westernasset.smss.server.SecurityMasterManagementSubsystem.handleFuncCall(SecurityMasterManagementSubsystem.java:23)
	at com.westernasset.framework.subsystem.receiving.SubsystemImpl.innerHandleFuncCall(SubsystemImpl.java:154)
	at com.westernasset.framework.subsystem.receiving.internal.InProcessFunctionCallReceiver.handleFuncCall(InProcessFunctionCallReceiver.java:49)
	at com.westernasset.framework.subsystem.calling.internal.inprocess.InProcessFunctionCallCaller.doCall(InProcessFunctionCallCaller.java:19)
	at com.westernasset.framework.subsystem.calling.internal.inprocess.ForwardIfNotFoundFunctionCallCaller.doCall(ForwardIfNotFoundFunctionCallCaller.java:28)
	at com.westernasset.framework.subsystem.calling.internal.base.BaseFunctionCallCaller.callFunc(BaseFunctionCallCaller.java:33)
	at com.westernasset.framework.subsystem.calling.internal.base.BaseSubsystem.callFunc(BaseSubsystem.java:35)
	at com.westernasset.pss.msg.reciever.process.TradeProcessor.createSecurity(TradeProcessor.java:302)
	at com.westernasset.pss.msg.reciever.process.TradeProcessor.process(TradeProcessor.java:49)
	at com.westernasset.pss.msg.queue.MessageFetcher.processMessage(MessageFetcher.java:91)
	at com.westernasset.pss.msg.queue.MessageFetcher.pullMessageFromQueue(MessageFetcher.java:78)
	at com.westernasset.pss.msg.queue.MessageFetcher.run(MessageFetcher.java:48)
2014-09-25 14:48:50,967 INFO  [TradeProcessor] Created Security :{SecurityId=1403346, AMTValue=1.0, MoodyRating=0, MoodyShortRating=0, FitchRating=0, FitchShortRating=0, SecurityTypeId=22, AssetTypeId=8, ProductId=20, SpRating=0, SpShortRating=0, WaRating=0, WaShortRating=0, IssueDate=2013-09-18T00:00:00.000-0700, MaturityDate=2023-09-15T00:00:00.000-0700, AssetId=92343VBR4, CurrencyCode=USD, SecurityType=CORPORATE, Description=VERIZON COMMUNICATIONS, Product=Bonds/Notes (Par), SubSubSector=WIRELINES, TickerSymbol=VZ, BBName=VERIZON COMMUNICATIONS, IntType=FIXED, MinPiece=2000.0000, MinIncrement=2000.0000, AverageLife=8.975, Coupon=5.15, Dtm=3277.0, DtmLegalFinal=3277.0, Factor=1.0, DurationFactor=1.0, EffectiveConvexity=0.652, EffectiveDuration=7.404, YieldToWorst=3.731, MarketCFYield=3.731, OptionASpread=128.0, SpreadDuration=7.21, Country=US, AMT=N, NyIssuer=VZ&8, LnIssuer=VZ&8}
2014-09-25 14:48:50,968 ERROR [TradeProcessor] Error in getPrioTradeStatusByMessage
com.westernasset.framework.subsystem.common.SubsystemException: SubsystemExceptionNested:
java.lang.RuntimeException: Storage is not configuredNested:
java.lang.RuntimeException: Storage is not configured
	at com.tangosol.coherence.component.util.daemon.queueProcessor.service.DistributedCache$BinaryMap.onMissingStorage(DistributedCache.CDB:9)
	at com.tangosol.coherence.component.util.daemon.queueProcessor.service.DistributedCache$BinaryMap.get(DistributedCache.CDB:15)
	at com.tangosol.util.ConverterCollections$ConverterMap.get(ConverterCollections.java:1300)
	at com.tangosol.coherence.component.util.daemon.queueProcessor.service.DistributedCache$ViewMap.get(DistributedCache.CDB:1)
	at com.tangosol.coherence.component.util.SafeNamedCache.get(SafeNamedCache.CDB:1)
	at com.tangosol.net.cache.CachingMap.get(CachingMap.java:490)
	at com.westernasset.tss.cache.TradeCacheManager.getTradeById(TradeCacheManager.java:202)
	at com.westernasset.tss.services.TradeNearCacheSubsystem.getTradeById(TradeNearCacheSubsystem.java:104)
	at com.westernasset.tss.services.TradeNearCacheSubsystem.handleFuncCall(TradeNearCacheSubsystem.java:50)
	at com.westernasset.tss.services.TradeSubsystem.handleFuncCall(TradeSubsystem.java:29)
	at com.westernasset.framework.subsystem.receiving.SubsystemImpl.innerHandleFuncCall(SubsystemImpl.java:154)
	at com.westernasset.framework.subsystem.receiving.internal.InProcessFunctionCallReceiver.handleFuncCall(InProcessFunctionCallReceiver.java:49)
	at com.westernasset.framework.subsystem.calling.internal.inprocess.InProcessFunctionCallCaller.doCall(InProcessFunctionCallCaller.java:19)
	at com.westernasset.framework.subsystem.calling.internal.inprocess.ForwardIfNotFoundFunctionCallCaller.doCall(ForwardIfNotFoundFunctionCallCaller.java:28)
	at com.westernasset.framework.subsystem.calling.internal.base.BaseFunctionCallCaller.callFunc(BaseFunctionCallCaller.java:33)
	at com.westernasset.framework.subsystem.calling.internal.base.BaseSubsystem.callFunc(BaseSubsystem.java:35)
	at com.westernasset.pss.msg.reciever.process.TradeProcessor.getTradeByTradeId(TradeProcessor.java:250)
	at com.westernasset.pss.msg.reciever.process.TradeProcessor.getPrioTradeStatusByMessage(TradeProcessor.java:268)
	at com.westernasset.pss.msg.reciever.process.TradeProcessor.process(TradeProcessor.java:50)
	at com.westernasset.pss.msg.queue.MessageFetcher.processMessage(MessageFetcher.java:91)
	at com.westernasset.pss.msg.queue.MessageFetcher.pullMessageFromQueue(MessageFetcher.java:78)
	at com.westernasset.pss.msg.queue.MessageFetcher.run(MessageFetcher.java:48)

	at com.westernasset.framework.subsystem.common.internal.SubsystemExceptionUtils.dataObjectToException(SubsystemExceptionUtils.java:38)
	at com.westernasset.framework.subsystem.common.internal.SubsystemExceptionUtils.throwExceptionIfNeeded(SubsystemExceptionUtils.java:15)
	at com.westernasset.framework.subsystem.calling.internal.base.BaseSubsystem.callFunc(BaseSubsystem.java:37)
	at com.westernasset.pss.msg.reciever.process.TradeProcessor.getTradeByTradeId(TradeProcessor.java:250)
	at com.westernasset.pss.msg.reciever.process.TradeProcessor.getPrioTradeStatusByMessage(TradeProcessor.java:268)
	at com.westernasset.pss.msg.reciever.process.TradeProcessor.process(TradeProcessor.java:50)
	at com.westernasset.pss.msg.queue.MessageFetcher.processMessage(MessageFetcher.java:91)
	at com.westernasset.pss.msg.queue.MessageFetcher.pullMessageFromQueue(MessageFetcher.java:78)
	at com.westernasset.pss.msg.queue.MessageFetcher.run(MessageFetcher.java:48)
2014-09-25 14:48:50,968 ERROR [TradeProcessor] Exception occured while processing message
java.lang.RuntimeException: Storage is not configured
	at com.tangosol.coherence.component.util.daemon.queueProcessor.service.DistributedCache$BinaryMap.onMissingStorage(DistributedCache.CDB:9)
	at com.tangosol.coherence.component.util.daemon.queueProcessor.service.DistributedCache$BinaryMap.get(DistributedCache.CDB:15)
	at com.tangosol.util.ConverterCollections$ConverterMap.get(ConverterCollections.java:1300)
	at com.tangosol.coherence.component.util.daemon.queueProcessor.service.DistributedCache$ViewMap.get(DistributedCache.CDB:1)
	at com.tangosol.coherence.component.util.SafeNamedCache.get(SafeNamedCache.CDB:1)
	at com.tangosol.net.cache.CachingMap.get(CachingMap.java:490)
	at com.westernasset.tss.cache.TradeCacheManager.isDuplicateTrade(TradeCacheManager.java:356)
	at com.westernasset.pss.common.util.PojoHelper.createObjects(PojoHelper.java:132)
	at com.westernasset.pss.msg.reciever.process.TradeProcessor.process(TradeProcessor.java:55)
	at com.westernasset.pss.msg.queue.MessageFetcher.processMessage(MessageFetcher.java:91)
	at com.westernasset.pss.msg.queue.MessageFetcher.pullMessageFromQueue(MessageFetcher.java:78)
	at com.westernasset.pss.msg.queue.MessageFetcher.run(MessageFetcher.java:48)
2014-09-25 14:48:50,968 INFO  [TradeProcessor] End process method 736 MB
2014-09-25 14:48:50,968 INFO  [TradeProcessor] Time taken by TradeProcessor.process method 8
2014-09-25 14:48:50,968 INFO  [MessageFetcher] Processing message completed...[7461930]
2014-09-25 14:48:50,968 INFO  [MessageQueue] Removing the first item of 24 from the queue
2014-09-25 14:48:50,968 INFO  [MessageFetcher] Processing message started...[7461834]
2014-09-25 14:48:50,968 INFO  [TradeProcessor] Begin process method 736 MB
2014-09-25 14:48:50,968 ERROR [TradeProcessor] Error in doSecurityExist
java.lang.RuntimeException: Storage is not configured
	at com.tangosol.coherence.component.util.daemon.queueProcessor.service.DistributedCache$BinaryMap.onMissingStorage(DistributedCache.CDB:9)
	at com.tangosol.coherence.component.util.daemon.queueProcessor.service.DistributedCache$BinaryMap.get(DistributedCache.CDB:15)
	at com.tangosol.util.ConverterCollections$ConverterMap.get(ConverterCollections.java:1300)
	at com.tangosol.coherence.component.util.daemon.queueProcessor.service.DistributedCache$ViewMap.get(DistributedCache.CDB:1)
	at com.tangosol.coherence.component.util.SafeNamedCache.get(SafeNamedCache.CDB:1)
	at com.tangosol.net.cache.CachingMap.get(CachingMap.java:490)
	at com.westernasset.smss.common.util.BusinessDateHelper.get(BusinessDateHelper.java:55)
	at com.westernasset.smss.common.util.BusinessDateHelper.getBusinessDateFromCacheWithOffset(BusinessDateHelper.java:130)
	at com.westernasset.smss.common.util.BusinessDateHelper.getCurrentBusinessDateAny(BusinessDateHelper.java:125)
	at com.westernasset.pss.msg.reciever.process.TradeProcessor.doSecurityExist(TradeProcessor.java:328)
	at com.westernasset.pss.msg.reciever.process.TradeProcessor.createSecurity(TradeProcessor.java:296)
	at com.westernasset.pss.msg.reciever.process.TradeProcessor.process(TradeProcessor.java:49)
	at com.westernasset.pss.msg.queue.MessageFetcher.processMessage(MessageFetcher.java:91)
	at com.westernasset.pss.msg.queue.MessageFetcher.pullMessageFromQueue(MessageFetcher.java:78)
	at com.westernasset.pss.msg.queue.MessageFetcher.run(MessageFetcher.java:48)
2014-09-25 14:48:50,969 ERROR [AtpToPssMapper] com.westernasset.framework.subsystem.common.SubsystemException: SubsystemExceptionNested:
java.lang.RuntimeException: Storage is not configuredNested:
java.lang.RuntimeException: Storage is not configured
	at com.tangosol.coherence.component.util.daemon.queueProcessor.service.DistributedCache$BinaryMap.onMissingStorage(DistributedCache.CDB:9)
	at com.tangosol.coherence.component.util.daemon.queueProcessor.service.DistributedCache$BinaryMap.get(DistributedCache.CDB:15)
	at com.tangosol.util.ConverterCollections$ConverterMap.get(ConverterCollections.java:1300)
	at com.tangosol.coherence.component.util.daemon.queueProcessor.service.DistributedCache$ViewMap.get(DistributedCache.CDB:1)
	at com.tangosol.coherence.component.util.SafeNamedCache.get(SafeNamedCache.CDB:1)
	at com.tangosol.net.cache.CachingMap.get(CachingMap.java:490)
	at com.westernasset.smss.server.SecurityMasterNearCacheSubsystem.getDigitRatingFromString(SecurityMasterNearCacheSubsystem.java:186)
	at com.westernasset.smss.server.SecurityMasterNearCacheSubsystem.handleFuncCall(SecurityMasterNearCacheSubsystem.java:85)
	at com.westernasset.smss.server.SecurityMasterManagementSubsystem.handleFuncCall(SecurityMasterManagementSubsystem.java:23)
	at com.westernasset.framework.subsystem.receiving.SubsystemImpl.innerHandleFuncCall(SubsystemImpl.java:154)
	at com.westernasset.framework.subsystem.receiving.internal.InProcessFunctionCallReceiver.handleFuncCall(InProcessFunctionCallReceiver.java:49)
	at com.westernasset.framework.subsystem.calling.internal.inprocess.InProcessFunctionCallCaller.doCall(InProcessFunctionCallCaller.java:19)
	at com.westernasset.framework.subsystem.calling.internal.inprocess.ForwardIfNotFoundFunctionCallCaller.doCall(ForwardIfNotFoundFunctionCallCaller.java:28)
	at com.westernasset.framework.subsystem.calling.internal.base.BaseFunctionCallCaller.callFunc(BaseFunctionCallCaller.java:33)
	at com.westernasset.framework.subsystem.calling.internal.base.BaseSubsystem.callFunc(BaseSubsystem.java:35)
	at com.westernasset.pss.msg.mapper.AtpToPssMapper.getRating(AtpToPssMapper.java:219)
	at com.westernasset.pss.msg.mapper.AtpToPssMapper.updateSecurityWithRatings(AtpToPssMapper.java:167)
	at com.westernasset.pss.msg.mapper.AtpToPssMapper.createSecurityVO(AtpToPssMapper.java:133)
	at com.westernasset.pss.msg.reciever.process.TradeProcessor.createSecurity(TradeProcessor.java:297)
	at com.westernasset.pss.msg.reciever.process.TradeProcessor.process(TradeProcessor.java:49)
	at com.westernasset.pss.msg.queue.MessageFetcher.processMessage(MessageFetcher.java:91)
	at com.westernasset.pss.msg.queue.MessageFetcher.pullMessageFromQueue(MessageFetcher.java:78)
	at com.westernasset.pss.msg.queue.MessageFetcher.run(MessageFetcher.java:48)

2014-09-25 14:48:50,970 ERROR [AtpToPssMapper] com.westernasset.framework.subsystem.common.SubsystemException: SubsystemExceptionNested:
java.lang.RuntimeException: Storage is not configuredNested:
java.lang.RuntimeException: Storage is not configured
	at com.tangosol.coherence.component.util.daemon.queueProcessor.service.DistributedCache$BinaryMap.onMissingStorage(DistributedCache.CDB:9)
	at com.tangosol.coherence.component.util.daemon.queueProcessor.service.DistributedCache$BinaryMap.get(DistributedCache.CDB:15)
	at com.tangosol.util.ConverterCollections$ConverterMap.get(ConverterCollections.java:1300)
	at com.tangosol.coherence.component.util.daemon.queueProcessor.service.DistributedCache$ViewMap.get(DistributedCache.CDB:1)
	at com.tangosol.coherence.component.util.SafeNamedCache.get(SafeNamedCache.CDB:1)
	at com.tangosol.net.cache.CachingMap.get(CachingMap.java:490)
	at com.westernasset.smss.server.SecurityMasterNearCacheSubsystem.getDigitRatingFromString(SecurityMasterNearCacheSubsystem.java:186)
	at com.westernasset.smss.server.SecurityMasterNearCacheSubsystem.handleFuncCall(SecurityMasterNearCacheSubsystem.java:85)
	at com.westernasset.smss.server.SecurityMasterManagementSubsystem.handleFuncCall(SecurityMasterManagementSubsystem.java:23)
	at com.westernasset.framework.subsystem.receiving.SubsystemImpl.innerHandleFuncCall(SubsystemImpl.java:154)
	at com.westernasset.framework.subsystem.receiving.internal.InProcessFunctionCallReceiver.handleFuncCall(InProcessFunctionCallReceiver.java:49)
	at com.westernasset.framework.subsystem.calling.internal.inprocess.InProcessFunctionCallCaller.doCall(InProcessFunctionCallCaller.java:19)
	at com.westernasset.framework.subsystem.calling.internal.inprocess.ForwardIfNotFoundFunctionCallCaller.doCall(ForwardIfNotFoundFunctionCallCaller.java:28)
	at com.westernasset.framework.subsystem.calling.internal.base.BaseFunctionCallCaller.callFunc(BaseFunctionCallCaller.java:33)
	at com.westernasset.framework.subsystem.calling.internal.base.BaseSubsystem.callFunc(BaseSubsystem.java:35)
	at com.westernasset.pss.msg.mapper.AtpToPssMapper.getRating(AtpToPssMapper.java:219)
	at com.westernasset.pss.msg.mapper.AtpToPssMapper.updateSecurityWithRatings(AtpToPssMapper.java:172)
	at com.westernasset.pss.msg.mapper.AtpToPssMapper.createSecurityVO(AtpToPssMapper.java:133)
	at com.westernasset.pss.msg.reciever.process.TradeProcessor.createSecurity(TradeProcessor.java:297)
	at com.westernasset.pss.msg.reciever.process.TradeProcessor.process(TradeProcessor.java:49)
	at com.westernasset.pss.msg.queue.MessageFetcher.processMessage(MessageFetcher.java:91)
	at com.westernasset.pss.msg.queue.MessageFetcher.pullMessageFromQueue(MessageFetcher.java:78)
	at com.westernasset.pss.msg.queue.MessageFetcher.run(MessageFetcher.java:48)

2014-09-25 14:48:50,970 ERROR [AtpToPssMapper] com.westernasset.framework.subsystem.common.SubsystemException: SubsystemExceptionNested:
java.lang.RuntimeException: Storage is not configuredNested:
java.lang.RuntimeException: Storage is not configured
	at com.tangosol.coherence.component.util.daemon.queueProcessor.service.DistributedCache$BinaryMap.onMissingStorage(DistributedCache.CDB:9)
	at com.tangosol.coherence.component.util.daemon.queueProcessor.service.DistributedCache$BinaryMap.get(DistributedCache.CDB:15)
	at com.tangosol.util.ConverterCollections$ConverterMap.get(ConverterCollections.java:1300)
	at com.tangosol.coherence.component.util.daemon.queueProcessor.service.DistributedCache$ViewMap.get(DistributedCache.CDB:1)
	at com.tangosol.coherence.component.util.SafeNamedCache.get(SafeNamedCache.CDB:1)
	at com.tangosol.net.cache.CachingMap.get(CachingMap.java:490)
	at com.westernasset.smss.server.SecurityMasterNearCacheSubsystem.getDigitRatingFromString(SecurityMasterNearCacheSubsystem.java:186)
	at com.westernasset.smss.server.SecurityMasterNearCacheSubsystem.handleFuncCall(SecurityMasterNearCacheSubsystem.java:85)
	at com.westernasset.smss.server.SecurityMasterManagementSubsystem.handleFuncCall(SecurityMasterManagementSubsystem.java:23)
	at com.westernasset.framework.subsystem.receiving.SubsystemImpl.innerHandleFuncCall(SubsystemImpl.java:154)
	at com.westernasset.framework.subsystem.receiving.internal.InProcessFunctionCallReceiver.handleFuncCall(InProcessFunctionCallReceiver.java:49)
	at com.westernasset.framework.subsystem.calling.internal.inprocess.InProcessFunctionCallCaller.doCall(InProcessFunctionCallCaller.java:19)
	at com.westernasset.framework.subsystem.calling.internal.inprocess.ForwardIfNotFoundFunctionCallCaller.doCall(ForwardIfNotFoundFunctionCallCaller.java:28)
	at com.westernasset.framework.subsystem.calling.internal.base.BaseFunctionCallCaller.callFunc(BaseFunctionCallCaller.java:33)
	at com.westernasset.framework.subsystem.calling.internal.base.BaseSubsystem.callFunc(BaseSubsystem.java:35)
	at com.westernasset.pss.msg.mapper.AtpToPssMapper.getRating(AtpToPssMapper.java:219)
	at com.westernasset.pss.msg.mapper.AtpToPssMapper.updateSecurityWithRatings(AtpToPssMapper.java:177)
	at com.westernasset.pss.msg.mapper.AtpToPssMapper.createSecurityVO(AtpToPssMapper.java:133)
	at com.westernasset.pss.msg.reciever.process.TradeProcessor.createSecurity(TradeProcessor.java:297)
	at com.westernasset.pss.msg.reciever.process.TradeProcessor.process(TradeProcessor.java:49)
	at com.westernasset.pss.msg.queue.MessageFetcher.processMessage(MessageFetcher.java:91)
	at com.westernasset.pss.msg.queue.MessageFetcher.pullMessageFromQueue(MessageFetcher.java:78)
	at com.westernasset.pss.msg.queue.MessageFetcher.run(MessageFetcher.java:48)

2014-09-25 14:48:50,971 ERROR [AtpToPssMapper] com.westernasset.framework.subsystem.common.SubsystemException: SubsystemExceptionNested:
java.lang.RuntimeException: Storage is not configuredNested:
java.lang.RuntimeException: Storage is not configured
	at com.tangosol.coherence.component.util.daemon.queueProcessor.service.DistributedCache$BinaryMap.onMissingStorage(DistributedCache.CDB:9)
	at com.tangosol.coherence.component.util.daemon.queueProcessor.service.DistributedCache$BinaryMap.get(DistributedCache.CDB:15)
	at com.tangosol.util.ConverterCollections$ConverterMap.get(ConverterCollections.java:1300)
	at com.tangosol.coherence.component.util.daemon.queueProcessor.service.DistributedCache$ViewMap.get(DistributedCache.CDB:1)
	at com.tangosol.coherence.component.util.SafeNamedCache.get(SafeNamedCache.CDB:1)
	at com.tangosol.net.cache.CachingMap.get(CachingMap.java:490)
	at com.westernasset.smss.server.SecurityMasterNearCacheSubsystem.getDigitRatingFromString(SecurityMasterNearCacheSubsystem.java:186)
	at com.westernasset.smss.server.SecurityMasterNearCacheSubsystem.handleFuncCall(SecurityMasterNearCacheSubsystem.java:85)
	at com.westernasset.smss.server.SecurityMasterManagementSubsystem.handleFuncCall(SecurityMasterManagementSubsystem.java:23)
	at com.westernasset.framework.subsystem.receiving.SubsystemImpl.innerHandleFuncCall(SubsystemImpl.java:154)
	at com.westernasset.framework.subsystem.receiving.internal.InProcessFunctionCallReceiver.handleFuncCall(InProcessFunctionCallReceiver.java:49)
	at com.westernasset.framework.subsystem.calling.internal.inprocess.InProcessFunctionCallCaller.doCall(InProcessFunctionCallCaller.java:19)
	at com.westernasset.framework.subsystem.calling.internal.inprocess.ForwardIfNotFoundFunctionCallCaller.doCall(ForwardIfNotFoundFunctionCallCaller.java:28)
	at com.westernasset.framework.subsystem.calling.internal.base.BaseFunctionCallCaller.callFunc(BaseFunctionCallCaller.java:33)
	at com.westernasset.framework.subsystem.calling.internal.base.BaseSubsystem.callFunc(BaseSubsystem.java:35)
	at com.westernasset.pss.msg.mapper.AtpToPssMapper.getRating(AtpToPssMapper.java:219)
	at com.westernasset.pss.msg.mapper.AtpToPssMapper.updateSecurityWithRatings(AtpToPssMapper.java:182)
	at com.westernasset.pss.msg.mapper.AtpToPssMapper.createSecurityVO(AtpToPssMapper.java:133)
	at com.westernasset.pss.msg.reciever.process.TradeProcessor.createSecurity(TradeProcessor.java:297)
	at com.westernasset.pss.msg.reciever.process.TradeProcessor.process(TradeProcessor.java:49)
	at com.westernasset.pss.msg.queue.MessageFetcher.processMessage(MessageFetcher.java:91)
	at com.westernasset.pss.msg.queue.MessageFetcher.pullMessageFromQueue(MessageFetcher.java:78)
	at com.westernasset.pss.msg.queue.MessageFetcher.run(MessageFetcher.java:48)

2014-09-25 14:48:50,971 ERROR [AtpToPssMapper] com.westernasset.framework.subsystem.common.SubsystemException: SubsystemExceptionNested:
java.lang.RuntimeException: Storage is not configuredNested:
java.lang.RuntimeException: Storage is not configured
	at com.tangosol.coherence.component.util.daemon.queueProcessor.service.DistributedCache$BinaryMap.onMissingStorage(DistributedCache.CDB:9)
	at com.tangosol.coherence.component.util.daemon.queueProcessor.service.DistributedCache$BinaryMap.get(DistributedCache.CDB:15)
	at com.tangosol.util.ConverterCollections$ConverterMap.get(ConverterCollections.java:1300)
	at com.tangosol.coherence.component.util.daemon.queueProcessor.service.DistributedCache$ViewMap.get(DistributedCache.CDB:1)
	at com.tangosol.coherence.component.util.SafeNamedCache.get(SafeNamedCache.CDB:1)
	at com.tangosol.net.cache.CachingMap.get(CachingMap.java:490)
	at com.westernasset.smss.server.SecurityMasterNearCacheSubsystem.getDigitRatingFromString(SecurityMasterNearCacheSubsystem.java:186)
	at com.westernasset.smss.server.SecurityMasterNearCacheSubsystem.handleFuncCall(SecurityMasterNearCacheSubsystem.java:85)
	at com.westernasset.smss.server.SecurityMasterManagementSubsystem.handleFuncCall(SecurityMasterManagementSubsystem.java:23)
	at com.westernasset.framework.subsystem.receiving.SubsystemImpl.innerHandleFuncCall(SubsystemImpl.java:154)
	at com.westernasset.framework.subsystem.receiving.internal.InProcessFunctionCallReceiver.handleFuncCall(InProcessFunctionCallReceiver.java:49)
	at com.westernasset.framework.subsystem.calling.internal.inprocess.InProcessFunctionCallCaller.doCall(InProcessFunctionCallCaller.java:19)
	at com.westernasset.framework.subsystem.calling.internal.inprocess.ForwardIfNotFoundFunctionCallCaller.doCall(ForwardIfNotFoundFunctionCallCaller.java:28)
	at com.westernasset.framework.subsystem.calling.internal.base.BaseFunctionCallCaller.callFunc(BaseFunctionCallCaller.java:33)
	at com.westernasset.framework.subsystem.calling.internal.base.BaseSubsystem.callFunc(BaseSubsystem.java:35)
	at com.westernasset.pss.msg.mapper.AtpToPssMapper.getRating(AtpToPssMapper.java:219)
	at com.westernasset.pss.msg.mapper.AtpToPssMapper.updateSecurityWithRatings(AtpToPssMapper.java:187)
	at com.westernasset.pss.msg.mapper.AtpToPssMapper.createSecurityVO(AtpToPssMapper.java:133)
	at com.westernasset.pss.msg.reciever.process.TradeProcessor.createSecurity(TradeProcessor.java:297)
	at com.westernasset.pss.msg.reciever.process.TradeProcessor.process(TradeProcessor.java:49)
	at com.westernasset.pss.msg.queue.MessageFetcher.processMessage(MessageFetcher.java:91)
	at com.westernasset.pss.msg.queue.MessageFetcher.pullMessageFromQueue(MessageFetcher.java:78)
	at com.westernasset.pss.msg.queue.MessageFetcher.run(MessageFetcher.java:48)

2014-09-25 14:48:50,972 ERROR [AtpToPssMapper] com.westernasset.framework.subsystem.common.SubsystemException: SubsystemExceptionNested:
java.lang.RuntimeException: Storage is not configuredNested:
java.lang.RuntimeException: Storage is not configured
	at com.tangosol.coherence.component.util.daemon.queueProcessor.service.DistributedCache$BinaryMap.onMissingStorage(DistributedCache.CDB:9)
	at com.tangosol.coherence.component.util.daemon.queueProcessor.service.DistributedCache$BinaryMap.get(DistributedCache.CDB:15)
	at com.tangosol.util.ConverterCollections$ConverterMap.get(ConverterCollections.java:1300)
	at com.tangosol.coherence.component.util.daemon.queueProcessor.service.DistributedCache$ViewMap.get(DistributedCache.CDB:1)
	at com.tangosol.coherence.component.util.SafeNamedCache.get(SafeNamedCache.CDB:1)
	at com.tangosol.net.cache.CachingMap.get(CachingMap.java:490)
	at com.westernasset.smss.server.SecurityMasterNearCacheSubsystem.getDigitRatingFromString(SecurityMasterNearCacheSubsystem.java:186)
	at com.westernasset.smss.server.SecurityMasterNearCacheSubsystem.handleFuncCall(SecurityMasterNearCacheSubsystem.java:85)
	at com.westernasset.smss.server.SecurityMasterManagementSubsystem.handleFuncCall(SecurityMasterManagementSubsystem.java:23)
	at com.westernasset.framework.subsystem.receiving.SubsystemImpl.innerHandleFuncCall(SubsystemImpl.java:154)
	at com.westernasset.framework.subsystem.receiving.internal.InProcessFunctionCallReceiver.handleFuncCall(InProcessFunctionCallReceiver.java:49)
	at com.westernasset.framework.subsystem.calling.internal.inprocess.InProcessFunctionCallCaller.doCall(InProcessFunctionCallCaller.java:19)
	at com.westernasset.framework.subsystem.calling.internal.inprocess.ForwardIfNotFoundFunctionCallCaller.doCall(ForwardIfNotFoundFunctionCallCaller.java:28)
	at com.westernasset.framework.subsystem.calling.internal.base.BaseFunctionCallCaller.callFunc(BaseFunctionCallCaller.java:33)
	at com.westernasset.framework.subsystem.calling.internal.base.BaseSubsystem.callFunc(BaseSubsystem.java:35)
	at com.westernasset.pss.msg.mapper.AtpToPssMapper.getRating(AtpToPssMapper.java:219)
	at com.westernasset.pss.msg.mapper.AtpToPssMapper.updateSecurityWithRatings(AtpToPssMapper.java:192)
	at com.westernasset.pss.msg.mapper.AtpToPssMapper.createSecurityVO(AtpToPssMapper.java:133)
	at com.westernasset.pss.msg.reciever.process.TradeProcessor.createSecurity(TradeProcessor.java:297)
	at com.westernasset.pss.msg.reciever.process.TradeProcessor.process(TradeProcessor.java:49)
	at com.westernasset.pss.msg.queue.MessageFetcher.processMessage(MessageFetcher.java:91)
	at com.westernasset.pss.msg.queue.MessageFetcher.pullMessageFromQueue(MessageFetcher.java:78)
	at com.westernasset.pss.msg.queue.MessageFetcher.run(MessageFetcher.java:48)

2014-09-25 14:48:50,973 ERROR [AtpToPssMapper] com.westernasset.framework.subsystem.common.SubsystemException: SubsystemExceptionNested:
java.lang.RuntimeException: Storage is not configuredNested:
java.lang.RuntimeException: Storage is not configured
	at com.tangosol.coherence.component.util.daemon.queueProcessor.service.DistributedCache$BinaryMap.onMissingStorage(DistributedCache.CDB:9)
	at com.tangosol.coherence.component.util.daemon.queueProcessor.service.DistributedCache$BinaryMap.get(DistributedCache.CDB:15)
	at com.tangosol.util.ConverterCollections$ConverterMap.get(ConverterCollections.java:1300)
	at com.tangosol.coherence.component.util.daemon.queueProcessor.service.DistributedCache$ViewMap.get(DistributedCache.CDB:1)
	at com.tangosol.coherence.component.util.SafeNamedCache.get(SafeNamedCache.CDB:1)
	at com.tangosol.net.cache.CachingMap.get(CachingMap.java:490)
	at com.westernasset.smss.server.SecurityMasterNearCacheSubsystem.getDigitRatingFromString(SecurityMasterNearCacheSubsystem.java:186)
	at com.westernasset.smss.server.SecurityMasterNearCacheSubsystem.handleFuncCall(SecurityMasterNearCacheSubsystem.java:85)
	at com.westernasset.smss.server.SecurityMasterManagementSubsystem.handleFuncCall(SecurityMasterManagementSubsystem.java:23)
	at com.westernasset.framework.subsystem.receiving.SubsystemImpl.innerHandleFuncCall(SubsystemImpl.java:154)
	at com.westernasset.framework.subsystem.receiving.internal.InProcessFunctionCallReceiver.handleFuncCall(InProcessFunctionCallReceiver.java:49)
	at com.westernasset.framework.subsystem.calling.internal.inprocess.InProcessFunctionCallCaller.doCall(InProcessFunctionCallCaller.java:19)
	at com.westernasset.framework.subsystem.calling.internal.inprocess.ForwardIfNotFoundFunctionCallCaller.doCall(ForwardIfNotFoundFunctionCallCaller.java:28)
	at com.westernasset.framework.subsystem.calling.internal.base.BaseFunctionCallCaller.callFunc(BaseFunctionCallCaller.java:33)
	at com.westernasset.framework.subsystem.calling.internal.base.BaseSubsystem.callFunc(BaseSubsystem.java:35)
	at com.westernasset.pss.msg.mapper.AtpToPssMapper.getRating(AtpToPssMapper.java:219)
	at com.westernasset.pss.msg.mapper.AtpToPssMapper.updateSecurityWithRatings(AtpToPssMapper.java:197)
	at com.westernasset.pss.msg.mapper.AtpToPssMapper.createSecurityVO(AtpToPssMapper.java:133)
	at com.westernasset.pss.msg.reciever.process.TradeProcessor.createSecurity(TradeProcessor.java:297)
	at com.westernasset.pss.msg.reciever.process.TradeProcessor.process(TradeProcessor.java:49)
	at com.westernasset.pss.msg.queue.MessageFetcher.processMessage(MessageFetcher.java:91)
	at com.westernasset.pss.msg.queue.MessageFetcher.pullMessageFromQueue(MessageFetcher.java:78)
	at com.westernasset.pss.msg.queue.MessageFetcher.run(MessageFetcher.java:48)

2014-09-25 14:48:50,973 ERROR [AtpToPssMapper] com.westernasset.framework.subsystem.common.SubsystemException: SubsystemExceptionNested:
java.lang.RuntimeException: Storage is not configuredNested:
java.lang.RuntimeException: Storage is not configured
	at com.tangosol.coherence.component.util.daemon.queueProcessor.service.DistributedCache$BinaryMap.onMissingStorage(DistributedCache.CDB:9)
	at com.tangosol.coherence.component.util.daemon.queueProcessor.service.DistributedCache$BinaryMap.get(DistributedCache.CDB:15)
	at com.tangosol.util.ConverterCollections$ConverterMap.get(ConverterCollections.java:1300)
	at com.tangosol.coherence.component.util.daemon.queueProcessor.service.DistributedCache$ViewMap.get(DistributedCache.CDB:1)
	at com.tangosol.coherence.component.util.SafeNamedCache.get(SafeNamedCache.CDB:1)
	at com.tangosol.net.cache.CachingMap.get(CachingMap.java:490)
	at com.westernasset.smss.server.SecurityMasterNearCacheSubsystem.getDigitRatingFromString(SecurityMasterNearCacheSubsystem.java:186)
	at com.westernasset.smss.server.SecurityMasterNearCacheSubsystem.handleFuncCall(SecurityMasterNearCacheSubsystem.java:85)
	at com.westernasset.smss.server.SecurityMasterManagementSubsystem.handleFuncCall(SecurityMasterManagementSubsystem.java:23)
	at com.westernasset.framework.subsystem.receiving.SubsystemImpl.innerHandleFuncCall(SubsystemImpl.java:154)
	at com.westernasset.framework.subsystem.receiving.internal.InProcessFunctionCallReceiver.handleFuncCall(InProcessFunctionCallReceiver.java:49)
	at com.westernasset.framework.subsystem.calling.internal.inprocess.InProcessFunctionCallCaller.doCall(InProcessFunctionCallCaller.java:19)
	at com.westernasset.framework.subsystem.calling.internal.inprocess.ForwardIfNotFoundFunctionCallCaller.doCall(ForwardIfNotFoundFunctionCallCaller.java:28)
	at com.westernasset.framework.subsystem.calling.internal.base.BaseFunctionCallCaller.callFunc(BaseFunctionCallCaller.java:33)
	at com.westernasset.framework.subsystem.calling.internal.base.BaseSubsystem.callFunc(BaseSubsystem.java:35)
	at com.westernasset.pss.msg.mapper.AtpToPssMapper.getRating(AtpToPssMapper.java:219)
	at com.westernasset.pss.msg.mapper.AtpToPssMapper.updateSecurityWithRatings(AtpToPssMapper.java:202)
	at com.westernasset.pss.msg.mapper.AtpToPssMapper.createSecurityVO(AtpToPssMapper.java:133)
	at com.westernasset.pss.msg.reciever.process.TradeProcessor.createSecurity(TradeProcessor.java:297)
	at com.westernasset.pss.msg.reciever.process.TradeProcessor.process(TradeProcessor.java:49)
	at com.westernasset.pss.msg.queue.MessageFetcher.processMessage(MessageFetcher.java:91)
	at com.westernasset.pss.msg.queue.MessageFetcher.pullMessageFromQueue(MessageFetcher.java:78)
	at com.westernasset.pss.msg.queue.MessageFetcher.run(MessageFetcher.java:48)

2014-09-25 14:48:50,974 ERROR [SecurityCacheManager] Failed to add security to cache: Storage is not configured : {SecurityId=1529205, AMTValue=1.0, MoodyRating=0, MoodyShortRating=0, FitchRating=0, FitchShortRating=0, SecurityTypeId=22, AssetTypeId=8, ProductId=20, SpRating=0, SpShortRating=0, WaRating=0, WaShortRating=0, IssueDate=2014-09-09T00:00:00.000-0700, MaturityDate=2024-09-09T00:00:00.000-0700, AssetId=22546QAP2, CurrencyCode=USD, SecurityType=CORPORATE, Description=CREDIT SUISSE AG, Product=Bonds/Notes (Par), SubSubSector=BANKING, TickerSymbol=CS, BBName=CREDIT SUISSE NEW YORK, IntType=FIXED, MinPiece=250000.0000, MinIncrement=250000.0000, AverageLife=9.958, Coupon=3.625, Dtm=3637.0, DtmLegalFinal=3637.0, Factor=1.0, DurationFactor=1.0, EffectiveConvexity=0.833, EffectiveDuration=8.464, YieldToWorst=3.794, MarketCFYield=3.794, OptionASpread=121.0, SpreadDuration=8.22, Country=SWIS, AMT=N, NyIssuer=CS&8, LnIssuer=CS&8}
java.lang.RuntimeException: Storage is not configured
	at com.tangosol.coherence.component.util.daemon.queueProcessor.service.DistributedCache$BinaryMap.onMissingStorage(DistributedCache.CDB:9)
	at com.tangosol.coherence.component.util.daemon.queueProcessor.service.DistributedCache$BinaryMap.get(DistributedCache.CDB:15)
	at com.tangosol.util.ConverterCollections$ConverterMap.get(ConverterCollections.java:1300)
	at com.tangosol.coherence.component.util.daemon.queueProcessor.service.DistributedCache$ViewMap.get(DistributedCache.CDB:1)
	at com.tangosol.coherence.component.util.SafeNamedCache.get(SafeNamedCache.CDB:1)
	at com.tangosol.net.cache.CachingMap.get(CachingMap.java:490)
	at com.westernasset.smss.common.util.BusinessUtils.getIssuerDesciption(BusinessUtils.java:146)
	at com.westernasset.smss.common.util.BusinessUtils.fillNUIssuerId(BusinessUtils.java:513)
	at com.westernasset.smss.common.util.BusinessUtils.fillDerivedValues(BusinessUtils.java:421)
	at com.westernasset.smss.server.SecurityCacheManager.addSecurity(SecurityCacheManager.java:137)
	at com.westernasset.smss.server.SecurityMasterNearCacheSubsystem.addSecurity(SecurityMasterNearCacheSubsystem.java:202)
	at com.westernasset.smss.server.SecurityMasterNearCacheSubsystem.handleFuncCall(SecurityMasterNearCacheSubsystem.java:92)
	at com.westernasset.smss.server.SecurityMasterManagementSubsystem.handleFuncCall(SecurityMasterManagementSubsystem.java:23)
	at com.westernasset.framework.subsystem.receiving.SubsystemImpl.innerHandleFuncCall(SubsystemImpl.java:154)
	at com.westernasset.framework.subsystem.receiving.internal.InProcessFunctionCallReceiver.handleFuncCall(InProcessFunctionCallReceiver.java:49)
	at com.westernasset.framework.subsystem.calling.internal.inprocess.InProcessFunctionCallCaller.doCall(InProcessFunctionCallCaller.java:19)
	at com.westernasset.framework.subsystem.calling.internal.inprocess.ForwardIfNotFoundFunctionCallCaller.doCall(ForwardIfNotFoundFunctionCallCaller.java:28)
	at com.westernasset.framework.subsystem.calling.internal.base.BaseFunctionCallCaller.callFunc(BaseFunctionCallCaller.java:33)
	at com.westernasset.framework.subsystem.calling.internal.base.BaseSubsystem.callFunc(BaseSubsystem.java:35)
	at com.westernasset.pss.msg.reciever.process.TradeProcessor.createSecurity(TradeProcessor.java:302)
	at com.westernasset.pss.msg.reciever.process.TradeProcessor.process(TradeProcessor.java:49)
	at com.westernasset.pss.msg.queue.MessageFetcher.processMessage(MessageFetcher.java:91)
	at com.westernasset.pss.msg.queue.MessageFetcher.pullMessageFromQueue(MessageFetcher.java:78)
	at com.westernasset.pss.msg.queue.MessageFetcher.run(MessageFetcher.java:48)
2014-09-25 14:48:50,975 INFO  [TradeProcessor] Created Security :{SecurityId=1529205, AMTValue=1.0, MoodyRating=0, MoodyShortRating=0, FitchRating=0, FitchShortRating=0, SecurityTypeId=22, AssetTypeId=8, ProductId=20, SpRating=0, SpShortRating=0, WaRating=0, WaShortRating=0, IssueDate=2014-09-09T00:00:00.000-0700, MaturityDate=2024-09-09T00:00:00.000-0700, AssetId=22546QAP2, CurrencyCode=USD, SecurityType=CORPORATE, Description=CREDIT SUISSE AG, Product=Bonds/Notes (Par), SubSubSector=BANKING, TickerSymbol=CS, BBName=CREDIT SUISSE NEW YORK, IntType=FIXED, MinPiece=250000.0000, MinIncrement=250000.0000, AverageLife=9.958, Coupon=3.625, Dtm=3637.0, DtmLegalFinal=3637.0, Factor=1.0, DurationFactor=1.0, EffectiveConvexity=0.833, EffectiveDuration=8.464, YieldToWorst=3.794, MarketCFYield=3.794, OptionASpread=121.0, SpreadDuration=8.22, Country=SWIS, AMT=N, NyIssuer=CS&8, LnIssuer=CS&8}
2014-09-25 14:48:50,975 ERROR [TradeProcessor] Error in getPrioTradeStatusByMessage
com.westernasset.framework.subsystem.common.SubsystemException: SubsystemExceptionNested:
java.lang.RuntimeException: Storage is not configuredNested:
java.lang.RuntimeException: Storage is not configured
	at com.tangosol.coherence.component.util.daemon.queueProcessor.service.DistributedCache$BinaryMap.onMissingStorage(DistributedCache.CDB:9)
	at com.tangosol.coherence.component.util.daemon.queueProcessor.service.DistributedCache$BinaryMap.get(DistributedCache.CDB:15)
	at com.tangosol.util.ConverterCollections$ConverterMap.get(ConverterCollections.java:1300)
	at com.tangosol.coherence.component.util.daemon.queueProcessor.service.DistributedCache$ViewMap.get(DistributedCache.CDB:1)
	at com.tangosol.coherence.component.util.SafeNamedCache.get(SafeNamedCache.CDB:1)
	at com.tangosol.net.cache.CachingMap.get(CachingMap.java:490)
	at com.westernasset.tss.cache.TradeCacheManager.getTradeById(TradeCacheManager.java:202)
	at com.westernasset.tss.services.TradeNearCacheSubsystem.getTradeById(TradeNearCacheSubsystem.java:104)
	at com.westernasset.tss.services.TradeNearCacheSubsystem.handleFuncCall(TradeNearCacheSubsystem.java:50)
	at com.westernasset.tss.services.TradeSubsystem.handleFuncCall(TradeSubsystem.java:29)
	at com.westernasset.framework.subsystem.receiving.SubsystemImpl.innerHandleFuncCall(SubsystemImpl.java:154)
	at com.westernasset.framework.subsystem.receiving.internal.InProcessFunctionCallReceiver.handleFuncCall(InProcessFunctionCallReceiver.java:49)
	at com.westernasset.framework.subsystem.calling.internal.inprocess.InProcessFunctionCallCaller.doCall(InProcessFunctionCallCaller.java:19)
	at com.westernasset.framework.subsystem.calling.internal.inprocess.ForwardIfNotFoundFunctionCallCaller.doCall(ForwardIfNotFoundFunctionCallCaller.java:28)
	at com.westernasset.framework.subsystem.calling.internal.base.BaseFunctionCallCaller.callFunc(BaseFunctionCallCaller.java:33)
	at com.westernasset.framework.subsystem.calling.internal.base.BaseSubsystem.callFunc(BaseSubsystem.java:35)
	at com.westernasset.pss.msg.reciever.process.TradeProcessor.getTradeByTradeId(TradeProcessor.java:250)
	at com.westernasset.pss.msg.reciever.process.TradeProcessor.getPrioTradeStatusByMessage(TradeProcessor.java:268)
	at com.westernasset.pss.msg.reciever.process.TradeProcessor.process(TradeProcessor.java:50)
	at com.westernasset.pss.msg.queue.MessageFetcher.processMessage(MessageFetcher.java:91)
	at com.westernasset.pss.msg.queue.MessageFetcher.pullMessageFromQueue(MessageFetcher.java:78)
	at com.westernasset.pss.msg.queue.MessageFetcher.run(MessageFetcher.java:48)

	at com.westernasset.framework.subsystem.common.internal.SubsystemExceptionUtils.dataObjectToException(SubsystemExceptionUtils.java:38)
	at com.westernasset.framework.subsystem.common.internal.SubsystemExceptionUtils.throwExceptionIfNeeded(SubsystemExceptionUtils.java:15)
	at com.westernasset.framework.subsystem.calling.internal.base.BaseSubsystem.callFunc(BaseSubsystem.java:37)
	at com.westernasset.pss.msg.reciever.process.TradeProcessor.getTradeByTradeId(TradeProcessor.java:250)
	at com.westernasset.pss.msg.reciever.process.TradeProcessor.getPrioTradeStatusByMessage(TradeProcessor.java:268)
	at com.westernasset.pss.msg.reciever.process.TradeProcessor.process(TradeProcessor.java:50)
	at com.westernasset.pss.msg.queue.MessageFetcher.processMessage(MessageFetcher.java:91)
	at com.westernasset.pss.msg.queue.MessageFetcher.pullMessageFromQueue(MessageFetcher.java:78)
	at com.westernasset.pss.msg.queue.MessageFetcher.run(MessageFetcher.java:48)
2014-09-25 14:48:50,976 ERROR [TradeProcessor] Exception occured while processing message
java.lang.RuntimeException: Storage is not configured
	at com.tangosol.coherence.component.util.daemon.queueProcessor.service.DistributedCache$BinaryMap.onMissingStorage(DistributedCache.CDB:9)
	at com.tangosol.coherence.component.util.daemon.queueProcessor.service.DistributedCache$BinaryMap.get(DistributedCache.CDB:15)
	at com.tangosol.util.ConverterCollections$ConverterMap.get(ConverterCollections.java:1300)
	at com.tangosol.coherence.component.util.daemon.queueProcessor.service.DistributedCache$ViewMap.get(DistributedCache.CDB:1)
	at com.tangosol.coherence.component.util.SafeNamedCache.get(SafeNamedCache.CDB:1)
	at com.tangosol.net.cache.CachingMap.get(CachingMap.java:490)
	at com.westernasset.tss.cache.TradeCacheManager.isDuplicateTrade(TradeCacheManager.java:356)
	at com.westernasset.pss.common.util.PojoHelper.createObjects(PojoHelper.java:132)
	at com.westernasset.pss.msg.reciever.process.TradeProcessor.process(TradeProcessor.java:55)
	at com.westernasset.pss.msg.queue.MessageFetcher.processMessage(MessageFetcher.java:91)
	at com.westernasset.pss.msg.queue.MessageFetcher.pullMessageFromQueue(MessageFetcher.java:78)
	at com.westernasset.pss.msg.queue.MessageFetcher.run(MessageFetcher.java:48)
2014-09-25 14:48:50,976 INFO  [TradeProcessor] End process method 738 MB
2014-09-25 14:48:50,976 INFO  [TradeProcessor] Time taken by TradeProcessor.process method 8
2014-09-25 14:48:50,976 INFO  [MessageFetcher] Processing message completed...[7461834]
2014-09-25 14:48:50,976 INFO  [MessageQueue] Removing the first item of 23 from the queue
2014-09-25 14:48:50,976 INFO  [MessageFetcher] Processing message started...[7462020]
2014-09-25 14:48:50,976 INFO  [TradeProcessor] Begin process method 738 MB
2014-09-25 14:48:50,976 ERROR [TradeProcessor] Error in doSecurityExist
java.lang.RuntimeException: Storage is not configured
	at com.tangosol.coherence.component.util.daemon.queueProcessor.service.DistributedCache$BinaryMap.onMissingStorage(DistributedCache.CDB:9)
	at com.tangosol.coherence.component.util.daemon.queueProcessor.service.DistributedCache$BinaryMap.get(DistributedCache.CDB:15)
	at com.tangosol.util.ConverterCollections$ConverterMap.get(ConverterCollections.java:1300)
	at com.tangosol.coherence.component.util.daemon.queueProcessor.service.DistributedCache$ViewMap.get(DistributedCache.CDB:1)
	at com.tangosol.coherence.component.util.SafeNamedCache.get(SafeNamedCache.CDB:1)
	at com.tangosol.net.cache.CachingMap.get(CachingMap.java:490)
	at com.westernasset.smss.common.util.BusinessDateHelper.get(BusinessDateHelper.java:55)
	at com.westernasset.smss.common.util.BusinessDateHelper.getBusinessDateFromCacheWithOffset(BusinessDateHelper.java:130)
	at com.westernasset.smss.common.util.BusinessDateHelper.getCurrentBusinessDateAny(BusinessDateHelper.java:125)
	at com.westernasset.pss.msg.reciever.process.TradeProcessor.doSecurityExist(TradeProcessor.java:328)
	at com.westernasset.pss.msg.reciever.process.TradeProcessor.createSecurity(TradeProcessor.java:296)
	at com.westernasset.pss.msg.reciever.process.TradeProcessor.process(TradeProcessor.java:49)
	at com.westernasset.pss.msg.queue.MessageFetcher.processMessage(MessageFetcher.java:91)
	at com.westernasset.pss.msg.queue.MessageFetcher.pullMessageFromQueue(MessageFetcher.java:78)
	at com.westernasset.pss.msg.queue.MessageFetcher.run(MessageFetcher.java:48)
2014-09-25 14:48:50,977 ERROR [AtpToPssMapper] com.westernasset.framework.subsystem.common.SubsystemException: SubsystemExceptionNested:
java.lang.RuntimeException: Storage is not configuredNested:
java.lang.RuntimeException: Storage is not configured
	at com.tangosol.coherence.component.util.daemon.queueProcessor.service.DistributedCache$BinaryMap.onMissingStorage(DistributedCache.CDB:9)
	at com.tangosol.coherence.component.util.daemon.queueProcessor.service.DistributedCache$BinaryMap.get(DistributedCache.CDB:15)
	at com.tangosol.util.ConverterCollections$ConverterMap.get(ConverterCollections.java:1300)
	at com.tangosol.coherence.component.util.daemon.queueProcessor.service.DistributedCache$ViewMap.get(DistributedCache.CDB:1)
	at com.tangosol.coherence.component.util.SafeNamedCache.get(SafeNamedCache.CDB:1)
	at com.tangosol.net.cache.CachingMap.get(CachingMap.java:490)
	at com.westernasset.smss.server.SecurityMasterNearCacheSubsystem.getDigitRatingFromString(SecurityMasterNearCacheSubsystem.java:186)
	at com.westernasset.smss.server.SecurityMasterNearCacheSubsystem.handleFuncCall(SecurityMasterNearCacheSubsystem.java:85)
	at com.westernasset.smss.server.SecurityMasterManagementSubsystem.handleFuncCall(SecurityMasterManagementSubsystem.java:23)
	at com.westernasset.framework.subsystem.receiving.SubsystemImpl.innerHandleFuncCall(SubsystemImpl.java:154)
	at com.westernasset.framework.subsystem.receiving.internal.InProcessFunctionCallReceiver.handleFuncCall(InProcessFunctionCallReceiver.java:49)
	at com.westernasset.framework.subsystem.calling.internal.inprocess.InProcessFunctionCallCaller.doCall(InProcessFunctionCallCaller.java:19)
	at com.westernasset.framework.subsystem.calling.internal.inprocess.ForwardIfNotFoundFunctionCallCaller.doCall(ForwardIfNotFoundFunctionCallCaller.java:28)
	at com.westernasset.framework.subsystem.calling.internal.base.BaseFunctionCallCaller.callFunc(BaseFunctionCallCaller.java:33)
	at com.westernasset.framework.subsystem.calling.internal.base.BaseSubsystem.callFunc(BaseSubsystem.java:35)
	at com.westernasset.pss.msg.mapper.AtpToPssMapper.getRating(AtpToPssMapper.java:219)
	at com.westernasset.pss.msg.mapper.AtpToPssMapper.updateSecurityWithRatings(AtpToPssMapper.java:167)
	at com.westernasset.pss.msg.mapper.AtpToPssMapper.createSecurityVO(AtpToPssMapper.java:133)
	at com.westernasset.pss.msg.reciever.process.TradeProcessor.createSecurity(TradeProcessor.java:297)
	at com.westernasset.pss.msg.reciever.process.TradeProcessor.process(TradeProcessor.java:49)
	at com.westernasset.pss.msg.queue.MessageFetcher.processMessage(MessageFetcher.java:91)
	at com.westernasset.pss.msg.queue.MessageFetcher.pullMessageFromQueue(MessageFetcher.java:78)
	at com.westernasset.pss.msg.queue.MessageFetcher.run(MessageFetcher.java:48)

2014-09-25 14:48:50,978 ERROR [AtpToPssMapper] com.westernasset.framework.subsystem.common.SubsystemException: SubsystemExceptionNested:
java.lang.RuntimeException: Storage is not configuredNested:
java.lang.RuntimeException: Storage is not configured
	at com.tangosol.coherence.component.util.daemon.queueProcessor.service.DistributedCache$BinaryMap.onMissingStorage(DistributedCache.CDB:9)
	at com.tangosol.coherence.component.util.daemon.queueProcessor.service.DistributedCache$BinaryMap.get(DistributedCache.CDB:15)
	at com.tangosol.util.ConverterCollections$ConverterMap.get(ConverterCollections.java:1300)
	at com.tangosol.coherence.component.util.daemon.queueProcessor.service.DistributedCache$ViewMap.get(DistributedCache.CDB:1)
	at com.tangosol.coherence.component.util.SafeNamedCache.get(SafeNamedCache.CDB:1)
	at com.tangosol.net.cache.CachingMap.get(CachingMap.java:490)
	at com.westernasset.smss.server.SecurityMasterNearCacheSubsystem.getDigitRatingFromString(SecurityMasterNearCacheSubsystem.java:186)
	at com.westernasset.smss.server.SecurityMasterNearCacheSubsystem.handleFuncCall(SecurityMasterNearCacheSubsystem.java:85)
	at com.westernasset.smss.server.SecurityMasterManagementSubsystem.handleFuncCall(SecurityMasterManagementSubsystem.java:23)
	at com.westernasset.framework.subsystem.receiving.SubsystemImpl.innerHandleFuncCall(SubsystemImpl.java:154)
	at com.westernasset.framework.subsystem.receiving.internal.InProcessFunctionCallReceiver.handleFuncCall(InProcessFunctionCallReceiver.java:49)
	at com.westernasset.framework.subsystem.calling.internal.inprocess.InProcessFunctionCallCaller.doCall(InProcessFunctionCallCaller.java:19)
	at com.westernasset.framework.subsystem.calling.internal.inprocess.ForwardIfNotFoundFunctionCallCaller.doCall(ForwardIfNotFoundFunctionCallCaller.java:28)
	at com.westernasset.framework.subsystem.calling.internal.base.BaseFunctionCallCaller.callFunc(BaseFunctionCallCaller.java:33)
	at com.westernasset.framework.subsystem.calling.internal.base.BaseSubsystem.callFunc(BaseSubsystem.java:35)
	at com.westernasset.pss.msg.mapper.AtpToPssMapper.getRating(AtpToPssMapper.java:219)
	at com.westernasset.pss.msg.mapper.AtpToPssMapper.updateSecurityWithRatings(AtpToPssMapper.java:172)
	at com.westernasset.pss.msg.mapper.AtpToPssMapper.createSecurityVO(AtpToPssMapper.java:133)
	at com.westernasset.pss.msg.reciever.process.TradeProcessor.createSecurity(TradeProcessor.java:297)
	at com.westernasset.pss.msg.reciever.process.TradeProcessor.process(TradeProcessor.java:49)
	at com.westernasset.pss.msg.queue.MessageFetcher.processMessage(MessageFetcher.java:91)
	at com.westernasset.pss.msg.queue.MessageFetcher.pullMessageFromQueue(MessageFetcher.java:78)
	at com.westernasset.pss.msg.queue.MessageFetcher.run(MessageFetcher.java:48)

2014-09-25 14:48:50,978 ERROR [AtpToPssMapper] com.westernasset.framework.subsystem.common.SubsystemException: SubsystemExceptionNested:
java.lang.RuntimeException: Storage is not configuredNested:
java.lang.RuntimeException: Storage is not configured
	at com.tangosol.coherence.component.util.daemon.queueProcessor.service.DistributedCache$BinaryMap.onMissingStorage(DistributedCache.CDB:9)
	at com.tangosol.coherence.component.util.daemon.queueProcessor.service.DistributedCache$BinaryMap.get(DistributedCache.CDB:15)
	at com.tangosol.util.ConverterCollections$ConverterMap.get(ConverterCollections.java:1300)
	at com.tangosol.coherence.component.util.daemon.queueProcessor.service.DistributedCache$ViewMap.get(DistributedCache.CDB:1)
	at com.tangosol.coherence.component.util.SafeNamedCache.get(SafeNamedCache.CDB:1)
	at com.tangosol.net.cache.CachingMap.get(CachingMap.java:490)
	at com.westernasset.smss.server.SecurityMasterNearCacheSubsystem.getDigitRatingFromString(SecurityMasterNearCacheSubsystem.java:186)
	at com.westernasset.smss.server.SecurityMasterNearCacheSubsystem.handleFuncCall(SecurityMasterNearCacheSubsystem.java:85)
	at com.westernasset.smss.server.SecurityMasterManagementSubsystem.handleFuncCall(SecurityMasterManagementSubsystem.java:23)
	at com.westernasset.framework.subsystem.receiving.SubsystemImpl.innerHandleFuncCall(SubsystemImpl.java:154)
	at com.westernasset.framework.subsystem.receiving.internal.InProcessFunctionCallReceiver.handleFuncCall(InProcessFunctionCallReceiver.java:49)
	at com.westernasset.framework.subsystem.calling.internal.inprocess.InProcessFunctionCallCaller.doCall(InProcessFunctionCallCaller.java:19)
	at com.westernasset.framework.subsystem.calling.internal.inprocess.ForwardIfNotFoundFunctionCallCaller.doCall(ForwardIfNotFoundFunctionCallCaller.java:28)
	at com.westernasset.framework.subsystem.calling.internal.base.BaseFunctionCallCaller.callFunc(BaseFunctionCallCaller.java:33)
	at com.westernasset.framework.subsystem.calling.internal.base.BaseSubsystem.callFunc(BaseSubsystem.java:35)
	at com.westernasset.pss.msg.mapper.AtpToPssMapper.getRating(AtpToPssMapper.java:219)
	at com.westernasset.pss.msg.mapper.AtpToPssMapper.updateSecurityWithRatings(AtpToPssMapper.java:177)
	at com.westernasset.pss.msg.mapper.AtpToPssMapper.createSecurityVO(AtpToPssMapper.java:133)
	at com.westernasset.pss.msg.reciever.process.TradeProcessor.createSecurity(TradeProcessor.java:297)
	at com.westernasset.pss.msg.reciever.process.TradeProcessor.process(TradeProcessor.java:49)
	at com.westernasset.pss.msg.queue.MessageFetcher.processMessage(MessageFetcher.java:91)
	at com.westernasset.pss.msg.queue.MessageFetcher.pullMessageFromQueue(MessageFetcher.java:78)
	at com.westernasset.pss.msg.queue.MessageFetcher.run(MessageFetcher.java:48)

2014-09-25 14:48:50,979 ERROR [AtpToPssMapper] com.westernasset.framework.subsystem.common.SubsystemException: SubsystemExceptionNested:
java.lang.RuntimeException: Storage is not configuredNested:
java.lang.RuntimeException: Storage is not configured
	at com.tangosol.coherence.component.util.daemon.queueProcessor.service.DistributedCache$BinaryMap.onMissingStorage(DistributedCache.CDB:9)
	at com.tangosol.coherence.component.util.daemon.queueProcessor.service.DistributedCache$BinaryMap.get(DistributedCache.CDB:15)
	at com.tangosol.util.ConverterCollections$ConverterMap.get(ConverterCollections.java:1300)
	at com.tangosol.coherence.component.util.daemon.queueProcessor.service.DistributedCache$ViewMap.get(DistributedCache.CDB:1)
	at com.tangosol.coherence.component.util.SafeNamedCache.get(SafeNamedCache.CDB:1)
	at com.tangosol.net.cache.CachingMap.get(CachingMap.java:490)
	at com.westernasset.smss.server.SecurityMasterNearCacheSubsystem.getDigitRatingFromString(SecurityMasterNearCacheSubsystem.java:186)
	at com.westernasset.smss.server.SecurityMasterNearCacheSubsystem.handleFuncCall(SecurityMasterNearCacheSubsystem.java:85)
	at com.westernasset.smss.server.SecurityMasterManagementSubsystem.handleFuncCall(SecurityMasterManagementSubsystem.java:23)
	at com.westernasset.framework.subsystem.receiving.SubsystemImpl.innerHandleFuncCall(SubsystemImpl.java:154)
	at com.westernasset.framework.subsystem.receiving.internal.InProcessFunctionCallReceiver.handleFuncCall(InProcessFunctionCallReceiver.java:49)
	at com.westernasset.framework.subsystem.calling.internal.inprocess.InProcessFunctionCallCaller.doCall(InProcessFunctionCallCaller.java:19)
	at com.westernasset.framework.subsystem.calling.internal.inprocess.ForwardIfNotFoundFunctionCallCaller.doCall(ForwardIfNotFoundFunctionCallCaller.java:28)
	at com.westernasset.framework.subsystem.calling.internal.base.BaseFunctionCallCaller.callFunc(BaseFunctionCallCaller.java:33)
	at com.westernasset.framework.subsystem.calling.internal.base.BaseSubsystem.callFunc(BaseSubsystem.java:35)
	at com.westernasset.pss.msg.mapper.AtpToPssMapper.getRating(AtpToPssMapper.java:219)
	at com.westernasset.pss.msg.mapper.AtpToPssMapper.updateSecurityWithRatings(AtpToPssMapper.java:182)
	at com.westernasset.pss.msg.mapper.AtpToPssMapper.createSecurityVO(AtpToPssMapper.java:133)
	at com.westernasset.pss.msg.reciever.process.TradeProcessor.createSecurity(TradeProcessor.java:297)
	at com.westernasset.pss.msg.reciever.process.TradeProcessor.process(TradeProcessor.java:49)
	at com.westernasset.pss.msg.queue.MessageFetcher.processMessage(MessageFetcher.java:91)
	at com.westernasset.pss.msg.queue.MessageFetcher.pullMessageFromQueue(MessageFetcher.java:78)
	at com.westernasset.pss.msg.queue.MessageFetcher.run(MessageFetcher.java:48)

2014-09-25 14:48:50,979 ERROR [AtpToPssMapper] com.westernasset.framework.subsystem.common.SubsystemException: SubsystemExceptionNested:
java.lang.RuntimeException: Storage is not configuredNested:
java.lang.RuntimeException: Storage is not configured
	at com.tangosol.coherence.component.util.daemon.queueProcessor.service.DistributedCache$BinaryMap.onMissingStorage(DistributedCache.CDB:9)
	at com.tangosol.coherence.component.util.daemon.queueProcessor.service.DistributedCache$BinaryMap.get(DistributedCache.CDB:15)
	at com.tangosol.util.ConverterCollections$ConverterMap.get(ConverterCollections.java:1300)
	at com.tangosol.coherence.component.util.daemon.queueProcessor.service.DistributedCache$ViewMap.get(DistributedCache.CDB:1)
	at com.tangosol.coherence.component.util.SafeNamedCache.get(SafeNamedCache.CDB:1)
	at com.tangosol.net.cache.CachingMap.get(CachingMap.java:490)
	at com.westernasset.smss.server.SecurityMasterNearCacheSubsystem.getDigitRatingFromString(SecurityMasterNearCacheSubsystem.java:186)
	at com.westernasset.smss.server.SecurityMasterNearCacheSubsystem.handleFuncCall(SecurityMasterNearCacheSubsystem.java:85)
	at com.westernasset.smss.server.SecurityMasterManagementSubsystem.handleFuncCall(SecurityMasterManagementSubsystem.java:23)
	at com.westernasset.framework.subsystem.receiving.SubsystemImpl.innerHandleFuncCall(SubsystemImpl.java:154)
	at com.westernasset.framework.subsystem.receiving.internal.InProcessFunctionCallReceiver.handleFuncCall(InProcessFunctionCallReceiver.java:49)
	at com.westernasset.framework.subsystem.calling.internal.inprocess.InProcessFunctionCallCaller.doCall(InProcessFunctionCallCaller.java:19)
	at com.westernasset.framework.subsystem.calling.internal.inprocess.ForwardIfNotFoundFunctionCallCaller.doCall(ForwardIfNotFoundFunctionCallCaller.java:28)
	at com.westernasset.framework.subsystem.calling.internal.base.BaseFunctionCallCaller.callFunc(BaseFunctionCallCaller.java:33)
	at com.westernasset.framework.subsystem.calling.internal.base.BaseSubsystem.callFunc(BaseSubsystem.java:35)
	at com.westernasset.pss.msg.mapper.AtpToPssMapper.getRating(AtpToPssMapper.java:219)
	at com.westernasset.pss.msg.mapper.AtpToPssMapper.updateSecurityWithRatings(AtpToPssMapper.java:187)
	at com.westernasset.pss.msg.mapper.AtpToPssMapper.createSecurityVO(AtpToPssMapper.java:133)
	at com.westernasset.pss.msg.reciever.process.TradeProcessor.createSecurity(TradeProcessor.java:297)
	at com.westernasset.pss.msg.reciever.process.TradeProcessor.process(TradeProcessor.java:49)
	at com.westernasset.pss.msg.queue.MessageFetcher.processMessage(MessageFetcher.java:91)
	at com.westernasset.pss.msg.queue.MessageFetcher.pullMessageFromQueue(MessageFetcher.java:78)
	at com.westernasset.pss.msg.queue.MessageFetcher.run(MessageFetcher.java:48)

2014-09-25 14:48:50,980 ERROR [AtpToPssMapper] com.westernasset.framework.subsystem.common.SubsystemException: SubsystemExceptionNested:
java.lang.RuntimeException: Storage is not configuredNested:
java.lang.RuntimeException: Storage is not configured
	at com.tangosol.coherence.component.util.daemon.queueProcessor.service.DistributedCache$BinaryMap.onMissingStorage(DistributedCache.CDB:9)
	at com.tangosol.coherence.component.util.daemon.queueProcessor.service.DistributedCache$BinaryMap.get(DistributedCache.CDB:15)
	at com.tangosol.util.ConverterCollections$ConverterMap.get(ConverterCollections.java:1300)
	at com.tangosol.coherence.component.util.daemon.queueProcessor.service.DistributedCache$ViewMap.get(DistributedCache.CDB:1)
	at com.tangosol.coherence.component.util.SafeNamedCache.get(SafeNamedCache.CDB:1)
	at com.tangosol.net.cache.CachingMap.get(CachingMap.java:490)
	at com.westernasset.smss.server.SecurityMasterNearCacheSubsystem.getDigitRatingFromString(SecurityMasterNearCacheSubsystem.java:186)
	at com.westernasset.smss.server.SecurityMasterNearCacheSubsystem.handleFuncCall(SecurityMasterNearCacheSubsystem.java:85)
	at com.westernasset.smss.server.SecurityMasterManagementSubsystem.handleFuncCall(SecurityMasterManagementSubsystem.java:23)
	at com.westernasset.framework.subsystem.receiving.SubsystemImpl.innerHandleFuncCall(SubsystemImpl.java:154)
	at com.westernasset.framework.subsystem.receiving.internal.InProcessFunctionCallReceiver.handleFuncCall(InProcessFunctionCallReceiver.java:49)
	at com.westernasset.framework.subsystem.calling.internal.inprocess.InProcessFunctionCallCaller.doCall(InProcessFunctionCallCaller.java:19)
	at com.westernasset.framework.subsystem.calling.internal.inprocess.ForwardIfNotFoundFunctionCallCaller.doCall(ForwardIfNotFoundFunctionCallCaller.java:28)
	at com.westernasset.framework.subsystem.calling.internal.base.BaseFunctionCallCaller.callFunc(BaseFunctionCallCaller.java:33)
	at com.westernasset.framework.subsystem.calling.internal.base.BaseSubsystem.callFunc(BaseSubsystem.java:35)
	at com.westernasset.pss.msg.mapper.AtpToPssMapper.getRating(AtpToPssMapper.java:219)
	at com.westernasset.pss.msg.mapper.AtpToPssMapper.updateSecurityWithRatings(AtpToPssMapper.java:192)
	at com.westernasset.pss.msg.mapper.AtpToPssMapper.createSecurityVO(AtpToPssMapper.java:133)
	at com.westernasset.pss.msg.reciever.process.TradeProcessor.createSecurity(TradeProcessor.java:297)
	at com.westernasset.pss.msg.reciever.process.TradeProcessor.process(TradeProcessor.java:49)
	at com.westernasset.pss.msg.queue.MessageFetcher.processMessage(MessageFetcher.java:91)
	at com.westernasset.pss.msg.queue.MessageFetcher.pullMessageFromQueue(MessageFetcher.java:78)
	at com.westernasset.pss.msg.queue.MessageFetcher.run(MessageFetcher.java:48)

2014-09-25 14:48:50,980 ERROR [AtpToPssMapper] com.westernasset.framework.subsystem.common.SubsystemException: SubsystemExceptionNested:
java.lang.RuntimeException: Storage is not configuredNested:
java.lang.RuntimeException: Storage is not configured
	at com.tangosol.coherence.component.util.daemon.queueProcessor.service.DistributedCache$BinaryMap.onMissingStorage(DistributedCache.CDB:9)
	at com.tangosol.coherence.component.util.daemon.queueProcessor.service.DistributedCache$BinaryMap.get(DistributedCache.CDB:15)
	at com.tangosol.util.ConverterCollections$ConverterMap.get(ConverterCollections.java:1300)
	at com.tangosol.coherence.component.util.daemon.queueProcessor.service.DistributedCache$ViewMap.get(DistributedCache.CDB:1)
	at com.tangosol.coherence.component.util.SafeNamedCache.get(SafeNamedCache.CDB:1)
	at com.tangosol.net.cache.CachingMap.get(CachingMap.java:490)
	at com.westernasset.smss.server.SecurityMasterNearCacheSubsystem.getDigitRatingFromString(SecurityMasterNearCacheSubsystem.java:186)
	at com.westernasset.smss.server.SecurityMasterNearCacheSubsystem.handleFuncCall(SecurityMasterNearCacheSubsystem.java:85)
	at com.westernasset.smss.server.SecurityMasterManagementSubsystem.handleFuncCall(SecurityMasterManagementSubsystem.java:23)
	at com.westernasset.framework.subsystem.receiving.SubsystemImpl.innerHandleFuncCall(SubsystemImpl.java:154)
	at com.westernasset.framework.subsystem.receiving.internal.InProcessFunctionCallReceiver.handleFuncCall(InProcessFunctionCallReceiver.java:49)
	at com.westernasset.framework.subsystem.calling.internal.inprocess.InProcessFunctionCallCaller.doCall(InProcessFunctionCallCaller.java:19)
	at com.westernasset.framework.subsystem.calling.internal.inprocess.ForwardIfNotFoundFunctionCallCaller.doCall(ForwardIfNotFoundFunctionCallCaller.java:28)
	at com.westernasset.framework.subsystem.calling.internal.base.BaseFunctionCallCaller.callFunc(BaseFunctionCallCaller.java:33)
	at com.westernasset.framework.subsystem.calling.internal.base.BaseSubsystem.callFunc(BaseSubsystem.java:35)
	at com.westernasset.pss.msg.mapper.AtpToPssMapper.getRating(AtpToPssMapper.java:219)
	at com.westernasset.pss.msg.mapper.AtpToPssMapper.updateSecurityWithRatings(AtpToPssMapper.java:197)
	at com.westernasset.pss.msg.mapper.AtpToPssMapper.createSecurityVO(AtpToPssMapper.java:133)
	at com.westernasset.pss.msg.reciever.process.TradeProcessor.createSecurity(TradeProcessor.java:297)
	at com.westernasset.pss.msg.reciever.process.TradeProcessor.process(TradeProcessor.java:49)
	at com.westernasset.pss.msg.queue.MessageFetcher.processMessage(MessageFetcher.java:91)
	at com.westernasset.pss.msg.queue.MessageFetcher.pullMessageFromQueue(MessageFetcher.java:78)
	at com.westernasset.pss.msg.queue.MessageFetcher.run(MessageFetcher.java:48)

2014-09-25 14:48:50,981 ERROR [AtpToPssMapper] com.westernasset.framework.subsystem.common.SubsystemException: SubsystemExceptionNested:
java.lang.RuntimeException: Storage is not configuredNested:
java.lang.RuntimeException: Storage is not configured
	at com.tangosol.coherence.component.util.daemon.queueProcessor.service.DistributedCache$BinaryMap.onMissingStorage(DistributedCache.CDB:9)
	at com.tangosol.coherence.component.util.daemon.queueProcessor.service.DistributedCache$BinaryMap.get(DistributedCache.CDB:15)
	at com.tangosol.util.ConverterCollections$ConverterMap.get(ConverterCollections.java:1300)
	at com.tangosol.coherence.component.util.daemon.queueProcessor.service.DistributedCache$ViewMap.get(DistributedCache.CDB:1)
	at com.tangosol.coherence.component.util.SafeNamedCache.get(SafeNamedCache.CDB:1)
	at com.tangosol.net.cache.CachingMap.get(CachingMap.java:490)
	at com.westernasset.smss.server.SecurityMasterNearCacheSubsystem.getDigitRatingFromString(SecurityMasterNearCacheSubsystem.java:186)
	at com.westernasset.smss.server.SecurityMasterNearCacheSubsystem.handleFuncCall(SecurityMasterNearCacheSubsystem.java:85)
	at com.westernasset.smss.server.SecurityMasterManagementSubsystem.handleFuncCall(SecurityMasterManagementSubsystem.java:23)
	at com.westernasset.framework.subsystem.receiving.SubsystemImpl.innerHandleFuncCall(SubsystemImpl.java:154)
	at com.westernasset.framework.subsystem.receiving.internal.InProcessFunctionCallReceiver.handleFuncCall(InProcessFunctionCallReceiver.java:49)
	at com.westernasset.framework.subsystem.calling.internal.inprocess.InProcessFunctionCallCaller.doCall(InProcessFunctionCallCaller.java:19)
	at com.westernasset.framework.subsystem.calling.internal.inprocess.ForwardIfNotFoundFunctionCallCaller.doCall(ForwardIfNotFoundFunctionCallCaller.java:28)
	at com.westernasset.framework.subsystem.calling.internal.base.BaseFunctionCallCaller.callFunc(BaseFunctionCallCaller.java:33)
	at com.westernasset.framework.subsystem.calling.internal.base.BaseSubsystem.callFunc(BaseSubsystem.java:35)
	at com.westernasset.pss.msg.mapper.AtpToPssMapper.getRating(AtpToPssMapper.java:219)
	at com.westernasset.pss.msg.mapper.AtpToPssMapper.updateSecurityWithRatings(AtpToPssMapper.java:202)
	at com.westernasset.pss.msg.mapper.AtpToPssMapper.createSecurityVO(AtpToPssMapper.java:133)
	at com.westernasset.pss.msg.reciever.process.TradeProcessor.createSecurity(TradeProcessor.java:297)
	at com.westernasset.pss.msg.reciever.process.TradeProcessor.process(TradeProcessor.java:49)
	at com.westernasset.pss.msg.queue.MessageFetcher.processMessage(MessageFetcher.java:91)
	at com.westernasset.pss.msg.queue.MessageFetcher.pullMessageFromQueue(MessageFetcher.java:78)
	at com.westernasset.pss.msg.queue.MessageFetcher.run(MessageFetcher.java:48)

2014-09-25 14:48:50,982 ERROR [SecurityCacheManager] Failed to add security to cache: Storage is not configured : {SecurityId=73116, AMTValue=1.0, MoodyRating=0, MoodyShortRating=0, FitchRating=0, FitchShortRating=0, SecurityTypeId=22, AssetTypeId=8, ProductId=21, SpRating=0, SpShortRating=0, WaRating=0, WaShortRating=0, IssueDate=2001-12-18T00:00:00.000-0800, MaturityDate=2023-12-18T00:00:00.000-0800, AssetId=74438GAC5, CurrencyCode=USD, SecurityType=CORPORATE, Description=PRUDENTIAL HOLDINGS, LLC, Product=BOND NOTES(OF), SubSubSector=LIFE, TickerSymbol=PRU, BBName=PRUDENTIAL HOLDINGS, LLC, IntType=FIXED, MinPiece=100000.0000, MinIncrement=100000.0000, AverageLife=7.069, Coupon=7.245, Dtm=3371.0, DtmLegalFinal=3371.0, Factor=1.0, DurationFactor=1.0, EffectiveConvexity=0.416, EffectiveDuration=5.698, YieldToWorst=3.593, MarketCFYield=3.593, OptionASpread=140.0, SpreadDuration=5.57, Country=US, AMT=N, NyIssuer=PRU&8, LnIssuer=PRU&8}
java.lang.RuntimeException: Storage is not configured
	at com.tangosol.coherence.component.util.daemon.queueProcessor.service.DistributedCache$BinaryMap.onMissingStorage(DistributedCache.CDB:9)
	at com.tangosol.coherence.component.util.daemon.queueProcessor.service.DistributedCache$BinaryMap.get(DistributedCache.CDB:15)
	at com.tangosol.util.ConverterCollections$ConverterMap.get(ConverterCollections.java:1300)
	at com.tangosol.coherence.component.util.daemon.queueProcessor.service.DistributedCache$ViewMap.get(DistributedCache.CDB:1)
	at com.tangosol.coherence.component.util.SafeNamedCache.get(SafeNamedCache.CDB:1)
	at com.tangosol.net.cache.CachingMap.get(CachingMap.java:490)
	at com.westernasset.smss.common.util.BusinessUtils.getIssuerDesciption(BusinessUtils.java:146)
	at com.westernasset.smss.common.util.BusinessUtils.fillNUIssuerId(BusinessUtils.java:513)
	at com.westernasset.smss.common.util.BusinessUtils.fillDerivedValues(BusinessUtils.java:421)
	at com.westernasset.smss.server.SecurityCacheManager.addSecurity(SecurityCacheManager.java:137)
	at com.westernasset.smss.server.SecurityMasterNearCacheSubsystem.addSecurity(SecurityMasterNearCacheSubsystem.java:202)
	at com.westernasset.smss.server.SecurityMasterNearCacheSubsystem.handleFuncCall(SecurityMasterNearCacheSubsystem.java:92)
	at com.westernasset.smss.server.SecurityMasterManagementSubsystem.handleFuncCall(SecurityMasterManagementSubsystem.java:23)
	at com.westernasset.framework.subsystem.receiving.SubsystemImpl.innerHandleFuncCall(SubsystemImpl.java:154)
	at com.westernasset.framework.subsystem.receiving.internal.InProcessFunctionCallReceiver.handleFuncCall(InProcessFunctionCallReceiver.java:49)
	at com.westernasset.framework.subsystem.calling.internal.inprocess.InProcessFunctionCallCaller.doCall(InProcessFunctionCallCaller.java:19)
	at com.westernasset.framework.subsystem.calling.internal.inprocess.ForwardIfNotFoundFunctionCallCaller.doCall(ForwardIfNotFoundFunctionCallCaller.java:28)
	at com.westernasset.framework.subsystem.calling.internal.base.BaseFunctionCallCaller.callFunc(BaseFunctionCallCaller.java:33)
	at com.westernasset.framework.subsystem.calling.internal.base.BaseSubsystem.callFunc(BaseSubsystem.java:35)
	at com.westernasset.pss.msg.reciever.process.TradeProcessor.createSecurity(TradeProcessor.java:302)
	at com.westernasset.pss.msg.reciever.process.TradeProcessor.process(TradeProcessor.java:49)
	at com.westernasset.pss.msg.queue.MessageFetcher.processMessage(MessageFetcher.java:91)
	at com.westernasset.pss.msg.queue.MessageFetcher.pullMessageFromQueue(MessageFetcher.java:78)
	at com.westernasset.pss.msg.queue.MessageFetcher.run(MessageFetcher.java:48)
2014-09-25 14:48:50,983 INFO  [TradeProcessor] Created Security :{SecurityId=73116, AMTValue=1.0, MoodyRating=0, MoodyShortRating=0, FitchRating=0, FitchShortRating=0, SecurityTypeId=22, AssetTypeId=8, ProductId=21, SpRating=0, SpShortRating=0, WaRating=0, WaShortRating=0, IssueDate=2001-12-18T00:00:00.000-0800, MaturityDate=2023-12-18T00:00:00.000-0800, AssetId=74438GAC5, CurrencyCode=USD, SecurityType=CORPORATE, Description=PRUDENTIAL HOLDINGS, LLC, Product=BOND NOTES(OF), SubSubSector=LIFE, TickerSymbol=PRU, BBName=PRUDENTIAL HOLDINGS, LLC, IntType=FIXED, MinPiece=100000.0000, MinIncrement=100000.0000, AverageLife=7.069, Coupon=7.245, Dtm=3371.0, DtmLegalFinal=3371.0, Factor=1.0, DurationFactor=1.0, EffectiveConvexity=0.416, EffectiveDuration=5.698, YieldToWorst=3.593, MarketCFYield=3.593, OptionASpread=140.0, SpreadDuration=5.57, Country=US, AMT=N, NyIssuer=PRU&8, LnIssuer=PRU&8}
2014-09-25 14:48:50,983 ERROR [TradeProcessor] Error in getPrioTradeStatusByMessage
com.westernasset.framework.subsystem.common.SubsystemException: SubsystemExceptionNested:
java.lang.RuntimeException: Storage is not configuredNested:
java.lang.RuntimeException: Storage is not configured
	at com.tangosol.coherence.component.util.daemon.queueProcessor.service.DistributedCache$BinaryMap.onMissingStorage(DistributedCache.CDB:9)
	at com.tangosol.coherence.component.util.daemon.queueProcessor.service.DistributedCache$BinaryMap.get(DistributedCache.CDB:15)
	at com.tangosol.util.ConverterCollections$ConverterMap.get(ConverterCollections.java:1300)
	at com.tangosol.coherence.component.util.daemon.queueProcessor.service.DistributedCache$ViewMap.get(DistributedCache.CDB:1)
	at com.tangosol.coherence.component.util.SafeNamedCache.get(SafeNamedCache.CDB:1)
	at com.tangosol.net.cache.CachingMap.get(CachingMap.java:490)
	at com.westernasset.tss.cache.TradeCacheManager.getTradeById(TradeCacheManager.java:202)
	at com.westernasset.tss.services.TradeNearCacheSubsystem.getTradeById(TradeNearCacheSubsystem.java:104)
	at com.westernasset.tss.services.TradeNearCacheSubsystem.handleFuncCall(TradeNearCacheSubsystem.java:50)
	at com.westernasset.tss.services.TradeSubsystem.handleFuncCall(TradeSubsystem.java:29)
	at com.westernasset.framework.subsystem.receiving.SubsystemImpl.innerHandleFuncCall(SubsystemImpl.java:154)
	at com.westernasset.framework.subsystem.receiving.internal.InProcessFunctionCallReceiver.handleFuncCall(InProcessFunctionCallReceiver.java:49)
	at com.westernasset.framework.subsystem.calling.internal.inprocess.InProcessFunctionCallCaller.doCall(InProcessFunctionCallCaller.java:19)
	at com.westernasset.framework.subsystem.calling.internal.inprocess.ForwardIfNotFoundFunctionCallCaller.doCall(ForwardIfNotFoundFunctionCallCaller.java:28)
	at com.westernasset.framework.subsystem.calling.internal.base.BaseFunctionCallCaller.callFunc(BaseFunctionCallCaller.java:33)
	at com.westernasset.framework.subsystem.calling.internal.base.BaseSubsystem.callFunc(BaseSubsystem.java:35)
	at com.westernasset.pss.msg.reciever.process.TradeProcessor.getTradeByTradeId(TradeProcessor.java:250)
	at com.westernasset.pss.msg.reciever.process.TradeProcessor.getPrioTradeStatusByMessage(TradeProcessor.java:268)
	at com.westernasset.pss.msg.reciever.process.TradeProcessor.process(TradeProcessor.java:50)
	at com.westernasset.pss.msg.queue.MessageFetcher.processMessage(MessageFetcher.java:91)
	at com.westernasset.pss.msg.queue.MessageFetcher.pullMessageFromQueue(MessageFetcher.java:78)
	at com.westernasset.pss.msg.queue.MessageFetcher.run(MessageFetcher.java:48)

	at com.westernasset.framework.subsystem.common.internal.SubsystemExceptionUtils.dataObjectToException(SubsystemExceptionUtils.java:38)
	at com.westernasset.framework.subsystem.common.internal.SubsystemExceptionUtils.throwExceptionIfNeeded(SubsystemExceptionUtils.java:15)
	at com.westernasset.framework.subsystem.calling.internal.base.BaseSubsystem.callFunc(BaseSubsystem.java:37)
	at com.westernasset.pss.msg.reciever.process.TradeProcessor.getTradeByTradeId(TradeProcessor.java:250)
	at com.westernasset.pss.msg.reciever.process.TradeProcessor.getPrioTradeStatusByMessage(TradeProcessor.java:268)
	at com.westernasset.pss.msg.reciever.process.TradeProcessor.process(TradeProcessor.java:50)
	at com.westernasset.pss.msg.queue.MessageFetcher.processMessage(MessageFetcher.java:91)
	at com.westernasset.pss.msg.queue.MessageFetcher.pullMessageFromQueue(MessageFetcher.java:78)
	at com.westernasset.pss.msg.queue.MessageFetcher.run(MessageFetcher.java:48)
2014-09-25 14:48:50,983 ERROR [TradeProcessor] Exception occured while processing message
java.lang.RuntimeException: Storage is not configured
	at com.tangosol.coherence.component.util.daemon.queueProcessor.service.DistributedCache$BinaryMap.onMissingStorage(DistributedCache.CDB:9)
	at com.tangosol.coherence.component.util.daemon.queueProcessor.service.DistributedCache$BinaryMap.get(DistributedCache.CDB:15)
	at com.tangosol.util.ConverterCollections$ConverterMap.get(ConverterCollections.java:1300)
	at com.tangosol.coherence.component.util.daemon.queueProcessor.service.DistributedCache$ViewMap.get(DistributedCache.CDB:1)
	at com.tangosol.coherence.component.util.SafeNamedCache.get(SafeNamedCache.CDB:1)
	at com.tangosol.net.cache.CachingMap.get(CachingMap.java:490)
	at com.westernasset.tss.cache.TradeCacheManager.isDuplicateTrade(TradeCacheManager.java:356)
	at com.westernasset.pss.common.util.PojoHelper.createObjects(PojoHelper.java:132)
	at com.westernasset.pss.msg.reciever.process.TradeProcessor.process(TradeProcessor.java:55)
	at com.westernasset.pss.msg.queue.MessageFetcher.processMessage(MessageFetcher.java:91)
	at com.westernasset.pss.msg.queue.MessageFetcher.pullMessageFromQueue(MessageFetcher.java:78)
	at com.westernasset.pss.msg.queue.MessageFetcher.run(MessageFetcher.java:48)
2014-09-25 14:48:50,983 INFO  [TradeProcessor] End process method 739 MB
2014-09-25 14:48:50,983 INFO  [TradeProcessor] Time taken by TradeProcessor.process method 7
2014-09-25 14:48:50,984 INFO  [MessageFetcher] Processing message completed...[7462020]
2014-09-25 14:48:50,984 INFO  [MessageQueue] Removing the first item of 22 from the queue
2014-09-25 14:48:50,984 INFO  [MessageFetcher] Processing message started...[7462015]
2014-09-25 14:48:50,984 INFO  [TradeProcessor] Begin process method 739 MB
2014-09-25 14:48:50,984 ERROR [TradeProcessor] Error in doSecurityExist
java.lang.RuntimeException: Storage is not configured
	at com.tangosol.coherence.component.util.daemon.queueProcessor.service.DistributedCache$BinaryMap.onMissingStorage(DistributedCache.CDB:9)
	at com.tangosol.coherence.component.util.daemon.queueProcessor.service.DistributedCache$BinaryMap.get(DistributedCache.CDB:15)
	at com.tangosol.util.ConverterCollections$ConverterMap.get(ConverterCollections.java:1300)
	at com.tangosol.coherence.component.util.daemon.queueProcessor.service.DistributedCache$ViewMap.get(DistributedCache.CDB:1)
	at com.tangosol.coherence.component.util.SafeNamedCache.get(SafeNamedCache.CDB:1)
	at com.tangosol.net.cache.CachingMap.get(CachingMap.java:490)
	at com.westernasset.smss.common.util.BusinessDateHelper.get(BusinessDateHelper.java:55)
	at com.westernasset.smss.common.util.BusinessDateHelper.getBusinessDateFromCacheWithOffset(BusinessDateHelper.java:130)
	at com.westernasset.smss.common.util.BusinessDateHelper.getCurrentBusinessDateAny(BusinessDateHelper.java:125)
	at com.westernasset.pss.msg.reciever.process.TradeProcessor.doSecurityExist(TradeProcessor.java:328)
	at com.westernasset.pss.msg.reciever.process.TradeProcessor.createSecurity(TradeProcessor.java:296)
	at com.westernasset.pss.msg.reciever.process.TradeProcessor.process(TradeProcessor.java:49)
	at com.westernasset.pss.msg.queue.MessageFetcher.processMessage(MessageFetcher.java:91)
	at com.westernasset.pss.msg.queue.MessageFetcher.pullMessageFromQueue(MessageFetcher.java:78)
	at com.westernasset.pss.msg.queue.MessageFetcher.run(MessageFetcher.java:48)
2014-09-25 14:48:50,985 ERROR [AtpToPssMapper] com.westernasset.framework.subsystem.common.SubsystemException: SubsystemExceptionNested:
java.lang.RuntimeException: Storage is not configuredNested:
java.lang.RuntimeException: Storage is not configured
	at com.tangosol.coherence.component.util.daemon.queueProcessor.service.DistributedCache$BinaryMap.onMissingStorage(DistributedCache.CDB:9)
	at com.tangosol.coherence.component.util.daemon.queueProcessor.service.DistributedCache$BinaryMap.get(DistributedCache.CDB:15)
	at com.tangosol.util.ConverterCollections$ConverterMap.get(ConverterCollections.java:1300)
	at com.tangosol.coherence.component.util.daemon.queueProcessor.service.DistributedCache$ViewMap.get(DistributedCache.CDB:1)
	at com.tangosol.coherence.component.util.SafeNamedCache.get(SafeNamedCache.CDB:1)
	at com.tangosol.net.cache.CachingMap.get(CachingMap.java:490)
	at com.westernasset.smss.server.SecurityMasterNearCacheSubsystem.getDigitRatingFromString(SecurityMasterNearCacheSubsystem.java:186)
	at com.westernasset.smss.server.SecurityMasterNearCacheSubsystem.handleFuncCall(SecurityMasterNearCacheSubsystem.java:85)
	at com.westernasset.smss.server.SecurityMasterManagementSubsystem.handleFuncCall(SecurityMasterManagementSubsystem.java:23)
	at com.westernasset.framework.subsystem.receiving.SubsystemImpl.innerHandleFuncCall(SubsystemImpl.java:154)
	at com.westernasset.framework.subsystem.receiving.internal.InProcessFunctionCallReceiver.handleFuncCall(InProcessFunctionCallReceiver.java:49)
	at com.westernasset.framework.subsystem.calling.internal.inprocess.InProcessFunctionCallCaller.doCall(InProcessFunctionCallCaller.java:19)
	at com.westernasset.framework.subsystem.calling.internal.inprocess.ForwardIfNotFoundFunctionCallCaller.doCall(ForwardIfNotFoundFunctionCallCaller.java:28)
	at com.westernasset.framework.subsystem.calling.internal.base.BaseFunctionCallCaller.callFunc(BaseFunctionCallCaller.java:33)
	at com.westernasset.framework.subsystem.calling.internal.base.BaseSubsystem.callFunc(BaseSubsystem.java:35)
	at com.westernasset.pss.msg.mapper.AtpToPssMapper.getRating(AtpToPssMapper.java:219)
	at com.westernasset.pss.msg.mapper.AtpToPssMapper.updateSecurityWithRatings(AtpToPssMapper.java:167)
	at com.westernasset.pss.msg.mapper.AtpToPssMapper.createSecurityVO(AtpToPssMapper.java:133)
	at com.westernasset.pss.msg.reciever.process.TradeProcessor.createSecurity(TradeProcessor.java:297)
	at com.westernasset.pss.msg.reciever.process.TradeProcessor.process(TradeProcessor.java:49)
	at com.westernasset.pss.msg.queue.MessageFetcher.processMessage(MessageFetcher.java:91)
	at com.westernasset.pss.msg.queue.MessageFetcher.pullMessageFromQueue(MessageFetcher.java:78)
	at com.westernasset.pss.msg.queue.MessageFetcher.run(MessageFetcher.java:48)

2014-09-25 14:48:50,985 ERROR [AtpToPssMapper] com.westernasset.framework.subsystem.common.SubsystemException: SubsystemExceptionNested:
java.lang.RuntimeException: Storage is not configuredNested:
java.lang.RuntimeException: Storage is not configured
	at com.tangosol.coherence.component.util.daemon.queueProcessor.service.DistributedCache$BinaryMap.onMissingStorage(DistributedCache.CDB:9)
	at com.tangosol.coherence.component.util.daemon.queueProcessor.service.DistributedCache$BinaryMap.get(DistributedCache.CDB:15)
	at com.tangosol.util.ConverterCollections$ConverterMap.get(ConverterCollections.java:1300)
	at com.tangosol.coherence.component.util.daemon.queueProcessor.service.DistributedCache$ViewMap.get(DistributedCache.CDB:1)
	at com.tangosol.coherence.component.util.SafeNamedCache.get(SafeNamedCache.CDB:1)
	at com.tangosol.net.cache.CachingMap.get(CachingMap.java:490)
	at com.westernasset.smss.server.SecurityMasterNearCacheSubsystem.getDigitRatingFromString(SecurityMasterNearCacheSubsystem.java:186)
	at com.westernasset.smss.server.SecurityMasterNearCacheSubsystem.handleFuncCall(SecurityMasterNearCacheSubsystem.java:85)
	at com.westernasset.smss.server.SecurityMasterManagementSubsystem.handleFuncCall(SecurityMasterManagementSubsystem.java:23)
	at com.westernasset.framework.subsystem.receiving.SubsystemImpl.innerHandleFuncCall(SubsystemImpl.java:154)
	at com.westernasset.framework.subsystem.receiving.internal.InProcessFunctionCallReceiver.handleFuncCall(InProcessFunctionCallReceiver.java:49)
	at com.westernasset.framework.subsystem.calling.internal.inprocess.InProcessFunctionCallCaller.doCall(InProcessFunctionCallCaller.java:19)
	at com.westernasset.framework.subsystem.calling.internal.inprocess.ForwardIfNotFoundFunctionCallCaller.doCall(ForwardIfNotFoundFunctionCallCaller.java:28)
	at com.westernasset.framework.subsystem.calling.internal.base.BaseFunctionCallCaller.callFunc(BaseFunctionCallCaller.java:33)
	at com.westernasset.framework.subsystem.calling.internal.base.BaseSubsystem.callFunc(BaseSubsystem.java:35)
	at com.westernasset.pss.msg.mapper.AtpToPssMapper.getRating(AtpToPssMapper.java:219)
	at com.westernasset.pss.msg.mapper.AtpToPssMapper.updateSecurityWithRatings(AtpToPssMapper.java:172)
	at com.westernasset.pss.msg.mapper.AtpToPssMapper.createSecurityVO(AtpToPssMapper.java:133)
	at com.westernasset.pss.msg.reciever.process.TradeProcessor.createSecurity(TradeProcessor.java:297)
	at com.westernasset.pss.msg.reciever.process.TradeProcessor.process(TradeProcessor.java:49)
	at com.westernasset.pss.msg.queue.MessageFetcher.processMessage(MessageFetcher.java:91)
	at com.westernasset.pss.msg.queue.MessageFetcher.pullMessageFromQueue(MessageFetcher.java:78)
	at com.westernasset.pss.msg.queue.MessageFetcher.run(MessageFetcher.java:48)

2014-09-25 14:48:50,986 ERROR [AtpToPssMapper] com.westernasset.framework.subsystem.common.SubsystemException: SubsystemExceptionNested:
java.lang.RuntimeException: Storage is not configuredNested:
java.lang.RuntimeException: Storage is not configured
	at com.tangosol.coherence.component.util.daemon.queueProcessor.service.DistributedCache$BinaryMap.onMissingStorage(DistributedCache.CDB:9)
	at com.tangosol.coherence.component.util.daemon.queueProcessor.service.DistributedCache$BinaryMap.get(DistributedCache.CDB:15)
	at com.tangosol.util.ConverterCollections$ConverterMap.get(ConverterCollections.java:1300)
	at com.tangosol.coherence.component.util.daemon.queueProcessor.service.DistributedCache$ViewMap.get(DistributedCache.CDB:1)
	at com.tangosol.coherence.component.util.SafeNamedCache.get(SafeNamedCache.CDB:1)
	at com.tangosol.net.cache.CachingMap.get(CachingMap.java:490)
	at com.westernasset.smss.server.SecurityMasterNearCacheSubsystem.getDigitRatingFromString(SecurityMasterNearCacheSubsystem.java:186)
	at com.westernasset.smss.server.SecurityMasterNearCacheSubsystem.handleFuncCall(SecurityMasterNearCacheSubsystem.java:85)
	at com.westernasset.smss.server.SecurityMasterManagementSubsystem.handleFuncCall(SecurityMasterManagementSubsystem.java:23)
	at com.westernasset.framework.subsystem.receiving.SubsystemImpl.innerHandleFuncCall(SubsystemImpl.java:154)
	at com.westernasset.framework.subsystem.receiving.internal.InProcessFunctionCallReceiver.handleFuncCall(InProcessFunctionCallReceiver.java:49)
	at com.westernasset.framework.subsystem.calling.internal.inprocess.InProcessFunctionCallCaller.doCall(InProcessFunctionCallCaller.java:19)
	at com.westernasset.framework.subsystem.calling.internal.inprocess.ForwardIfNotFoundFunctionCallCaller.doCall(ForwardIfNotFoundFunctionCallCaller.java:28)
	at com.westernasset.framework.subsystem.calling.internal.base.BaseFunctionCallCaller.callFunc(BaseFunctionCallCaller.java:33)
	at com.westernasset.framework.subsystem.calling.internal.base.BaseSubsystem.callFunc(BaseSubsystem.java:35)
	at com.westernasset.pss.msg.mapper.AtpToPssMapper.getRating(AtpToPssMapper.java:219)
	at com.westernasset.pss.msg.mapper.AtpToPssMapper.updateSecurityWithRatings(AtpToPssMapper.java:177)
	at com.westernasset.pss.msg.mapper.AtpToPssMapper.createSecurityVO(AtpToPssMapper.java:133)
	at com.westernasset.pss.msg.reciever.process.TradeProcessor.createSecurity(TradeProcessor.java:297)
	at com.westernasset.pss.msg.reciever.process.TradeProcessor.process(TradeProcessor.java:49)
	at com.westernasset.pss.msg.queue.MessageFetcher.processMessage(MessageFetcher.java:91)
	at com.westernasset.pss.msg.queue.MessageFetcher.pullMessageFromQueue(MessageFetcher.java:78)
	at com.westernasset.pss.msg.queue.MessageFetcher.run(MessageFetcher.java:48)

2014-09-25 14:48:50,986 ERROR [AtpToPssMapper] com.westernasset.framework.subsystem.common.SubsystemException: SubsystemExceptionNested:
java.lang.RuntimeException: Storage is not configuredNested:
java.lang.RuntimeException: Storage is not configured
	at com.tangosol.coherence.component.util.daemon.queueProcessor.service.DistributedCache$BinaryMap.onMissingStorage(DistributedCache.CDB:9)
	at com.tangosol.coherence.component.util.daemon.queueProcessor.service.DistributedCache$BinaryMap.get(DistributedCache.CDB:15)
	at com.tangosol.util.ConverterCollections$ConverterMap.get(ConverterCollections.java:1300)
	at com.tangosol.coherence.component.util.daemon.queueProcessor.service.DistributedCache$ViewMap.get(DistributedCache.CDB:1)
	at com.tangosol.coherence.component.util.SafeNamedCache.get(SafeNamedCache.CDB:1)
	at com.tangosol.net.cache.CachingMap.get(CachingMap.java:490)
	at com.westernasset.smss.server.SecurityMasterNearCacheSubsystem.getDigitRatingFromString(SecurityMasterNearCacheSubsystem.java:186)
	at com.westernasset.smss.server.SecurityMasterNearCacheSubsystem.handleFuncCall(SecurityMasterNearCacheSubsystem.java:85)
	at com.westernasset.smss.server.SecurityMasterManagementSubsystem.handleFuncCall(SecurityMasterManagementSubsystem.java:23)
	at com.westernasset.framework.subsystem.receiving.SubsystemImpl.innerHandleFuncCall(SubsystemImpl.java:154)
	at com.westernasset.framework.subsystem.receiving.internal.InProcessFunctionCallReceiver.handleFuncCall(InProcessFunctionCallReceiver.java:49)
	at com.westernasset.framework.subsystem.calling.internal.inprocess.InProcessFunctionCallCaller.doCall(InProcessFunctionCallCaller.java:19)
	at com.westernasset.framework.subsystem.calling.internal.inprocess.ForwardIfNotFoundFunctionCallCaller.doCall(ForwardIfNotFoundFunctionCallCaller.java:28)
	at com.westernasset.framework.subsystem.calling.internal.base.BaseFunctionCallCaller.callFunc(BaseFunctionCallCaller.java:33)
	at com.westernasset.framework.subsystem.calling.internal.base.BaseSubsystem.callFunc(BaseSubsystem.java:35)
	at com.westernasset.pss.msg.mapper.AtpToPssMapper.getRating(AtpToPssMapper.java:219)
	at com.westernasset.pss.msg.mapper.AtpToPssMapper.updateSecurityWithRatings(AtpToPssMapper.java:182)
	at com.westernasset.pss.msg.mapper.AtpToPssMapper.createSecurityVO(AtpToPssMapper.java:133)
	at com.westernasset.pss.msg.reciever.process.TradeProcessor.createSecurity(TradeProcessor.java:297)
	at com.westernasset.pss.msg.reciever.process.TradeProcessor.process(TradeProcessor.java:49)
	at com.westernasset.pss.msg.queue.MessageFetcher.processMessage(MessageFetcher.java:91)
	at com.westernasset.pss.msg.queue.MessageFetcher.pullMessageFromQueue(MessageFetcher.java:78)
	at com.westernasset.pss.msg.queue.MessageFetcher.run(MessageFetcher.java:48)

2014-09-25 14:48:50,987 ERROR [AtpToPssMapper] com.westernasset.framework.subsystem.common.SubsystemException: SubsystemExceptionNested:
java.lang.RuntimeException: Storage is not configuredNested:
java.lang.RuntimeException: Storage is not configured
	at com.tangosol.coherence.component.util.daemon.queueProcessor.service.DistributedCache$BinaryMap.onMissingStorage(DistributedCache.CDB:9)
	at com.tangosol.coherence.component.util.daemon.queueProcessor.service.DistributedCache$BinaryMap.get(DistributedCache.CDB:15)
	at com.tangosol.util.ConverterCollections$ConverterMap.get(ConverterCollections.java:1300)
	at com.tangosol.coherence.component.util.daemon.queueProcessor.service.DistributedCache$ViewMap.get(DistributedCache.CDB:1)
	at com.tangosol.coherence.component.util.SafeNamedCache.get(SafeNamedCache.CDB:1)
	at com.tangosol.net.cache.CachingMap.get(CachingMap.java:490)
	at com.westernasset.smss.server.SecurityMasterNearCacheSubsystem.getDigitRatingFromString(SecurityMasterNearCacheSubsystem.java:186)
	at com.westernasset.smss.server.SecurityMasterNearCacheSubsystem.handleFuncCall(SecurityMasterNearCacheSubsystem.java:85)
	at com.westernasset.smss.server.SecurityMasterManagementSubsystem.handleFuncCall(SecurityMasterManagementSubsystem.java:23)
	at com.westernasset.framework.subsystem.receiving.SubsystemImpl.innerHandleFuncCall(SubsystemImpl.java:154)
	at com.westernasset.framework.subsystem.receiving.internal.InProcessFunctionCallReceiver.handleFuncCall(InProcessFunctionCallReceiver.java:49)
	at com.westernasset.framework.subsystem.calling.internal.inprocess.InProcessFunctionCallCaller.doCall(InProcessFunctionCallCaller.java:19)
	at com.westernasset.framework.subsystem.calling.internal.inprocess.ForwardIfNotFoundFunctionCallCaller.doCall(ForwardIfNotFoundFunctionCallCaller.java:28)
	at com.westernasset.framework.subsystem.calling.internal.base.BaseFunctionCallCaller.callFunc(BaseFunctionCallCaller.java:33)
	at com.westernasset.framework.subsystem.calling.internal.base.BaseSubsystem.callFunc(BaseSubsystem.java:35)
	at com.westernasset.pss.msg.mapper.AtpToPssMapper.getRating(AtpToPssMapper.java:219)
	at com.westernasset.pss.msg.mapper.AtpToPssMapper.updateSecurityWithRatings(AtpToPssMapper.java:187)
	at com.westernasset.pss.msg.mapper.AtpToPssMapper.createSecurityVO(AtpToPssMapper.java:133)
	at com.westernasset.pss.msg.reciever.process.TradeProcessor.createSecurity(TradeProcessor.java:297)
	at com.westernasset.pss.msg.reciever.process.TradeProcessor.process(TradeProcessor.java:49)
	at com.westernasset.pss.msg.queue.MessageFetcher.processMessage(MessageFetcher.java:91)
	at com.westernasset.pss.msg.queue.MessageFetcher.pullMessageFromQueue(MessageFetcher.java:78)
	at com.westernasset.pss.msg.queue.MessageFetcher.run(MessageFetcher.java:48)

2014-09-25 14:48:50,987 ERROR [AtpToPssMapper] com.westernasset.framework.subsystem.common.SubsystemException: SubsystemExceptionNested:
java.lang.RuntimeException: Storage is not configuredNested:
java.lang.RuntimeException: Storage is not configured
	at com.tangosol.coherence.component.util.daemon.queueProcessor.service.DistributedCache$BinaryMap.onMissingStorage(DistributedCache.CDB:9)
	at com.tangosol.coherence.component.util.daemon.queueProcessor.service.DistributedCache$BinaryMap.get(DistributedCache.CDB:15)
	at com.tangosol.util.ConverterCollections$ConverterMap.get(ConverterCollections.java:1300)
	at com.tangosol.coherence.component.util.daemon.queueProcessor.service.DistributedCache$ViewMap.get(DistributedCache.CDB:1)
	at com.tangosol.coherence.component.util.SafeNamedCache.get(SafeNamedCache.CDB:1)
	at com.tangosol.net.cache.CachingMap.get(CachingMap.java:490)
	at com.westernasset.smss.server.SecurityMasterNearCacheSubsystem.getDigitRatingFromString(SecurityMasterNearCacheSubsystem.java:186)
	at com.westernasset.smss.server.SecurityMasterNearCacheSubsystem.handleFuncCall(SecurityMasterNearCacheSubsystem.java:85)
	at com.westernasset.smss.server.SecurityMasterManagementSubsystem.handleFuncCall(SecurityMasterManagementSubsystem.java:23)
	at com.westernasset.framework.subsystem.receiving.SubsystemImpl.innerHandleFuncCall(SubsystemImpl.java:154)
	at com.westernasset.framework.subsystem.receiving.internal.InProcessFunctionCallReceiver.handleFuncCall(InProcessFunctionCallReceiver.java:49)
	at com.westernasset.framework.subsystem.calling.internal.inprocess.InProcessFunctionCallCaller.doCall(InProcessFunctionCallCaller.java:19)
	at com.westernasset.framework.subsystem.calling.internal.inprocess.ForwardIfNotFoundFunctionCallCaller.doCall(ForwardIfNotFoundFunctionCallCaller.java:28)
	at com.westernasset.framework.subsystem.calling.internal.base.BaseFunctionCallCaller.callFunc(BaseFunctionCallCaller.java:33)
	at com.westernasset.framework.subsystem.calling.internal.base.BaseSubsystem.callFunc(BaseSubsystem.java:35)
	at com.westernasset.pss.msg.mapper.AtpToPssMapper.getRating(AtpToPssMapper.java:219)
	at com.westernasset.pss.msg.mapper.AtpToPssMapper.updateSecurityWithRatings(AtpToPssMapper.java:192)
	at com.westernasset.pss.msg.mapper.AtpToPssMapper.createSecurityVO(AtpToPssMapper.java:133)
	at com.westernasset.pss.msg.reciever.process.TradeProcessor.createSecurity(TradeProcessor.java:297)
	at com.westernasset.pss.msg.reciever.process.TradeProcessor.process(TradeProcessor.java:49)
	at com.westernasset.pss.msg.queue.MessageFetcher.processMessage(MessageFetcher.java:91)
	at com.westernasset.pss.msg.queue.MessageFetcher.pullMessageFromQueue(MessageFetcher.java:78)
	at com.westernasset.pss.msg.queue.MessageFetcher.run(MessageFetcher.java:48)

2014-09-25 14:48:50,988 ERROR [AtpToPssMapper] com.westernasset.framework.subsystem.common.SubsystemException: SubsystemExceptionNested:
java.lang.RuntimeException: Storage is not configuredNested:
java.lang.RuntimeException: Storage is not configured
	at com.tangosol.coherence.component.util.daemon.queueProcessor.service.DistributedCache$BinaryMap.onMissingStorage(DistributedCache.CDB:9)
	at com.tangosol.coherence.component.util.daemon.queueProcessor.service.DistributedCache$BinaryMap.get(DistributedCache.CDB:15)
	at com.tangosol.util.ConverterCollections$ConverterMap.get(ConverterCollections.java:1300)
	at com.tangosol.coherence.component.util.daemon.queueProcessor.service.DistributedCache$ViewMap.get(DistributedCache.CDB:1)
	at com.tangosol.coherence.component.util.SafeNamedCache.get(SafeNamedCache.CDB:1)
	at com.tangosol.net.cache.CachingMap.get(CachingMap.java:490)
	at com.westernasset.smss.server.SecurityMasterNearCacheSubsystem.getDigitRatingFromString(SecurityMasterNearCacheSubsystem.java:186)
	at com.westernasset.smss.server.SecurityMasterNearCacheSubsystem.handleFuncCall(SecurityMasterNearCacheSubsystem.java:85)
	at com.westernasset.smss.server.SecurityMasterManagementSubsystem.handleFuncCall(SecurityMasterManagementSubsystem.java:23)
	at com.westernasset.framework.subsystem.receiving.SubsystemImpl.innerHandleFuncCall(SubsystemImpl.java:154)
	at com.westernasset.framework.subsystem.receiving.internal.InProcessFunctionCallReceiver.handleFuncCall(InProcessFunctionCallReceiver.java:49)
	at com.westernasset.framework.subsystem.calling.internal.inprocess.InProcessFunctionCallCaller.doCall(InProcessFunctionCallCaller.java:19)
	at com.westernasset.framework.subsystem.calling.internal.inprocess.ForwardIfNotFoundFunctionCallCaller.doCall(ForwardIfNotFoundFunctionCallCaller.java:28)
	at com.westernasset.framework.subsystem.calling.internal.base.BaseFunctionCallCaller.callFunc(BaseFunctionCallCaller.java:33)
	at com.westernasset.framework.subsystem.calling.internal.base.BaseSubsystem.callFunc(BaseSubsystem.java:35)
	at com.westernasset.pss.msg.mapper.AtpToPssMapper.getRating(AtpToPssMapper.java:219)
	at com.westernasset.pss.msg.mapper.AtpToPssMapper.updateSecurityWithRatings(AtpToPssMapper.java:197)
	at com.westernasset.pss.msg.mapper.AtpToPssMapper.createSecurityVO(AtpToPssMapper.java:133)
	at com.westernasset.pss.msg.reciever.process.TradeProcessor.createSecurity(TradeProcessor.java:297)
	at com.westernasset.pss.msg.reciever.process.TradeProcessor.process(TradeProcessor.java:49)
	at com.westernasset.pss.msg.queue.MessageFetcher.processMessage(MessageFetcher.java:91)
	at com.westernasset.pss.msg.queue.MessageFetcher.pullMessageFromQueue(MessageFetcher.java:78)
	at com.westernasset.pss.msg.queue.MessageFetcher.run(MessageFetcher.java:48)

2014-09-25 14:48:50,989 ERROR [AtpToPssMapper] com.westernasset.framework.subsystem.common.SubsystemException: SubsystemExceptionNested:
java.lang.RuntimeException: Storage is not configuredNested:
java.lang.RuntimeException: Storage is not configured
	at com.tangosol.coherence.component.util.daemon.queueProcessor.service.DistributedCache$BinaryMap.onMissingStorage(DistributedCache.CDB:9)
	at com.tangosol.coherence.component.util.daemon.queueProcessor.service.DistributedCache$BinaryMap.get(DistributedCache.CDB:15)
	at com.tangosol.util.ConverterCollections$ConverterMap.get(ConverterCollections.java:1300)
	at com.tangosol.coherence.component.util.daemon.queueProcessor.service.DistributedCache$ViewMap.get(DistributedCache.CDB:1)
	at com.tangosol.coherence.component.util.SafeNamedCache.get(SafeNamedCache.CDB:1)
	at com.tangosol.net.cache.CachingMap.get(CachingMap.java:490)
	at com.westernasset.smss.server.SecurityMasterNearCacheSubsystem.getDigitRatingFromString(SecurityMasterNearCacheSubsystem.java:186)
	at com.westernasset.smss.server.SecurityMasterNearCacheSubsystem.handleFuncCall(SecurityMasterNearCacheSubsystem.java:85)
	at com.westernasset.smss.server.SecurityMasterManagementSubsystem.handleFuncCall(SecurityMasterManagementSubsystem.java:23)
	at com.westernasset.framework.subsystem.receiving.SubsystemImpl.innerHandleFuncCall(SubsystemImpl.java:154)
	at com.westernasset.framework.subsystem.receiving.internal.InProcessFunctionCallReceiver.handleFuncCall(InProcessFunctionCallReceiver.java:49)
	at com.westernasset.framework.subsystem.calling.internal.inprocess.InProcessFunctionCallCaller.doCall(InProcessFunctionCallCaller.java:19)
	at com.westernasset.framework.subsystem.calling.internal.inprocess.ForwardIfNotFoundFunctionCallCaller.doCall(ForwardIfNotFoundFunctionCallCaller.java:28)
	at com.westernasset.framework.subsystem.calling.internal.base.BaseFunctionCallCaller.callFunc(BaseFunctionCallCaller.java:33)
	at com.westernasset.framework.subsystem.calling.internal.base.BaseSubsystem.callFunc(BaseSubsystem.java:35)
	at com.westernasset.pss.msg.mapper.AtpToPssMapper.getRating(AtpToPssMapper.java:219)
	at com.westernasset.pss.msg.mapper.AtpToPssMapper.updateSecurityWithRatings(AtpToPssMapper.java:202)
	at com.westernasset.pss.msg.mapper.AtpToPssMapper.createSecurityVO(AtpToPssMapper.java:133)
	at com.westernasset.pss.msg.reciever.process.TradeProcessor.createSecurity(TradeProcessor.java:297)
	at com.westernasset.pss.msg.reciever.process.TradeProcessor.process(TradeProcessor.java:49)
	at com.westernasset.pss.msg.queue.MessageFetcher.processMessage(MessageFetcher.java:91)
	at com.westernasset.pss.msg.queue.MessageFetcher.pullMessageFromQueue(MessageFetcher.java:78)
	at com.westernasset.pss.msg.queue.MessageFetcher.run(MessageFetcher.java:48)

2014-09-25 14:48:50,990 ERROR [SecurityCacheManager] Failed to add security to cache: Storage is not configured : {SecurityId=1393500, AMTValue=1.0, MoodyRating=0, MoodyShortRating=0, FitchRating=0, FitchShortRating=0, SecurityTypeId=22, AssetTypeId=8, ProductId=20, SpRating=0, SpShortRating=0, WaRating=0, WaShortRating=0, IssueDate=2013-08-08T00:00:00.000-0700, MaturityDate=2022-07-15T00:00:00.000-0700, AssetId=45685EAB2, CurrencyCode=USD, SecurityType=CORPORATE, Description=ING US INC, Product=Bonds/Notes (Par), SubSubSector=LIFE, TickerSymbol=INTNED, BBName=VOYA FINANCIAL INC, IntType=FIXED, MinPiece=2000.0000, MinIncrement=2000.0000, AverageLife=7.808, Coupon=5.5, Dtm=2850.0, DtmLegalFinal=2850.0, Factor=1.0, DurationFactor=1.0, EffectiveConvexity=0.504, EffectiveDuration=6.494, YieldToWorst=3.602, MarketCFYield=3.602, OptionASpread=129.0, SpreadDuration=6.34, Country=US, AMT=N, NyIssuer=INTNED&8, LnIssuer=INTNED&8}
java.lang.RuntimeException: Storage is not configured
	at com.tangosol.coherence.component.util.daemon.queueProcessor.service.DistributedCache$BinaryMap.onMissingStorage(DistributedCache.CDB:9)
	at com.tangosol.coherence.component.util.daemon.queueProcessor.service.DistributedCache$BinaryMap.get(DistributedCache.CDB:15)
	at com.tangosol.util.ConverterCollections$ConverterMap.get(ConverterCollections.java:1300)
	at com.tangosol.coherence.component.util.daemon.queueProcessor.service.DistributedCache$ViewMap.get(DistributedCache.CDB:1)
	at com.tangosol.coherence.component.util.SafeNamedCache.get(SafeNamedCache.CDB:1)
	at com.tangosol.net.cache.CachingMap.get(CachingMap.java:490)
	at com.westernasset.smss.common.util.BusinessUtils.getIssuerDesciption(BusinessUtils.java:146)
	at com.westernasset.smss.common.util.BusinessUtils.fillNUIssuerId(BusinessUtils.java:513)
	at com.westernasset.smss.common.util.BusinessUtils.fillDerivedValues(BusinessUtils.java:421)
	at com.westernasset.smss.server.SecurityCacheManager.addSecurity(SecurityCacheManager.java:137)
	at com.westernasset.smss.server.SecurityMasterNearCacheSubsystem.addSecurity(SecurityMasterNearCacheSubsystem.java:202)
	at com.westernasset.smss.server.SecurityMasterNearCacheSubsystem.handleFuncCall(SecurityMasterNearCacheSubsystem.java:92)
	at com.westernasset.smss.server.SecurityMasterManagementSubsystem.handleFuncCall(SecurityMasterManagementSubsystem.java:23)
	at com.westernasset.framework.subsystem.receiving.SubsystemImpl.innerHandleFuncCall(SubsystemImpl.java:154)
	at com.westernasset.framework.subsystem.receiving.internal.InProcessFunctionCallReceiver.handleFuncCall(InProcessFunctionCallReceiver.java:49)
	at com.westernasset.framework.subsystem.calling.internal.inprocess.InProcessFunctionCallCaller.doCall(InProcessFunctionCallCaller.java:19)
	at com.westernasset.framework.subsystem.calling.internal.inprocess.ForwardIfNotFoundFunctionCallCaller.doCall(ForwardIfNotFoundFunctionCallCaller.java:28)
	at com.westernasset.framework.subsystem.calling.internal.base.BaseFunctionCallCaller.callFunc(BaseFunctionCallCaller.java:33)
	at com.westernasset.framework.subsystem.calling.internal.base.BaseSubsystem.callFunc(BaseSubsystem.java:35)
	at com.westernasset.pss.msg.reciever.process.TradeProcessor.createSecurity(TradeProcessor.java:302)
	at com.westernasset.pss.msg.reciever.process.TradeProcessor.process(TradeProcessor.java:49)
	at com.westernasset.pss.msg.queue.MessageFetcher.processMessage(MessageFetcher.java:91)
	at com.westernasset.pss.msg.queue.MessageFetcher.pullMessageFromQueue(MessageFetcher.java:78)
	at com.westernasset.pss.msg.queue.MessageFetcher.run(MessageFetcher.java:48)
2014-09-25 14:48:50,990 INFO  [TradeProcessor] Created Security :{SecurityId=1393500, AMTValue=1.0, MoodyRating=0, MoodyShortRating=0, FitchRating=0, FitchShortRating=0, SecurityTypeId=22, AssetTypeId=8, ProductId=20, SpRating=0, SpShortRating=0, WaRating=0, WaShortRating=0, IssueDate=2013-08-08T00:00:00.000-0700, MaturityDate=2022-07-15T00:00:00.000-0700, AssetId=45685EAB2, CurrencyCode=USD, SecurityType=CORPORATE, Description=ING US INC, Product=Bonds/Notes (Par), SubSubSector=LIFE, TickerSymbol=INTNED, BBName=VOYA FINANCIAL INC, IntType=FIXED, MinPiece=2000.0000, MinIncrement=2000.0000, AverageLife=7.808, Coupon=5.5, Dtm=2850.0, DtmLegalFinal=2850.0, Factor=1.0, DurationFactor=1.0, EffectiveConvexity=0.504, EffectiveDuration=6.494, YieldToWorst=3.602, MarketCFYield=3.602, OptionASpread=129.0, SpreadDuration=6.34, Country=US, AMT=N, NyIssuer=INTNED&8, LnIssuer=INTNED&8}
2014-09-25 14:48:50,991 ERROR [TradeProcessor] Error in getPrioTradeStatusByMessage
com.westernasset.framework.subsystem.common.SubsystemException: SubsystemExceptionNested:
java.lang.RuntimeException: Storage is not configuredNested:
java.lang.RuntimeException: Storage is not configured
	at com.tangosol.coherence.component.util.daemon.queueProcessor.service.DistributedCache$BinaryMap.onMissingStorage(DistributedCache.CDB:9)
	at com.tangosol.coherence.component.util.daemon.queueProcessor.service.DistributedCache$BinaryMap.get(DistributedCache.CDB:15)
	at com.tangosol.util.ConverterCollections$ConverterMap.get(ConverterCollections.java:1300)
	at com.tangosol.coherence.component.util.daemon.queueProcessor.service.DistributedCache$ViewMap.get(DistributedCache.CDB:1)
	at com.tangosol.coherence.component.util.SafeNamedCache.get(SafeNamedCache.CDB:1)
	at com.tangosol.net.cache.CachingMap.get(CachingMap.java:490)
	at com.westernasset.tss.cache.TradeCacheManager.getTradeById(TradeCacheManager.java:202)
	at com.westernasset.tss.services.TradeNearCacheSubsystem.getTradeById(TradeNearCacheSubsystem.java:104)
	at com.westernasset.tss.services.TradeNearCacheSubsystem.handleFuncCall(TradeNearCacheSubsystem.java:50)
	at com.westernasset.tss.services.TradeSubsystem.handleFuncCall(TradeSubsystem.java:29)
	at com.westernasset.framework.subsystem.receiving.SubsystemImpl.innerHandleFuncCall(SubsystemImpl.java:154)
	at com.westernasset.framework.subsystem.receiving.internal.InProcessFunctionCallReceiver.handleFuncCall(InProcessFunctionCallReceiver.java:49)
	at com.westernasset.framework.subsystem.calling.internal.inprocess.InProcessFunctionCallCaller.doCall(InProcessFunctionCallCaller.java:19)
	at com.westernasset.framework.subsystem.calling.internal.inprocess.ForwardIfNotFoundFunctionCallCaller.doCall(ForwardIfNotFoundFunctionCallCaller.java:28)
	at com.westernasset.framework.subsystem.calling.internal.base.BaseFunctionCallCaller.callFunc(BaseFunctionCallCaller.java:33)
	at com.westernasset.framework.subsystem.calling.internal.base.BaseSubsystem.callFunc(BaseSubsystem.java:35)
	at com.westernasset.pss.msg.reciever.process.TradeProcessor.getTradeByTradeId(TradeProcessor.java:250)
	at com.westernasset.pss.msg.reciever.process.TradeProcessor.getPrioTradeStatusByMessage(TradeProcessor.java:268)
	at com.westernasset.pss.msg.reciever.process.TradeProcessor.process(TradeProcessor.java:50)
	at com.westernasset.pss.msg.queue.MessageFetcher.processMessage(MessageFetcher.java:91)
	at com.westernasset.pss.msg.queue.MessageFetcher.pullMessageFromQueue(MessageFetcher.java:78)
	at com.westernasset.pss.msg.queue.MessageFetcher.run(MessageFetcher.java:48)

	at com.westernasset.framework.subsystem.common.internal.SubsystemExceptionUtils.dataObjectToException(SubsystemExceptionUtils.java:38)
	at com.westernasset.framework.subsystem.common.internal.SubsystemExceptionUtils.throwExceptionIfNeeded(SubsystemExceptionUtils.java:15)
	at com.westernasset.framework.subsystem.calling.internal.base.BaseSubsystem.callFunc(BaseSubsystem.java:37)
	at com.westernasset.pss.msg.reciever.process.TradeProcessor.getTradeByTradeId(TradeProcessor.java:250)
	at com.westernasset.pss.msg.reciever.process.TradeProcessor.getPrioTradeStatusByMessage(TradeProcessor.java:268)
	at com.westernasset.pss.msg.reciever.process.TradeProcessor.process(TradeProcessor.java:50)
	at com.westernasset.pss.msg.queue.MessageFetcher.processMessage(MessageFetcher.java:91)
	at com.westernasset.pss.msg.queue.MessageFetcher.pullMessageFromQueue(MessageFetcher.java:78)
	at com.westernasset.pss.msg.queue.MessageFetcher.run(MessageFetcher.java:48)
2014-09-25 14:48:50,991 ERROR [TradeProcessor] Exception occured while processing message
java.lang.RuntimeException: Storage is not configured
	at com.tangosol.coherence.component.util.daemon.queueProcessor.service.DistributedCache$BinaryMap.onMissingStorage(DistributedCache.CDB:9)
	at com.tangosol.coherence.component.util.daemon.queueProcessor.service.DistributedCache$BinaryMap.get(DistributedCache.CDB:15)
	at com.tangosol.util.ConverterCollections$ConverterMap.get(ConverterCollections.java:1300)
	at com.tangosol.coherence.component.util.daemon.queueProcessor.service.DistributedCache$ViewMap.get(DistributedCache.CDB:1)
	at com.tangosol.coherence.component.util.SafeNamedCache.get(SafeNamedCache.CDB:1)
	at com.tangosol.net.cache.CachingMap.get(CachingMap.java:490)
	at com.westernasset.tss.cache.TradeCacheManager.isDuplicateTrade(TradeCacheManager.java:356)
	at com.westernasset.pss.common.util.PojoHelper.createObjects(PojoHelper.java:132)
	at com.westernasset.pss.msg.reciever.process.TradeProcessor.process(TradeProcessor.java:55)
	at com.westernasset.pss.msg.queue.MessageFetcher.processMessage(MessageFetcher.java:91)
	at com.westernasset.pss.msg.queue.MessageFetcher.pullMessageFromQueue(MessageFetcher.java:78)
	at com.westernasset.pss.msg.queue.MessageFetcher.run(MessageFetcher.java:48)
2014-09-25 14:48:50,991 INFO  [TradeProcessor] End process method 740 MB
2014-09-25 14:48:50,991 INFO  [TradeProcessor] Time taken by TradeProcessor.process method 7
2014-09-25 14:48:50,991 INFO  [MessageFetcher] Processing message completed...[7462015]
2014-09-25 14:48:50,991 INFO  [MessageQueue] Removing the first item of 21 from the queue
2014-09-25 14:48:50,991 INFO  [MessageFetcher] Processing message started...[7462011]
2014-09-25 14:48:50,991 INFO  [TradeProcessor] Begin process method 740 MB
2014-09-25 14:48:50,992 ERROR [TradeProcessor] Error in doSecurityExist
java.lang.RuntimeException: Storage is not configured
	at com.tangosol.coherence.component.util.daemon.queueProcessor.service.DistributedCache$BinaryMap.onMissingStorage(DistributedCache.CDB:9)
	at com.tangosol.coherence.component.util.daemon.queueProcessor.service.DistributedCache$BinaryMap.get(DistributedCache.CDB:15)
	at com.tangosol.util.ConverterCollections$ConverterMap.get(ConverterCollections.java:1300)
	at com.tangosol.coherence.component.util.daemon.queueProcessor.service.DistributedCache$ViewMap.get(DistributedCache.CDB:1)
	at com.tangosol.coherence.component.util.SafeNamedCache.get(SafeNamedCache.CDB:1)
	at com.tangosol.net.cache.CachingMap.get(CachingMap.java:490)
	at com.westernasset.smss.common.util.BusinessDateHelper.get(BusinessDateHelper.java:55)
	at com.westernasset.smss.common.util.BusinessDateHelper.getBusinessDateFromCacheWithOffset(BusinessDateHelper.java:130)
	at com.westernasset.smss.common.util.BusinessDateHelper.getCurrentBusinessDateAny(BusinessDateHelper.java:125)
	at com.westernasset.pss.msg.reciever.process.TradeProcessor.doSecurityExist(TradeProcessor.java:328)
	at com.westernasset.pss.msg.reciever.process.TradeProcessor.createSecurity(TradeProcessor.java:296)
	at com.westernasset.pss.msg.reciever.process.TradeProcessor.process(TradeProcessor.java:49)
	at com.westernasset.pss.msg.queue.MessageFetcher.processMessage(MessageFetcher.java:91)
	at com.westernasset.pss.msg.queue.MessageFetcher.pullMessageFromQueue(MessageFetcher.java:78)
	at com.westernasset.pss.msg.queue.MessageFetcher.run(MessageFetcher.java:48)
2014-09-25 14:48:50,992 ERROR [AtpToPssMapper] com.westernasset.framework.subsystem.common.SubsystemException: SubsystemExceptionNested:
java.lang.RuntimeException: Storage is not configuredNested:
java.lang.RuntimeException: Storage is not configured
	at com.tangosol.coherence.component.util.daemon.queueProcessor.service.DistributedCache$BinaryMap.onMissingStorage(DistributedCache.CDB:9)
	at com.tangosol.coherence.component.util.daemon.queueProcessor.service.DistributedCache$BinaryMap.get(DistributedCache.CDB:15)
	at com.tangosol.util.ConverterCollections$ConverterMap.get(ConverterCollections.java:1300)
	at com.tangosol.coherence.component.util.daemon.queueProcessor.service.DistributedCache$ViewMap.get(DistributedCache.CDB:1)
	at com.tangosol.coherence.component.util.SafeNamedCache.get(SafeNamedCache.CDB:1)
	at com.tangosol.net.cache.CachingMap.get(CachingMap.java:490)
	at com.westernasset.smss.server.SecurityMasterNearCacheSubsystem.getDigitRatingFromString(SecurityMasterNearCacheSubsystem.java:186)
	at com.westernasset.smss.server.SecurityMasterNearCacheSubsystem.handleFuncCall(SecurityMasterNearCacheSubsystem.java:85)
	at com.westernasset.smss.server.SecurityMasterManagementSubsystem.handleFuncCall(SecurityMasterManagementSubsystem.java:23)
	at com.westernasset.framework.subsystem.receiving.SubsystemImpl.innerHandleFuncCall(SubsystemImpl.java:154)
	at com.westernasset.framework.subsystem.receiving.internal.InProcessFunctionCallReceiver.handleFuncCall(InProcessFunctionCallReceiver.java:49)
	at com.westernasset.framework.subsystem.calling.internal.inprocess.InProcessFunctionCallCaller.doCall(InProcessFunctionCallCaller.java:19)
	at com.westernasset.framework.subsystem.calling.internal.inprocess.ForwardIfNotFoundFunctionCallCaller.doCall(ForwardIfNotFoundFunctionCallCaller.java:28)
	at com.westernasset.framework.subsystem.calling.internal.base.BaseFunctionCallCaller.callFunc(BaseFunctionCallCaller.java:33)
	at com.westernasset.framework.subsystem.calling.internal.base.BaseSubsystem.callFunc(BaseSubsystem.java:35)
	at com.westernasset.pss.msg.mapper.AtpToPssMapper.getRating(AtpToPssMapper.java:219)
	at com.westernasset.pss.msg.mapper.AtpToPssMapper.updateSecurityWithRatings(AtpToPssMapper.java:167)
	at com.westernasset.pss.msg.mapper.AtpToPssMapper.createSecurityVO(AtpToPssMapper.java:133)
	at com.westernasset.pss.msg.reciever.process.TradeProcessor.createSecurity(TradeProcessor.java:297)
	at com.westernasset.pss.msg.reciever.process.TradeProcessor.process(TradeProcessor.java:49)
	at com.westernasset.pss.msg.queue.MessageFetcher.processMessage(MessageFetcher.java:91)
	at com.westernasset.pss.msg.queue.MessageFetcher.pullMessageFromQueue(MessageFetcher.java:78)
	at com.westernasset.pss.msg.queue.MessageFetcher.run(MessageFetcher.java:48)

2014-09-25 14:48:50,993 ERROR [AtpToPssMapper] com.westernasset.framework.subsystem.common.SubsystemException: SubsystemExceptionNested:
java.lang.RuntimeException: Storage is not configuredNested:
java.lang.RuntimeException: Storage is not configured
	at com.tangosol.coherence.component.util.daemon.queueProcessor.service.DistributedCache$BinaryMap.onMissingStorage(DistributedCache.CDB:9)
	at com.tangosol.coherence.component.util.daemon.queueProcessor.service.DistributedCache$BinaryMap.get(DistributedCache.CDB:15)
	at com.tangosol.util.ConverterCollections$ConverterMap.get(ConverterCollections.java:1300)
	at com.tangosol.coherence.component.util.daemon.queueProcessor.service.DistributedCache$ViewMap.get(DistributedCache.CDB:1)
	at com.tangosol.coherence.component.util.SafeNamedCache.get(SafeNamedCache.CDB:1)
	at com.tangosol.net.cache.CachingMap.get(CachingMap.java:490)
	at com.westernasset.smss.server.SecurityMasterNearCacheSubsystem.getDigitRatingFromString(SecurityMasterNearCacheSubsystem.java:186)
	at com.westernasset.smss.server.SecurityMasterNearCacheSubsystem.handleFuncCall(SecurityMasterNearCacheSubsystem.java:85)
	at com.westernasset.smss.server.SecurityMasterManagementSubsystem.handleFuncCall(SecurityMasterManagementSubsystem.java:23)
	at com.westernasset.framework.subsystem.receiving.SubsystemImpl.innerHandleFuncCall(SubsystemImpl.java:154)
	at com.westernasset.framework.subsystem.receiving.internal.InProcessFunctionCallReceiver.handleFuncCall(InProcessFunctionCallReceiver.java:49)
	at com.westernasset.framework.subsystem.calling.internal.inprocess.InProcessFunctionCallCaller.doCall(InProcessFunctionCallCaller.java:19)
	at com.westernasset.framework.subsystem.calling.internal.inprocess.ForwardIfNotFoundFunctionCallCaller.doCall(ForwardIfNotFoundFunctionCallCaller.java:28)
	at com.westernasset.framework.subsystem.calling.internal.base.BaseFunctionCallCaller.callFunc(BaseFunctionCallCaller.java:33)
	at com.westernasset.framework.subsystem.calling.internal.base.BaseSubsystem.callFunc(BaseSubsystem.java:35)
	at com.westernasset.pss.msg.mapper.AtpToPssMapper.getRating(AtpToPssMapper.java:219)
	at com.westernasset.pss.msg.mapper.AtpToPssMapper.updateSecurityWithRatings(AtpToPssMapper.java:172)
	at com.westernasset.pss.msg.mapper.AtpToPssMapper.createSecurityVO(AtpToPssMapper.java:133)
	at com.westernasset.pss.msg.reciever.process.TradeProcessor.createSecurity(TradeProcessor.java:297)
	at com.westernasset.pss.msg.reciever.process.TradeProcessor.process(TradeProcessor.java:49)
	at com.westernasset.pss.msg.queue.MessageFetcher.processMessage(MessageFetcher.java:91)
	at com.westernasset.pss.msg.queue.MessageFetcher.pullMessageFromQueue(MessageFetcher.java:78)
	at com.westernasset.pss.msg.queue.MessageFetcher.run(MessageFetcher.java:48)

2014-09-25 14:48:50,993 ERROR [AtpToPssMapper] com.westernasset.framework.subsystem.common.SubsystemException: SubsystemExceptionNested:
java.lang.RuntimeException: Storage is not configuredNested:
java.lang.RuntimeException: Storage is not configured
	at com.tangosol.coherence.component.util.daemon.queueProcessor.service.DistributedCache$BinaryMap.onMissingStorage(DistributedCache.CDB:9)
	at com.tangosol.coherence.component.util.daemon.queueProcessor.service.DistributedCache$BinaryMap.get(DistributedCache.CDB:15)
	at com.tangosol.util.ConverterCollections$ConverterMap.get(ConverterCollections.java:1300)
	at com.tangosol.coherence.component.util.daemon.queueProcessor.service.DistributedCache$ViewMap.get(DistributedCache.CDB:1)
	at com.tangosol.coherence.component.util.SafeNamedCache.get(SafeNamedCache.CDB:1)
	at com.tangosol.net.cache.CachingMap.get(CachingMap.java:490)
	at com.westernasset.smss.server.SecurityMasterNearCacheSubsystem.getDigitRatingFromString(SecurityMasterNearCacheSubsystem.java:186)
	at com.westernasset.smss.server.SecurityMasterNearCacheSubsystem.handleFuncCall(SecurityMasterNearCacheSubsystem.java:85)
	at com.westernasset.smss.server.SecurityMasterManagementSubsystem.handleFuncCall(SecurityMasterManagementSubsystem.java:23)
	at com.westernasset.framework.subsystem.receiving.SubsystemImpl.innerHandleFuncCall(SubsystemImpl.java:154)
	at com.westernasset.framework.subsystem.receiving.internal.InProcessFunctionCallReceiver.handleFuncCall(InProcessFunctionCallReceiver.java:49)
	at com.westernasset.framework.subsystem.calling.internal.inprocess.InProcessFunctionCallCaller.doCall(InProcessFunctionCallCaller.java:19)
	at com.westernasset.framework.subsystem.calling.internal.inprocess.ForwardIfNotFoundFunctionCallCaller.doCall(ForwardIfNotFoundFunctionCallCaller.java:28)
	at com.westernasset.framework.subsystem.calling.internal.base.BaseFunctionCallCaller.callFunc(BaseFunctionCallCaller.java:33)
	at com.westernasset.framework.subsystem.calling.internal.base.BaseSubsystem.callFunc(BaseSubsystem.java:35)
	at com.westernasset.pss.msg.mapper.AtpToPssMapper.getRating(AtpToPssMapper.java:219)
	at com.westernasset.pss.msg.mapper.AtpToPssMapper.updateSecurityWithRatings(AtpToPssMapper.java:177)
	at com.westernasset.pss.msg.mapper.AtpToPssMapper.createSecurityVO(AtpToPssMapper.java:133)
	at com.westernasset.pss.msg.reciever.process.TradeProcessor.createSecurity(TradeProcessor.java:297)
	at com.westernasset.pss.msg.reciever.process.TradeProcessor.process(TradeProcessor.java:49)
	at com.westernasset.pss.msg.queue.MessageFetcher.processMessage(MessageFetcher.java:91)
	at com.westernasset.pss.msg.queue.MessageFetcher.pullMessageFromQueue(MessageFetcher.java:78)
	at com.westernasset.pss.msg.queue.MessageFetcher.run(MessageFetcher.java:48)

2014-09-25 14:48:50,994 ERROR [AtpToPssMapper] com.westernasset.framework.subsystem.common.SubsystemException: SubsystemExceptionNested:
java.lang.RuntimeException: Storage is not configuredNested:
java.lang.RuntimeException: Storage is not configured
	at com.tangosol.coherence.component.util.daemon.queueProcessor.service.DistributedCache$BinaryMap.onMissingStorage(DistributedCache.CDB:9)
	at com.tangosol.coherence.component.util.daemon.queueProcessor.service.DistributedCache$BinaryMap.get(DistributedCache.CDB:15)
	at com.tangosol.util.ConverterCollections$ConverterMap.get(ConverterCollections.java:1300)
	at com.tangosol.coherence.component.util.daemon.queueProcessor.service.DistributedCache$ViewMap.get(DistributedCache.CDB:1)
	at com.tangosol.coherence.component.util.SafeNamedCache.get(SafeNamedCache.CDB:1)
	at com.tangosol.net.cache.CachingMap.get(CachingMap.java:490)
	at com.westernasset.smss.server.SecurityMasterNearCacheSubsystem.getDigitRatingFromString(SecurityMasterNearCacheSubsystem.java:186)
	at com.westernasset.smss.server.SecurityMasterNearCacheSubsystem.handleFuncCall(SecurityMasterNearCacheSubsystem.java:85)
	at com.westernasset.smss.server.SecurityMasterManagementSubsystem.handleFuncCall(SecurityMasterManagementSubsystem.java:23)
	at com.westernasset.framework.subsystem.receiving.SubsystemImpl.innerHandleFuncCall(SubsystemImpl.java:154)
	at com.westernasset.framework.subsystem.receiving.internal.InProcessFunctionCallReceiver.handleFuncCall(InProcessFunctionCallReceiver.java:49)
	at com.westernasset.framework.subsystem.calling.internal.inprocess.InProcessFunctionCallCaller.doCall(InProcessFunctionCallCaller.java:19)
	at com.westernasset.framework.subsystem.calling.internal.inprocess.ForwardIfNotFoundFunctionCallCaller.doCall(ForwardIfNotFoundFunctionCallCaller.java:28)
	at com.westernasset.framework.subsystem.calling.internal.base.BaseFunctionCallCaller.callFunc(BaseFunctionCallCaller.java:33)
	at com.westernasset.framework.subsystem.calling.internal.base.BaseSubsystem.callFunc(BaseSubsystem.java:35)
	at com.westernasset.pss.msg.mapper.AtpToPssMapper.getRating(AtpToPssMapper.java:219)
	at com.westernasset.pss.msg.mapper.AtpToPssMapper.updateSecurityWithRatings(AtpToPssMapper.java:182)
	at com.westernasset.pss.msg.mapper.AtpToPssMapper.createSecurityVO(AtpToPssMapper.java:133)
	at com.westernasset.pss.msg.reciever.process.TradeProcessor.createSecurity(TradeProcessor.java:297)
	at com.westernasset.pss.msg.reciever.process.TradeProcessor.process(TradeProcessor.java:49)
	at com.westernasset.pss.msg.queue.MessageFetcher.processMessage(MessageFetcher.java:91)
	at com.westernasset.pss.msg.queue.MessageFetcher.pullMessageFromQueue(MessageFetcher.java:78)
	at com.westernasset.pss.msg.queue.MessageFetcher.run(MessageFetcher.java:48)

2014-09-25 14:48:50,995 ERROR [AtpToPssMapper] com.westernasset.framework.subsystem.common.SubsystemException: SubsystemExceptionNested:
java.lang.RuntimeException: Storage is not configuredNested:
java.lang.RuntimeException: Storage is not configured
	at com.tangosol.coherence.component.util.daemon.queueProcessor.service.DistributedCache$BinaryMap.onMissingStorage(DistributedCache.CDB:9)
	at com.tangosol.coherence.component.util.daemon.queueProcessor.service.DistributedCache$BinaryMap.get(DistributedCache.CDB:15)
	at com.tangosol.util.ConverterCollections$ConverterMap.get(ConverterCollections.java:1300)
	at com.tangosol.coherence.component.util.daemon.queueProcessor.service.DistributedCache$ViewMap.get(DistributedCache.CDB:1)
	at com.tangosol.coherence.component.util.SafeNamedCache.get(SafeNamedCache.CDB:1)
	at com.tangosol.net.cache.CachingMap.get(CachingMap.java:490)
	at com.westernasset.smss.server.SecurityMasterNearCacheSubsystem.getDigitRatingFromString(SecurityMasterNearCacheSubsystem.java:186)
	at com.westernasset.smss.server.SecurityMasterNearCacheSubsystem.handleFuncCall(SecurityMasterNearCacheSubsystem.java:85)
	at com.westernasset.smss.server.SecurityMasterManagementSubsystem.handleFuncCall(SecurityMasterManagementSubsystem.java:23)
	at com.westernasset.framework.subsystem.receiving.SubsystemImpl.innerHandleFuncCall(SubsystemImpl.java:154)
	at com.westernasset.framework.subsystem.receiving.internal.InProcessFunctionCallReceiver.handleFuncCall(InProcessFunctionCallReceiver.java:49)
	at com.westernasset.framework.subsystem.calling.internal.inprocess.InProcessFunctionCallCaller.doCall(InProcessFunctionCallCaller.java:19)
	at com.westernasset.framework.subsystem.calling.internal.inprocess.ForwardIfNotFoundFunctionCallCaller.doCall(ForwardIfNotFoundFunctionCallCaller.java:28)
	at com.westernasset.framework.subsystem.calling.internal.base.BaseFunctionCallCaller.callFunc(BaseFunctionCallCaller.java:33)
	at com.westernasset.framework.subsystem.calling.internal.base.BaseSubsystem.callFunc(BaseSubsystem.java:35)
	at com.westernasset.pss.msg.mapper.AtpToPssMapper.getRating(AtpToPssMapper.java:219)
	at com.westernasset.pss.msg.mapper.AtpToPssMapper.updateSecurityWithRatings(AtpToPssMapper.java:187)
	at com.westernasset.pss.msg.mapper.AtpToPssMapper.createSecurityVO(AtpToPssMapper.java:133)
	at com.westernasset.pss.msg.reciever.process.TradeProcessor.createSecurity(TradeProcessor.java:297)
	at com.westernasset.pss.msg.reciever.process.TradeProcessor.process(TradeProcessor.java:49)
	at com.westernasset.pss.msg.queue.MessageFetcher.processMessage(MessageFetcher.java:91)
	at com.westernasset.pss.msg.queue.MessageFetcher.pullMessageFromQueue(MessageFetcher.java:78)
	at com.westernasset.pss.msg.queue.MessageFetcher.run(MessageFetcher.java:48)

2014-09-25 14:48:50,995 ERROR [AtpToPssMapper] com.westernasset.framework.subsystem.common.SubsystemException: SubsystemExceptionNested:
java.lang.RuntimeException: Storage is not configuredNested:
java.lang.RuntimeException: Storage is not configured
	at com.tangosol.coherence.component.util.daemon.queueProcessor.service.DistributedCache$BinaryMap.onMissingStorage(DistributedCache.CDB:9)
	at com.tangosol.coherence.component.util.daemon.queueProcessor.service.DistributedCache$BinaryMap.get(DistributedCache.CDB:15)
	at com.tangosol.util.ConverterCollections$ConverterMap.get(ConverterCollections.java:1300)
	at com.tangosol.coherence.component.util.daemon.queueProcessor.service.DistributedCache$ViewMap.get(DistributedCache.CDB:1)
	at com.tangosol.coherence.component.util.SafeNamedCache.get(SafeNamedCache.CDB:1)
	at com.tangosol.net.cache.CachingMap.get(CachingMap.java:490)
	at com.westernasset.smss.server.SecurityMasterNearCacheSubsystem.getDigitRatingFromString(SecurityMasterNearCacheSubsystem.java:186)
	at com.westernasset.smss.server.SecurityMasterNearCacheSubsystem.handleFuncCall(SecurityMasterNearCacheSubsystem.java:85)
	at com.westernasset.smss.server.SecurityMasterManagementSubsystem.handleFuncCall(SecurityMasterManagementSubsystem.java:23)
	at com.westernasset.framework.subsystem.receiving.SubsystemImpl.innerHandleFuncCall(SubsystemImpl.java:154)
	at com.westernasset.framework.subsystem.receiving.internal.InProcessFunctionCallReceiver.handleFuncCall(InProcessFunctionCallReceiver.java:49)
	at com.westernasset.framework.subsystem.calling.internal.inprocess.InProcessFunctionCallCaller.doCall(InProcessFunctionCallCaller.java:19)
	at com.westernasset.framework.subsystem.calling.internal.inprocess.ForwardIfNotFoundFunctionCallCaller.doCall(ForwardIfNotFoundFunctionCallCaller.java:28)
	at com.westernasset.framework.subsystem.calling.internal.base.BaseFunctionCallCaller.callFunc(BaseFunctionCallCaller.java:33)
	at com.westernasset.framework.subsystem.calling.internal.base.BaseSubsystem.callFunc(BaseSubsystem.java:35)
	at com.westernasset.pss.msg.mapper.AtpToPssMapper.getRating(AtpToPssMapper.java:219)
	at com.westernasset.pss.msg.mapper.AtpToPssMapper.updateSecurityWithRatings(AtpToPssMapper.java:192)
	at com.westernasset.pss.msg.mapper.AtpToPssMapper.createSecurityVO(AtpToPssMapper.java:133)
	at com.westernasset.pss.msg.reciever.process.TradeProcessor.createSecurity(TradeProcessor.java:297)
	at com.westernasset.pss.msg.reciever.process.TradeProcessor.process(TradeProcessor.java:49)
	at com.westernasset.pss.msg.queue.MessageFetcher.processMessage(MessageFetcher.java:91)
	at com.westernasset.pss.msg.queue.MessageFetcher.pullMessageFromQueue(MessageFetcher.java:78)
	at com.westernasset.pss.msg.queue.MessageFetcher.run(MessageFetcher.java:48)

2014-09-25 14:48:50,996 ERROR [AtpToPssMapper] com.westernasset.framework.subsystem.common.SubsystemException: SubsystemExceptionNested:
java.lang.RuntimeException: Storage is not configuredNested:
java.lang.RuntimeException: Storage is not configured
	at com.tangosol.coherence.component.util.daemon.queueProcessor.service.DistributedCache$BinaryMap.onMissingStorage(DistributedCache.CDB:9)
	at com.tangosol.coherence.component.util.daemon.queueProcessor.service.DistributedCache$BinaryMap.get(DistributedCache.CDB:15)
	at com.tangosol.util.ConverterCollections$ConverterMap.get(ConverterCollections.java:1300)
	at com.tangosol.coherence.component.util.daemon.queueProcessor.service.DistributedCache$ViewMap.get(DistributedCache.CDB:1)
	at com.tangosol.coherence.component.util.SafeNamedCache.get(SafeNamedCache.CDB:1)
	at com.tangosol.net.cache.CachingMap.get(CachingMap.java:490)
	at com.westernasset.smss.server.SecurityMasterNearCacheSubsystem.getDigitRatingFromString(SecurityMasterNearCacheSubsystem.java:186)
	at com.westernasset.smss.server.SecurityMasterNearCacheSubsystem.handleFuncCall(SecurityMasterNearCacheSubsystem.java:85)
	at com.westernasset.smss.server.SecurityMasterManagementSubsystem.handleFuncCall(SecurityMasterManagementSubsystem.java:23)
	at com.westernasset.framework.subsystem.receiving.SubsystemImpl.innerHandleFuncCall(SubsystemImpl.java:154)
	at com.westernasset.framework.subsystem.receiving.internal.InProcessFunctionCallReceiver.handleFuncCall(InProcessFunctionCallReceiver.java:49)
	at com.westernasset.framework.subsystem.calling.internal.inprocess.InProcessFunctionCallCaller.doCall(InProcessFunctionCallCaller.java:19)
	at com.westernasset.framework.subsystem.calling.internal.inprocess.ForwardIfNotFoundFunctionCallCaller.doCall(ForwardIfNotFoundFunctionCallCaller.java:28)
	at com.westernasset.framework.subsystem.calling.internal.base.BaseFunctionCallCaller.callFunc(BaseFunctionCallCaller.java:33)
	at com.westernasset.framework.subsystem.calling.internal.base.BaseSubsystem.callFunc(BaseSubsystem.java:35)
	at com.westernasset.pss.msg.mapper.AtpToPssMapper.getRating(AtpToPssMapper.java:219)
	at com.westernasset.pss.msg.mapper.AtpToPssMapper.updateSecurityWithRatings(AtpToPssMapper.java:197)
	at com.westernasset.pss.msg.mapper.AtpToPssMapper.createSecurityVO(AtpToPssMapper.java:133)
	at com.westernasset.pss.msg.reciever.process.TradeProcessor.createSecurity(TradeProcessor.java:297)
	at com.westernasset.pss.msg.reciever.process.TradeProcessor.process(TradeProcessor.java:49)
	at com.westernasset.pss.msg.queue.MessageFetcher.processMessage(MessageFetcher.java:91)
	at com.westernasset.pss.msg.queue.MessageFetcher.pullMessageFromQueue(MessageFetcher.java:78)
	at com.westernasset.pss.msg.queue.MessageFetcher.run(MessageFetcher.java:48)

2014-09-25 14:48:50,996 ERROR [AtpToPssMapper] com.westernasset.framework.subsystem.common.SubsystemException: SubsystemExceptionNested:
java.lang.RuntimeException: Storage is not configuredNested:
java.lang.RuntimeException: Storage is not configured
	at com.tangosol.coherence.component.util.daemon.queueProcessor.service.DistributedCache$BinaryMap.onMissingStorage(DistributedCache.CDB:9)
	at com.tangosol.coherence.component.util.daemon.queueProcessor.service.DistributedCache$BinaryMap.get(DistributedCache.CDB:15)
	at com.tangosol.util.ConverterCollections$ConverterMap.get(ConverterCollections.java:1300)
	at com.tangosol.coherence.component.util.daemon.queueProcessor.service.DistributedCache$ViewMap.get(DistributedCache.CDB:1)
	at com.tangosol.coherence.component.util.SafeNamedCache.get(SafeNamedCache.CDB:1)
	at com.tangosol.net.cache.CachingMap.get(CachingMap.java:490)
	at com.westernasset.smss.server.SecurityMasterNearCacheSubsystem.getDigitRatingFromString(SecurityMasterNearCacheSubsystem.java:186)
	at com.westernasset.smss.server.SecurityMasterNearCacheSubsystem.handleFuncCall(SecurityMasterNearCacheSubsystem.java:85)
	at com.westernasset.smss.server.SecurityMasterManagementSubsystem.handleFuncCall(SecurityMasterManagementSubsystem.java:23)
	at com.westernasset.framework.subsystem.receiving.SubsystemImpl.innerHandleFuncCall(SubsystemImpl.java:154)
	at com.westernasset.framework.subsystem.receiving.internal.InProcessFunctionCallReceiver.handleFuncCall(InProcessFunctionCallReceiver.java:49)
	at com.westernasset.framework.subsystem.calling.internal.inprocess.InProcessFunctionCallCaller.doCall(InProcessFunctionCallCaller.java:19)
	at com.westernasset.framework.subsystem.calling.internal.inprocess.ForwardIfNotFoundFunctionCallCaller.doCall(ForwardIfNotFoundFunctionCallCaller.java:28)
	at com.westernasset.framework.subsystem.calling.internal.base.BaseFunctionCallCaller.callFunc(BaseFunctionCallCaller.java:33)
	at com.westernasset.framework.subsystem.calling.internal.base.BaseSubsystem.callFunc(BaseSubsystem.java:35)
	at com.westernasset.pss.msg.mapper.AtpToPssMapper.getRating(AtpToPssMapper.java:219)
	at com.westernasset.pss.msg.mapper.AtpToPssMapper.updateSecurityWithRatings(AtpToPssMapper.java:202)
	at com.westernasset.pss.msg.mapper.AtpToPssMapper.createSecurityVO(AtpToPssMapper.java:133)
	at com.westernasset.pss.msg.reciever.process.TradeProcessor.createSecurity(TradeProcessor.java:297)
	at com.westernasset.pss.msg.reciever.process.TradeProcessor.process(TradeProcessor.java:49)
	at com.westernasset.pss.msg.queue.MessageFetcher.processMessage(MessageFetcher.java:91)
	at com.westernasset.pss.msg.queue.MessageFetcher.pullMessageFromQueue(MessageFetcher.java:78)
	at com.westernasset.pss.msg.queue.MessageFetcher.run(MessageFetcher.java:48)

2014-09-25 14:48:50,998 ERROR [SecurityCacheManager] Failed to add security to cache: Storage is not configured : {SecurityId=1332291, AMT=N, AMTValue=0.0, MoodyRating=0, MoodyShortRating=0, FitchRating=0, FitchShortRating=0, SecurityTypeId=23, AssetTypeId=3, ProductId=20, SpRating=0, SpShortRating=0, WaRating=0, WaShortRating=0, IssueDate=2013-03-14T00:00:00.000-0700, MaturityDate=2019-07-01T00:00:00.000-0700, AssetId=91412GSB2, CurrencyCode=USD, SecurityType=MUNI, Description=UNIV OF CALIFORNIA CA REVENUES, Product=Bonds/Notes (Par), State=CA, SubSubSector=COLLEGE_AND_UNIVERSITIES, TaxStatus=FED TAXABLE/ST TAX-EXEMPT, TickerSymbol=UNVHGR, BBName=UNIV OF CA-AH-TXBL, IntType=FIXED, MinPiece=5000, MinIncrement=5000, AverageLife=4.767, Coupon=1.796, Dtm=1740.0, DtmLegalFinal=1740.0, Factor=1.0, DurationFactor=1.0, EffectiveConvexity=0.24, EffectiveDuration=4.59, YieldToWorst=2.291, MarketCFYield=2.287, OptionASpread=54.7, SpreadDuration=4.57, Country=US, NyIssuer=UNVHGR&8, LnIssuer=UNVHGR&8}
java.lang.RuntimeException: Storage is not configured
	at com.tangosol.coherence.component.util.daemon.queueProcessor.service.DistributedCache$BinaryMap.onMissingStorage(DistributedCache.CDB:9)
	at com.tangosol.coherence.component.util.daemon.queueProcessor.service.DistributedCache$BinaryMap.get(DistributedCache.CDB:15)
	at com.tangosol.util.ConverterCollections$ConverterMap.get(ConverterCollections.java:1300)
	at com.tangosol.coherence.component.util.daemon.queueProcessor.service.DistributedCache$ViewMap.get(DistributedCache.CDB:1)
	at com.tangosol.coherence.component.util.SafeNamedCache.get(SafeNamedCache.CDB:1)
	at com.tangosol.net.cache.CachingMap.get(CachingMap.java:490)
	at com.westernasset.smss.common.util.BusinessUtils.getIssuerDesciption(BusinessUtils.java:146)
	at com.westernasset.smss.common.util.BusinessUtils.fillNUIssuerId(BusinessUtils.java:513)
	at com.westernasset.smss.common.util.BusinessUtils.fillDerivedValues(BusinessUtils.java:421)
	at com.westernasset.smss.server.SecurityCacheManager.addSecurity(SecurityCacheManager.java:137)
	at com.westernasset.smss.server.SecurityMasterNearCacheSubsystem.addSecurity(SecurityMasterNearCacheSubsystem.java:202)
	at com.westernasset.smss.server.SecurityMasterNearCacheSubsystem.handleFuncCall(SecurityMasterNearCacheSubsystem.java:92)
	at com.westernasset.smss.server.SecurityMasterManagementSubsystem.handleFuncCall(SecurityMasterManagementSubsystem.java:23)
	at com.westernasset.framework.subsystem.receiving.SubsystemImpl.innerHandleFuncCall(SubsystemImpl.java:154)
	at com.westernasset.framework.subsystem.receiving.internal.InProcessFunctionCallReceiver.handleFuncCall(InProcessFunctionCallReceiver.java:49)
	at com.westernasset.framework.subsystem.calling.internal.inprocess.InProcessFunctionCallCaller.doCall(InProcessFunctionCallCaller.java:19)
	at com.westernasset.framework.subsystem.calling.internal.inprocess.ForwardIfNotFoundFunctionCallCaller.doCall(ForwardIfNotFoundFunctionCallCaller.java:28)
	at com.westernasset.framework.subsystem.calling.internal.base.BaseFunctionCallCaller.callFunc(BaseFunctionCallCaller.java:33)
	at com.westernasset.framework.subsystem.calling.internal.base.BaseSubsystem.callFunc(BaseSubsystem.java:35)
	at com.westernasset.pss.msg.reciever.process.TradeProcessor.createSecurity(TradeProcessor.java:302)
	at com.westernasset.pss.msg.reciever.process.TradeProcessor.process(TradeProcessor.java:49)
	at com.westernasset.pss.msg.queue.MessageFetcher.processMessage(MessageFetcher.java:91)
	at com.westernasset.pss.msg.queue.MessageFetcher.pullMessageFromQueue(MessageFetcher.java:78)
	at com.westernasset.pss.msg.queue.MessageFetcher.run(MessageFetcher.java:48)
2014-09-25 14:48:50,998 INFO  [TradeProcessor] Created Security :{SecurityId=1332291, AMT=N, AMTValue=0.0, MoodyRating=0, MoodyShortRating=0, FitchRating=0, FitchShortRating=0, SecurityTypeId=23, AssetTypeId=3, ProductId=20, SpRating=0, SpShortRating=0, WaRating=0, WaShortRating=0, IssueDate=2013-03-14T00:00:00.000-0700, MaturityDate=2019-07-01T00:00:00.000-0700, AssetId=91412GSB2, CurrencyCode=USD, SecurityType=MUNI, Description=UNIV OF CALIFORNIA CA REVENUES, Product=Bonds/Notes (Par), State=CA, SubSubSector=COLLEGE_AND_UNIVERSITIES, TaxStatus=FED TAXABLE/ST TAX-EXEMPT, TickerSymbol=UNVHGR, BBName=UNIV OF CA-AH-TXBL, IntType=FIXED, MinPiece=5000, MinIncrement=5000, AverageLife=4.767, Coupon=1.796, Dtm=1740.0, DtmLegalFinal=1740.0, Factor=1.0, DurationFactor=1.0, EffectiveConvexity=0.24, EffectiveDuration=4.59, YieldToWorst=2.291, MarketCFYield=2.287, OptionASpread=54.7, SpreadDuration=4.57, Country=US, NyIssuer=UNVHGR&8, LnIssuer=UNVHGR&8}
2014-09-25 14:48:50,999 ERROR [TradeProcessor] Error in getPrioTradeStatusByMessage
com.westernasset.framework.subsystem.common.SubsystemException: SubsystemExceptionNested:
java.lang.RuntimeException: Storage is not configuredNested:
java.lang.RuntimeException: Storage is not configured
	at com.tangosol.coherence.component.util.daemon.queueProcessor.service.DistributedCache$BinaryMap.onMissingStorage(DistributedCache.CDB:9)
	at com.tangosol.coherence.component.util.daemon.queueProcessor.service.DistributedCache$BinaryMap.get(DistributedCache.CDB:15)
	at com.tangosol.util.ConverterCollections$ConverterMap.get(ConverterCollections.java:1300)
	at com.tangosol.coherence.component.util.daemon.queueProcessor.service.DistributedCache$ViewMap.get(DistributedCache.CDB:1)
	at com.tangosol.coherence.component.util.SafeNamedCache.get(SafeNamedCache.CDB:1)
	at com.tangosol.net.cache.CachingMap.get(CachingMap.java:490)
	at com.westernasset.tss.cache.TradeCacheManager.getTradeById(TradeCacheManager.java:202)
	at com.westernasset.tss.services.TradeNearCacheSubsystem.getTradeById(TradeNearCacheSubsystem.java:104)
	at com.westernasset.tss.services.TradeNearCacheSubsystem.handleFuncCall(TradeNearCacheSubsystem.java:50)
	at com.westernasset.tss.services.TradeSubsystem.handleFuncCall(TradeSubsystem.java:29)
	at com.westernasset.framework.subsystem.receiving.SubsystemImpl.innerHandleFuncCall(SubsystemImpl.java:154)
	at com.westernasset.framework.subsystem.receiving.internal.InProcessFunctionCallReceiver.handleFuncCall(InProcessFunctionCallReceiver.java:49)
	at com.westernasset.framework.subsystem.calling.internal.inprocess.InProcessFunctionCallCaller.doCall(InProcessFunctionCallCaller.java:19)
	at com.westernasset.framework.subsystem.calling.internal.inprocess.ForwardIfNotFoundFunctionCallCaller.doCall(ForwardIfNotFoundFunctionCallCaller.java:28)
	at com.westernasset.framework.subsystem.calling.internal.base.BaseFunctionCallCaller.callFunc(BaseFunctionCallCaller.java:33)
	at com.westernasset.framework.subsystem.calling.internal.base.BaseSubsystem.callFunc(BaseSubsystem.java:35)
	at com.westernasset.pss.msg.reciever.process.TradeProcessor.getTradeByTradeId(TradeProcessor.java:250)
	at com.westernasset.pss.msg.reciever.process.TradeProcessor.getPrioTradeStatusByMessage(TradeProcessor.java:268)
	at com.westernasset.pss.msg.reciever.process.TradeProcessor.process(TradeProcessor.java:50)
	at com.westernasset.pss.msg.queue.MessageFetcher.processMessage(MessageFetcher.java:91)
	at com.westernasset.pss.msg.queue.MessageFetcher.pullMessageFromQueue(MessageFetcher.java:78)
	at com.westernasset.pss.msg.queue.MessageFetcher.run(MessageFetcher.java:48)

	at com.westernasset.framework.subsystem.common.internal.SubsystemExceptionUtils.dataObjectToException(SubsystemExceptionUtils.java:38)
	at com.westernasset.framework.subsystem.common.internal.SubsystemExceptionUtils.throwExceptionIfNeeded(SubsystemExceptionUtils.java:15)
	at com.westernasset.framework.subsystem.calling.internal.base.BaseSubsystem.callFunc(BaseSubsystem.java:37)
	at com.westernasset.pss.msg.reciever.process.TradeProcessor.getTradeByTradeId(TradeProcessor.java:250)
	at com.westernasset.pss.msg.reciever.process.TradeProcessor.getPrioTradeStatusByMessage(TradeProcessor.java:268)
	at com.westernasset.pss.msg.reciever.process.TradeProcessor.process(TradeProcessor.java:50)
	at com.westernasset.pss.msg.queue.MessageFetcher.processMessage(MessageFetcher.java:91)
	at com.westernasset.pss.msg.queue.MessageFetcher.pullMessageFromQueue(MessageFetcher.java:78)
	at com.westernasset.pss.msg.queue.MessageFetcher.run(MessageFetcher.java:48)
2014-09-25 14:48:50,999 ERROR [TradeProcessor] Exception occured while processing message
java.lang.RuntimeException: Storage is not configured
	at com.tangosol.coherence.component.util.daemon.queueProcessor.service.DistributedCache$BinaryMap.onMissingStorage(DistributedCache.CDB:9)
	at com.tangosol.coherence.component.util.daemon.queueProcessor.service.DistributedCache$BinaryMap.get(DistributedCache.CDB:15)
	at com.tangosol.util.ConverterCollections$ConverterMap.get(ConverterCollections.java:1300)
	at com.tangosol.coherence.component.util.daemon.queueProcessor.service.DistributedCache$ViewMap.get(DistributedCache.CDB:1)
	at com.tangosol.coherence.component.util.SafeNamedCache.get(SafeNamedCache.CDB:1)
	at com.tangosol.net.cache.CachingMap.get(CachingMap.java:490)
	at com.westernasset.tss.cache.TradeCacheManager.isDuplicateTrade(TradeCacheManager.java:356)
	at com.westernasset.pss.common.util.PojoHelper.createObjects(PojoHelper.java:132)
	at com.westernasset.pss.msg.reciever.process.TradeProcessor.process(TradeProcessor.java:55)
	at com.westernasset.pss.msg.queue.MessageFetcher.processMessage(MessageFetcher.java:91)
	at com.westernasset.pss.msg.queue.MessageFetcher.pullMessageFromQueue(MessageFetcher.java:78)
	at com.westernasset.pss.msg.queue.MessageFetcher.run(MessageFetcher.java:48)
2014-09-25 14:48:50,999 INFO  [TradeProcessor] End process method 742 MB
2014-09-25 14:48:50,999 INFO  [TradeProcessor] Time taken by TradeProcessor.process method 8
2014-09-25 14:48:50,999 INFO  [MessageFetcher] Processing message completed...[7462011]
2014-09-25 14:48:50,999 INFO  [MessageQueue] Removing the first item of 20 from the queue
2014-09-25 14:48:50,999 INFO  [MessageFetcher] Processing message started...[7461677]
2014-09-25 14:48:50,999 INFO  [TradeProcessor] Begin process method 742 MB
2014-09-25 14:48:50,999 ERROR [TradeProcessor] Error in doSecurityExist
java.lang.RuntimeException: Storage is not configured
	at com.tangosol.coherence.component.util.daemon.queueProcessor.service.DistributedCache$BinaryMap.onMissingStorage(DistributedCache.CDB:9)
	at com.tangosol.coherence.component.util.daemon.queueProcessor.service.DistributedCache$BinaryMap.get(DistributedCache.CDB:15)
	at com.tangosol.util.ConverterCollections$ConverterMap.get(ConverterCollections.java:1300)
	at com.tangosol.coherence.component.util.daemon.queueProcessor.service.DistributedCache$ViewMap.get(DistributedCache.CDB:1)
	at com.tangosol.coherence.component.util.SafeNamedCache.get(SafeNamedCache.CDB:1)
	at com.tangosol.net.cache.CachingMap.get(CachingMap.java:490)
	at com.westernasset.smss.common.util.BusinessDateHelper.get(BusinessDateHelper.java:55)
	at com.westernasset.smss.common.util.BusinessDateHelper.getBusinessDateFromCacheWithOffset(BusinessDateHelper.java:130)
	at com.westernasset.smss.common.util.BusinessDateHelper.getCurrentBusinessDateAny(BusinessDateHelper.java:125)
	at com.westernasset.pss.msg.reciever.process.TradeProcessor.doSecurityExist(TradeProcessor.java:328)
	at com.westernasset.pss.msg.reciever.process.TradeProcessor.createSecurity(TradeProcessor.java:296)
	at com.westernasset.pss.msg.reciever.process.TradeProcessor.process(TradeProcessor.java:49)
	at com.westernasset.pss.msg.queue.MessageFetcher.processMessage(MessageFetcher.java:91)
	at com.westernasset.pss.msg.queue.MessageFetcher.pullMessageFromQueue(MessageFetcher.java:78)
	at com.westernasset.pss.msg.queue.MessageFetcher.run(MessageFetcher.java:48)
2014-09-25 14:48:51,000 ERROR [AtpToPssMapper] com.westernasset.framework.subsystem.common.SubsystemException: SubsystemExceptionNested:
java.lang.RuntimeException: Storage is not configuredNested:
java.lang.RuntimeException: Storage is not configured
	at com.tangosol.coherence.component.util.daemon.queueProcessor.service.DistributedCache$BinaryMap.onMissingStorage(DistributedCache.CDB:9)
	at com.tangosol.coherence.component.util.daemon.queueProcessor.service.DistributedCache$BinaryMap.get(DistributedCache.CDB:15)
	at com.tangosol.util.ConverterCollections$ConverterMap.get(ConverterCollections.java:1300)
	at com.tangosol.coherence.component.util.daemon.queueProcessor.service.DistributedCache$ViewMap.get(DistributedCache.CDB:1)
	at com.tangosol.coherence.component.util.SafeNamedCache.get(SafeNamedCache.CDB:1)
	at com.tangosol.net.cache.CachingMap.get(CachingMap.java:490)
	at com.westernasset.smss.server.SecurityMasterNearCacheSubsystem.getDigitRatingFromString(SecurityMasterNearCacheSubsystem.java:186)
	at com.westernasset.smss.server.SecurityMasterNearCacheSubsystem.handleFuncCall(SecurityMasterNearCacheSubsystem.java:85)
	at com.westernasset.smss.server.SecurityMasterManagementSubsystem.handleFuncCall(SecurityMasterManagementSubsystem.java:23)
	at com.westernasset.framework.subsystem.receiving.SubsystemImpl.innerHandleFuncCall(SubsystemImpl.java:154)
	at com.westernasset.framework.subsystem.receiving.internal.InProcessFunctionCallReceiver.handleFuncCall(InProcessFunctionCallReceiver.java:49)
	at com.westernasset.framework.subsystem.calling.internal.inprocess.InProcessFunctionCallCaller.doCall(InProcessFunctionCallCaller.java:19)
	at com.westernasset.framework.subsystem.calling.internal.inprocess.ForwardIfNotFoundFunctionCallCaller.doCall(ForwardIfNotFoundFunctionCallCaller.java:28)
	at com.westernasset.framework.subsystem.calling.internal.base.BaseFunctionCallCaller.callFunc(BaseFunctionCallCaller.java:33)
	at com.westernasset.framework.subsystem.calling.internal.base.BaseSubsystem.callFunc(BaseSubsystem.java:35)
	at com.westernasset.pss.msg.mapper.AtpToPssMapper.getRating(AtpToPssMapper.java:219)
	at com.westernasset.pss.msg.mapper.AtpToPssMapper.updateSecurityWithRatings(AtpToPssMapper.java:167)
	at com.westernasset.pss.msg.mapper.AtpToPssMapper.createSecurityVO(AtpToPssMapper.java:133)
	at com.westernasset.pss.msg.reciever.process.TradeProcessor.createSecurity(TradeProcessor.java:297)
	at com.westernasset.pss.msg.reciever.process.TradeProcessor.process(TradeProcessor.java:49)
	at com.westernasset.pss.msg.queue.MessageFetcher.processMessage(MessageFetcher.java:91)
	at com.westernasset.pss.msg.queue.MessageFetcher.pullMessageFromQueue(MessageFetcher.java:78)
	at com.westernasset.pss.msg.queue.MessageFetcher.run(MessageFetcher.java:48)

2014-09-25 14:48:51,001 ERROR [AtpToPssMapper] com.westernasset.framework.subsystem.common.SubsystemException: SubsystemExceptionNested:
java.lang.RuntimeException: Storage is not configuredNested:
java.lang.RuntimeException: Storage is not configured
	at com.tangosol.coherence.component.util.daemon.queueProcessor.service.DistributedCache$BinaryMap.onMissingStorage(DistributedCache.CDB:9)
	at com.tangosol.coherence.component.util.daemon.queueProcessor.service.DistributedCache$BinaryMap.get(DistributedCache.CDB:15)
	at com.tangosol.util.ConverterCollections$ConverterMap.get(ConverterCollections.java:1300)
	at com.tangosol.coherence.component.util.daemon.queueProcessor.service.DistributedCache$ViewMap.get(DistributedCache.CDB:1)
	at com.tangosol.coherence.component.util.SafeNamedCache.get(SafeNamedCache.CDB:1)
	at com.tangosol.net.cache.CachingMap.get(CachingMap.java:490)
	at com.westernasset.smss.server.SecurityMasterNearCacheSubsystem.getDigitRatingFromString(SecurityMasterNearCacheSubsystem.java:186)
	at com.westernasset.smss.server.SecurityMasterNearCacheSubsystem.handleFuncCall(SecurityMasterNearCacheSubsystem.java:85)
	at com.westernasset.smss.server.SecurityMasterManagementSubsystem.handleFuncCall(SecurityMasterManagementSubsystem.java:23)
	at com.westernasset.framework.subsystem.receiving.SubsystemImpl.innerHandleFuncCall(SubsystemImpl.java:154)
	at com.westernasset.framework.subsystem.receiving.internal.InProcessFunctionCallReceiver.handleFuncCall(InProcessFunctionCallReceiver.java:49)
	at com.westernasset.framework.subsystem.calling.internal.inprocess.InProcessFunctionCallCaller.doCall(InProcessFunctionCallCaller.java:19)
	at com.westernasset.framework.subsystem.calling.internal.inprocess.ForwardIfNotFoundFunctionCallCaller.doCall(ForwardIfNotFoundFunctionCallCaller.java:28)
	at com.westernasset.framework.subsystem.calling.internal.base.BaseFunctionCallCaller.callFunc(BaseFunctionCallCaller.java:33)
	at com.westernasset.framework.subsystem.calling.internal.base.BaseSubsystem.callFunc(BaseSubsystem.java:35)
	at com.westernasset.pss.msg.mapper.AtpToPssMapper.getRating(AtpToPssMapper.java:219)
	at com.westernasset.pss.msg.mapper.AtpToPssMapper.updateSecurityWithRatings(AtpToPssMapper.java:172)
	at com.westernasset.pss.msg.mapper.AtpToPssMapper.createSecurityVO(AtpToPssMapper.java:133)
	at com.westernasset.pss.msg.reciever.process.TradeProcessor.createSecurity(TradeProcessor.java:297)
	at com.westernasset.pss.msg.reciever.process.TradeProcessor.process(TradeProcessor.java:49)
	at com.westernasset.pss.msg.queue.MessageFetcher.processMessage(MessageFetcher.java:91)
	at com.westernasset.pss.msg.queue.MessageFetcher.pullMessageFromQueue(MessageFetcher.java:78)
	at com.westernasset.pss.msg.queue.MessageFetcher.run(MessageFetcher.java:48)

2014-09-25 14:48:51,001 ERROR [AtpToPssMapper] com.westernasset.framework.subsystem.common.SubsystemException: SubsystemExceptionNested:
java.lang.RuntimeException: Storage is not configuredNested:
java.lang.RuntimeException: Storage is not configured
	at com.tangosol.coherence.component.util.daemon.queueProcessor.service.DistributedCache$BinaryMap.onMissingStorage(DistributedCache.CDB:9)
	at com.tangosol.coherence.component.util.daemon.queueProcessor.service.DistributedCache$BinaryMap.get(DistributedCache.CDB:15)
	at com.tangosol.util.ConverterCollections$ConverterMap.get(ConverterCollections.java:1300)
	at com.tangosol.coherence.component.util.daemon.queueProcessor.service.DistributedCache$ViewMap.get(DistributedCache.CDB:1)
	at com.tangosol.coherence.component.util.SafeNamedCache.get(SafeNamedCache.CDB:1)
	at com.tangosol.net.cache.CachingMap.get(CachingMap.java:490)
	at com.westernasset.smss.server.SecurityMasterNearCacheSubsystem.getDigitRatingFromString(SecurityMasterNearCacheSubsystem.java:186)
	at com.westernasset.smss.server.SecurityMasterNearCacheSubsystem.handleFuncCall(SecurityMasterNearCacheSubsystem.java:85)
	at com.westernasset.smss.server.SecurityMasterManagementSubsystem.handleFuncCall(SecurityMasterManagementSubsystem.java:23)
	at com.westernasset.framework.subsystem.receiving.SubsystemImpl.innerHandleFuncCall(SubsystemImpl.java:154)
	at com.westernasset.framework.subsystem.receiving.internal.InProcessFunctionCallReceiver.handleFuncCall(InProcessFunctionCallReceiver.java:49)
	at com.westernasset.framework.subsystem.calling.internal.inprocess.InProcessFunctionCallCaller.doCall(InProcessFunctionCallCaller.java:19)
	at com.westernasset.framework.subsystem.calling.internal.inprocess.ForwardIfNotFoundFunctionCallCaller.doCall(ForwardIfNotFoundFunctionCallCaller.java:28)
	at com.westernasset.framework.subsystem.calling.internal.base.BaseFunctionCallCaller.callFunc(BaseFunctionCallCaller.java:33)
	at com.westernasset.framework.subsystem.calling.internal.base.BaseSubsystem.callFunc(BaseSubsystem.java:35)
	at com.westernasset.pss.msg.mapper.AtpToPssMapper.getRating(AtpToPssMapper.java:219)
	at com.westernasset.pss.msg.mapper.AtpToPssMapper.updateSecurityWithRatings(AtpToPssMapper.java:177)
	at com.westernasset.pss.msg.mapper.AtpToPssMapper.createSecurityVO(AtpToPssMapper.java:133)
	at com.westernasset.pss.msg.reciever.process.TradeProcessor.createSecurity(TradeProcessor.java:297)
	at com.westernasset.pss.msg.reciever.process.TradeProcessor.process(TradeProcessor.java:49)
	at com.westernasset.pss.msg.queue.MessageFetcher.processMessage(MessageFetcher.java:91)
	at com.westernasset.pss.msg.queue.MessageFetcher.pullMessageFromQueue(MessageFetcher.java:78)
	at com.westernasset.pss.msg.queue.MessageFetcher.run(MessageFetcher.java:48)

2014-09-25 14:48:51,002 ERROR [AtpToPssMapper] com.westernasset.framework.subsystem.common.SubsystemException: SubsystemExceptionNested:
java.lang.RuntimeException: Storage is not configuredNested:
java.lang.RuntimeException: Storage is not configured
	at com.tangosol.coherence.component.util.daemon.queueProcessor.service.DistributedCache$BinaryMap.onMissingStorage(DistributedCache.CDB:9)
	at com.tangosol.coherence.component.util.daemon.queueProcessor.service.DistributedCache$BinaryMap.get(DistributedCache.CDB:15)
	at com.tangosol.util.ConverterCollections$ConverterMap.get(ConverterCollections.java:1300)
	at com.tangosol.coherence.component.util.daemon.queueProcessor.service.DistributedCache$ViewMap.get(DistributedCache.CDB:1)
	at com.tangosol.coherence.component.util.SafeNamedCache.get(SafeNamedCache.CDB:1)
	at com.tangosol.net.cache.CachingMap.get(CachingMap.java:490)
	at com.westernasset.smss.server.SecurityMasterNearCacheSubsystem.getDigitRatingFromString(SecurityMasterNearCacheSubsystem.java:186)
	at com.westernasset.smss.server.SecurityMasterNearCacheSubsystem.handleFuncCall(SecurityMasterNearCacheSubsystem.java:85)
	at com.westernasset.smss.server.SecurityMasterManagementSubsystem.handleFuncCall(SecurityMasterManagementSubsystem.java:23)
	at com.westernasset.framework.subsystem.receiving.SubsystemImpl.innerHandleFuncCall(SubsystemImpl.java:154)
	at com.westernasset.framework.subsystem.receiving.internal.InProcessFunctionCallReceiver.handleFuncCall(InProcessFunctionCallReceiver.java:49)
	at com.westernasset.framework.subsystem.calling.internal.inprocess.InProcessFunctionCallCaller.doCall(InProcessFunctionCallCaller.java:19)
	at com.westernasset.framework.subsystem.calling.internal.inprocess.ForwardIfNotFoundFunctionCallCaller.doCall(ForwardIfNotFoundFunctionCallCaller.java:28)
	at com.westernasset.framework.subsystem.calling.internal.base.BaseFunctionCallCaller.callFunc(BaseFunctionCallCaller.java:33)
	at com.westernasset.framework.subsystem.calling.internal.base.BaseSubsystem.callFunc(BaseSubsystem.java:35)
	at com.westernasset.pss.msg.mapper.AtpToPssMapper.getRating(AtpToPssMapper.java:219)
	at com.westernasset.pss.msg.mapper.AtpToPssMapper.updateSecurityWithRatings(AtpToPssMapper.java:182)
	at com.westernasset.pss.msg.mapper.AtpToPssMapper.createSecurityVO(AtpToPssMapper.java:133)
	at com.westernasset.pss.msg.reciever.process.TradeProcessor.createSecurity(TradeProcessor.java:297)
	at com.westernasset.pss.msg.reciever.process.TradeProcessor.process(TradeProcessor.java:49)
	at com.westernasset.pss.msg.queue.MessageFetcher.processMessage(MessageFetcher.java:91)
	at com.westernasset.pss.msg.queue.MessageFetcher.pullMessageFromQueue(MessageFetcher.java:78)
	at com.westernasset.pss.msg.queue.MessageFetcher.run(MessageFetcher.java:48)

2014-09-25 14:48:51,002 ERROR [AtpToPssMapper] com.westernasset.framework.subsystem.common.SubsystemException: SubsystemExceptionNested:
java.lang.RuntimeException: Storage is not configuredNested:
java.lang.RuntimeException: Storage is not configured
	at com.tangosol.coherence.component.util.daemon.queueProcessor.service.DistributedCache$BinaryMap.onMissingStorage(DistributedCache.CDB:9)
	at com.tangosol.coherence.component.util.daemon.queueProcessor.service.DistributedCache$BinaryMap.get(DistributedCache.CDB:15)
	at com.tangosol.util.ConverterCollections$ConverterMap.get(ConverterCollections.java:1300)
	at com.tangosol.coherence.component.util.daemon.queueProcessor.service.DistributedCache$ViewMap.get(DistributedCache.CDB:1)
	at com.tangosol.coherence.component.util.SafeNamedCache.get(SafeNamedCache.CDB:1)
	at com.tangosol.net.cache.CachingMap.get(CachingMap.java:490)
	at com.westernasset.smss.server.SecurityMasterNearCacheSubsystem.getDigitRatingFromString(SecurityMasterNearCacheSubsystem.java:186)
	at com.westernasset.smss.server.SecurityMasterNearCacheSubsystem.handleFuncCall(SecurityMasterNearCacheSubsystem.java:85)
	at com.westernasset.smss.server.SecurityMasterManagementSubsystem.handleFuncCall(SecurityMasterManagementSubsystem.java:23)
	at com.westernasset.framework.subsystem.receiving.SubsystemImpl.innerHandleFuncCall(SubsystemImpl.java:154)
	at com.westernasset.framework.subsystem.receiving.internal.InProcessFunctionCallReceiver.handleFuncCall(InProcessFunctionCallReceiver.java:49)
	at com.westernasset.framework.subsystem.calling.internal.inprocess.InProcessFunctionCallCaller.doCall(InProcessFunctionCallCaller.java:19)
	at com.westernasset.framework.subsystem.calling.internal.inprocess.ForwardIfNotFoundFunctionCallCaller.doCall(ForwardIfNotFoundFunctionCallCaller.java:28)
	at com.westernasset.framework.subsystem.calling.internal.base.BaseFunctionCallCaller.callFunc(BaseFunctionCallCaller.java:33)
	at com.westernasset.framework.subsystem.calling.internal.base.BaseSubsystem.callFunc(BaseSubsystem.java:35)
	at com.westernasset.pss.msg.mapper.AtpToPssMapper.getRating(AtpToPssMapper.java:219)
	at com.westernasset.pss.msg.mapper.AtpToPssMapper.updateSecurityWithRatings(AtpToPssMapper.java:187)
	at com.westernasset.pss.msg.mapper.AtpToPssMapper.createSecurityVO(AtpToPssMapper.java:133)
	at com.westernasset.pss.msg.reciever.process.TradeProcessor.createSecurity(TradeProcessor.java:297)
	at com.westernasset.pss.msg.reciever.process.TradeProcessor.process(TradeProcessor.java:49)
	at com.westernasset.pss.msg.queue.MessageFetcher.processMessage(MessageFetcher.java:91)
	at com.westernasset.pss.msg.queue.MessageFetcher.pullMessageFromQueue(MessageFetcher.java:78)
	at com.westernasset.pss.msg.queue.MessageFetcher.run(MessageFetcher.java:48)

2014-09-25 14:48:51,003 ERROR [AtpToPssMapper] com.westernasset.framework.subsystem.common.SubsystemException: SubsystemExceptionNested:
java.lang.RuntimeException: Storage is not configuredNested:
java.lang.RuntimeException: Storage is not configured
	at com.tangosol.coherence.component.util.daemon.queueProcessor.service.DistributedCache$BinaryMap.onMissingStorage(DistributedCache.CDB:9)
	at com.tangosol.coherence.component.util.daemon.queueProcessor.service.DistributedCache$BinaryMap.get(DistributedCache.CDB:15)
	at com.tangosol.util.ConverterCollections$ConverterMap.get(ConverterCollections.java:1300)
	at com.tangosol.coherence.component.util.daemon.queueProcessor.service.DistributedCache$ViewMap.get(DistributedCache.CDB:1)
	at com.tangosol.coherence.component.util.SafeNamedCache.get(SafeNamedCache.CDB:1)
	at com.tangosol.net.cache.CachingMap.get(CachingMap.java:490)
	at com.westernasset.smss.server.SecurityMasterNearCacheSubsystem.getDigitRatingFromString(SecurityMasterNearCacheSubsystem.java:186)
	at com.westernasset.smss.server.SecurityMasterNearCacheSubsystem.handleFuncCall(SecurityMasterNearCacheSubsystem.java:85)
	at com.westernasset.smss.server.SecurityMasterManagementSubsystem.handleFuncCall(SecurityMasterManagementSubsystem.java:23)
	at com.westernasset.framework.subsystem.receiving.SubsystemImpl.innerHandleFuncCall(SubsystemImpl.java:154)
	at com.westernasset.framework.subsystem.receiving.internal.InProcessFunctionCallReceiver.handleFuncCall(InProcessFunctionCallReceiver.java:49)
	at com.westernasset.framework.subsystem.calling.internal.inprocess.InProcessFunctionCallCaller.doCall(InProcessFunctionCallCaller.java:19)
	at com.westernasset.framework.subsystem.calling.internal.inprocess.ForwardIfNotFoundFunctionCallCaller.doCall(ForwardIfNotFoundFunctionCallCaller.java:28)
	at com.westernasset.framework.subsystem.calling.internal.base.BaseFunctionCallCaller.callFunc(BaseFunctionCallCaller.java:33)
	at com.westernasset.framework.subsystem.calling.internal.base.BaseSubsystem.callFunc(BaseSubsystem.java:35)
	at com.westernasset.pss.msg.mapper.AtpToPssMapper.getRating(AtpToPssMapper.java:219)
	at com.westernasset.pss.msg.mapper.AtpToPssMapper.updateSecurityWithRatings(AtpToPssMapper.java:192)
	at com.westernasset.pss.msg.mapper.AtpToPssMapper.createSecurityVO(AtpToPssMapper.java:133)
	at com.westernasset.pss.msg.reciever.process.TradeProcessor.createSecurity(TradeProcessor.java:297)
	at com.westernasset.pss.msg.reciever.process.TradeProcessor.process(TradeProcessor.java:49)
	at com.westernasset.pss.msg.queue.MessageFetcher.processMessage(MessageFetcher.java:91)
	at com.westernasset.pss.msg.queue.MessageFetcher.pullMessageFromQueue(MessageFetcher.java:78)
	at com.westernasset.pss.msg.queue.MessageFetcher.run(MessageFetcher.java:48)

2014-09-25 14:48:51,003 ERROR [AtpToPssMapper] com.westernasset.framework.subsystem.common.SubsystemException: SubsystemExceptionNested:
java.lang.RuntimeException: Storage is not configuredNested:
java.lang.RuntimeException: Storage is not configured
	at com.tangosol.coherence.component.util.daemon.queueProcessor.service.DistributedCache$BinaryMap.onMissingStorage(DistributedCache.CDB:9)
	at com.tangosol.coherence.component.util.daemon.queueProcessor.service.DistributedCache$BinaryMap.get(DistributedCache.CDB:15)
	at com.tangosol.util.ConverterCollections$ConverterMap.get(ConverterCollections.java:1300)
	at com.tangosol.coherence.component.util.daemon.queueProcessor.service.DistributedCache$ViewMap.get(DistributedCache.CDB:1)
	at com.tangosol.coherence.component.util.SafeNamedCache.get(SafeNamedCache.CDB:1)
	at com.tangosol.net.cache.CachingMap.get(CachingMap.java:490)
	at com.westernasset.smss.server.SecurityMasterNearCacheSubsystem.getDigitRatingFromString(SecurityMasterNearCacheSubsystem.java:186)
	at com.westernasset.smss.server.SecurityMasterNearCacheSubsystem.handleFuncCall(SecurityMasterNearCacheSubsystem.java:85)
	at com.westernasset.smss.server.SecurityMasterManagementSubsystem.handleFuncCall(SecurityMasterManagementSubsystem.java:23)
	at com.westernasset.framework.subsystem.receiving.SubsystemImpl.innerHandleFuncCall(SubsystemImpl.java:154)
	at com.westernasset.framework.subsystem.receiving.internal.InProcessFunctionCallReceiver.handleFuncCall(InProcessFunctionCallReceiver.java:49)
	at com.westernasset.framework.subsystem.calling.internal.inprocess.InProcessFunctionCallCaller.doCall(InProcessFunctionCallCaller.java:19)
	at com.westernasset.framework.subsystem.calling.internal.inprocess.ForwardIfNotFoundFunctionCallCaller.doCall(ForwardIfNotFoundFunctionCallCaller.java:28)
	at com.westernasset.framework.subsystem.calling.internal.base.BaseFunctionCallCaller.callFunc(BaseFunctionCallCaller.java:33)
	at com.westernasset.framework.subsystem.calling.internal.base.BaseSubsystem.callFunc(BaseSubsystem.java:35)
	at com.westernasset.pss.msg.mapper.AtpToPssMapper.getRating(AtpToPssMapper.java:219)
	at com.westernasset.pss.msg.mapper.AtpToPssMapper.updateSecurityWithRatings(AtpToPssMapper.java:197)
	at com.westernasset.pss.msg.mapper.AtpToPssMapper.createSecurityVO(AtpToPssMapper.java:133)
	at com.westernasset.pss.msg.reciever.process.TradeProcessor.createSecurity(TradeProcessor.java:297)
	at com.westernasset.pss.msg.reciever.process.TradeProcessor.process(TradeProcessor.java:49)
	at com.westernasset.pss.msg.queue.MessageFetcher.processMessage(MessageFetcher.java:91)
	at com.westernasset.pss.msg.queue.MessageFetcher.pullMessageFromQueue(MessageFetcher.java:78)
	at com.westernasset.pss.msg.queue.MessageFetcher.run(MessageFetcher.java:48)

2014-09-25 14:48:51,004 ERROR [AtpToPssMapper] com.westernasset.framework.subsystem.common.SubsystemException: SubsystemExceptionNested:
java.lang.RuntimeException: Storage is not configuredNested:
java.lang.RuntimeException: Storage is not configured
	at com.tangosol.coherence.component.util.daemon.queueProcessor.service.DistributedCache$BinaryMap.onMissingStorage(DistributedCache.CDB:9)
	at com.tangosol.coherence.component.util.daemon.queueProcessor.service.DistributedCache$BinaryMap.get(DistributedCache.CDB:15)
	at com.tangosol.util.ConverterCollections$ConverterMap.get(ConverterCollections.java:1300)
	at com.tangosol.coherence.component.util.daemon.queueProcessor.service.DistributedCache$ViewMap.get(DistributedCache.CDB:1)
	at com.tangosol.coherence.component.util.SafeNamedCache.get(SafeNamedCache.CDB:1)
	at com.tangosol.net.cache.CachingMap.get(CachingMap.java:490)
	at com.westernasset.smss.server.SecurityMasterNearCacheSubsystem.getDigitRatingFromString(SecurityMasterNearCacheSubsystem.java:186)
	at com.westernasset.smss.server.SecurityMasterNearCacheSubsystem.handleFuncCall(SecurityMasterNearCacheSubsystem.java:85)
	at com.westernasset.smss.server.SecurityMasterManagementSubsystem.handleFuncCall(SecurityMasterManagementSubsystem.java:23)
	at com.westernasset.framework.subsystem.receiving.SubsystemImpl.innerHandleFuncCall(SubsystemImpl.java:154)
	at com.westernasset.framework.subsystem.receiving.internal.InProcessFunctionCallReceiver.handleFuncCall(InProcessFunctionCallReceiver.java:49)
	at com.westernasset.framework.subsystem.calling.internal.inprocess.InProcessFunctionCallCaller.doCall(InProcessFunctionCallCaller.java:19)
	at com.westernasset.framework.subsystem.calling.internal.inprocess.ForwardIfNotFoundFunctionCallCaller.doCall(ForwardIfNotFoundFunctionCallCaller.java:28)
	at com.westernasset.framework.subsystem.calling.internal.base.BaseFunctionCallCaller.callFunc(BaseFunctionCallCaller.java:33)
	at com.westernasset.framework.subsystem.calling.internal.base.BaseSubsystem.callFunc(BaseSubsystem.java:35)
	at com.westernasset.pss.msg.mapper.AtpToPssMapper.getRating(AtpToPssMapper.java:219)
	at com.westernasset.pss.msg.mapper.AtpToPssMapper.updateSecurityWithRatings(AtpToPssMapper.java:202)
	at com.westernasset.pss.msg.mapper.AtpToPssMapper.createSecurityVO(AtpToPssMapper.java:133)
	at com.westernasset.pss.msg.reciever.process.TradeProcessor.createSecurity(TradeProcessor.java:297)
	at com.westernasset.pss.msg.reciever.process.TradeProcessor.process(TradeProcessor.java:49)
	at com.westernasset.pss.msg.queue.MessageFetcher.processMessage(MessageFetcher.java:91)
	at com.westernasset.pss.msg.queue.MessageFetcher.pullMessageFromQueue(MessageFetcher.java:78)
	at com.westernasset.pss.msg.queue.MessageFetcher.run(MessageFetcher.java:48)

2014-09-25 14:48:51,005 ERROR [SecurityCacheManager] Failed to add security to cache: Storage is not configured : {SecurityId=1111063, AMTValue=1.0, MoodyRating=0, MoodyShortRating=0, FitchRating=0, FitchShortRating=0, SecurityTypeId=22, AssetTypeId=8, ProductId=20, SpRating=0, SpShortRating=0, WaRating=0, WaShortRating=0, IssueDate=2011-08-01T00:00:00.000-0700, MaturityDate=2018-08-15T00:00:00.000-0700, AssetId=097014AM6, CurrencyCode=USD, SecurityType=CORPORATE, Description=BOEING CAPITAL CORP, NextCallDate=07/15/2018, NextCallPrice=100.000000, NextParCallDate=07/15/2018, Product=Bonds/Notes (Par), SubSubSector=AEROSPACE/DEFENSE, TickerSymbol=BA, BBName=BOEING CAPITAL CORP, IntType=FIXED, MinPiece=2000.0000, MinIncrement=2000.0000, AverageLife=3.862, Coupon=2.9, Dtm=1420.0, DtmLegalFinal=1420.0, Factor=1.0, DurationFactor=1.0, EffectiveConvexity=0.139, EffectiveDuration=3.688, YieldToWorst=1.849, MarketCFYield=1.87, OptionASpread=37.0, SpreadDuration=3.63, Country=US, AMT=N, NyIssuer=BA&8, LnIssuer=BA&8}
java.lang.RuntimeException: Storage is not configured
	at com.tangosol.coherence.component.util.daemon.queueProcessor.service.DistributedCache$BinaryMap.onMissingStorage(DistributedCache.CDB:9)
	at com.tangosol.coherence.component.util.daemon.queueProcessor.service.DistributedCache$BinaryMap.get(DistributedCache.CDB:15)
	at com.tangosol.util.ConverterCollections$ConverterMap.get(ConverterCollections.java:1300)
	at com.tangosol.coherence.component.util.daemon.queueProcessor.service.DistributedCache$ViewMap.get(DistributedCache.CDB:1)
	at com.tangosol.coherence.component.util.SafeNamedCache.get(SafeNamedCache.CDB:1)
	at com.tangosol.net.cache.CachingMap.get(CachingMap.java:490)
	at com.westernasset.smss.common.util.BusinessUtils.getIssuerDesciption(BusinessUtils.java:146)
	at com.westernasset.smss.common.util.BusinessUtils.fillNUIssuerId(BusinessUtils.java:513)
	at com.westernasset.smss.common.util.BusinessUtils.fillDerivedValues(BusinessUtils.java:421)
	at com.westernasset.smss.server.SecurityCacheManager.addSecurity(SecurityCacheManager.java:137)
	at com.westernasset.smss.server.SecurityMasterNearCacheSubsystem.addSecurity(SecurityMasterNearCacheSubsystem.java:202)
	at com.westernasset.smss.server.SecurityMasterNearCacheSubsystem.handleFuncCall(SecurityMasterNearCacheSubsystem.java:92)
	at com.westernasset.smss.server.SecurityMasterManagementSubsystem.handleFuncCall(SecurityMasterManagementSubsystem.java:23)
	at com.westernasset.framework.subsystem.receiving.SubsystemImpl.innerHandleFuncCall(SubsystemImpl.java:154)
	at com.westernasset.framework.subsystem.receiving.internal.InProcessFunctionCallReceiver.handleFuncCall(InProcessFunctionCallReceiver.java:49)
	at com.westernasset.framework.subsystem.calling.internal.inprocess.InProcessFunctionCallCaller.doCall(InProcessFunctionCallCaller.java:19)
	at com.westernasset.framework.subsystem.calling.internal.inprocess.ForwardIfNotFoundFunctionCallCaller.doCall(ForwardIfNotFoundFunctionCallCaller.java:28)
	at com.westernasset.framework.subsystem.calling.internal.base.BaseFunctionCallCaller.callFunc(BaseFunctionCallCaller.java:33)
	at com.westernasset.framework.subsystem.calling.internal.base.BaseSubsystem.callFunc(BaseSubsystem.java:35)
	at com.westernasset.pss.msg.reciever.process.TradeProcessor.createSecurity(TradeProcessor.java:302)
	at com.westernasset.pss.msg.reciever.process.TradeProcessor.process(TradeProcessor.java:49)
	at com.westernasset.pss.msg.queue.MessageFetcher.processMessage(MessageFetcher.java:91)
	at com.westernasset.pss.msg.queue.MessageFetcher.pullMessageFromQueue(MessageFetcher.java:78)
	at com.westernasset.pss.msg.queue.MessageFetcher.run(MessageFetcher.java:48)
2014-09-25 14:48:51,006 INFO  [TradeProcessor] Created Security :{SecurityId=1111063, AMTValue=1.0, MoodyRating=0, MoodyShortRating=0, FitchRating=0, FitchShortRating=0, SecurityTypeId=22, AssetTypeId=8, ProductId=20, SpRating=0, SpShortRating=0, WaRating=0, WaShortRating=0, IssueDate=2011-08-01T00:00:00.000-0700, MaturityDate=2018-08-15T00:00:00.000-0700, AssetId=097014AM6, CurrencyCode=USD, SecurityType=CORPORATE, Description=BOEING CAPITAL CORP, NextCallDate=07/15/2018, NextCallPrice=100.000000, NextParCallDate=07/15/2018, Product=Bonds/Notes (Par), SubSubSector=AEROSPACE/DEFENSE, TickerSymbol=BA, BBName=BOEING CAPITAL CORP, IntType=FIXED, MinPiece=2000.0000, MinIncrement=2000.0000, AverageLife=3.862, Coupon=2.9, Dtm=1420.0, DtmLegalFinal=1420.0, Factor=1.0, DurationFactor=1.0, EffectiveConvexity=0.139, EffectiveDuration=3.688, YieldToWorst=1.849, MarketCFYield=1.87, OptionASpread=37.0, SpreadDuration=3.63, Country=US, AMT=N, NyIssuer=BA&8, LnIssuer=BA&8}
2014-09-25 14:48:51,006 ERROR [TradeProcessor] Error in getPrioTradeStatusByMessage
com.westernasset.framework.subsystem.common.SubsystemException: SubsystemExceptionNested:
java.lang.RuntimeException: Storage is not configuredNested:
java.lang.RuntimeException: Storage is not configured
	at com.tangosol.coherence.component.util.daemon.queueProcessor.service.DistributedCache$BinaryMap.onMissingStorage(DistributedCache.CDB:9)
	at com.tangosol.coherence.component.util.daemon.queueProcessor.service.DistributedCache$BinaryMap.get(DistributedCache.CDB:15)
	at com.tangosol.util.ConverterCollections$ConverterMap.get(ConverterCollections.java:1300)
	at com.tangosol.coherence.component.util.daemon.queueProcessor.service.DistributedCache$ViewMap.get(DistributedCache.CDB:1)
	at com.tangosol.coherence.component.util.SafeNamedCache.get(SafeNamedCache.CDB:1)
	at com.tangosol.net.cache.CachingMap.get(CachingMap.java:490)
	at com.westernasset.tss.cache.TradeCacheManager.getTradeById(TradeCacheManager.java:202)
	at com.westernasset.tss.services.TradeNearCacheSubsystem.getTradeById(TradeNearCacheSubsystem.java:104)
	at com.westernasset.tss.services.TradeNearCacheSubsystem.handleFuncCall(TradeNearCacheSubsystem.java:50)
	at com.westernasset.tss.services.TradeSubsystem.handleFuncCall(TradeSubsystem.java:29)
	at com.westernasset.framework.subsystem.receiving.SubsystemImpl.innerHandleFuncCall(SubsystemImpl.java:154)
	at com.westernasset.framework.subsystem.receiving.internal.InProcessFunctionCallReceiver.handleFuncCall(InProcessFunctionCallReceiver.java:49)
	at com.westernasset.framework.subsystem.calling.internal.inprocess.InProcessFunctionCallCaller.doCall(InProcessFunctionCallCaller.java:19)
	at com.westernasset.framework.subsystem.calling.internal.inprocess.ForwardIfNotFoundFunctionCallCaller.doCall(ForwardIfNotFoundFunctionCallCaller.java:28)
	at com.westernasset.framework.subsystem.calling.internal.base.BaseFunctionCallCaller.callFunc(BaseFunctionCallCaller.java:33)
	at com.westernasset.framework.subsystem.calling.internal.base.BaseSubsystem.callFunc(BaseSubsystem.java:35)
	at com.westernasset.pss.msg.reciever.process.TradeProcessor.getTradeByTradeId(TradeProcessor.java:250)
	at com.westernasset.pss.msg.reciever.process.TradeProcessor.getPrioTradeStatusByMessage(TradeProcessor.java:268)
	at com.westernasset.pss.msg.reciever.process.TradeProcessor.process(TradeProcessor.java:50)
	at com.westernasset.pss.msg.queue.MessageFetcher.processMessage(MessageFetcher.java:91)
	at com.westernasset.pss.msg.queue.MessageFetcher.pullMessageFromQueue(MessageFetcher.java:78)
	at com.westernasset.pss.msg.queue.MessageFetcher.run(MessageFetcher.java:48)

	at com.westernasset.framework.subsystem.common.internal.SubsystemExceptionUtils.dataObjectToException(SubsystemExceptionUtils.java:38)
	at com.westernasset.framework.subsystem.common.internal.SubsystemExceptionUtils.throwExceptionIfNeeded(SubsystemExceptionUtils.java:15)
	at com.westernasset.framework.subsystem.calling.internal.base.BaseSubsystem.callFunc(BaseSubsystem.java:37)
	at com.westernasset.pss.msg.reciever.process.TradeProcessor.getTradeByTradeId(TradeProcessor.java:250)
	at com.westernasset.pss.msg.reciever.process.TradeProcessor.getPrioTradeStatusByMessage(TradeProcessor.java:268)
	at com.westernasset.pss.msg.reciever.process.TradeProcessor.process(TradeProcessor.java:50)
	at com.westernasset.pss.msg.queue.MessageFetcher.processMessage(MessageFetcher.java:91)
	at com.westernasset.pss.msg.queue.MessageFetcher.pullMessageFromQueue(MessageFetcher.java:78)
	at com.westernasset.pss.msg.queue.MessageFetcher.run(MessageFetcher.java:48)
2014-09-25 14:48:51,007 ERROR [TradeProcessor] Exception occured while processing message
java.lang.RuntimeException: Storage is not configured
	at com.tangosol.coherence.component.util.daemon.queueProcessor.service.DistributedCache$BinaryMap.onMissingStorage(DistributedCache.CDB:9)
	at com.tangosol.coherence.component.util.daemon.queueProcessor.service.DistributedCache$BinaryMap.get(DistributedCache.CDB:15)
	at com.tangosol.util.ConverterCollections$ConverterMap.get(ConverterCollections.java:1300)
	at com.tangosol.coherence.component.util.daemon.queueProcessor.service.DistributedCache$ViewMap.get(DistributedCache.CDB:1)
	at com.tangosol.coherence.component.util.SafeNamedCache.get(SafeNamedCache.CDB:1)
	at com.tangosol.net.cache.CachingMap.get(CachingMap.java:490)
	at com.westernasset.tss.cache.TradeCacheManager.isDuplicateTrade(TradeCacheManager.java:356)
	at com.westernasset.pss.common.util.PojoHelper.createObjects(PojoHelper.java:132)
	at com.westernasset.pss.msg.reciever.process.TradeProcessor.process(TradeProcessor.java:55)
	at com.westernasset.pss.msg.queue.MessageFetcher.processMessage(MessageFetcher.java:91)
	at com.westernasset.pss.msg.queue.MessageFetcher.pullMessageFromQueue(MessageFetcher.java:78)
	at com.westernasset.pss.msg.queue.MessageFetcher.run(MessageFetcher.java:48)
2014-09-25 14:48:51,007 INFO  [TradeProcessor] End process method 743 MB
2014-09-25 14:48:51,007 INFO  [TradeProcessor] Time taken by TradeProcessor.process method 8
2014-09-25 14:48:51,007 INFO  [MessageFetcher] Processing message completed...[7461677]
2014-09-25 14:48:51,007 INFO  [MessageQueue] Removing the first item of 19 from the queue
2014-09-25 14:48:51,007 INFO  [MessageFetcher] Processing message started...[7461829]
2014-09-25 14:48:51,007 INFO  [TradeProcessor] Begin process method 743 MB
2014-09-25 14:48:51,007 ERROR [TradeProcessor] Error in doSecurityExist
java.lang.RuntimeException: Storage is not configured
	at com.tangosol.coherence.component.util.daemon.queueProcessor.service.DistributedCache$BinaryMap.onMissingStorage(DistributedCache.CDB:9)
	at com.tangosol.coherence.component.util.daemon.queueProcessor.service.DistributedCache$BinaryMap.get(DistributedCache.CDB:15)
	at com.tangosol.util.ConverterCollections$ConverterMap.get(ConverterCollections.java:1300)
	at com.tangosol.coherence.component.util.daemon.queueProcessor.service.DistributedCache$ViewMap.get(DistributedCache.CDB:1)
	at com.tangosol.coherence.component.util.SafeNamedCache.get(SafeNamedCache.CDB:1)
	at com.tangosol.net.cache.CachingMap.get(CachingMap.java:490)
	at com.westernasset.smss.common.util.BusinessDateHelper.get(BusinessDateHelper.java:55)
	at com.westernasset.smss.common.util.BusinessDateHelper.getBusinessDateFromCacheWithOffset(BusinessDateHelper.java:130)
	at com.westernasset.smss.common.util.BusinessDateHelper.getCurrentBusinessDateAny(BusinessDateHelper.java:125)
	at com.westernasset.pss.msg.reciever.process.TradeProcessor.doSecurityExist(TradeProcessor.java:328)
	at com.westernasset.pss.msg.reciever.process.TradeProcessor.createSecurity(TradeProcessor.java:296)
	at com.westernasset.pss.msg.reciever.process.TradeProcessor.process(TradeProcessor.java:49)
	at com.westernasset.pss.msg.queue.MessageFetcher.processMessage(MessageFetcher.java:91)
	at com.westernasset.pss.msg.queue.MessageFetcher.pullMessageFromQueue(MessageFetcher.java:78)
	at com.westernasset.pss.msg.queue.MessageFetcher.run(MessageFetcher.java:48)
2014-09-25 14:48:51,008 ERROR [AtpToPssMapper] com.westernasset.framework.subsystem.common.SubsystemException: SubsystemExceptionNested:
java.lang.RuntimeException: Storage is not configuredNested:
java.lang.RuntimeException: Storage is not configured
	at com.tangosol.coherence.component.util.daemon.queueProcessor.service.DistributedCache$BinaryMap.onMissingStorage(DistributedCache.CDB:9)
	at com.tangosol.coherence.component.util.daemon.queueProcessor.service.DistributedCache$BinaryMap.get(DistributedCache.CDB:15)
	at com.tangosol.util.ConverterCollections$ConverterMap.get(ConverterCollections.java:1300)
	at com.tangosol.coherence.component.util.daemon.queueProcessor.service.DistributedCache$ViewMap.get(DistributedCache.CDB:1)
	at com.tangosol.coherence.component.util.SafeNamedCache.get(SafeNamedCache.CDB:1)
	at com.tangosol.net.cache.CachingMap.get(CachingMap.java:490)
	at com.westernasset.smss.server.SecurityMasterNearCacheSubsystem.getDigitRatingFromString(SecurityMasterNearCacheSubsystem.java:186)
	at com.westernasset.smss.server.SecurityMasterNearCacheSubsystem.handleFuncCall(SecurityMasterNearCacheSubsystem.java:85)
	at com.westernasset.smss.server.SecurityMasterManagementSubsystem.handleFuncCall(SecurityMasterManagementSubsystem.java:23)
	at com.westernasset.framework.subsystem.receiving.SubsystemImpl.innerHandleFuncCall(SubsystemImpl.java:154)
	at com.westernasset.framework.subsystem.receiving.internal.InProcessFunctionCallReceiver.handleFuncCall(InProcessFunctionCallReceiver.java:49)
	at com.westernasset.framework.subsystem.calling.internal.inprocess.InProcessFunctionCallCaller.doCall(InProcessFunctionCallCaller.java:19)
	at com.westernasset.framework.subsystem.calling.internal.inprocess.ForwardIfNotFoundFunctionCallCaller.doCall(ForwardIfNotFoundFunctionCallCaller.java:28)
	at com.westernasset.framework.subsystem.calling.internal.base.BaseFunctionCallCaller.callFunc(BaseFunctionCallCaller.java:33)
	at com.westernasset.framework.subsystem.calling.internal.base.BaseSubsystem.callFunc(BaseSubsystem.java:35)
	at com.westernasset.pss.msg.mapper.AtpToPssMapper.getRating(AtpToPssMapper.java:219)
	at com.westernasset.pss.msg.mapper.AtpToPssMapper.updateSecurityWithRatings(AtpToPssMapper.java:167)
	at com.westernasset.pss.msg.mapper.AtpToPssMapper.createSecurityVO(AtpToPssMapper.java:133)
	at com.westernasset.pss.msg.reciever.process.TradeProcessor.createSecurity(TradeProcessor.java:297)
	at com.westernasset.pss.msg.reciever.process.TradeProcessor.process(TradeProcessor.java:49)
	at com.westernasset.pss.msg.queue.MessageFetcher.processMessage(MessageFetcher.java:91)
	at com.westernasset.pss.msg.queue.MessageFetcher.pullMessageFromQueue(MessageFetcher.java:78)
	at com.westernasset.pss.msg.queue.MessageFetcher.run(MessageFetcher.java:48)

2014-09-25 14:48:51,017 ERROR [AtpToPssMapper] com.westernasset.framework.subsystem.common.SubsystemException: SubsystemExceptionNested:
java.lang.RuntimeException: Storage is not configuredNested:
java.lang.RuntimeException: Storage is not configured
	at com.tangosol.coherence.component.util.daemon.queueProcessor.service.DistributedCache$BinaryMap.onMissingStorage(DistributedCache.CDB:9)
	at com.tangosol.coherence.component.util.daemon.queueProcessor.service.DistributedCache$BinaryMap.get(DistributedCache.CDB:15)
	at com.tangosol.util.ConverterCollections$ConverterMap.get(ConverterCollections.java:1300)
	at com.tangosol.coherence.component.util.daemon.queueProcessor.service.DistributedCache$ViewMap.get(DistributedCache.CDB:1)
	at com.tangosol.coherence.component.util.SafeNamedCache.get(SafeNamedCache.CDB:1)
	at com.tangosol.net.cache.CachingMap.get(CachingMap.java:490)
	at com.westernasset.smss.server.SecurityMasterNearCacheSubsystem.getDigitRatingFromString(SecurityMasterNearCacheSubsystem.java:186)
	at com.westernasset.smss.server.SecurityMasterNearCacheSubsystem.handleFuncCall(SecurityMasterNearCacheSubsystem.java:85)
	at com.westernasset.smss.server.SecurityMasterManagementSubsystem.handleFuncCall(SecurityMasterManagementSubsystem.java:23)
	at com.westernasset.framework.subsystem.receiving.SubsystemImpl.innerHandleFuncCall(SubsystemImpl.java:154)
	at com.westernasset.framework.subsystem.receiving.internal.InProcessFunctionCallReceiver.handleFuncCall(InProcessFunctionCallReceiver.java:49)
	at com.westernasset.framework.subsystem.calling.internal.inprocess.InProcessFunctionCallCaller.doCall(InProcessFunctionCallCaller.java:19)
	at com.westernasset.framework.subsystem.calling.internal.inprocess.ForwardIfNotFoundFunctionCallCaller.doCall(ForwardIfNotFoundFunctionCallCaller.java:28)
	at com.westernasset.framework.subsystem.calling.internal.base.BaseFunctionCallCaller.callFunc(BaseFunctionCallCaller.java:33)
	at com.westernasset.framework.subsystem.calling.internal.base.BaseSubsystem.callFunc(BaseSubsystem.java:35)
	at com.westernasset.pss.msg.mapper.AtpToPssMapper.getRating(AtpToPssMapper.java:219)
	at com.westernasset.pss.msg.mapper.AtpToPssMapper.updateSecurityWithRatings(AtpToPssMapper.java:172)
	at com.westernasset.pss.msg.mapper.AtpToPssMapper.createSecurityVO(AtpToPssMapper.java:133)
	at com.westernasset.pss.msg.reciever.process.TradeProcessor.createSecurity(TradeProcessor.java:297)
	at com.westernasset.pss.msg.reciever.process.TradeProcessor.process(TradeProcessor.java:49)
	at com.westernasset.pss.msg.queue.MessageFetcher.processMessage(MessageFetcher.java:91)
	at com.westernasset.pss.msg.queue.MessageFetcher.pullMessageFromQueue(MessageFetcher.java:78)
	at com.westernasset.pss.msg.queue.MessageFetcher.run(MessageFetcher.java:48)

2014-09-25 14:48:51,018 ERROR [AtpToPssMapper] com.westernasset.framework.subsystem.common.SubsystemException: SubsystemExceptionNested:
java.lang.RuntimeException: Storage is not configuredNested:
java.lang.RuntimeException: Storage is not configured
	at com.tangosol.coherence.component.util.daemon.queueProcessor.service.DistributedCache$BinaryMap.onMissingStorage(DistributedCache.CDB:9)
	at com.tangosol.coherence.component.util.daemon.queueProcessor.service.DistributedCache$BinaryMap.get(DistributedCache.CDB:15)
	at com.tangosol.util.ConverterCollections$ConverterMap.get(ConverterCollections.java:1300)
	at com.tangosol.coherence.component.util.daemon.queueProcessor.service.DistributedCache$ViewMap.get(DistributedCache.CDB:1)
	at com.tangosol.coherence.component.util.SafeNamedCache.get(SafeNamedCache.CDB:1)
	at com.tangosol.net.cache.CachingMap.get(CachingMap.java:490)
	at com.westernasset.smss.server.SecurityMasterNearCacheSubsystem.getDigitRatingFromString(SecurityMasterNearCacheSubsystem.java:186)
	at com.westernasset.smss.server.SecurityMasterNearCacheSubsystem.handleFuncCall(SecurityMasterNearCacheSubsystem.java:85)
	at com.westernasset.smss.server.SecurityMasterManagementSubsystem.handleFuncCall(SecurityMasterManagementSubsystem.java:23)
	at com.westernasset.framework.subsystem.receiving.SubsystemImpl.innerHandleFuncCall(SubsystemImpl.java:154)
	at com.westernasset.framework.subsystem.receiving.internal.InProcessFunctionCallReceiver.handleFuncCall(InProcessFunctionCallReceiver.java:49)
	at com.westernasset.framework.subsystem.calling.internal.inprocess.InProcessFunctionCallCaller.doCall(InProcessFunctionCallCaller.java:19)
	at com.westernasset.framework.subsystem.calling.internal.inprocess.ForwardIfNotFoundFunctionCallCaller.doCall(ForwardIfNotFoundFunctionCallCaller.java:28)
	at com.westernasset.framework.subsystem.calling.internal.base.BaseFunctionCallCaller.callFunc(BaseFunctionCallCaller.java:33)
	at com.westernasset.framework.subsystem.calling.internal.base.BaseSubsystem.callFunc(BaseSubsystem.java:35)
	at com.westernasset.pss.msg.mapper.AtpToPssMapper.getRating(AtpToPssMapper.java:219)
	at com.westernasset.pss.msg.mapper.AtpToPssMapper.updateSecurityWithRatings(AtpToPssMapper.java:177)
	at com.westernasset.pss.msg.mapper.AtpToPssMapper.createSecurityVO(AtpToPssMapper.java:133)
	at com.westernasset.pss.msg.reciever.process.TradeProcessor.createSecurity(TradeProcessor.java:297)
	at com.westernasset.pss.msg.reciever.process.TradeProcessor.process(TradeProcessor.java:49)
	at com.westernasset.pss.msg.queue.MessageFetcher.processMessage(MessageFetcher.java:91)
	at com.westernasset.pss.msg.queue.MessageFetcher.pullMessageFromQueue(MessageFetcher.java:78)
	at com.westernasset.pss.msg.queue.MessageFetcher.run(MessageFetcher.java:48)

2014-09-25 14:48:51,018 ERROR [AtpToPssMapper] com.westernasset.framework.subsystem.common.SubsystemException: SubsystemExceptionNested:
java.lang.RuntimeException: Storage is not configuredNested:
java.lang.RuntimeException: Storage is not configured
	at com.tangosol.coherence.component.util.daemon.queueProcessor.service.DistributedCache$BinaryMap.onMissingStorage(DistributedCache.CDB:9)
	at com.tangosol.coherence.component.util.daemon.queueProcessor.service.DistributedCache$BinaryMap.get(DistributedCache.CDB:15)
	at com.tangosol.util.ConverterCollections$ConverterMap.get(ConverterCollections.java:1300)
	at com.tangosol.coherence.component.util.daemon.queueProcessor.service.DistributedCache$ViewMap.get(DistributedCache.CDB:1)
	at com.tangosol.coherence.component.util.SafeNamedCache.get(SafeNamedCache.CDB:1)
	at com.tangosol.net.cache.CachingMap.get(CachingMap.java:490)
	at com.westernasset.smss.server.SecurityMasterNearCacheSubsystem.getDigitRatingFromString(SecurityMasterNearCacheSubsystem.java:186)
	at com.westernasset.smss.server.SecurityMasterNearCacheSubsystem.handleFuncCall(SecurityMasterNearCacheSubsystem.java:85)
	at com.westernasset.smss.server.SecurityMasterManagementSubsystem.handleFuncCall(SecurityMasterManagementSubsystem.java:23)
	at com.westernasset.framework.subsystem.receiving.SubsystemImpl.innerHandleFuncCall(SubsystemImpl.java:154)
	at com.westernasset.framework.subsystem.receiving.internal.InProcessFunctionCallReceiver.handleFuncCall(InProcessFunctionCallReceiver.java:49)
	at com.westernasset.framework.subsystem.calling.internal.inprocess.InProcessFunctionCallCaller.doCall(InProcessFunctionCallCaller.java:19)
	at com.westernasset.framework.subsystem.calling.internal.inprocess.ForwardIfNotFoundFunctionCallCaller.doCall(ForwardIfNotFoundFunctionCallCaller.java:28)
	at com.westernasset.framework.subsystem.calling.internal.base.BaseFunctionCallCaller.callFunc(BaseFunctionCallCaller.java:33)
	at com.westernasset.framework.subsystem.calling.internal.base.BaseSubsystem.callFunc(BaseSubsystem.java:35)
	at com.westernasset.pss.msg.mapper.AtpToPssMapper.getRating(AtpToPssMapper.java:219)
	at com.westernasset.pss.msg.mapper.AtpToPssMapper.updateSecurityWithRatings(AtpToPssMapper.java:182)
	at com.westernasset.pss.msg.mapper.AtpToPssMapper.createSecurityVO(AtpToPssMapper.java:133)
	at com.westernasset.pss.msg.reciever.process.TradeProcessor.createSecurity(TradeProcessor.java:297)
	at com.westernasset.pss.msg.reciever.process.TradeProcessor.process(TradeProcessor.java:49)
	at com.westernasset.pss.msg.queue.MessageFetcher.processMessage(MessageFetcher.java:91)
	at com.westernasset.pss.msg.queue.MessageFetcher.pullMessageFromQueue(MessageFetcher.java:78)
	at com.westernasset.pss.msg.queue.MessageFetcher.run(MessageFetcher.java:48)

2014-09-25 14:48:51,019 ERROR [AtpToPssMapper] com.westernasset.framework.subsystem.common.SubsystemException: SubsystemExceptionNested:
java.lang.RuntimeException: Storage is not configuredNested:
java.lang.RuntimeException: Storage is not configured
	at com.tangosol.coherence.component.util.daemon.queueProcessor.service.DistributedCache$BinaryMap.onMissingStorage(DistributedCache.CDB:9)
	at com.tangosol.coherence.component.util.daemon.queueProcessor.service.DistributedCache$BinaryMap.get(DistributedCache.CDB:15)
	at com.tangosol.util.ConverterCollections$ConverterMap.get(ConverterCollections.java:1300)
	at com.tangosol.coherence.component.util.daemon.queueProcessor.service.DistributedCache$ViewMap.get(DistributedCache.CDB:1)
	at com.tangosol.coherence.component.util.SafeNamedCache.get(SafeNamedCache.CDB:1)
	at com.tangosol.net.cache.CachingMap.get(CachingMap.java:490)
	at com.westernasset.smss.server.SecurityMasterNearCacheSubsystem.getDigitRatingFromString(SecurityMasterNearCacheSubsystem.java:186)
	at com.westernasset.smss.server.SecurityMasterNearCacheSubsystem.handleFuncCall(SecurityMasterNearCacheSubsystem.java:85)
	at com.westernasset.smss.server.SecurityMasterManagementSubsystem.handleFuncCall(SecurityMasterManagementSubsystem.java:23)
	at com.westernasset.framework.subsystem.receiving.SubsystemImpl.innerHandleFuncCall(SubsystemImpl.java:154)
	at com.westernasset.framework.subsystem.receiving.internal.InProcessFunctionCallReceiver.handleFuncCall(InProcessFunctionCallReceiver.java:49)
	at com.westernasset.framework.subsystem.calling.internal.inprocess.InProcessFunctionCallCaller.doCall(InProcessFunctionCallCaller.java:19)
	at com.westernasset.framework.subsystem.calling.internal.inprocess.ForwardIfNotFoundFunctionCallCaller.doCall(ForwardIfNotFoundFunctionCallCaller.java:28)
	at com.westernasset.framework.subsystem.calling.internal.base.BaseFunctionCallCaller.callFunc(BaseFunctionCallCaller.java:33)
	at com.westernasset.framework.subsystem.calling.internal.base.BaseSubsystem.callFunc(BaseSubsystem.java:35)
	at com.westernasset.pss.msg.mapper.AtpToPssMapper.getRating(AtpToPssMapper.java:219)
	at com.westernasset.pss.msg.mapper.AtpToPssMapper.updateSecurityWithRatings(AtpToPssMapper.java:187)
	at com.westernasset.pss.msg.mapper.AtpToPssMapper.createSecurityVO(AtpToPssMapper.java:133)
	at com.westernasset.pss.msg.reciever.process.TradeProcessor.createSecurity(TradeProcessor.java:297)
	at com.westernasset.pss.msg.reciever.process.TradeProcessor.process(TradeProcessor.java:49)
	at com.westernasset.pss.msg.queue.MessageFetcher.processMessage(MessageFetcher.java:91)
	at com.westernasset.pss.msg.queue.MessageFetcher.pullMessageFromQueue(MessageFetcher.java:78)
	at com.westernasset.pss.msg.queue.MessageFetcher.run(MessageFetcher.java:48)

2014-09-25 14:48:51,019 ERROR [AtpToPssMapper] com.westernasset.framework.subsystem.common.SubsystemException: SubsystemExceptionNested:
java.lang.RuntimeException: Storage is not configuredNested:
java.lang.RuntimeException: Storage is not configured
	at com.tangosol.coherence.component.util.daemon.queueProcessor.service.DistributedCache$BinaryMap.onMissingStorage(DistributedCache.CDB:9)
	at com.tangosol.coherence.component.util.daemon.queueProcessor.service.DistributedCache$BinaryMap.get(DistributedCache.CDB:15)
	at com.tangosol.util.ConverterCollections$ConverterMap.get(ConverterCollections.java:1300)
	at com.tangosol.coherence.component.util.daemon.queueProcessor.service.DistributedCache$ViewMap.get(DistributedCache.CDB:1)
	at com.tangosol.coherence.component.util.SafeNamedCache.get(SafeNamedCache.CDB:1)
	at com.tangosol.net.cache.CachingMap.get(CachingMap.java:490)
	at com.westernasset.smss.server.SecurityMasterNearCacheSubsystem.getDigitRatingFromString(SecurityMasterNearCacheSubsystem.java:186)
	at com.westernasset.smss.server.SecurityMasterNearCacheSubsystem.handleFuncCall(SecurityMasterNearCacheSubsystem.java:85)
	at com.westernasset.smss.server.SecurityMasterManagementSubsystem.handleFuncCall(SecurityMasterManagementSubsystem.java:23)
	at com.westernasset.framework.subsystem.receiving.SubsystemImpl.innerHandleFuncCall(SubsystemImpl.java:154)
	at com.westernasset.framework.subsystem.receiving.internal.InProcessFunctionCallReceiver.handleFuncCall(InProcessFunctionCallReceiver.java:49)
	at com.westernasset.framework.subsystem.calling.internal.inprocess.InProcessFunctionCallCaller.doCall(InProcessFunctionCallCaller.java:19)
	at com.westernasset.framework.subsystem.calling.internal.inprocess.ForwardIfNotFoundFunctionCallCaller.doCall(ForwardIfNotFoundFunctionCallCaller.java:28)
	at com.westernasset.framework.subsystem.calling.internal.base.BaseFunctionCallCaller.callFunc(BaseFunctionCallCaller.java:33)
	at com.westernasset.framework.subsystem.calling.internal.base.BaseSubsystem.callFunc(BaseSubsystem.java:35)
	at com.westernasset.pss.msg.mapper.AtpToPssMapper.getRating(AtpToPssMapper.java:219)
	at com.westernasset.pss.msg.mapper.AtpToPssMapper.updateSecurityWithRatings(AtpToPssMapper.java:192)
	at com.westernasset.pss.msg.mapper.AtpToPssMapper.createSecurityVO(AtpToPssMapper.java:133)
	at com.westernasset.pss.msg.reciever.process.TradeProcessor.createSecurity(TradeProcessor.java:297)
	at com.westernasset.pss.msg.reciever.process.TradeProcessor.process(TradeProcessor.java:49)
	at com.westernasset.pss.msg.queue.MessageFetcher.processMessage(MessageFetcher.java:91)
	at com.westernasset.pss.msg.queue.MessageFetcher.pullMessageFromQueue(MessageFetcher.java:78)
	at com.westernasset.pss.msg.queue.MessageFetcher.run(MessageFetcher.java:48)

2014-09-25 14:48:51,020 ERROR [AtpToPssMapper] com.westernasset.framework.subsystem.common.SubsystemException: SubsystemExceptionNested:
java.lang.RuntimeException: Storage is not configuredNested:
java.lang.RuntimeException: Storage is not configured
	at com.tangosol.coherence.component.util.daemon.queueProcessor.service.DistributedCache$BinaryMap.onMissingStorage(DistributedCache.CDB:9)
	at com.tangosol.coherence.component.util.daemon.queueProcessor.service.DistributedCache$BinaryMap.get(DistributedCache.CDB:15)
	at com.tangosol.util.ConverterCollections$ConverterMap.get(ConverterCollections.java:1300)
	at com.tangosol.coherence.component.util.daemon.queueProcessor.service.DistributedCache$ViewMap.get(DistributedCache.CDB:1)
	at com.tangosol.coherence.component.util.SafeNamedCache.get(SafeNamedCache.CDB:1)
	at com.tangosol.net.cache.CachingMap.get(CachingMap.java:490)
	at com.westernasset.smss.server.SecurityMasterNearCacheSubsystem.getDigitRatingFromString(SecurityMasterNearCacheSubsystem.java:186)
	at com.westernasset.smss.server.SecurityMasterNearCacheSubsystem.handleFuncCall(SecurityMasterNearCacheSubsystem.java:85)
	at com.westernasset.smss.server.SecurityMasterManagementSubsystem.handleFuncCall(SecurityMasterManagementSubsystem.java:23)
	at com.westernasset.framework.subsystem.receiving.SubsystemImpl.innerHandleFuncCall(SubsystemImpl.java:154)
	at com.westernasset.framework.subsystem.receiving.internal.InProcessFunctionCallReceiver.handleFuncCall(InProcessFunctionCallReceiver.java:49)
	at com.westernasset.framework.subsystem.calling.internal.inprocess.InProcessFunctionCallCaller.doCall(InProcessFunctionCallCaller.java:19)
	at com.westernasset.framework.subsystem.calling.internal.inprocess.ForwardIfNotFoundFunctionCallCaller.doCall(ForwardIfNotFoundFunctionCallCaller.java:28)
	at com.westernasset.framework.subsystem.calling.internal.base.BaseFunctionCallCaller.callFunc(BaseFunctionCallCaller.java:33)
	at com.westernasset.framework.subsystem.calling.internal.base.BaseSubsystem.callFunc(BaseSubsystem.java:35)
	at com.westernasset.pss.msg.mapper.AtpToPssMapper.getRating(AtpToPssMapper.java:219)
	at com.westernasset.pss.msg.mapper.AtpToPssMapper.updateSecurityWithRatings(AtpToPssMapper.java:197)
	at com.westernasset.pss.msg.mapper.AtpToPssMapper.createSecurityVO(AtpToPssMapper.java:133)
	at com.westernasset.pss.msg.reciever.process.TradeProcessor.createSecurity(TradeProcessor.java:297)
	at com.westernasset.pss.msg.reciever.process.TradeProcessor.process(TradeProcessor.java:49)
	at com.westernasset.pss.msg.queue.MessageFetcher.processMessage(MessageFetcher.java:91)
	at com.westernasset.pss.msg.queue.MessageFetcher.pullMessageFromQueue(MessageFetcher.java:78)
	at com.westernasset.pss.msg.queue.MessageFetcher.run(MessageFetcher.java:48)

2014-09-25 14:48:51,020 ERROR [AtpToPssMapper] com.westernasset.framework.subsystem.common.SubsystemException: SubsystemExceptionNested:
java.lang.RuntimeException: Storage is not configuredNested:
java.lang.RuntimeException: Storage is not configured
	at com.tangosol.coherence.component.util.daemon.queueProcessor.service.DistributedCache$BinaryMap.onMissingStorage(DistributedCache.CDB:9)
	at com.tangosol.coherence.component.util.daemon.queueProcessor.service.DistributedCache$BinaryMap.get(DistributedCache.CDB:15)
	at com.tangosol.util.ConverterCollections$ConverterMap.get(ConverterCollections.java:1300)
	at com.tangosol.coherence.component.util.daemon.queueProcessor.service.DistributedCache$ViewMap.get(DistributedCache.CDB:1)
	at com.tangosol.coherence.component.util.SafeNamedCache.get(SafeNamedCache.CDB:1)
	at com.tangosol.net.cache.CachingMap.get(CachingMap.java:490)
	at com.westernasset.smss.server.SecurityMasterNearCacheSubsystem.getDigitRatingFromString(SecurityMasterNearCacheSubsystem.java:186)
	at com.westernasset.smss.server.SecurityMasterNearCacheSubsystem.handleFuncCall(SecurityMasterNearCacheSubsystem.java:85)
	at com.westernasset.smss.server.SecurityMasterManagementSubsystem.handleFuncCall(SecurityMasterManagementSubsystem.java:23)
	at com.westernasset.framework.subsystem.receiving.SubsystemImpl.innerHandleFuncCall(SubsystemImpl.java:154)
	at com.westernasset.framework.subsystem.receiving.internal.InProcessFunctionCallReceiver.handleFuncCall(InProcessFunctionCallReceiver.java:49)
	at com.westernasset.framework.subsystem.calling.internal.inprocess.InProcessFunctionCallCaller.doCall(InProcessFunctionCallCaller.java:19)
	at com.westernasset.framework.subsystem.calling.internal.inprocess.ForwardIfNotFoundFunctionCallCaller.doCall(ForwardIfNotFoundFunctionCallCaller.java:28)
	at com.westernasset.framework.subsystem.calling.internal.base.BaseFunctionCallCaller.callFunc(BaseFunctionCallCaller.java:33)
	at com.westernasset.framework.subsystem.calling.internal.base.BaseSubsystem.callFunc(BaseSubsystem.java:35)
	at com.westernasset.pss.msg.mapper.AtpToPssMapper.getRating(AtpToPssMapper.java:219)
	at com.westernasset.pss.msg.mapper.AtpToPssMapper.updateSecurityWithRatings(AtpToPssMapper.java:202)
	at com.westernasset.pss.msg.mapper.AtpToPssMapper.createSecurityVO(AtpToPssMapper.java:133)
	at com.westernasset.pss.msg.reciever.process.TradeProcessor.createSecurity(TradeProcessor.java:297)
	at com.westernasset.pss.msg.reciever.process.TradeProcessor.process(TradeProcessor.java:49)
	at com.westernasset.pss.msg.queue.MessageFetcher.processMessage(MessageFetcher.java:91)
	at com.westernasset.pss.msg.queue.MessageFetcher.pullMessageFromQueue(MessageFetcher.java:78)
	at com.westernasset.pss.msg.queue.MessageFetcher.run(MessageFetcher.java:48)

2014-09-25 14:48:51,022 ERROR [SecurityCacheManager] Failed to add security to cache: Storage is not configured : {SecurityId=1429035, AMTValue=1.0, MoodyRating=0, MoodyShortRating=0, FitchRating=0, FitchShortRating=0, SecurityTypeId=22, AssetTypeId=8, ProductId=20, SpRating=0, SpShortRating=0, WaRating=0, WaShortRating=0, IssueDate=2013-11-07T00:00:00.000-0800, MaturityDate=2022-11-02T00:00:00.000-0700, AssetId=278062AC8, CurrencyCode=USD, SecurityType=CORPORATE, Description=EATON CORP, Product=Bonds/Notes (Par), SubSubSector=DIVERSIFIED_MANUFACTURING, TickerSymbol=ETN, BBName=EATON CORP, IntType=FIXED, MinPiece=2000.0000, MinIncrement=2000.0000, AverageLife=8.106, Coupon=2.75, Dtm=2960.0, DtmLegalFinal=2960.0, Factor=1.0, DurationFactor=1.0, EffectiveConvexity=0.603, EffectiveDuration=7.266, YieldToWorst=3.278, MarketCFYield=3.278, OptionASpread=87.0, SpreadDuration=7.09, Country=US, AMT=N, NyIssuer=ETN&8, LnIssuer=ETN&8}
java.lang.RuntimeException: Storage is not configured
	at com.tangosol.coherence.component.util.daemon.queueProcessor.service.DistributedCache$BinaryMap.onMissingStorage(DistributedCache.CDB:9)
	at com.tangosol.coherence.component.util.daemon.queueProcessor.service.DistributedCache$BinaryMap.get(DistributedCache.CDB:15)
	at com.tangosol.util.ConverterCollections$ConverterMap.get(ConverterCollections.java:1300)
	at com.tangosol.coherence.component.util.daemon.queueProcessor.service.DistributedCache$ViewMap.get(DistributedCache.CDB:1)
	at com.tangosol.coherence.component.util.SafeNamedCache.get(SafeNamedCache.CDB:1)
	at com.tangosol.net.cache.CachingMap.get(CachingMap.java:490)
	at com.westernasset.smss.common.util.BusinessUtils.getIssuerDesciption(BusinessUtils.java:146)
	at com.westernasset.smss.common.util.BusinessUtils.fillNUIssuerId(BusinessUtils.java:513)
	at com.westernasset.smss.common.util.BusinessUtils.fillDerivedValues(BusinessUtils.java:421)
	at com.westernasset.smss.server.SecurityCacheManager.addSecurity(SecurityCacheManager.java:137)
	at com.westernasset.smss.server.SecurityMasterNearCacheSubsystem.addSecurity(SecurityMasterNearCacheSubsystem.java:202)
	at com.westernasset.smss.server.SecurityMasterNearCacheSubsystem.handleFuncCall(SecurityMasterNearCacheSubsystem.java:92)
	at com.westernasset.smss.server.SecurityMasterManagementSubsystem.handleFuncCall(SecurityMasterManagementSubsystem.java:23)
	at com.westernasset.framework.subsystem.receiving.SubsystemImpl.innerHandleFuncCall(SubsystemImpl.java:154)
	at com.westernasset.framework.subsystem.receiving.internal.InProcessFunctionCallReceiver.handleFuncCall(InProcessFunctionCallReceiver.java:49)
	at com.westernasset.framework.subsystem.calling.internal.inprocess.InProcessFunctionCallCaller.doCall(InProcessFunctionCallCaller.java:19)
	at com.westernasset.framework.subsystem.calling.internal.inprocess.ForwardIfNotFoundFunctionCallCaller.doCall(ForwardIfNotFoundFunctionCallCaller.java:28)
	at com.westernasset.framework.subsystem.calling.internal.base.BaseFunctionCallCaller.callFunc(BaseFunctionCallCaller.java:33)
	at com.westernasset.framework.subsystem.calling.internal.base.BaseSubsystem.callFunc(BaseSubsystem.java:35)
	at com.westernasset.pss.msg.reciever.process.TradeProcessor.createSecurity(TradeProcessor.java:302)
	at com.westernasset.pss.msg.reciever.process.TradeProcessor.process(TradeProcessor.java:49)
	at com.westernasset.pss.msg.queue.MessageFetcher.processMessage(MessageFetcher.java:91)
	at com.westernasset.pss.msg.queue.MessageFetcher.pullMessageFromQueue(MessageFetcher.java:78)
	at com.westernasset.pss.msg.queue.MessageFetcher.run(MessageFetcher.java:48)
2014-09-25 14:48:51,022 INFO  [TradeProcessor] Created Security :{SecurityId=1429035, AMTValue=1.0, MoodyRating=0, MoodyShortRating=0, FitchRating=0, FitchShortRating=0, SecurityTypeId=22, AssetTypeId=8, ProductId=20, SpRating=0, SpShortRating=0, WaRating=0, WaShortRating=0, IssueDate=2013-11-07T00:00:00.000-0800, MaturityDate=2022-11-02T00:00:00.000-0700, AssetId=278062AC8, CurrencyCode=USD, SecurityType=CORPORATE, Description=EATON CORP, Product=Bonds/Notes (Par), SubSubSector=DIVERSIFIED_MANUFACTURING, TickerSymbol=ETN, BBName=EATON CORP, IntType=FIXED, MinPiece=2000.0000, MinIncrement=2000.0000, AverageLife=8.106, Coupon=2.75, Dtm=2960.0, DtmLegalFinal=2960.0, Factor=1.0, DurationFactor=1.0, EffectiveConvexity=0.603, EffectiveDuration=7.266, YieldToWorst=3.278, MarketCFYield=3.278, OptionASpread=87.0, SpreadDuration=7.09, Country=US, AMT=N, NyIssuer=ETN&8, LnIssuer=ETN&8}
2014-09-25 14:48:51,023 ERROR [TradeProcessor] Error in getPrioTradeStatusByMessage
com.westernasset.framework.subsystem.common.SubsystemException: SubsystemExceptionNested:
java.lang.RuntimeException: Storage is not configuredNested:
java.lang.RuntimeException: Storage is not configured
	at com.tangosol.coherence.component.util.daemon.queueProcessor.service.DistributedCache$BinaryMap.onMissingStorage(DistributedCache.CDB:9)
	at com.tangosol.coherence.component.util.daemon.queueProcessor.service.DistributedCache$BinaryMap.get(DistributedCache.CDB:15)
	at com.tangosol.util.ConverterCollections$ConverterMap.get(ConverterCollections.java:1300)
	at com.tangosol.coherence.component.util.daemon.queueProcessor.service.DistributedCache$ViewMap.get(DistributedCache.CDB:1)
	at com.tangosol.coherence.component.util.SafeNamedCache.get(SafeNamedCache.CDB:1)
	at com.tangosol.net.cache.CachingMap.get(CachingMap.java:490)
	at com.westernasset.tss.cache.TradeCacheManager.getTradeById(TradeCacheManager.java:202)
	at com.westernasset.tss.services.TradeNearCacheSubsystem.getTradeById(TradeNearCacheSubsystem.java:104)
	at com.westernasset.tss.services.TradeNearCacheSubsystem.handleFuncCall(TradeNearCacheSubsystem.java:50)
	at com.westernasset.tss.services.TradeSubsystem.handleFuncCall(TradeSubsystem.java:29)
	at com.westernasset.framework.subsystem.receiving.SubsystemImpl.innerHandleFuncCall(SubsystemImpl.java:154)
	at com.westernasset.framework.subsystem.receiving.internal.InProcessFunctionCallReceiver.handleFuncCall(InProcessFunctionCallReceiver.java:49)
	at com.westernasset.framework.subsystem.calling.internal.inprocess.InProcessFunctionCallCaller.doCall(InProcessFunctionCallCaller.java:19)
	at com.westernasset.framework.subsystem.calling.internal.inprocess.ForwardIfNotFoundFunctionCallCaller.doCall(ForwardIfNotFoundFunctionCallCaller.java:28)
	at com.westernasset.framework.subsystem.calling.internal.base.BaseFunctionCallCaller.callFunc(BaseFunctionCallCaller.java:33)
	at com.westernasset.framework.subsystem.calling.internal.base.BaseSubsystem.callFunc(BaseSubsystem.java:35)
	at com.westernasset.pss.msg.reciever.process.TradeProcessor.getTradeByTradeId(TradeProcessor.java:250)
	at com.westernasset.pss.msg.reciever.process.TradeProcessor.getPrioTradeStatusByMessage(TradeProcessor.java:268)
	at com.westernasset.pss.msg.reciever.process.TradeProcessor.process(TradeProcessor.java:50)
	at com.westernasset.pss.msg.queue.MessageFetcher.processMessage(MessageFetcher.java:91)
	at com.westernasset.pss.msg.queue.MessageFetcher.pullMessageFromQueue(MessageFetcher.java:78)
	at com.westernasset.pss.msg.queue.MessageFetcher.run(MessageFetcher.java:48)

	at com.westernasset.framework.subsystem.common.internal.SubsystemExceptionUtils.dataObjectToException(SubsystemExceptionUtils.java:38)
	at com.westernasset.framework.subsystem.common.internal.SubsystemExceptionUtils.throwExceptionIfNeeded(SubsystemExceptionUtils.java:15)
	at com.westernasset.framework.subsystem.calling.internal.base.BaseSubsystem.callFunc(BaseSubsystem.java:37)
	at com.westernasset.pss.msg.reciever.process.TradeProcessor.getTradeByTradeId(TradeProcessor.java:250)
	at com.westernasset.pss.msg.reciever.process.TradeProcessor.getPrioTradeStatusByMessage(TradeProcessor.java:268)
	at com.westernasset.pss.msg.reciever.process.TradeProcessor.process(TradeProcessor.java:50)
	at com.westernasset.pss.msg.queue.MessageFetcher.processMessage(MessageFetcher.java:91)
	at com.westernasset.pss.msg.queue.MessageFetcher.pullMessageFromQueue(MessageFetcher.java:78)
	at com.westernasset.pss.msg.queue.MessageFetcher.run(MessageFetcher.java:48)
2014-09-25 14:48:51,023 ERROR [TradeProcessor] Exception occured while processing message
java.lang.RuntimeException: Storage is not configured
	at com.tangosol.coherence.component.util.daemon.queueProcessor.service.DistributedCache$BinaryMap.onMissingStorage(DistributedCache.CDB:9)
	at com.tangosol.coherence.component.util.daemon.queueProcessor.service.DistributedCache$BinaryMap.get(DistributedCache.CDB:15)
	at com.tangosol.util.ConverterCollections$ConverterMap.get(ConverterCollections.java:1300)
	at com.tangosol.coherence.component.util.daemon.queueProcessor.service.DistributedCache$ViewMap.get(DistributedCache.CDB:1)
	at com.tangosol.coherence.component.util.SafeNamedCache.get(SafeNamedCache.CDB:1)
	at com.tangosol.net.cache.CachingMap.get(CachingMap.java:490)
	at com.westernasset.tss.cache.TradeCacheManager.isDuplicateTrade(TradeCacheManager.java:356)
	at com.westernasset.pss.common.util.PojoHelper.createObjects(PojoHelper.java:132)
	at com.westernasset.pss.msg.reciever.process.TradeProcessor.process(TradeProcessor.java:55)
	at com.westernasset.pss.msg.queue.MessageFetcher.processMessage(MessageFetcher.java:91)
	at com.westernasset.pss.msg.queue.MessageFetcher.pullMessageFromQueue(MessageFetcher.java:78)
	at com.westernasset.pss.msg.queue.MessageFetcher.run(MessageFetcher.java:48)
2014-09-25 14:48:51,023 INFO  [TradeProcessor] End process method 744 MB
2014-09-25 14:48:51,023 INFO  [TradeProcessor] Time taken by TradeProcessor.process method 16
2014-09-25 14:48:51,023 INFO  [MessageFetcher] Processing message completed...[7461829]
2014-09-25 14:48:51,023 INFO  [MessageQueue] Removing the first item of 18 from the queue
2014-09-25 14:48:51,023 INFO  [MessageFetcher] Processing message started...[7461766]
2014-09-25 14:48:51,023 INFO  [TradeProcessor] Begin process method 744 MB
2014-09-25 14:48:51,023 ERROR [TradeProcessor] Error in doSecurityExist
java.lang.RuntimeException: Storage is not configured
	at com.tangosol.coherence.component.util.daemon.queueProcessor.service.DistributedCache$BinaryMap.onMissingStorage(DistributedCache.CDB:9)
	at com.tangosol.coherence.component.util.daemon.queueProcessor.service.DistributedCache$BinaryMap.get(DistributedCache.CDB:15)
	at com.tangosol.util.ConverterCollections$ConverterMap.get(ConverterCollections.java:1300)
	at com.tangosol.coherence.component.util.daemon.queueProcessor.service.DistributedCache$ViewMap.get(DistributedCache.CDB:1)
	at com.tangosol.coherence.component.util.SafeNamedCache.get(SafeNamedCache.CDB:1)
	at com.tangosol.net.cache.CachingMap.get(CachingMap.java:490)
	at com.westernasset.smss.common.util.BusinessDateHelper.get(BusinessDateHelper.java:55)
	at com.westernasset.smss.common.util.BusinessDateHelper.getBusinessDateFromCacheWithOffset(BusinessDateHelper.java:130)
	at com.westernasset.smss.common.util.BusinessDateHelper.getCurrentBusinessDateAny(BusinessDateHelper.java:125)
	at com.westernasset.pss.msg.reciever.process.TradeProcessor.doSecurityExist(TradeProcessor.java:328)
	at com.westernasset.pss.msg.reciever.process.TradeProcessor.createSecurity(TradeProcessor.java:296)
	at com.westernasset.pss.msg.reciever.process.TradeProcessor.process(TradeProcessor.java:49)
	at com.westernasset.pss.msg.queue.MessageFetcher.processMessage(MessageFetcher.java:91)
	at com.westernasset.pss.msg.queue.MessageFetcher.pullMessageFromQueue(MessageFetcher.java:78)
	at com.westernasset.pss.msg.queue.MessageFetcher.run(MessageFetcher.java:48)
2014-09-25 14:48:51,024 ERROR [AtpToPssMapper] com.westernasset.framework.subsystem.common.SubsystemException: SubsystemExceptionNested:
java.lang.RuntimeException: Storage is not configuredNested:
java.lang.RuntimeException: Storage is not configured
	at com.tangosol.coherence.component.util.daemon.queueProcessor.service.DistributedCache$BinaryMap.onMissingStorage(DistributedCache.CDB:9)
	at com.tangosol.coherence.component.util.daemon.queueProcessor.service.DistributedCache$BinaryMap.get(DistributedCache.CDB:15)
	at com.tangosol.util.ConverterCollections$ConverterMap.get(ConverterCollections.java:1300)
	at com.tangosol.coherence.component.util.daemon.queueProcessor.service.DistributedCache$ViewMap.get(DistributedCache.CDB:1)
	at com.tangosol.coherence.component.util.SafeNamedCache.get(SafeNamedCache.CDB:1)
	at com.tangosol.net.cache.CachingMap.get(CachingMap.java:490)
	at com.westernasset.smss.server.SecurityMasterNearCacheSubsystem.getDigitRatingFromString(SecurityMasterNearCacheSubsystem.java:186)
	at com.westernasset.smss.server.SecurityMasterNearCacheSubsystem.handleFuncCall(SecurityMasterNearCacheSubsystem.java:85)
	at com.westernasset.smss.server.SecurityMasterManagementSubsystem.handleFuncCall(SecurityMasterManagementSubsystem.java:23)
	at com.westernasset.framework.subsystem.receiving.SubsystemImpl.innerHandleFuncCall(SubsystemImpl.java:154)
	at com.westernasset.framework.subsystem.receiving.internal.InProcessFunctionCallReceiver.handleFuncCall(InProcessFunctionCallReceiver.java:49)
	at com.westernasset.framework.subsystem.calling.internal.inprocess.InProcessFunctionCallCaller.doCall(InProcessFunctionCallCaller.java:19)
	at com.westernasset.framework.subsystem.calling.internal.inprocess.ForwardIfNotFoundFunctionCallCaller.doCall(ForwardIfNotFoundFunctionCallCaller.java:28)
	at com.westernasset.framework.subsystem.calling.internal.base.BaseFunctionCallCaller.callFunc(BaseFunctionCallCaller.java:33)
	at com.westernasset.framework.subsystem.calling.internal.base.BaseSubsystem.callFunc(BaseSubsystem.java:35)
	at com.westernasset.pss.msg.mapper.AtpToPssMapper.getRating(AtpToPssMapper.java:219)
	at com.westernasset.pss.msg.mapper.AtpToPssMapper.updateSecurityWithRatings(AtpToPssMapper.java:167)
	at com.westernasset.pss.msg.mapper.AtpToPssMapper.createSecurityVO(AtpToPssMapper.java:133)
	at com.westernasset.pss.msg.reciever.process.TradeProcessor.createSecurity(TradeProcessor.java:297)
	at com.westernasset.pss.msg.reciever.process.TradeProcessor.process(TradeProcessor.java:49)
	at com.westernasset.pss.msg.queue.MessageFetcher.processMessage(MessageFetcher.java:91)
	at com.westernasset.pss.msg.queue.MessageFetcher.pullMessageFromQueue(MessageFetcher.java:78)
	at com.westernasset.pss.msg.queue.MessageFetcher.run(MessageFetcher.java:48)

2014-09-25 14:48:51,025 ERROR [AtpToPssMapper] com.westernasset.framework.subsystem.common.SubsystemException: SubsystemExceptionNested:
java.lang.RuntimeException: Storage is not configuredNested:
java.lang.RuntimeException: Storage is not configured
	at com.tangosol.coherence.component.util.daemon.queueProcessor.service.DistributedCache$BinaryMap.onMissingStorage(DistributedCache.CDB:9)
	at com.tangosol.coherence.component.util.daemon.queueProcessor.service.DistributedCache$BinaryMap.get(DistributedCache.CDB:15)
	at com.tangosol.util.ConverterCollections$ConverterMap.get(ConverterCollections.java:1300)
	at com.tangosol.coherence.component.util.daemon.queueProcessor.service.DistributedCache$ViewMap.get(DistributedCache.CDB:1)
	at com.tangosol.coherence.component.util.SafeNamedCache.get(SafeNamedCache.CDB:1)
	at com.tangosol.net.cache.CachingMap.get(CachingMap.java:490)
	at com.westernasset.smss.server.SecurityMasterNearCacheSubsystem.getDigitRatingFromString(SecurityMasterNearCacheSubsystem.java:186)
	at com.westernasset.smss.server.SecurityMasterNearCacheSubsystem.handleFuncCall(SecurityMasterNearCacheSubsystem.java:85)
	at com.westernasset.smss.server.SecurityMasterManagementSubsystem.handleFuncCall(SecurityMasterManagementSubsystem.java:23)
	at com.westernasset.framework.subsystem.receiving.SubsystemImpl.innerHandleFuncCall(SubsystemImpl.java:154)
	at com.westernasset.framework.subsystem.receiving.internal.InProcessFunctionCallReceiver.handleFuncCall(InProcessFunctionCallReceiver.java:49)
	at com.westernasset.framework.subsystem.calling.internal.inprocess.InProcessFunctionCallCaller.doCall(InProcessFunctionCallCaller.java:19)
	at com.westernasset.framework.subsystem.calling.internal.inprocess.ForwardIfNotFoundFunctionCallCaller.doCall(ForwardIfNotFoundFunctionCallCaller.java:28)
	at com.westernasset.framework.subsystem.calling.internal.base.BaseFunctionCallCaller.callFunc(BaseFunctionCallCaller.java:33)
	at com.westernasset.framework.subsystem.calling.internal.base.BaseSubsystem.callFunc(BaseSubsystem.java:35)
	at com.westernasset.pss.msg.mapper.AtpToPssMapper.getRating(AtpToPssMapper.java:219)
	at com.westernasset.pss.msg.mapper.AtpToPssMapper.updateSecurityWithRatings(AtpToPssMapper.java:172)
	at com.westernasset.pss.msg.mapper.AtpToPssMapper.createSecurityVO(AtpToPssMapper.java:133)
	at com.westernasset.pss.msg.reciever.process.TradeProcessor.createSecurity(TradeProcessor.java:297)
	at com.westernasset.pss.msg.reciever.process.TradeProcessor.process(TradeProcessor.java:49)
	at com.westernasset.pss.msg.queue.MessageFetcher.processMessage(MessageFetcher.java:91)
	at com.westernasset.pss.msg.queue.MessageFetcher.pullMessageFromQueue(MessageFetcher.java:78)
	at com.westernasset.pss.msg.queue.MessageFetcher.run(MessageFetcher.java:48)

2014-09-25 14:48:51,025 ERROR [AtpToPssMapper] com.westernasset.framework.subsystem.common.SubsystemException: SubsystemExceptionNested:
java.lang.RuntimeException: Storage is not configuredNested:
java.lang.RuntimeException: Storage is not configured
	at com.tangosol.coherence.component.util.daemon.queueProcessor.service.DistributedCache$BinaryMap.onMissingStorage(DistributedCache.CDB:9)
	at com.tangosol.coherence.component.util.daemon.queueProcessor.service.DistributedCache$BinaryMap.get(DistributedCache.CDB:15)
	at com.tangosol.util.ConverterCollections$ConverterMap.get(ConverterCollections.java:1300)
	at com.tangosol.coherence.component.util.daemon.queueProcessor.service.DistributedCache$ViewMap.get(DistributedCache.CDB:1)
	at com.tangosol.coherence.component.util.SafeNamedCache.get(SafeNamedCache.CDB:1)
	at com.tangosol.net.cache.CachingMap.get(CachingMap.java:490)
	at com.westernasset.smss.server.SecurityMasterNearCacheSubsystem.getDigitRatingFromString(SecurityMasterNearCacheSubsystem.java:186)
	at com.westernasset.smss.server.SecurityMasterNearCacheSubsystem.handleFuncCall(SecurityMasterNearCacheSubsystem.java:85)
	at com.westernasset.smss.server.SecurityMasterManagementSubsystem.handleFuncCall(SecurityMasterManagementSubsystem.java:23)
	at com.westernasset.framework.subsystem.receiving.SubsystemImpl.innerHandleFuncCall(SubsystemImpl.java:154)
	at com.westernasset.framework.subsystem.receiving.internal.InProcessFunctionCallReceiver.handleFuncCall(InProcessFunctionCallReceiver.java:49)
	at com.westernasset.framework.subsystem.calling.internal.inprocess.InProcessFunctionCallCaller.doCall(InProcessFunctionCallCaller.java:19)
	at com.westernasset.framework.subsystem.calling.internal.inprocess.ForwardIfNotFoundFunctionCallCaller.doCall(ForwardIfNotFoundFunctionCallCaller.java:28)
	at com.westernasset.framework.subsystem.calling.internal.base.BaseFunctionCallCaller.callFunc(BaseFunctionCallCaller.java:33)
	at com.westernasset.framework.subsystem.calling.internal.base.BaseSubsystem.callFunc(BaseSubsystem.java:35)
	at com.westernasset.pss.msg.mapper.AtpToPssMapper.getRating(AtpToPssMapper.java:219)
	at com.westernasset.pss.msg.mapper.AtpToPssMapper.updateSecurityWithRatings(AtpToPssMapper.java:177)
	at com.westernasset.pss.msg.mapper.AtpToPssMapper.createSecurityVO(AtpToPssMapper.java:133)
	at com.westernasset.pss.msg.reciever.process.TradeProcessor.createSecurity(TradeProcessor.java:297)
	at com.westernasset.pss.msg.reciever.process.TradeProcessor.process(TradeProcessor.java:49)
	at com.westernasset.pss.msg.queue.MessageFetcher.processMessage(MessageFetcher.java:91)
	at com.westernasset.pss.msg.queue.MessageFetcher.pullMessageFromQueue(MessageFetcher.java:78)
	at com.westernasset.pss.msg.queue.MessageFetcher.run(MessageFetcher.java:48)

2014-09-25 14:48:51,026 ERROR [AtpToPssMapper] com.westernasset.framework.subsystem.common.SubsystemException: SubsystemExceptionNested:
java.lang.RuntimeException: Storage is not configuredNested:
java.lang.RuntimeException: Storage is not configured
	at com.tangosol.coherence.component.util.daemon.queueProcessor.service.DistributedCache$BinaryMap.onMissingStorage(DistributedCache.CDB:9)
	at com.tangosol.coherence.component.util.daemon.queueProcessor.service.DistributedCache$BinaryMap.get(DistributedCache.CDB:15)
	at com.tangosol.util.ConverterCollections$ConverterMap.get(ConverterCollections.java:1300)
	at com.tangosol.coherence.component.util.daemon.queueProcessor.service.DistributedCache$ViewMap.get(DistributedCache.CDB:1)
	at com.tangosol.coherence.component.util.SafeNamedCache.get(SafeNamedCache.CDB:1)
	at com.tangosol.net.cache.CachingMap.get(CachingMap.java:490)
	at com.westernasset.smss.server.SecurityMasterNearCacheSubsystem.getDigitRatingFromString(SecurityMasterNearCacheSubsystem.java:186)
	at com.westernasset.smss.server.SecurityMasterNearCacheSubsystem.handleFuncCall(SecurityMasterNearCacheSubsystem.java:85)
	at com.westernasset.smss.server.SecurityMasterManagementSubsystem.handleFuncCall(SecurityMasterManagementSubsystem.java:23)
	at com.westernasset.framework.subsystem.receiving.SubsystemImpl.innerHandleFuncCall(SubsystemImpl.java:154)
	at com.westernasset.framework.subsystem.receiving.internal.InProcessFunctionCallReceiver.handleFuncCall(InProcessFunctionCallReceiver.java:49)
	at com.westernasset.framework.subsystem.calling.internal.inprocess.InProcessFunctionCallCaller.doCall(InProcessFunctionCallCaller.java:19)
	at com.westernasset.framework.subsystem.calling.internal.inprocess.ForwardIfNotFoundFunctionCallCaller.doCall(ForwardIfNotFoundFunctionCallCaller.java:28)
	at com.westernasset.framework.subsystem.calling.internal.base.BaseFunctionCallCaller.callFunc(BaseFunctionCallCaller.java:33)
	at com.westernasset.framework.subsystem.calling.internal.base.BaseSubsystem.callFunc(BaseSubsystem.java:35)
	at com.westernasset.pss.msg.mapper.AtpToPssMapper.getRating(AtpToPssMapper.java:219)
	at com.westernasset.pss.msg.mapper.AtpToPssMapper.updateSecurityWithRatings(AtpToPssMapper.java:182)
	at com.westernasset.pss.msg.mapper.AtpToPssMapper.createSecurityVO(AtpToPssMapper.java:133)
	at com.westernasset.pss.msg.reciever.process.TradeProcessor.createSecurity(TradeProcessor.java:297)
	at com.westernasset.pss.msg.reciever.process.TradeProcessor.process(TradeProcessor.java:49)
	at com.westernasset.pss.msg.queue.MessageFetcher.processMessage(MessageFetcher.java:91)
	at com.westernasset.pss.msg.queue.MessageFetcher.pullMessageFromQueue(MessageFetcher.java:78)
	at com.westernasset.pss.msg.queue.MessageFetcher.run(MessageFetcher.java:48)

2014-09-25 14:48:51,026 ERROR [AtpToPssMapper] com.westernasset.framework.subsystem.common.SubsystemException: SubsystemExceptionNested:
java.lang.RuntimeException: Storage is not configuredNested:
java.lang.RuntimeException: Storage is not configured
	at com.tangosol.coherence.component.util.daemon.queueProcessor.service.DistributedCache$BinaryMap.onMissingStorage(DistributedCache.CDB:9)
	at com.tangosol.coherence.component.util.daemon.queueProcessor.service.DistributedCache$BinaryMap.get(DistributedCache.CDB:15)
	at com.tangosol.util.ConverterCollections$ConverterMap.get(ConverterCollections.java:1300)
	at com.tangosol.coherence.component.util.daemon.queueProcessor.service.DistributedCache$ViewMap.get(DistributedCache.CDB:1)
	at com.tangosol.coherence.component.util.SafeNamedCache.get(SafeNamedCache.CDB:1)
	at com.tangosol.net.cache.CachingMap.get(CachingMap.java:490)
	at com.westernasset.smss.server.SecurityMasterNearCacheSubsystem.getDigitRatingFromString(SecurityMasterNearCacheSubsystem.java:186)
	at com.westernasset.smss.server.SecurityMasterNearCacheSubsystem.handleFuncCall(SecurityMasterNearCacheSubsystem.java:85)
	at com.westernasset.smss.server.SecurityMasterManagementSubsystem.handleFuncCall(SecurityMasterManagementSubsystem.java:23)
	at com.westernasset.framework.subsystem.receiving.SubsystemImpl.innerHandleFuncCall(SubsystemImpl.java:154)
	at com.westernasset.framework.subsystem.receiving.internal.InProcessFunctionCallReceiver.handleFuncCall(InProcessFunctionCallReceiver.java:49)
	at com.westernasset.framework.subsystem.calling.internal.inprocess.InProcessFunctionCallCaller.doCall(InProcessFunctionCallCaller.java:19)
	at com.westernasset.framework.subsystem.calling.internal.inprocess.ForwardIfNotFoundFunctionCallCaller.doCall(ForwardIfNotFoundFunctionCallCaller.java:28)
	at com.westernasset.framework.subsystem.calling.internal.base.BaseFunctionCallCaller.callFunc(BaseFunctionCallCaller.java:33)
	at com.westernasset.framework.subsystem.calling.internal.base.BaseSubsystem.callFunc(BaseSubsystem.java:35)
	at com.westernasset.pss.msg.mapper.AtpToPssMapper.getRating(AtpToPssMapper.java:219)
	at com.westernasset.pss.msg.mapper.AtpToPssMapper.updateSecurityWithRatings(AtpToPssMapper.java:187)
	at com.westernasset.pss.msg.mapper.AtpToPssMapper.createSecurityVO(AtpToPssMapper.java:133)
	at com.westernasset.pss.msg.reciever.process.TradeProcessor.createSecurity(TradeProcessor.java:297)
	at com.westernasset.pss.msg.reciever.process.TradeProcessor.process(TradeProcessor.java:49)
	at com.westernasset.pss.msg.queue.MessageFetcher.processMessage(MessageFetcher.java:91)
	at com.westernasset.pss.msg.queue.MessageFetcher.pullMessageFromQueue(MessageFetcher.java:78)
	at com.westernasset.pss.msg.queue.MessageFetcher.run(MessageFetcher.java:48)

2014-09-25 14:48:51,027 ERROR [AtpToPssMapper] com.westernasset.framework.subsystem.common.SubsystemException: SubsystemExceptionNested:
java.lang.RuntimeException: Storage is not configuredNested:
java.lang.RuntimeException: Storage is not configured
	at com.tangosol.coherence.component.util.daemon.queueProcessor.service.DistributedCache$BinaryMap.onMissingStorage(DistributedCache.CDB:9)
	at com.tangosol.coherence.component.util.daemon.queueProcessor.service.DistributedCache$BinaryMap.get(DistributedCache.CDB:15)
	at com.tangosol.util.ConverterCollections$ConverterMap.get(ConverterCollections.java:1300)
	at com.tangosol.coherence.component.util.daemon.queueProcessor.service.DistributedCache$ViewMap.get(DistributedCache.CDB:1)
	at com.tangosol.coherence.component.util.SafeNamedCache.get(SafeNamedCache.CDB:1)
	at com.tangosol.net.cache.CachingMap.get(CachingMap.java:490)
	at com.westernasset.smss.server.SecurityMasterNearCacheSubsystem.getDigitRatingFromString(SecurityMasterNearCacheSubsystem.java:186)
	at com.westernasset.smss.server.SecurityMasterNearCacheSubsystem.handleFuncCall(SecurityMasterNearCacheSubsystem.java:85)
	at com.westernasset.smss.server.SecurityMasterManagementSubsystem.handleFuncCall(SecurityMasterManagementSubsystem.java:23)
	at com.westernasset.framework.subsystem.receiving.SubsystemImpl.innerHandleFuncCall(SubsystemImpl.java:154)
	at com.westernasset.framework.subsystem.receiving.internal.InProcessFunctionCallReceiver.handleFuncCall(InProcessFunctionCallReceiver.java:49)
	at com.westernasset.framework.subsystem.calling.internal.inprocess.InProcessFunctionCallCaller.doCall(InProcessFunctionCallCaller.java:19)
	at com.westernasset.framework.subsystem.calling.internal.inprocess.ForwardIfNotFoundFunctionCallCaller.doCall(ForwardIfNotFoundFunctionCallCaller.java:28)
	at com.westernasset.framework.subsystem.calling.internal.base.BaseFunctionCallCaller.callFunc(BaseFunctionCallCaller.java:33)
	at com.westernasset.framework.subsystem.calling.internal.base.BaseSubsystem.callFunc(BaseSubsystem.java:35)
	at com.westernasset.pss.msg.mapper.AtpToPssMapper.getRating(AtpToPssMapper.java:219)
	at com.westernasset.pss.msg.mapper.AtpToPssMapper.updateSecurityWithRatings(AtpToPssMapper.java:192)
	at com.westernasset.pss.msg.mapper.AtpToPssMapper.createSecurityVO(AtpToPssMapper.java:133)
	at com.westernasset.pss.msg.reciever.process.TradeProcessor.createSecurity(TradeProcessor.java:297)
	at com.westernasset.pss.msg.reciever.process.TradeProcessor.process(TradeProcessor.java:49)
	at com.westernasset.pss.msg.queue.MessageFetcher.processMessage(MessageFetcher.java:91)
	at com.westernasset.pss.msg.queue.MessageFetcher.pullMessageFromQueue(MessageFetcher.java:78)
	at com.westernasset.pss.msg.queue.MessageFetcher.run(MessageFetcher.java:48)

2014-09-25 14:48:51,027 ERROR [AtpToPssMapper] com.westernasset.framework.subsystem.common.SubsystemException: SubsystemExceptionNested:
java.lang.RuntimeException: Storage is not configuredNested:
java.lang.RuntimeException: Storage is not configured
	at com.tangosol.coherence.component.util.daemon.queueProcessor.service.DistributedCache$BinaryMap.onMissingStorage(DistributedCache.CDB:9)
	at com.tangosol.coherence.component.util.daemon.queueProcessor.service.DistributedCache$BinaryMap.get(DistributedCache.CDB:15)
	at com.tangosol.util.ConverterCollections$ConverterMap.get(ConverterCollections.java:1300)
	at com.tangosol.coherence.component.util.daemon.queueProcessor.service.DistributedCache$ViewMap.get(DistributedCache.CDB:1)
	at com.tangosol.coherence.component.util.SafeNamedCache.get(SafeNamedCache.CDB:1)
	at com.tangosol.net.cache.CachingMap.get(CachingMap.java:490)
	at com.westernasset.smss.server.SecurityMasterNearCacheSubsystem.getDigitRatingFromString(SecurityMasterNearCacheSubsystem.java:186)
	at com.westernasset.smss.server.SecurityMasterNearCacheSubsystem.handleFuncCall(SecurityMasterNearCacheSubsystem.java:85)
	at com.westernasset.smss.server.SecurityMasterManagementSubsystem.handleFuncCall(SecurityMasterManagementSubsystem.java:23)
	at com.westernasset.framework.subsystem.receiving.SubsystemImpl.innerHandleFuncCall(SubsystemImpl.java:154)
	at com.westernasset.framework.subsystem.receiving.internal.InProcessFunctionCallReceiver.handleFuncCall(InProcessFunctionCallReceiver.java:49)
	at com.westernasset.framework.subsystem.calling.internal.inprocess.InProcessFunctionCallCaller.doCall(InProcessFunctionCallCaller.java:19)
	at com.westernasset.framework.subsystem.calling.internal.inprocess.ForwardIfNotFoundFunctionCallCaller.doCall(ForwardIfNotFoundFunctionCallCaller.java:28)
	at com.westernasset.framework.subsystem.calling.internal.base.BaseFunctionCallCaller.callFunc(BaseFunctionCallCaller.java:33)
	at com.westernasset.framework.subsystem.calling.internal.base.BaseSubsystem.callFunc(BaseSubsystem.java:35)
	at com.westernasset.pss.msg.mapper.AtpToPssMapper.getRating(AtpToPssMapper.java:219)
	at com.westernasset.pss.msg.mapper.AtpToPssMapper.updateSecurityWithRatings(AtpToPssMapper.java:197)
	at com.westernasset.pss.msg.mapper.AtpToPssMapper.createSecurityVO(AtpToPssMapper.java:133)
	at com.westernasset.pss.msg.reciever.process.TradeProcessor.createSecurity(TradeProcessor.java:297)
	at com.westernasset.pss.msg.reciever.process.TradeProcessor.process(TradeProcessor.java:49)
	at com.westernasset.pss.msg.queue.MessageFetcher.processMessage(MessageFetcher.java:91)
	at com.westernasset.pss.msg.queue.MessageFetcher.pullMessageFromQueue(MessageFetcher.java:78)
	at com.westernasset.pss.msg.queue.MessageFetcher.run(MessageFetcher.java:48)

2014-09-25 14:48:51,028 ERROR [AtpToPssMapper] com.westernasset.framework.subsystem.common.SubsystemException: SubsystemExceptionNested:
java.lang.RuntimeException: Storage is not configuredNested:
java.lang.RuntimeException: Storage is not configured
	at com.tangosol.coherence.component.util.daemon.queueProcessor.service.DistributedCache$BinaryMap.onMissingStorage(DistributedCache.CDB:9)
	at com.tangosol.coherence.component.util.daemon.queueProcessor.service.DistributedCache$BinaryMap.get(DistributedCache.CDB:15)
	at com.tangosol.util.ConverterCollections$ConverterMap.get(ConverterCollections.java:1300)
	at com.tangosol.coherence.component.util.daemon.queueProcessor.service.DistributedCache$ViewMap.get(DistributedCache.CDB:1)
	at com.tangosol.coherence.component.util.SafeNamedCache.get(SafeNamedCache.CDB:1)
	at com.tangosol.net.cache.CachingMap.get(CachingMap.java:490)
	at com.westernasset.smss.server.SecurityMasterNearCacheSubsystem.getDigitRatingFromString(SecurityMasterNearCacheSubsystem.java:186)
	at com.westernasset.smss.server.SecurityMasterNearCacheSubsystem.handleFuncCall(SecurityMasterNearCacheSubsystem.java:85)
	at com.westernasset.smss.server.SecurityMasterManagementSubsystem.handleFuncCall(SecurityMasterManagementSubsystem.java:23)
	at com.westernasset.framework.subsystem.receiving.SubsystemImpl.innerHandleFuncCall(SubsystemImpl.java:154)
	at com.westernasset.framework.subsystem.receiving.internal.InProcessFunctionCallReceiver.handleFuncCall(InProcessFunctionCallReceiver.java:49)
	at com.westernasset.framework.subsystem.calling.internal.inprocess.InProcessFunctionCallCaller.doCall(InProcessFunctionCallCaller.java:19)
	at com.westernasset.framework.subsystem.calling.internal.inprocess.ForwardIfNotFoundFunctionCallCaller.doCall(ForwardIfNotFoundFunctionCallCaller.java:28)
	at com.westernasset.framework.subsystem.calling.internal.base.BaseFunctionCallCaller.callFunc(BaseFunctionCallCaller.java:33)
	at com.westernasset.framework.subsystem.calling.internal.base.BaseSubsystem.callFunc(BaseSubsystem.java:35)
	at com.westernasset.pss.msg.mapper.AtpToPssMapper.getRating(AtpToPssMapper.java:219)
	at com.westernasset.pss.msg.mapper.AtpToPssMapper.updateSecurityWithRatings(AtpToPssMapper.java:202)
	at com.westernasset.pss.msg.mapper.AtpToPssMapper.createSecurityVO(AtpToPssMapper.java:133)
	at com.westernasset.pss.msg.reciever.process.TradeProcessor.createSecurity(TradeProcessor.java:297)
	at com.westernasset.pss.msg.reciever.process.TradeProcessor.process(TradeProcessor.java:49)
	at com.westernasset.pss.msg.queue.MessageFetcher.processMessage(MessageFetcher.java:91)
	at com.westernasset.pss.msg.queue.MessageFetcher.pullMessageFromQueue(MessageFetcher.java:78)
	at com.westernasset.pss.msg.queue.MessageFetcher.run(MessageFetcher.java:48)

409.318: [GC 409.318: [ParNew: 37316K->2436K(38336K), 0.0159450 secs] 763767K->731259K(1065664K), 0.0160510 secs] [Times: user=0.03 sys=0.00, real=0.01 secs] 
2014-09-25 14:48:51,029 ERROR [SecurityCacheManager] Failed to add security to cache: Storage is not configured : {SecurityId=1283220, AMTValue=1.0, MoodyRating=0, MoodyShortRating=0, FitchRating=0, FitchShortRating=0, SecurityTypeId=22, AssetTypeId=8, ProductId=20, SpRating=0, SpShortRating=0, WaRating=0, WaShortRating=0, IssueDate=2012-10-31T00:00:00.000-0700, MaturityDate=2022-11-01T00:00:00.000-0700, AssetId=14916RAC8, CurrencyCode=USD, SecurityType=CORPORATE, Description=CATHOLIC HEALTH INITIATI, Product=Bonds/Notes (Par), SubSubSector=HEALTHCARE, TickerSymbol=CATMED, BBName=CATHOLIC HEALTH INITIATI, IntType=FIXED, MinPiece=1000.0000, MinIncrement=1000.0000, AverageLife=8.103, Coupon=2.95, Dtm=2959.0, DtmLegalFinal=2959.0, Factor=1.0, DurationFactor=1.0, EffectiveConvexity=0.595, EffectiveDuration=7.199, YieldToWorst=3.428, MarketCFYield=3.428, OptionASpread=103.0, SpreadDuration=7.02, Country=US, AMT=N, NyIssuer=CATMED&8, LnIssuer=CATMED&8}
java.lang.RuntimeException: Storage is not configured
	at com.tangosol.coherence.component.util.daemon.queueProcessor.service.DistributedCache$BinaryMap.onMissingStorage(DistributedCache.CDB:9)
	at com.tangosol.coherence.component.util.daemon.queueProcessor.service.DistributedCache$BinaryMap.get(DistributedCache.CDB:15)
	at com.tangosol.util.ConverterCollections$ConverterMap.get(ConverterCollections.java:1300)
	at com.tangosol.coherence.component.util.daemon.queueProcessor.service.DistributedCache$ViewMap.get(DistributedCache.CDB:1)
	at com.tangosol.coherence.component.util.SafeNamedCache.get(SafeNamedCache.CDB:1)
	at com.tangosol.net.cache.CachingMap.get(CachingMap.java:490)
	at com.westernasset.smss.common.util.BusinessUtils.getIssuerDesciption(BusinessUtils.java:146)
	at com.westernasset.smss.common.util.BusinessUtils.fillNUIssuerId(BusinessUtils.java:513)
	at com.westernasset.smss.common.util.BusinessUtils.fillDerivedValues(BusinessUtils.java:421)
	at com.westernasset.smss.server.SecurityCacheManager.addSecurity(SecurityCacheManager.java:137)
	at com.westernasset.smss.server.SecurityMasterNearCacheSubsystem.addSecurity(SecurityMasterNearCacheSubsystem.java:202)
	at com.westernasset.smss.server.SecurityMasterNearCacheSubsystem.handleFuncCall(SecurityMasterNearCacheSubsystem.java:92)
	at com.westernasset.smss.server.SecurityMasterManagementSubsystem.handleFuncCall(SecurityMasterManagementSubsystem.java:23)
	at com.westernasset.framework.subsystem.receiving.SubsystemImpl.innerHandleFuncCall(SubsystemImpl.java:154)
	at com.westernasset.framework.subsystem.receiving.internal.InProcessFunctionCallReceiver.handleFuncCall(InProcessFunctionCallReceiver.java:49)
	at com.westernasset.framework.subsystem.calling.internal.inprocess.InProcessFunctionCallCaller.doCall(InProcessFunctionCallCaller.java:19)
	at com.westernasset.framework.subsystem.calling.internal.inprocess.ForwardIfNotFoundFunctionCallCaller.doCall(ForwardIfNotFoundFunctionCallCaller.java:28)
	at com.westernasset.framework.subsystem.calling.internal.base.BaseFunctionCallCaller.callFunc(BaseFunctionCallCaller.java:33)
	at com.westernasset.framework.subsystem.calling.internal.base.BaseSubsystem.callFunc(BaseSubsystem.java:35)
	at com.westernasset.pss.msg.reciever.process.TradeProcessor.createSecurity(TradeProcessor.java:302)
	at com.westernasset.pss.msg.reciever.process.TradeProcessor.process(TradeProcessor.java:49)
	at com.westernasset.pss.msg.queue.MessageFetcher.processMessage(MessageFetcher.java:91)
	at com.westernasset.pss.msg.queue.MessageFetcher.pullMessageFromQueue(MessageFetcher.java:78)
	at com.westernasset.pss.msg.queue.MessageFetcher.run(MessageFetcher.java:48)
2014-09-25 14:48:51,046 INFO  [TradeProcessor] Created Security :{SecurityId=1283220, AMTValue=1.0, MoodyRating=0, MoodyShortRating=0, FitchRating=0, FitchShortRating=0, SecurityTypeId=22, AssetTypeId=8, ProductId=20, SpRating=0, SpShortRating=0, WaRating=0, WaShortRating=0, IssueDate=2012-10-31T00:00:00.000-0700, MaturityDate=2022-11-01T00:00:00.000-0700, AssetId=14916RAC8, CurrencyCode=USD, SecurityType=CORPORATE, Description=CATHOLIC HEALTH INITIATI, Product=Bonds/Notes (Par), SubSubSector=HEALTHCARE, TickerSymbol=CATMED, BBName=CATHOLIC HEALTH INITIATI, IntType=FIXED, MinPiece=1000.0000, MinIncrement=1000.0000, AverageLife=8.103, Coupon=2.95, Dtm=2959.0, DtmLegalFinal=2959.0, Factor=1.0, DurationFactor=1.0, EffectiveConvexity=0.595, EffectiveDuration=7.199, YieldToWorst=3.428, MarketCFYield=3.428, OptionASpread=103.0, SpreadDuration=7.02, Country=US, AMT=N, NyIssuer=CATMED&8, LnIssuer=CATMED&8}
2014-09-25 14:48:51,047 ERROR [TradeProcessor] Error in getPrioTradeStatusByMessage
com.westernasset.framework.subsystem.common.SubsystemException: SubsystemExceptionNested:
java.lang.RuntimeException: Storage is not configuredNested:
java.lang.RuntimeException: Storage is not configured
	at com.tangosol.coherence.component.util.daemon.queueProcessor.service.DistributedCache$BinaryMap.onMissingStorage(DistributedCache.CDB:9)
	at com.tangosol.coherence.component.util.daemon.queueProcessor.service.DistributedCache$BinaryMap.get(DistributedCache.CDB:15)
	at com.tangosol.util.ConverterCollections$ConverterMap.get(ConverterCollections.java:1300)
	at com.tangosol.coherence.component.util.daemon.queueProcessor.service.DistributedCache$ViewMap.get(DistributedCache.CDB:1)
	at com.tangosol.coherence.component.util.SafeNamedCache.get(SafeNamedCache.CDB:1)
	at com.tangosol.net.cache.CachingMap.get(CachingMap.java:490)
	at com.westernasset.tss.cache.TradeCacheManager.getTradeById(TradeCacheManager.java:202)
	at com.westernasset.tss.services.TradeNearCacheSubsystem.getTradeById(TradeNearCacheSubsystem.java:104)
	at com.westernasset.tss.services.TradeNearCacheSubsystem.handleFuncCall(TradeNearCacheSubsystem.java:50)
	at com.westernasset.tss.services.TradeSubsystem.handleFuncCall(TradeSubsystem.java:29)
	at com.westernasset.framework.subsystem.receiving.SubsystemImpl.innerHandleFuncCall(SubsystemImpl.java:154)
	at com.westernasset.framework.subsystem.receiving.internal.InProcessFunctionCallReceiver.handleFuncCall(InProcessFunctionCallReceiver.java:49)
	at com.westernasset.framework.subsystem.calling.internal.inprocess.InProcessFunctionCallCaller.doCall(InProcessFunctionCallCaller.java:19)
	at com.westernasset.framework.subsystem.calling.internal.inprocess.ForwardIfNotFoundFunctionCallCaller.doCall(ForwardIfNotFoundFunctionCallCaller.java:28)
	at com.westernasset.framework.subsystem.calling.internal.base.BaseFunctionCallCaller.callFunc(BaseFunctionCallCaller.java:33)
	at com.westernasset.framework.subsystem.calling.internal.base.BaseSubsystem.callFunc(BaseSubsystem.java:35)
	at com.westernasset.pss.msg.reciever.process.TradeProcessor.getTradeByTradeId(TradeProcessor.java:250)
	at com.westernasset.pss.msg.reciever.process.TradeProcessor.getPrioTradeStatusByMessage(TradeProcessor.java:268)
	at com.westernasset.pss.msg.reciever.process.TradeProcessor.process(TradeProcessor.java:50)
	at com.westernasset.pss.msg.queue.MessageFetcher.processMessage(MessageFetcher.java:91)
	at com.westernasset.pss.msg.queue.MessageFetcher.pullMessageFromQueue(MessageFetcher.java:78)
	at com.westernasset.pss.msg.queue.MessageFetcher.run(MessageFetcher.java:48)

	at com.westernasset.framework.subsystem.common.internal.SubsystemExceptionUtils.dataObjectToException(SubsystemExceptionUtils.java:38)
	at com.westernasset.framework.subsystem.common.internal.SubsystemExceptionUtils.throwExceptionIfNeeded(SubsystemExceptionUtils.java:15)
	at com.westernasset.framework.subsystem.calling.internal.base.BaseSubsystem.callFunc(BaseSubsystem.java:37)
	at com.westernasset.pss.msg.reciever.process.TradeProcessor.getTradeByTradeId(TradeProcessor.java:250)
	at com.westernasset.pss.msg.reciever.process.TradeProcessor.getPrioTradeStatusByMessage(TradeProcessor.java:268)
	at com.westernasset.pss.msg.reciever.process.TradeProcessor.process(TradeProcessor.java:50)
	at com.westernasset.pss.msg.queue.MessageFetcher.processMessage(MessageFetcher.java:91)
	at com.westernasset.pss.msg.queue.MessageFetcher.pullMessageFromQueue(MessageFetcher.java:78)
	at com.westernasset.pss.msg.queue.MessageFetcher.run(MessageFetcher.java:48)
2014-09-25 14:48:51,047 ERROR [TradeProcessor] Exception occured while processing message
java.lang.RuntimeException: Storage is not configured
	at com.tangosol.coherence.component.util.daemon.queueProcessor.service.DistributedCache$BinaryMap.onMissingStorage(DistributedCache.CDB:9)
	at com.tangosol.coherence.component.util.daemon.queueProcessor.service.DistributedCache$BinaryMap.get(DistributedCache.CDB:15)
	at com.tangosol.util.ConverterCollections$ConverterMap.get(ConverterCollections.java:1300)
	at com.tangosol.coherence.component.util.daemon.queueProcessor.service.DistributedCache$ViewMap.get(DistributedCache.CDB:1)
	at com.tangosol.coherence.component.util.SafeNamedCache.get(SafeNamedCache.CDB:1)
	at com.tangosol.net.cache.CachingMap.get(CachingMap.java:490)
	at com.westernasset.tss.cache.TradeCacheManager.isDuplicateTrade(TradeCacheManager.java:356)
	at com.westernasset.pss.common.util.PojoHelper.createObjects(PojoHelper.java:132)
	at com.westernasset.pss.msg.reciever.process.TradeProcessor.process(TradeProcessor.java:55)
	at com.westernasset.pss.msg.queue.MessageFetcher.processMessage(MessageFetcher.java:91)
	at com.westernasset.pss.msg.queue.MessageFetcher.pullMessageFromQueue(MessageFetcher.java:78)
	at com.westernasset.pss.msg.queue.MessageFetcher.run(MessageFetcher.java:48)
2014-09-25 14:48:51,047 INFO  [TradeProcessor] End process method 714 MB
2014-09-25 14:48:51,047 INFO  [TradeProcessor] Time taken by TradeProcessor.process method 24
2014-09-25 14:48:51,047 INFO  [MessageFetcher] Processing message completed...[7461766]
2014-09-25 14:48:51,047 INFO  [MessageQueue] Removing the first item of 17 from the queue
2014-09-25 14:48:51,047 INFO  [MessageFetcher] Processing message started...[7461767]
2014-09-25 14:48:51,047 INFO  [TradeProcessor] Begin process method 714 MB
2014-09-25 14:48:51,048 ERROR [TradeProcessor] Error in doSecurityExist
java.lang.RuntimeException: Storage is not configured
	at com.tangosol.coherence.component.util.daemon.queueProcessor.service.DistributedCache$BinaryMap.onMissingStorage(DistributedCache.CDB:9)
	at com.tangosol.coherence.component.util.daemon.queueProcessor.service.DistributedCache$BinaryMap.get(DistributedCache.CDB:15)
	at com.tangosol.util.ConverterCollections$ConverterMap.get(ConverterCollections.java:1300)
	at com.tangosol.coherence.component.util.daemon.queueProcessor.service.DistributedCache$ViewMap.get(DistributedCache.CDB:1)
	at com.tangosol.coherence.component.util.SafeNamedCache.get(SafeNamedCache.CDB:1)
	at com.tangosol.net.cache.CachingMap.get(CachingMap.java:490)
	at com.westernasset.smss.common.util.BusinessDateHelper.get(BusinessDateHelper.java:55)
	at com.westernasset.smss.common.util.BusinessDateHelper.getBusinessDateFromCacheWithOffset(BusinessDateHelper.java:130)
	at com.westernasset.smss.common.util.BusinessDateHelper.getCurrentBusinessDateAny(BusinessDateHelper.java:125)
	at com.westernasset.pss.msg.reciever.process.TradeProcessor.doSecurityExist(TradeProcessor.java:328)
	at com.westernasset.pss.msg.reciever.process.TradeProcessor.createSecurity(TradeProcessor.java:296)
	at com.westernasset.pss.msg.reciever.process.TradeProcessor.process(TradeProcessor.java:49)
	at com.westernasset.pss.msg.queue.MessageFetcher.processMessage(MessageFetcher.java:91)
	at com.westernasset.pss.msg.queue.MessageFetcher.pullMessageFromQueue(MessageFetcher.java:78)
	at com.westernasset.pss.msg.queue.MessageFetcher.run(MessageFetcher.java:48)
2014-09-25 14:48:51,048 ERROR [AtpToPssMapper] com.westernasset.framework.subsystem.common.SubsystemException: SubsystemExceptionNested:
java.lang.RuntimeException: Storage is not configuredNested:
java.lang.RuntimeException: Storage is not configured
	at com.tangosol.coherence.component.util.daemon.queueProcessor.service.DistributedCache$BinaryMap.onMissingStorage(DistributedCache.CDB:9)
	at com.tangosol.coherence.component.util.daemon.queueProcessor.service.DistributedCache$BinaryMap.get(DistributedCache.CDB:15)
	at com.tangosol.util.ConverterCollections$ConverterMap.get(ConverterCollections.java:1300)
	at com.tangosol.coherence.component.util.daemon.queueProcessor.service.DistributedCache$ViewMap.get(DistributedCache.CDB:1)
	at com.tangosol.coherence.component.util.SafeNamedCache.get(SafeNamedCache.CDB:1)
	at com.tangosol.net.cache.CachingMap.get(CachingMap.java:490)
	at com.westernasset.smss.server.SecurityMasterNearCacheSubsystem.getDigitRatingFromString(SecurityMasterNearCacheSubsystem.java:186)
	at com.westernasset.smss.server.SecurityMasterNearCacheSubsystem.handleFuncCall(SecurityMasterNearCacheSubsystem.java:85)
	at com.westernasset.smss.server.SecurityMasterManagementSubsystem.handleFuncCall(SecurityMasterManagementSubsystem.java:23)
	at com.westernasset.framework.subsystem.receiving.SubsystemImpl.innerHandleFuncCall(SubsystemImpl.java:154)
	at com.westernasset.framework.subsystem.receiving.internal.InProcessFunctionCallReceiver.handleFuncCall(InProcessFunctionCallReceiver.java:49)
	at com.westernasset.framework.subsystem.calling.internal.inprocess.InProcessFunctionCallCaller.doCall(InProcessFunctionCallCaller.java:19)
	at com.westernasset.framework.subsystem.calling.internal.inprocess.ForwardIfNotFoundFunctionCallCaller.doCall(ForwardIfNotFoundFunctionCallCaller.java:28)
	at com.westernasset.framework.subsystem.calling.internal.base.BaseFunctionCallCaller.callFunc(BaseFunctionCallCaller.java:33)
	at com.westernasset.framework.subsystem.calling.internal.base.BaseSubsystem.callFunc(BaseSubsystem.java:35)
	at com.westernasset.pss.msg.mapper.AtpToPssMapper.getRating(AtpToPssMapper.java:219)
	at com.westernasset.pss.msg.mapper.AtpToPssMapper.updateSecurityWithRatings(AtpToPssMapper.java:167)
	at com.westernasset.pss.msg.mapper.AtpToPssMapper.createSecurityVO(AtpToPssMapper.java:133)
	at com.westernasset.pss.msg.reciever.process.TradeProcessor.createSecurity(TradeProcessor.java:297)
	at com.westernasset.pss.msg.reciever.process.TradeProcessor.process(TradeProcessor.java:49)
	at com.westernasset.pss.msg.queue.MessageFetcher.processMessage(MessageFetcher.java:91)
	at com.westernasset.pss.msg.queue.MessageFetcher.pullMessageFromQueue(MessageFetcher.java:78)
	at com.westernasset.pss.msg.queue.MessageFetcher.run(MessageFetcher.java:48)

2014-09-25 14:48:51,049 ERROR [AtpToPssMapper] com.westernasset.framework.subsystem.common.SubsystemException: SubsystemExceptionNested:
java.lang.RuntimeException: Storage is not configuredNested:
java.lang.RuntimeException: Storage is not configured
	at com.tangosol.coherence.component.util.daemon.queueProcessor.service.DistributedCache$BinaryMap.onMissingStorage(DistributedCache.CDB:9)
	at com.tangosol.coherence.component.util.daemon.queueProcessor.service.DistributedCache$BinaryMap.get(DistributedCache.CDB:15)
	at com.tangosol.util.ConverterCollections$ConverterMap.get(ConverterCollections.java:1300)
	at com.tangosol.coherence.component.util.daemon.queueProcessor.service.DistributedCache$ViewMap.get(DistributedCache.CDB:1)
	at com.tangosol.coherence.component.util.SafeNamedCache.get(SafeNamedCache.CDB:1)
	at com.tangosol.net.cache.CachingMap.get(CachingMap.java:490)
	at com.westernasset.smss.server.SecurityMasterNearCacheSubsystem.getDigitRatingFromString(SecurityMasterNearCacheSubsystem.java:186)
	at com.westernasset.smss.server.SecurityMasterNearCacheSubsystem.handleFuncCall(SecurityMasterNearCacheSubsystem.java:85)
	at com.westernasset.smss.server.SecurityMasterManagementSubsystem.handleFuncCall(SecurityMasterManagementSubsystem.java:23)
	at com.westernasset.framework.subsystem.receiving.SubsystemImpl.innerHandleFuncCall(SubsystemImpl.java:154)
	at com.westernasset.framework.subsystem.receiving.internal.InProcessFunctionCallReceiver.handleFuncCall(InProcessFunctionCallReceiver.java:49)
	at com.westernasset.framework.subsystem.calling.internal.inprocess.InProcessFunctionCallCaller.doCall(InProcessFunctionCallCaller.java:19)
	at com.westernasset.framework.subsystem.calling.internal.inprocess.ForwardIfNotFoundFunctionCallCaller.doCall(ForwardIfNotFoundFunctionCallCaller.java:28)
	at com.westernasset.framework.subsystem.calling.internal.base.BaseFunctionCallCaller.callFunc(BaseFunctionCallCaller.java:33)
	at com.westernasset.framework.subsystem.calling.internal.base.BaseSubsystem.callFunc(BaseSubsystem.java:35)
	at com.westernasset.pss.msg.mapper.AtpToPssMapper.getRating(AtpToPssMapper.java:219)
	at com.westernasset.pss.msg.mapper.AtpToPssMapper.updateSecurityWithRatings(AtpToPssMapper.java:172)
	at com.westernasset.pss.msg.mapper.AtpToPssMapper.createSecurityVO(AtpToPssMapper.java:133)
	at com.westernasset.pss.msg.reciever.process.TradeProcessor.createSecurity(TradeProcessor.java:297)
	at com.westernasset.pss.msg.reciever.process.TradeProcessor.process(TradeProcessor.java:49)
	at com.westernasset.pss.msg.queue.MessageFetcher.processMessage(MessageFetcher.java:91)
	at com.westernasset.pss.msg.queue.MessageFetcher.pullMessageFromQueue(MessageFetcher.java:78)
	at com.westernasset.pss.msg.queue.MessageFetcher.run(MessageFetcher.java:48)

2014-09-25 14:48:51,049 ERROR [AtpToPssMapper] com.westernasset.framework.subsystem.common.SubsystemException: SubsystemExceptionNested:
java.lang.RuntimeException: Storage is not configuredNested:
java.lang.RuntimeException: Storage is not configured
	at com.tangosol.coherence.component.util.daemon.queueProcessor.service.DistributedCache$BinaryMap.onMissingStorage(DistributedCache.CDB:9)
	at com.tangosol.coherence.component.util.daemon.queueProcessor.service.DistributedCache$BinaryMap.get(DistributedCache.CDB:15)
	at com.tangosol.util.ConverterCollections$ConverterMap.get(ConverterCollections.java:1300)
	at com.tangosol.coherence.component.util.daemon.queueProcessor.service.DistributedCache$ViewMap.get(DistributedCache.CDB:1)
	at com.tangosol.coherence.component.util.SafeNamedCache.get(SafeNamedCache.CDB:1)
	at com.tangosol.net.cache.CachingMap.get(CachingMap.java:490)
	at com.westernasset.smss.server.SecurityMasterNearCacheSubsystem.getDigitRatingFromString(SecurityMasterNearCacheSubsystem.java:186)
	at com.westernasset.smss.server.SecurityMasterNearCacheSubsystem.handleFuncCall(SecurityMasterNearCacheSubsystem.java:85)
	at com.westernasset.smss.server.SecurityMasterManagementSubsystem.handleFuncCall(SecurityMasterManagementSubsystem.java:23)
	at com.westernasset.framework.subsystem.receiving.SubsystemImpl.innerHandleFuncCall(SubsystemImpl.java:154)
	at com.westernasset.framework.subsystem.receiving.internal.InProcessFunctionCallReceiver.handleFuncCall(InProcessFunctionCallReceiver.java:49)
	at com.westernasset.framework.subsystem.calling.internal.inprocess.InProcessFunctionCallCaller.doCall(InProcessFunctionCallCaller.java:19)
	at com.westernasset.framework.subsystem.calling.internal.inprocess.ForwardIfNotFoundFunctionCallCaller.doCall(ForwardIfNotFoundFunctionCallCaller.java:28)
	at com.westernasset.framework.subsystem.calling.internal.base.BaseFunctionCallCaller.callFunc(BaseFunctionCallCaller.java:33)
	at com.westernasset.framework.subsystem.calling.internal.base.BaseSubsystem.callFunc(BaseSubsystem.java:35)
	at com.westernasset.pss.msg.mapper.AtpToPssMapper.getRating(AtpToPssMapper.java:219)
	at com.westernasset.pss.msg.mapper.AtpToPssMapper.updateSecurityWithRatings(AtpToPssMapper.java:177)
	at com.westernasset.pss.msg.mapper.AtpToPssMapper.createSecurityVO(AtpToPssMapper.java:133)
	at com.westernasset.pss.msg.reciever.process.TradeProcessor.createSecurity(TradeProcessor.java:297)
	at com.westernasset.pss.msg.reciever.process.TradeProcessor.process(TradeProcessor.java:49)
	at com.westernasset.pss.msg.queue.MessageFetcher.processMessage(MessageFetcher.java:91)
	at com.westernasset.pss.msg.queue.MessageFetcher.pullMessageFromQueue(MessageFetcher.java:78)
	at com.westernasset.pss.msg.queue.MessageFetcher.run(MessageFetcher.java:48)

2014-09-25 14:48:51,050 ERROR [AtpToPssMapper] com.westernasset.framework.subsystem.common.SubsystemException: SubsystemExceptionNested:
java.lang.RuntimeException: Storage is not configuredNested:
java.lang.RuntimeException: Storage is not configured
	at com.tangosol.coherence.component.util.daemon.queueProcessor.service.DistributedCache$BinaryMap.onMissingStorage(DistributedCache.CDB:9)
	at com.tangosol.coherence.component.util.daemon.queueProcessor.service.DistributedCache$BinaryMap.get(DistributedCache.CDB:15)
	at com.tangosol.util.ConverterCollections$ConverterMap.get(ConverterCollections.java:1300)
	at com.tangosol.coherence.component.util.daemon.queueProcessor.service.DistributedCache$ViewMap.get(DistributedCache.CDB:1)
	at com.tangosol.coherence.component.util.SafeNamedCache.get(SafeNamedCache.CDB:1)
	at com.tangosol.net.cache.CachingMap.get(CachingMap.java:490)
	at com.westernasset.smss.server.SecurityMasterNearCacheSubsystem.getDigitRatingFromString(SecurityMasterNearCacheSubsystem.java:186)
	at com.westernasset.smss.server.SecurityMasterNearCacheSubsystem.handleFuncCall(SecurityMasterNearCacheSubsystem.java:85)
	at com.westernasset.smss.server.SecurityMasterManagementSubsystem.handleFuncCall(SecurityMasterManagementSubsystem.java:23)
	at com.westernasset.framework.subsystem.receiving.SubsystemImpl.innerHandleFuncCall(SubsystemImpl.java:154)
	at com.westernasset.framework.subsystem.receiving.internal.InProcessFunctionCallReceiver.handleFuncCall(InProcessFunctionCallReceiver.java:49)
	at com.westernasset.framework.subsystem.calling.internal.inprocess.InProcessFunctionCallCaller.doCall(InProcessFunctionCallCaller.java:19)
	at com.westernasset.framework.subsystem.calling.internal.inprocess.ForwardIfNotFoundFunctionCallCaller.doCall(ForwardIfNotFoundFunctionCallCaller.java:28)
	at com.westernasset.framework.subsystem.calling.internal.base.BaseFunctionCallCaller.callFunc(BaseFunctionCallCaller.java:33)
	at com.westernasset.framework.subsystem.calling.internal.base.BaseSubsystem.callFunc(BaseSubsystem.java:35)
	at com.westernasset.pss.msg.mapper.AtpToPssMapper.getRating(AtpToPssMapper.java:219)
	at com.westernasset.pss.msg.mapper.AtpToPssMapper.updateSecurityWithRatings(AtpToPssMapper.java:182)
	at com.westernasset.pss.msg.mapper.AtpToPssMapper.createSecurityVO(AtpToPssMapper.java:133)
	at com.westernasset.pss.msg.reciever.process.TradeProcessor.createSecurity(TradeProcessor.java:297)
	at com.westernasset.pss.msg.reciever.process.TradeProcessor.process(TradeProcessor.java:49)
	at com.westernasset.pss.msg.queue.MessageFetcher.processMessage(MessageFetcher.java:91)
	at com.westernasset.pss.msg.queue.MessageFetcher.pullMessageFromQueue(MessageFetcher.java:78)
	at com.westernasset.pss.msg.queue.MessageFetcher.run(MessageFetcher.java:48)

2014-09-25 14:48:51,050 ERROR [AtpToPssMapper] com.westernasset.framework.subsystem.common.SubsystemException: SubsystemExceptionNested:
java.lang.RuntimeException: Storage is not configuredNested:
java.lang.RuntimeException: Storage is not configured
	at com.tangosol.coherence.component.util.daemon.queueProcessor.service.DistributedCache$BinaryMap.onMissingStorage(DistributedCache.CDB:9)
	at com.tangosol.coherence.component.util.daemon.queueProcessor.service.DistributedCache$BinaryMap.get(DistributedCache.CDB:15)
	at com.tangosol.util.ConverterCollections$ConverterMap.get(ConverterCollections.java:1300)
	at com.tangosol.coherence.component.util.daemon.queueProcessor.service.DistributedCache$ViewMap.get(DistributedCache.CDB:1)
	at com.tangosol.coherence.component.util.SafeNamedCache.get(SafeNamedCache.CDB:1)
	at com.tangosol.net.cache.CachingMap.get(CachingMap.java:490)
	at com.westernasset.smss.server.SecurityMasterNearCacheSubsystem.getDigitRatingFromString(SecurityMasterNearCacheSubsystem.java:186)
	at com.westernasset.smss.server.SecurityMasterNearCacheSubsystem.handleFuncCall(SecurityMasterNearCacheSubsystem.java:85)
	at com.westernasset.smss.server.SecurityMasterManagementSubsystem.handleFuncCall(SecurityMasterManagementSubsystem.java:23)
	at com.westernasset.framework.subsystem.receiving.SubsystemImpl.innerHandleFuncCall(SubsystemImpl.java:154)
	at com.westernasset.framework.subsystem.receiving.internal.InProcessFunctionCallReceiver.handleFuncCall(InProcessFunctionCallReceiver.java:49)
	at com.westernasset.framework.subsystem.calling.internal.inprocess.InProcessFunctionCallCaller.doCall(InProcessFunctionCallCaller.java:19)
	at com.westernasset.framework.subsystem.calling.internal.inprocess.ForwardIfNotFoundFunctionCallCaller.doCall(ForwardIfNotFoundFunctionCallCaller.java:28)
	at com.westernasset.framework.subsystem.calling.internal.base.BaseFunctionCallCaller.callFunc(BaseFunctionCallCaller.java:33)
	at com.westernasset.framework.subsystem.calling.internal.base.BaseSubsystem.callFunc(BaseSubsystem.java:35)
	at com.westernasset.pss.msg.mapper.AtpToPssMapper.getRating(AtpToPssMapper.java:219)
	at com.westernasset.pss.msg.mapper.AtpToPssMapper.updateSecurityWithRatings(AtpToPssMapper.java:187)
	at com.westernasset.pss.msg.mapper.AtpToPssMapper.createSecurityVO(AtpToPssMapper.java:133)
	at com.westernasset.pss.msg.reciever.process.TradeProcessor.createSecurity(TradeProcessor.java:297)
	at com.westernasset.pss.msg.reciever.process.TradeProcessor.process(TradeProcessor.java:49)
	at com.westernasset.pss.msg.queue.MessageFetcher.processMessage(MessageFetcher.java:91)
	at com.westernasset.pss.msg.queue.MessageFetcher.pullMessageFromQueue(MessageFetcher.java:78)
	at com.westernasset.pss.msg.queue.MessageFetcher.run(MessageFetcher.java:48)

2014-09-25 14:48:51,051 ERROR [AtpToPssMapper] com.westernasset.framework.subsystem.common.SubsystemException: SubsystemExceptionNested:
java.lang.RuntimeException: Storage is not configuredNested:
java.lang.RuntimeException: Storage is not configured
	at com.tangosol.coherence.component.util.daemon.queueProcessor.service.DistributedCache$BinaryMap.onMissingStorage(DistributedCache.CDB:9)
	at com.tangosol.coherence.component.util.daemon.queueProcessor.service.DistributedCache$BinaryMap.get(DistributedCache.CDB:15)
	at com.tangosol.util.ConverterCollections$ConverterMap.get(ConverterCollections.java:1300)
	at com.tangosol.coherence.component.util.daemon.queueProcessor.service.DistributedCache$ViewMap.get(DistributedCache.CDB:1)
	at com.tangosol.coherence.component.util.SafeNamedCache.get(SafeNamedCache.CDB:1)
	at com.tangosol.net.cache.CachingMap.get(CachingMap.java:490)
	at com.westernasset.smss.server.SecurityMasterNearCacheSubsystem.getDigitRatingFromString(SecurityMasterNearCacheSubsystem.java:186)
	at com.westernasset.smss.server.SecurityMasterNearCacheSubsystem.handleFuncCall(SecurityMasterNearCacheSubsystem.java:85)
	at com.westernasset.smss.server.SecurityMasterManagementSubsystem.handleFuncCall(SecurityMasterManagementSubsystem.java:23)
	at com.westernasset.framework.subsystem.receiving.SubsystemImpl.innerHandleFuncCall(SubsystemImpl.java:154)
	at com.westernasset.framework.subsystem.receiving.internal.InProcessFunctionCallReceiver.handleFuncCall(InProcessFunctionCallReceiver.java:49)
	at com.westernasset.framework.subsystem.calling.internal.inprocess.InProcessFunctionCallCaller.doCall(InProcessFunctionCallCaller.java:19)
	at com.westernasset.framework.subsystem.calling.internal.inprocess.ForwardIfNotFoundFunctionCallCaller.doCall(ForwardIfNotFoundFunctionCallCaller.java:28)
	at com.westernasset.framework.subsystem.calling.internal.base.BaseFunctionCallCaller.callFunc(BaseFunctionCallCaller.java:33)
	at com.westernasset.framework.subsystem.calling.internal.base.BaseSubsystem.callFunc(BaseSubsystem.java:35)
	at com.westernasset.pss.msg.mapper.AtpToPssMapper.getRating(AtpToPssMapper.java:219)
	at com.westernasset.pss.msg.mapper.AtpToPssMapper.updateSecurityWithRatings(AtpToPssMapper.java:192)
	at com.westernasset.pss.msg.mapper.AtpToPssMapper.createSecurityVO(AtpToPssMapper.java:133)
	at com.westernasset.pss.msg.reciever.process.TradeProcessor.createSecurity(TradeProcessor.java:297)
	at com.westernasset.pss.msg.reciever.process.TradeProcessor.process(TradeProcessor.java:49)
	at com.westernasset.pss.msg.queue.MessageFetcher.processMessage(MessageFetcher.java:91)
	at com.westernasset.pss.msg.queue.MessageFetcher.pullMessageFromQueue(MessageFetcher.java:78)
	at com.westernasset.pss.msg.queue.MessageFetcher.run(MessageFetcher.java:48)

2014-09-25 14:48:51,051 ERROR [AtpToPssMapper] com.westernasset.framework.subsystem.common.SubsystemException: SubsystemExceptionNested:
java.lang.RuntimeException: Storage is not configuredNested:
java.lang.RuntimeException: Storage is not configured
	at com.tangosol.coherence.component.util.daemon.queueProcessor.service.DistributedCache$BinaryMap.onMissingStorage(DistributedCache.CDB:9)
	at com.tangosol.coherence.component.util.daemon.queueProcessor.service.DistributedCache$BinaryMap.get(DistributedCache.CDB:15)
	at com.tangosol.util.ConverterCollections$ConverterMap.get(ConverterCollections.java:1300)
	at com.tangosol.coherence.component.util.daemon.queueProcessor.service.DistributedCache$ViewMap.get(DistributedCache.CDB:1)
	at com.tangosol.coherence.component.util.SafeNamedCache.get(SafeNamedCache.CDB:1)
	at com.tangosol.net.cache.CachingMap.get(CachingMap.java:490)
	at com.westernasset.smss.server.SecurityMasterNearCacheSubsystem.getDigitRatingFromString(SecurityMasterNearCacheSubsystem.java:186)
	at com.westernasset.smss.server.SecurityMasterNearCacheSubsystem.handleFuncCall(SecurityMasterNearCacheSubsystem.java:85)
	at com.westernasset.smss.server.SecurityMasterManagementSubsystem.handleFuncCall(SecurityMasterManagementSubsystem.java:23)
	at com.westernasset.framework.subsystem.receiving.SubsystemImpl.innerHandleFuncCall(SubsystemImpl.java:154)
	at com.westernasset.framework.subsystem.receiving.internal.InProcessFunctionCallReceiver.handleFuncCall(InProcessFunctionCallReceiver.java:49)
	at com.westernasset.framework.subsystem.calling.internal.inprocess.InProcessFunctionCallCaller.doCall(InProcessFunctionCallCaller.java:19)
	at com.westernasset.framework.subsystem.calling.internal.inprocess.ForwardIfNotFoundFunctionCallCaller.doCall(ForwardIfNotFoundFunctionCallCaller.java:28)
	at com.westernasset.framework.subsystem.calling.internal.base.BaseFunctionCallCaller.callFunc(BaseFunctionCallCaller.java:33)
	at com.westernasset.framework.subsystem.calling.internal.base.BaseSubsystem.callFunc(BaseSubsystem.java:35)
	at com.westernasset.pss.msg.mapper.AtpToPssMapper.getRating(AtpToPssMapper.java:219)
	at com.westernasset.pss.msg.mapper.AtpToPssMapper.updateSecurityWithRatings(AtpToPssMapper.java:197)
	at com.westernasset.pss.msg.mapper.AtpToPssMapper.createSecurityVO(AtpToPssMapper.java:133)
	at com.westernasset.pss.msg.reciever.process.TradeProcessor.createSecurity(TradeProcessor.java:297)
	at com.westernasset.pss.msg.reciever.process.TradeProcessor.process(TradeProcessor.java:49)
	at com.westernasset.pss.msg.queue.MessageFetcher.processMessage(MessageFetcher.java:91)
	at com.westernasset.pss.msg.queue.MessageFetcher.pullMessageFromQueue(MessageFetcher.java:78)
	at com.westernasset.pss.msg.queue.MessageFetcher.run(MessageFetcher.java:48)

2014-09-25 14:48:51,052 ERROR [AtpToPssMapper] com.westernasset.framework.subsystem.common.SubsystemException: SubsystemExceptionNested:
java.lang.RuntimeException: Storage is not configuredNested:
java.lang.RuntimeException: Storage is not configured
	at com.tangosol.coherence.component.util.daemon.queueProcessor.service.DistributedCache$BinaryMap.onMissingStorage(DistributedCache.CDB:9)
	at com.tangosol.coherence.component.util.daemon.queueProcessor.service.DistributedCache$BinaryMap.get(DistributedCache.CDB:15)
	at com.tangosol.util.ConverterCollections$ConverterMap.get(ConverterCollections.java:1300)
	at com.tangosol.coherence.component.util.daemon.queueProcessor.service.DistributedCache$ViewMap.get(DistributedCache.CDB:1)
	at com.tangosol.coherence.component.util.SafeNamedCache.get(SafeNamedCache.CDB:1)
	at com.tangosol.net.cache.CachingMap.get(CachingMap.java:490)
	at com.westernasset.smss.server.SecurityMasterNearCacheSubsystem.getDigitRatingFromString(SecurityMasterNearCacheSubsystem.java:186)
	at com.westernasset.smss.server.SecurityMasterNearCacheSubsystem.handleFuncCall(SecurityMasterNearCacheSubsystem.java:85)
	at com.westernasset.smss.server.SecurityMasterManagementSubsystem.handleFuncCall(SecurityMasterManagementSubsystem.java:23)
	at com.westernasset.framework.subsystem.receiving.SubsystemImpl.innerHandleFuncCall(SubsystemImpl.java:154)
	at com.westernasset.framework.subsystem.receiving.internal.InProcessFunctionCallReceiver.handleFuncCall(InProcessFunctionCallReceiver.java:49)
	at com.westernasset.framework.subsystem.calling.internal.inprocess.InProcessFunctionCallCaller.doCall(InProcessFunctionCallCaller.java:19)
	at com.westernasset.framework.subsystem.calling.internal.inprocess.ForwardIfNotFoundFunctionCallCaller.doCall(ForwardIfNotFoundFunctionCallCaller.java:28)
	at com.westernasset.framework.subsystem.calling.internal.base.BaseFunctionCallCaller.callFunc(BaseFunctionCallCaller.java:33)
	at com.westernasset.framework.subsystem.calling.internal.base.BaseSubsystem.callFunc(BaseSubsystem.java:35)
	at com.westernasset.pss.msg.mapper.AtpToPssMapper.getRating(AtpToPssMapper.java:219)
	at com.westernasset.pss.msg.mapper.AtpToPssMapper.updateSecurityWithRatings(AtpToPssMapper.java:202)
	at com.westernasset.pss.msg.mapper.AtpToPssMapper.createSecurityVO(AtpToPssMapper.java:133)
	at com.westernasset.pss.msg.reciever.process.TradeProcessor.createSecurity(TradeProcessor.java:297)
	at com.westernasset.pss.msg.reciever.process.TradeProcessor.process(TradeProcessor.java:49)
	at com.westernasset.pss.msg.queue.MessageFetcher.processMessage(MessageFetcher.java:91)
	at com.westernasset.pss.msg.queue.MessageFetcher.pullMessageFromQueue(MessageFetcher.java:78)
	at com.westernasset.pss.msg.queue.MessageFetcher.run(MessageFetcher.java:48)

2014-09-25 14:48:51,054 ERROR [SecurityCacheManager] Failed to add security to cache: Storage is not configured : {SecurityId=1038057, AMTValue=1.0, MoodyRating=0, MoodyShortRating=0, FitchRating=0, FitchShortRating=0, SecurityTypeId=22, AssetTypeId=8, ProductId=20, SpRating=0, SpShortRating=0, WaRating=0, WaShortRating=0, IssueDate=2010-11-03T00:00:00.000-0700, MaturityDate=2020-11-03T00:00:00.000-0800, AssetId=90969QAA0, CurrencyCode=USD, SecurityType=CORPORATE, Description=UBM PLC, Product=Bonds/Notes (Par), SubSubSector=MEDIA_NONCABLE, TickerSymbol=UBM, BBName=UBM PLC, IntType=FIXED, MinPiece=100000.0000, MinIncrement=100000.0000, AverageLife=6.108, Coupon=5.75, Dtm=2231.0, DtmLegalFinal=2231.0, Factor=1.0, DurationFactor=1.0, EffectiveConvexity=0.319, EffectiveDuration=5.143, YieldToWorst=4.254, MarketCFYield=4.254, OptionASpread=221.0, SpreadDuration=5.05, Country=UK, AMT=N, NyIssuer=UBM&8, LnIssuer=UBM&8}
java.lang.RuntimeException: Storage is not configured
	at com.tangosol.coherence.component.util.daemon.queueProcessor.service.DistributedCache$BinaryMap.onMissingStorage(DistributedCache.CDB:9)
	at com.tangosol.coherence.component.util.daemon.queueProcessor.service.DistributedCache$BinaryMap.get(DistributedCache.CDB:15)
	at com.tangosol.util.ConverterCollections$ConverterMap.get(ConverterCollections.java:1300)
	at com.tangosol.coherence.component.util.daemon.queueProcessor.service.DistributedCache$ViewMap.get(DistributedCache.CDB:1)
	at com.tangosol.coherence.component.util.SafeNamedCache.get(SafeNamedCache.CDB:1)
	at com.tangosol.net.cache.CachingMap.get(CachingMap.java:490)
	at com.westernasset.smss.common.util.BusinessUtils.getIssuerDesciption(BusinessUtils.java:146)
	at com.westernasset.smss.common.util.BusinessUtils.fillNUIssuerId(BusinessUtils.java:513)
	at com.westernasset.smss.common.util.BusinessUtils.fillDerivedValues(BusinessUtils.java:421)
	at com.westernasset.smss.server.SecurityCacheManager.addSecurity(SecurityCacheManager.java:137)
	at com.westernasset.smss.server.SecurityMasterNearCacheSubsystem.addSecurity(SecurityMasterNearCacheSubsystem.java:202)
	at com.westernasset.smss.server.SecurityMasterNearCacheSubsystem.handleFuncCall(SecurityMasterNearCacheSubsystem.java:92)
	at com.westernasset.smss.server.SecurityMasterManagementSubsystem.handleFuncCall(SecurityMasterManagementSubsystem.java:23)
	at com.westernasset.framework.subsystem.receiving.SubsystemImpl.innerHandleFuncCall(SubsystemImpl.java:154)
	at com.westernasset.framework.subsystem.receiving.internal.InProcessFunctionCallReceiver.handleFuncCall(InProcessFunctionCallReceiver.java:49)
	at com.westernasset.framework.subsystem.calling.internal.inprocess.InProcessFunctionCallCaller.doCall(InProcessFunctionCallCaller.java:19)
	at com.westernasset.framework.subsystem.calling.internal.inprocess.ForwardIfNotFoundFunctionCallCaller.doCall(ForwardIfNotFoundFunctionCallCaller.java:28)
	at com.westernasset.framework.subsystem.calling.internal.base.BaseFunctionCallCaller.callFunc(BaseFunctionCallCaller.java:33)
	at com.westernasset.framework.subsystem.calling.internal.base.BaseSubsystem.callFunc(BaseSubsystem.java:35)
	at com.westernasset.pss.msg.reciever.process.TradeProcessor.createSecurity(TradeProcessor.java:302)
	at com.westernasset.pss.msg.reciever.process.TradeProcessor.process(TradeProcessor.java:49)
	at com.westernasset.pss.msg.queue.MessageFetcher.processMessage(MessageFetcher.java:91)
	at com.westernasset.pss.msg.queue.MessageFetcher.pullMessageFromQueue(MessageFetcher.java:78)
	at com.westernasset.pss.msg.queue.MessageFetcher.run(MessageFetcher.java:48)
2014-09-25 14:48:51,054 INFO  [TradeProcessor] Created Security :{SecurityId=1038057, AMTValue=1.0, MoodyRating=0, MoodyShortRating=0, FitchRating=0, FitchShortRating=0, SecurityTypeId=22, AssetTypeId=8, ProductId=20, SpRating=0, SpShortRating=0, WaRating=0, WaShortRating=0, IssueDate=2010-11-03T00:00:00.000-0700, MaturityDate=2020-11-03T00:00:00.000-0800, AssetId=90969QAA0, CurrencyCode=USD, SecurityType=CORPORATE, Description=UBM PLC, Product=Bonds/Notes (Par), SubSubSector=MEDIA_NONCABLE, TickerSymbol=UBM, BBName=UBM PLC, IntType=FIXED, MinPiece=100000.0000, MinIncrement=100000.0000, AverageLife=6.108, Coupon=5.75, Dtm=2231.0, DtmLegalFinal=2231.0, Factor=1.0, DurationFactor=1.0, EffectiveConvexity=0.319, EffectiveDuration=5.143, YieldToWorst=4.254, MarketCFYield=4.254, OptionASpread=221.0, SpreadDuration=5.05, Country=UK, AMT=N, NyIssuer=UBM&8, LnIssuer=UBM&8}
2014-09-25 14:48:51,055 ERROR [TradeProcessor] Error in getPrioTradeStatusByMessage
com.westernasset.framework.subsystem.common.SubsystemException: SubsystemExceptionNested:
java.lang.RuntimeException: Storage is not configuredNested:
java.lang.RuntimeException: Storage is not configured
	at com.tangosol.coherence.component.util.daemon.queueProcessor.service.DistributedCache$BinaryMap.onMissingStorage(DistributedCache.CDB:9)
	at com.tangosol.coherence.component.util.daemon.queueProcessor.service.DistributedCache$BinaryMap.get(DistributedCache.CDB:15)
	at com.tangosol.util.ConverterCollections$ConverterMap.get(ConverterCollections.java:1300)
	at com.tangosol.coherence.component.util.daemon.queueProcessor.service.DistributedCache$ViewMap.get(DistributedCache.CDB:1)
	at com.tangosol.coherence.component.util.SafeNamedCache.get(SafeNamedCache.CDB:1)
	at com.tangosol.net.cache.CachingMap.get(CachingMap.java:490)
	at com.westernasset.tss.cache.TradeCacheManager.getTradeById(TradeCacheManager.java:202)
	at com.westernasset.tss.services.TradeNearCacheSubsystem.getTradeById(TradeNearCacheSubsystem.java:104)
	at com.westernasset.tss.services.TradeNearCacheSubsystem.handleFuncCall(TradeNearCacheSubsystem.java:50)
	at com.westernasset.tss.services.TradeSubsystem.handleFuncCall(TradeSubsystem.java:29)
	at com.westernasset.framework.subsystem.receiving.SubsystemImpl.innerHandleFuncCall(SubsystemImpl.java:154)
	at com.westernasset.framework.subsystem.receiving.internal.InProcessFunctionCallReceiver.handleFuncCall(InProcessFunctionCallReceiver.java:49)
	at com.westernasset.framework.subsystem.calling.internal.inprocess.InProcessFunctionCallCaller.doCall(InProcessFunctionCallCaller.java:19)
	at com.westernasset.framework.subsystem.calling.internal.inprocess.ForwardIfNotFoundFunctionCallCaller.doCall(ForwardIfNotFoundFunctionCallCaller.java:28)
	at com.westernasset.framework.subsystem.calling.internal.base.BaseFunctionCallCaller.callFunc(BaseFunctionCallCaller.java:33)
	at com.westernasset.framework.subsystem.calling.internal.base.BaseSubsystem.callFunc(BaseSubsystem.java:35)
	at com.westernasset.pss.msg.reciever.process.TradeProcessor.getTradeByTradeId(TradeProcessor.java:250)
	at com.westernasset.pss.msg.reciever.process.TradeProcessor.getPrioTradeStatusByMessage(TradeProcessor.java:268)
	at com.westernasset.pss.msg.reciever.process.TradeProcessor.process(TradeProcessor.java:50)
	at com.westernasset.pss.msg.queue.MessageFetcher.processMessage(MessageFetcher.java:91)
	at com.westernasset.pss.msg.queue.MessageFetcher.pullMessageFromQueue(MessageFetcher.java:78)
	at com.westernasset.pss.msg.queue.MessageFetcher.run(MessageFetcher.java:48)

	at com.westernasset.framework.subsystem.common.internal.SubsystemExceptionUtils.dataObjectToException(SubsystemExceptionUtils.java:38)
	at com.westernasset.framework.subsystem.common.internal.SubsystemExceptionUtils.throwExceptionIfNeeded(SubsystemExceptionUtils.java:15)
	at com.westernasset.framework.subsystem.calling.internal.base.BaseSubsystem.callFunc(BaseSubsystem.java:37)
	at com.westernasset.pss.msg.reciever.process.TradeProcessor.getTradeByTradeId(TradeProcessor.java:250)
	at com.westernasset.pss.msg.reciever.process.TradeProcessor.getPrioTradeStatusByMessage(TradeProcessor.java:268)
	at com.westernasset.pss.msg.reciever.process.TradeProcessor.process(TradeProcessor.java:50)
	at com.westernasset.pss.msg.queue.MessageFetcher.processMessage(MessageFetcher.java:91)
	at com.westernasset.pss.msg.queue.MessageFetcher.pullMessageFromQueue(MessageFetcher.java:78)
	at com.westernasset.pss.msg.queue.MessageFetcher.run(MessageFetcher.java:48)
2014-09-25 14:48:51,055 ERROR [TradeProcessor] Exception occured while processing message
java.lang.RuntimeException: Storage is not configured
	at com.tangosol.coherence.component.util.daemon.queueProcessor.service.DistributedCache$BinaryMap.onMissingStorage(DistributedCache.CDB:9)
	at com.tangosol.coherence.component.util.daemon.queueProcessor.service.DistributedCache$BinaryMap.get(DistributedCache.CDB:15)
	at com.tangosol.util.ConverterCollections$ConverterMap.get(ConverterCollections.java:1300)
	at com.tangosol.coherence.component.util.daemon.queueProcessor.service.DistributedCache$ViewMap.get(DistributedCache.CDB:1)
	at com.tangosol.coherence.component.util.SafeNamedCache.get(SafeNamedCache.CDB:1)
	at com.tangosol.net.cache.CachingMap.get(CachingMap.java:490)
	at com.westernasset.tss.cache.TradeCacheManager.isDuplicateTrade(TradeCacheManager.java:356)
	at com.westernasset.pss.common.util.PojoHelper.createObjects(PojoHelper.java:132)
	at com.westernasset.pss.msg.reciever.process.TradeProcessor.process(TradeProcessor.java:55)
	at com.westernasset.pss.msg.queue.MessageFetcher.processMessage(MessageFetcher.java:91)
	at com.westernasset.pss.msg.queue.MessageFetcher.pullMessageFromQueue(MessageFetcher.java:78)
	at com.westernasset.pss.msg.queue.MessageFetcher.run(MessageFetcher.java:48)
2014-09-25 14:48:51,055 INFO  [TradeProcessor] End process method 715 MB
2014-09-25 14:48:51,055 INFO  [TradeProcessor] Time taken by TradeProcessor.process method 8
2014-09-25 14:48:51,055 INFO  [MessageFetcher] Processing message completed...[7461767]
2014-09-25 14:48:51,055 INFO  [MessageQueue] Removing the first item of 16 from the queue
2014-09-25 14:48:51,055 INFO  [MessageFetcher] Processing message started...[7461562]
2014-09-25 14:48:51,055 INFO  [TradeProcessor] Begin process method 715 MB
2014-09-25 14:48:51,055 ERROR [TradeProcessor] Error in doSecurityExist
java.lang.RuntimeException: Storage is not configured
	at com.tangosol.coherence.component.util.daemon.queueProcessor.service.DistributedCache$BinaryMap.onMissingStorage(DistributedCache.CDB:9)
	at com.tangosol.coherence.component.util.daemon.queueProcessor.service.DistributedCache$BinaryMap.get(DistributedCache.CDB:15)
	at com.tangosol.util.ConverterCollections$ConverterMap.get(ConverterCollections.java:1300)
	at com.tangosol.coherence.component.util.daemon.queueProcessor.service.DistributedCache$ViewMap.get(DistributedCache.CDB:1)
	at com.tangosol.coherence.component.util.SafeNamedCache.get(SafeNamedCache.CDB:1)
	at com.tangosol.net.cache.CachingMap.get(CachingMap.java:490)
	at com.westernasset.smss.common.util.BusinessDateHelper.get(BusinessDateHelper.java:55)
	at com.westernasset.smss.common.util.BusinessDateHelper.getBusinessDateFromCacheWithOffset(BusinessDateHelper.java:130)
	at com.westernasset.smss.common.util.BusinessDateHelper.getCurrentBusinessDateAny(BusinessDateHelper.java:125)
	at com.westernasset.pss.msg.reciever.process.TradeProcessor.doSecurityExist(TradeProcessor.java:328)
	at com.westernasset.pss.msg.reciever.process.TradeProcessor.createSecurity(TradeProcessor.java:296)
	at com.westernasset.pss.msg.reciever.process.TradeProcessor.process(TradeProcessor.java:49)
	at com.westernasset.pss.msg.queue.MessageFetcher.processMessage(MessageFetcher.java:91)
	at com.westernasset.pss.msg.queue.MessageFetcher.pullMessageFromQueue(MessageFetcher.java:78)
	at com.westernasset.pss.msg.queue.MessageFetcher.run(MessageFetcher.java:48)
2014-09-25 14:48:51,056 ERROR [AtpToPssMapper] com.westernasset.framework.subsystem.common.SubsystemException: SubsystemExceptionNested:
java.lang.RuntimeException: Storage is not configuredNested:
java.lang.RuntimeException: Storage is not configured
	at com.tangosol.coherence.component.util.daemon.queueProcessor.service.DistributedCache$BinaryMap.onMissingStorage(DistributedCache.CDB:9)
	at com.tangosol.coherence.component.util.daemon.queueProcessor.service.DistributedCache$BinaryMap.get(DistributedCache.CDB:15)
	at com.tangosol.util.ConverterCollections$ConverterMap.get(ConverterCollections.java:1300)
	at com.tangosol.coherence.component.util.daemon.queueProcessor.service.DistributedCache$ViewMap.get(DistributedCache.CDB:1)
	at com.tangosol.coherence.component.util.SafeNamedCache.get(SafeNamedCache.CDB:1)
	at com.tangosol.net.cache.CachingMap.get(CachingMap.java:490)
	at com.westernasset.smss.server.SecurityMasterNearCacheSubsystem.getDigitRatingFromString(SecurityMasterNearCacheSubsystem.java:186)
	at com.westernasset.smss.server.SecurityMasterNearCacheSubsystem.handleFuncCall(SecurityMasterNearCacheSubsystem.java:85)
	at com.westernasset.smss.server.SecurityMasterManagementSubsystem.handleFuncCall(SecurityMasterManagementSubsystem.java:23)
	at com.westernasset.framework.subsystem.receiving.SubsystemImpl.innerHandleFuncCall(SubsystemImpl.java:154)
	at com.westernasset.framework.subsystem.receiving.internal.InProcessFunctionCallReceiver.handleFuncCall(InProcessFunctionCallReceiver.java:49)
	at com.westernasset.framework.subsystem.calling.internal.inprocess.InProcessFunctionCallCaller.doCall(InProcessFunctionCallCaller.java:19)
	at com.westernasset.framework.subsystem.calling.internal.inprocess.ForwardIfNotFoundFunctionCallCaller.doCall(ForwardIfNotFoundFunctionCallCaller.java:28)
	at com.westernasset.framework.subsystem.calling.internal.base.BaseFunctionCallCaller.callFunc(BaseFunctionCallCaller.java:33)
	at com.westernasset.framework.subsystem.calling.internal.base.BaseSubsystem.callFunc(BaseSubsystem.java:35)
	at com.westernasset.pss.msg.mapper.AtpToPssMapper.getRating(AtpToPssMapper.java:219)
	at com.westernasset.pss.msg.mapper.AtpToPssMapper.updateSecurityWithRatings(AtpToPssMapper.java:167)
	at com.westernasset.pss.msg.mapper.AtpToPssMapper.createSecurityVO(AtpToPssMapper.java:133)
	at com.westernasset.pss.msg.reciever.process.TradeProcessor.createSecurity(TradeProcessor.java:297)
	at com.westernasset.pss.msg.reciever.process.TradeProcessor.process(TradeProcessor.java:49)
	at com.westernasset.pss.msg.queue.MessageFetcher.processMessage(MessageFetcher.java:91)
	at com.westernasset.pss.msg.queue.MessageFetcher.pullMessageFromQueue(MessageFetcher.java:78)
	at com.westernasset.pss.msg.queue.MessageFetcher.run(MessageFetcher.java:48)

2014-09-25 14:48:51,057 ERROR [AtpToPssMapper] com.westernasset.framework.subsystem.common.SubsystemException: SubsystemExceptionNested:
java.lang.RuntimeException: Storage is not configuredNested:
java.lang.RuntimeException: Storage is not configured
	at com.tangosol.coherence.component.util.daemon.queueProcessor.service.DistributedCache$BinaryMap.onMissingStorage(DistributedCache.CDB:9)
	at com.tangosol.coherence.component.util.daemon.queueProcessor.service.DistributedCache$BinaryMap.get(DistributedCache.CDB:15)
	at com.tangosol.util.ConverterCollections$ConverterMap.get(ConverterCollections.java:1300)
	at com.tangosol.coherence.component.util.daemon.queueProcessor.service.DistributedCache$ViewMap.get(DistributedCache.CDB:1)
	at com.tangosol.coherence.component.util.SafeNamedCache.get(SafeNamedCache.CDB:1)
	at com.tangosol.net.cache.CachingMap.get(CachingMap.java:490)
	at com.westernasset.smss.server.SecurityMasterNearCacheSubsystem.getDigitRatingFromString(SecurityMasterNearCacheSubsystem.java:186)
	at com.westernasset.smss.server.SecurityMasterNearCacheSubsystem.handleFuncCall(SecurityMasterNearCacheSubsystem.java:85)
	at com.westernasset.smss.server.SecurityMasterManagementSubsystem.handleFuncCall(SecurityMasterManagementSubsystem.java:23)
	at com.westernasset.framework.subsystem.receiving.SubsystemImpl.innerHandleFuncCall(SubsystemImpl.java:154)
	at com.westernasset.framework.subsystem.receiving.internal.InProcessFunctionCallReceiver.handleFuncCall(InProcessFunctionCallReceiver.java:49)
	at com.westernasset.framework.subsystem.calling.internal.inprocess.InProcessFunctionCallCaller.doCall(InProcessFunctionCallCaller.java:19)
	at com.westernasset.framework.subsystem.calling.internal.inprocess.ForwardIfNotFoundFunctionCallCaller.doCall(ForwardIfNotFoundFunctionCallCaller.java:28)
	at com.westernasset.framework.subsystem.calling.internal.base.BaseFunctionCallCaller.callFunc(BaseFunctionCallCaller.java:33)
	at com.westernasset.framework.subsystem.calling.internal.base.BaseSubsystem.callFunc(BaseSubsystem.java:35)
	at com.westernasset.pss.msg.mapper.AtpToPssMapper.getRating(AtpToPssMapper.java:219)
	at com.westernasset.pss.msg.mapper.AtpToPssMapper.updateSecurityWithRatings(AtpToPssMapper.java:172)
	at com.westernasset.pss.msg.mapper.AtpToPssMapper.createSecurityVO(AtpToPssMapper.java:133)
	at com.westernasset.pss.msg.reciever.process.TradeProcessor.createSecurity(TradeProcessor.java:297)
	at com.westernasset.pss.msg.reciever.process.TradeProcessor.process(TradeProcessor.java:49)
	at com.westernasset.pss.msg.queue.MessageFetcher.processMessage(MessageFetcher.java:91)
	at com.westernasset.pss.msg.queue.MessageFetcher.pullMessageFromQueue(MessageFetcher.java:78)
	at com.westernasset.pss.msg.queue.MessageFetcher.run(MessageFetcher.java:48)

2014-09-25 14:48:51,057 ERROR [AtpToPssMapper] com.westernasset.framework.subsystem.common.SubsystemException: SubsystemExceptionNested:
java.lang.RuntimeException: Storage is not configuredNested:
java.lang.RuntimeException: Storage is not configured
	at com.tangosol.coherence.component.util.daemon.queueProcessor.service.DistributedCache$BinaryMap.onMissingStorage(DistributedCache.CDB:9)
	at com.tangosol.coherence.component.util.daemon.queueProcessor.service.DistributedCache$BinaryMap.get(DistributedCache.CDB:15)
	at com.tangosol.util.ConverterCollections$ConverterMap.get(ConverterCollections.java:1300)
	at com.tangosol.coherence.component.util.daemon.queueProcessor.service.DistributedCache$ViewMap.get(DistributedCache.CDB:1)
	at com.tangosol.coherence.component.util.SafeNamedCache.get(SafeNamedCache.CDB:1)
	at com.tangosol.net.cache.CachingMap.get(CachingMap.java:490)
	at com.westernasset.smss.server.SecurityMasterNearCacheSubsystem.getDigitRatingFromString(SecurityMasterNearCacheSubsystem.java:186)
	at com.westernasset.smss.server.SecurityMasterNearCacheSubsystem.handleFuncCall(SecurityMasterNearCacheSubsystem.java:85)
	at com.westernasset.smss.server.SecurityMasterManagementSubsystem.handleFuncCall(SecurityMasterManagementSubsystem.java:23)
	at com.westernasset.framework.subsystem.receiving.SubsystemImpl.innerHandleFuncCall(SubsystemImpl.java:154)
	at com.westernasset.framework.subsystem.receiving.internal.InProcessFunctionCallReceiver.handleFuncCall(InProcessFunctionCallReceiver.java:49)
	at com.westernasset.framework.subsystem.calling.internal.inprocess.InProcessFunctionCallCaller.doCall(InProcessFunctionCallCaller.java:19)
	at com.westernasset.framework.subsystem.calling.internal.inprocess.ForwardIfNotFoundFunctionCallCaller.doCall(ForwardIfNotFoundFunctionCallCaller.java:28)
	at com.westernasset.framework.subsystem.calling.internal.base.BaseFunctionCallCaller.callFunc(BaseFunctionCallCaller.java:33)
	at com.westernasset.framework.subsystem.calling.internal.base.BaseSubsystem.callFunc(BaseSubsystem.java:35)
	at com.westernasset.pss.msg.mapper.AtpToPssMapper.getRating(AtpToPssMapper.java:219)
	at com.westernasset.pss.msg.mapper.AtpToPssMapper.updateSecurityWithRatings(AtpToPssMapper.java:177)
	at com.westernasset.pss.msg.mapper.AtpToPssMapper.createSecurityVO(AtpToPssMapper.java:133)
	at com.westernasset.pss.msg.reciever.process.TradeProcessor.createSecurity(TradeProcessor.java:297)
	at com.westernasset.pss.msg.reciever.process.TradeProcessor.process(TradeProcessor.java:49)
	at com.westernasset.pss.msg.queue.MessageFetcher.processMessage(MessageFetcher.java:91)
	at com.westernasset.pss.msg.queue.MessageFetcher.pullMessageFromQueue(MessageFetcher.java:78)
	at com.westernasset.pss.msg.queue.MessageFetcher.run(MessageFetcher.java:48)

2014-09-25 14:48:51,058 ERROR [AtpToPssMapper] com.westernasset.framework.subsystem.common.SubsystemException: SubsystemExceptionNested:
java.lang.RuntimeException: Storage is not configuredNested:
java.lang.RuntimeException: Storage is not configured
	at com.tangosol.coherence.component.util.daemon.queueProcessor.service.DistributedCache$BinaryMap.onMissingStorage(DistributedCache.CDB:9)
	at com.tangosol.coherence.component.util.daemon.queueProcessor.service.DistributedCache$BinaryMap.get(DistributedCache.CDB:15)
	at com.tangosol.util.ConverterCollections$ConverterMap.get(ConverterCollections.java:1300)
	at com.tangosol.coherence.component.util.daemon.queueProcessor.service.DistributedCache$ViewMap.get(DistributedCache.CDB:1)
	at com.tangosol.coherence.component.util.SafeNamedCache.get(SafeNamedCache.CDB:1)
	at com.tangosol.net.cache.CachingMap.get(CachingMap.java:490)
	at com.westernasset.smss.server.SecurityMasterNearCacheSubsystem.getDigitRatingFromString(SecurityMasterNearCacheSubsystem.java:186)
	at com.westernasset.smss.server.SecurityMasterNearCacheSubsystem.handleFuncCall(SecurityMasterNearCacheSubsystem.java:85)
	at com.westernasset.smss.server.SecurityMasterManagementSubsystem.handleFuncCall(SecurityMasterManagementSubsystem.java:23)
	at com.westernasset.framework.subsystem.receiving.SubsystemImpl.innerHandleFuncCall(SubsystemImpl.java:154)
	at com.westernasset.framework.subsystem.receiving.internal.InProcessFunctionCallReceiver.handleFuncCall(InProcessFunctionCallReceiver.java:49)
	at com.westernasset.framework.subsystem.calling.internal.inprocess.InProcessFunctionCallCaller.doCall(InProcessFunctionCallCaller.java:19)
	at com.westernasset.framework.subsystem.calling.internal.inprocess.ForwardIfNotFoundFunctionCallCaller.doCall(ForwardIfNotFoundFunctionCallCaller.java:28)
	at com.westernasset.framework.subsystem.calling.internal.base.BaseFunctionCallCaller.callFunc(BaseFunctionCallCaller.java:33)
	at com.westernasset.framework.subsystem.calling.internal.base.BaseSubsystem.callFunc(BaseSubsystem.java:35)
	at com.westernasset.pss.msg.mapper.AtpToPssMapper.getRating(AtpToPssMapper.java:219)
	at com.westernasset.pss.msg.mapper.AtpToPssMapper.updateSecurityWithRatings(AtpToPssMapper.java:182)
	at com.westernasset.pss.msg.mapper.AtpToPssMapper.createSecurityVO(AtpToPssMapper.java:133)
	at com.westernasset.pss.msg.reciever.process.TradeProcessor.createSecurity(TradeProcessor.java:297)
	at com.westernasset.pss.msg.reciever.process.TradeProcessor.process(TradeProcessor.java:49)
	at com.westernasset.pss.msg.queue.MessageFetcher.processMessage(MessageFetcher.java:91)
	at com.westernasset.pss.msg.queue.MessageFetcher.pullMessageFromQueue(MessageFetcher.java:78)
	at com.westernasset.pss.msg.queue.MessageFetcher.run(MessageFetcher.java:48)

2014-09-25 14:48:51,058 ERROR [AtpToPssMapper] com.westernasset.framework.subsystem.common.SubsystemException: SubsystemExceptionNested:
java.lang.RuntimeException: Storage is not configuredNested:
java.lang.RuntimeException: Storage is not configured
	at com.tangosol.coherence.component.util.daemon.queueProcessor.service.DistributedCache$BinaryMap.onMissingStorage(DistributedCache.CDB:9)
	at com.tangosol.coherence.component.util.daemon.queueProcessor.service.DistributedCache$BinaryMap.get(DistributedCache.CDB:15)
	at com.tangosol.util.ConverterCollections$ConverterMap.get(ConverterCollections.java:1300)
	at com.tangosol.coherence.component.util.daemon.queueProcessor.service.DistributedCache$ViewMap.get(DistributedCache.CDB:1)
	at com.tangosol.coherence.component.util.SafeNamedCache.get(SafeNamedCache.CDB:1)
	at com.tangosol.net.cache.CachingMap.get(CachingMap.java:490)
	at com.westernasset.smss.server.SecurityMasterNearCacheSubsystem.getDigitRatingFromString(SecurityMasterNearCacheSubsystem.java:186)
	at com.westernasset.smss.server.SecurityMasterNearCacheSubsystem.handleFuncCall(SecurityMasterNearCacheSubsystem.java:85)
	at com.westernasset.smss.server.SecurityMasterManagementSubsystem.handleFuncCall(SecurityMasterManagementSubsystem.java:23)
	at com.westernasset.framework.subsystem.receiving.SubsystemImpl.innerHandleFuncCall(SubsystemImpl.java:154)
	at com.westernasset.framework.subsystem.receiving.internal.InProcessFunctionCallReceiver.handleFuncCall(InProcessFunctionCallReceiver.java:49)
	at com.westernasset.framework.subsystem.calling.internal.inprocess.InProcessFunctionCallCaller.doCall(InProcessFunctionCallCaller.java:19)
	at com.westernasset.framework.subsystem.calling.internal.inprocess.ForwardIfNotFoundFunctionCallCaller.doCall(ForwardIfNotFoundFunctionCallCaller.java:28)
	at com.westernasset.framework.subsystem.calling.internal.base.BaseFunctionCallCaller.callFunc(BaseFunctionCallCaller.java:33)
	at com.westernasset.framework.subsystem.calling.internal.base.BaseSubsystem.callFunc(BaseSubsystem.java:35)
	at com.westernasset.pss.msg.mapper.AtpToPssMapper.getRating(AtpToPssMapper.java:219)
	at com.westernasset.pss.msg.mapper.AtpToPssMapper.updateSecurityWithRatings(AtpToPssMapper.java:187)
	at com.westernasset.pss.msg.mapper.AtpToPssMapper.createSecurityVO(AtpToPssMapper.java:133)
	at com.westernasset.pss.msg.reciever.process.TradeProcessor.createSecurity(TradeProcessor.java:297)
	at com.westernasset.pss.msg.reciever.process.TradeProcessor.process(TradeProcessor.java:49)
	at com.westernasset.pss.msg.queue.MessageFetcher.processMessage(MessageFetcher.java:91)
	at com.westernasset.pss.msg.queue.MessageFetcher.pullMessageFromQueue(MessageFetcher.java:78)
	at com.westernasset.pss.msg.queue.MessageFetcher.run(MessageFetcher.java:48)

2014-09-25 14:48:51,058 ERROR [AtpToPssMapper] com.westernasset.framework.subsystem.common.SubsystemException: SubsystemExceptionNested:
java.lang.RuntimeException: Storage is not configuredNested:
java.lang.RuntimeException: Storage is not configured
	at com.tangosol.coherence.component.util.daemon.queueProcessor.service.DistributedCache$BinaryMap.onMissingStorage(DistributedCache.CDB:9)
	at com.tangosol.coherence.component.util.daemon.queueProcessor.service.DistributedCache$BinaryMap.get(DistributedCache.CDB:15)
	at com.tangosol.util.ConverterCollections$ConverterMap.get(ConverterCollections.java:1300)
	at com.tangosol.coherence.component.util.daemon.queueProcessor.service.DistributedCache$ViewMap.get(DistributedCache.CDB:1)
	at com.tangosol.coherence.component.util.SafeNamedCache.get(SafeNamedCache.CDB:1)
	at com.tangosol.net.cache.CachingMap.get(CachingMap.java:490)
	at com.westernasset.smss.server.SecurityMasterNearCacheSubsystem.getDigitRatingFromString(SecurityMasterNearCacheSubsystem.java:186)
	at com.westernasset.smss.server.SecurityMasterNearCacheSubsystem.handleFuncCall(SecurityMasterNearCacheSubsystem.java:85)
	at com.westernasset.smss.server.SecurityMasterManagementSubsystem.handleFuncCall(SecurityMasterManagementSubsystem.java:23)
	at com.westernasset.framework.subsystem.receiving.SubsystemImpl.innerHandleFuncCall(SubsystemImpl.java:154)
	at com.westernasset.framework.subsystem.receiving.internal.InProcessFunctionCallReceiver.handleFuncCall(InProcessFunctionCallReceiver.java:49)
	at com.westernasset.framework.subsystem.calling.internal.inprocess.InProcessFunctionCallCaller.doCall(InProcessFunctionCallCaller.java:19)
	at com.westernasset.framework.subsystem.calling.internal.inprocess.ForwardIfNotFoundFunctionCallCaller.doCall(ForwardIfNotFoundFunctionCallCaller.java:28)
	at com.westernasset.framework.subsystem.calling.internal.base.BaseFunctionCallCaller.callFunc(BaseFunctionCallCaller.java:33)
	at com.westernasset.framework.subsystem.calling.internal.base.BaseSubsystem.callFunc(BaseSubsystem.java:35)
	at com.westernasset.pss.msg.mapper.AtpToPssMapper.getRating(AtpToPssMapper.java:219)
	at com.westernasset.pss.msg.mapper.AtpToPssMapper.updateSecurityWithRatings(AtpToPssMapper.java:192)
	at com.westernasset.pss.msg.mapper.AtpToPssMapper.createSecurityVO(AtpToPssMapper.java:133)
	at com.westernasset.pss.msg.reciever.process.TradeProcessor.createSecurity(TradeProcessor.java:297)
	at com.westernasset.pss.msg.reciever.process.TradeProcessor.process(TradeProcessor.java:49)
	at com.westernasset.pss.msg.queue.MessageFetcher.processMessage(MessageFetcher.java:91)
	at com.westernasset.pss.msg.queue.MessageFetcher.pullMessageFromQueue(MessageFetcher.java:78)
	at com.westernasset.pss.msg.queue.MessageFetcher.run(MessageFetcher.java:48)

2014-09-25 14:48:51,059 ERROR [AtpToPssMapper] com.westernasset.framework.subsystem.common.SubsystemException: SubsystemExceptionNested:
java.lang.RuntimeException: Storage is not configuredNested:
java.lang.RuntimeException: Storage is not configured
	at com.tangosol.coherence.component.util.daemon.queueProcessor.service.DistributedCache$BinaryMap.onMissingStorage(DistributedCache.CDB:9)
	at com.tangosol.coherence.component.util.daemon.queueProcessor.service.DistributedCache$BinaryMap.get(DistributedCache.CDB:15)
	at com.tangosol.util.ConverterCollections$ConverterMap.get(ConverterCollections.java:1300)
	at com.tangosol.coherence.component.util.daemon.queueProcessor.service.DistributedCache$ViewMap.get(DistributedCache.CDB:1)
	at com.tangosol.coherence.component.util.SafeNamedCache.get(SafeNamedCache.CDB:1)
	at com.tangosol.net.cache.CachingMap.get(CachingMap.java:490)
	at com.westernasset.smss.server.SecurityMasterNearCacheSubsystem.getDigitRatingFromString(SecurityMasterNearCacheSubsystem.java:186)
	at com.westernasset.smss.server.SecurityMasterNearCacheSubsystem.handleFuncCall(SecurityMasterNearCacheSubsystem.java:85)
	at com.westernasset.smss.server.SecurityMasterManagementSubsystem.handleFuncCall(SecurityMasterManagementSubsystem.java:23)
	at com.westernasset.framework.subsystem.receiving.SubsystemImpl.innerHandleFuncCall(SubsystemImpl.java:154)
	at com.westernasset.framework.subsystem.receiving.internal.InProcessFunctionCallReceiver.handleFuncCall(InProcessFunctionCallReceiver.java:49)
	at com.westernasset.framework.subsystem.calling.internal.inprocess.InProcessFunctionCallCaller.doCall(InProcessFunctionCallCaller.java:19)
	at com.westernasset.framework.subsystem.calling.internal.inprocess.ForwardIfNotFoundFunctionCallCaller.doCall(ForwardIfNotFoundFunctionCallCaller.java:28)
	at com.westernasset.framework.subsystem.calling.internal.base.BaseFunctionCallCaller.callFunc(BaseFunctionCallCaller.java:33)
	at com.westernasset.framework.subsystem.calling.internal.base.BaseSubsystem.callFunc(BaseSubsystem.java:35)
	at com.westernasset.pss.msg.mapper.AtpToPssMapper.getRating(AtpToPssMapper.java:219)
	at com.westernasset.pss.msg.mapper.AtpToPssMapper.updateSecurityWithRatings(AtpToPssMapper.java:197)
	at com.westernasset.pss.msg.mapper.AtpToPssMapper.createSecurityVO(AtpToPssMapper.java:133)
	at com.westernasset.pss.msg.reciever.process.TradeProcessor.createSecurity(TradeProcessor.java:297)
	at com.westernasset.pss.msg.reciever.process.TradeProcessor.process(TradeProcessor.java:49)
	at com.westernasset.pss.msg.queue.MessageFetcher.processMessage(MessageFetcher.java:91)
	at com.westernasset.pss.msg.queue.MessageFetcher.pullMessageFromQueue(MessageFetcher.java:78)
	at com.westernasset.pss.msg.queue.MessageFetcher.run(MessageFetcher.java:48)

2014-09-25 14:48:51,059 ERROR [AtpToPssMapper] com.westernasset.framework.subsystem.common.SubsystemException: SubsystemExceptionNested:
java.lang.RuntimeException: Storage is not configuredNested:
java.lang.RuntimeException: Storage is not configured
	at com.tangosol.coherence.component.util.daemon.queueProcessor.service.DistributedCache$BinaryMap.onMissingStorage(DistributedCache.CDB:9)
	at com.tangosol.coherence.component.util.daemon.queueProcessor.service.DistributedCache$BinaryMap.get(DistributedCache.CDB:15)
	at com.tangosol.util.ConverterCollections$ConverterMap.get(ConverterCollections.java:1300)
	at com.tangosol.coherence.component.util.daemon.queueProcessor.service.DistributedCache$ViewMap.get(DistributedCache.CDB:1)
	at com.tangosol.coherence.component.util.SafeNamedCache.get(SafeNamedCache.CDB:1)
	at com.tangosol.net.cache.CachingMap.get(CachingMap.java:490)
	at com.westernasset.smss.server.SecurityMasterNearCacheSubsystem.getDigitRatingFromString(SecurityMasterNearCacheSubsystem.java:186)
	at com.westernasset.smss.server.SecurityMasterNearCacheSubsystem.handleFuncCall(SecurityMasterNearCacheSubsystem.java:85)
	at com.westernasset.smss.server.SecurityMasterManagementSubsystem.handleFuncCall(SecurityMasterManagementSubsystem.java:23)
	at com.westernasset.framework.subsystem.receiving.SubsystemImpl.innerHandleFuncCall(SubsystemImpl.java:154)
	at com.westernasset.framework.subsystem.receiving.internal.InProcessFunctionCallReceiver.handleFuncCall(InProcessFunctionCallReceiver.java:49)
	at com.westernasset.framework.subsystem.calling.internal.inprocess.InProcessFunctionCallCaller.doCall(InProcessFunctionCallCaller.java:19)
	at com.westernasset.framework.subsystem.calling.internal.inprocess.ForwardIfNotFoundFunctionCallCaller.doCall(ForwardIfNotFoundFunctionCallCaller.java:28)
	at com.westernasset.framework.subsystem.calling.internal.base.BaseFunctionCallCaller.callFunc(BaseFunctionCallCaller.java:33)
	at com.westernasset.framework.subsystem.calling.internal.base.BaseSubsystem.callFunc(BaseSubsystem.java:35)
	at com.westernasset.pss.msg.mapper.AtpToPssMapper.getRating(AtpToPssMapper.java:219)
	at com.westernasset.pss.msg.mapper.AtpToPssMapper.updateSecurityWithRatings(AtpToPssMapper.java:202)
	at com.westernasset.pss.msg.mapper.AtpToPssMapper.createSecurityVO(AtpToPssMapper.java:133)
	at com.westernasset.pss.msg.reciever.process.TradeProcessor.createSecurity(TradeProcessor.java:297)
	at com.westernasset.pss.msg.reciever.process.TradeProcessor.process(TradeProcessor.java:49)
	at com.westernasset.pss.msg.queue.MessageFetcher.processMessage(MessageFetcher.java:91)
	at com.westernasset.pss.msg.queue.MessageFetcher.pullMessageFromQueue(MessageFetcher.java:78)
	at com.westernasset.pss.msg.queue.MessageFetcher.run(MessageFetcher.java:48)

2014-09-25 14:48:51,061 ERROR [SecurityCacheManager] Failed to add security to cache: Storage is not configured : {SecurityId=942397, AMT=N, AMTValue=0.0, MoodyRating=0, MoodyShortRating=0, FitchRating=0, FitchShortRating=0, SecurityTypeId=23, AssetTypeId=3, ProductId=20, SpRating=0, SpShortRating=0, WaRating=0, WaShortRating=0, IssueDate=2009-10-15T00:00:00.000-0700, MaturityDate=1939-10-01T00:00:00.000-0800, AssetId=13063A7D0, CurrencyCode=USD, SecurityType=MUNI, Description=CALIFORNIA ST, Product=Bonds/Notes (Par), State=CA, SubSubSector=PRIVATE_PRIMARY_SCHOOLS, TaxStatus=FED TAXABLE/ST TAX-EXEMPT, TickerSymbol=STCAS, BBName=CA ST-BABS, IntType=FIXED, MinPiece=5000, MinIncrement=5000, AverageLife=25.018, Coupon=7.3, Dtm=9137.0, DtmLegalFinal=9137.0, Factor=1.0, DurationFactor=1.0, EffectiveConvexity=2.33, EffectiveDuration=12.73, YieldToWorst=4.443, MarketCFYield=4.603, OptionASpread=142.6, SpreadDuration=12.35, Country=US, NyIssuer=STCAS&8, LnIssuer=STCAS&8}
java.lang.RuntimeException: Storage is not configured
	at com.tangosol.coherence.component.util.daemon.queueProcessor.service.DistributedCache$BinaryMap.onMissingStorage(DistributedCache.CDB:9)
	at com.tangosol.coherence.component.util.daemon.queueProcessor.service.DistributedCache$BinaryMap.get(DistributedCache.CDB:15)
	at com.tangosol.util.ConverterCollections$ConverterMap.get(ConverterCollections.java:1300)
	at com.tangosol.coherence.component.util.daemon.queueProcessor.service.DistributedCache$ViewMap.get(DistributedCache.CDB:1)
	at com.tangosol.coherence.component.util.SafeNamedCache.get(SafeNamedCache.CDB:1)
	at com.tangosol.net.cache.CachingMap.get(CachingMap.java:490)
	at com.westernasset.smss.common.util.BusinessUtils.getIssuerDesciption(BusinessUtils.java:146)
	at com.westernasset.smss.common.util.BusinessUtils.fillNUIssuerId(BusinessUtils.java:513)
	at com.westernasset.smss.common.util.BusinessUtils.fillDerivedValues(BusinessUtils.java:421)
	at com.westernasset.smss.server.SecurityCacheManager.addSecurity(SecurityCacheManager.java:137)
	at com.westernasset.smss.server.SecurityMasterNearCacheSubsystem.addSecurity(SecurityMasterNearCacheSubsystem.java:202)
	at com.westernasset.smss.server.SecurityMasterNearCacheSubsystem.handleFuncCall(SecurityMasterNearCacheSubsystem.java:92)
	at com.westernasset.smss.server.SecurityMasterManagementSubsystem.handleFuncCall(SecurityMasterManagementSubsystem.java:23)
	at com.westernasset.framework.subsystem.receiving.SubsystemImpl.innerHandleFuncCall(SubsystemImpl.java:154)
	at com.westernasset.framework.subsystem.receiving.internal.InProcessFunctionCallReceiver.handleFuncCall(InProcessFunctionCallReceiver.java:49)
	at com.westernasset.framework.subsystem.calling.internal.inprocess.InProcessFunctionCallCaller.doCall(InProcessFunctionCallCaller.java:19)
	at com.westernasset.framework.subsystem.calling.internal.inprocess.ForwardIfNotFoundFunctionCallCaller.doCall(ForwardIfNotFoundFunctionCallCaller.java:28)
	at com.westernasset.framework.subsystem.calling.internal.base.BaseFunctionCallCaller.callFunc(BaseFunctionCallCaller.java:33)
	at com.westernasset.framework.subsystem.calling.internal.base.BaseSubsystem.callFunc(BaseSubsystem.java:35)
	at com.westernasset.pss.msg.reciever.process.TradeProcessor.createSecurity(TradeProcessor.java:302)
	at com.westernasset.pss.msg.reciever.process.TradeProcessor.process(TradeProcessor.java:49)
	at com.westernasset.pss.msg.queue.MessageFetcher.processMessage(MessageFetcher.java:91)
	at com.westernasset.pss.msg.queue.MessageFetcher.pullMessageFromQueue(MessageFetcher.java:78)
	at com.westernasset.pss.msg.queue.MessageFetcher.run(MessageFetcher.java:48)
2014-09-25 14:48:51,061 INFO  [TradeProcessor] Created Security :{SecurityId=942397, AMT=N, AMTValue=0.0, MoodyRating=0, MoodyShortRating=0, FitchRating=0, FitchShortRating=0, SecurityTypeId=23, AssetTypeId=3, ProductId=20, SpRating=0, SpShortRating=0, WaRating=0, WaShortRating=0, IssueDate=2009-10-15T00:00:00.000-0700, MaturityDate=1939-10-01T00:00:00.000-0800, AssetId=13063A7D0, CurrencyCode=USD, SecurityType=MUNI, Description=CALIFORNIA ST, Product=Bonds/Notes (Par), State=CA, SubSubSector=PRIVATE_PRIMARY_SCHOOLS, TaxStatus=FED TAXABLE/ST TAX-EXEMPT, TickerSymbol=STCAS, BBName=CA ST-BABS, IntType=FIXED, MinPiece=5000, MinIncrement=5000, AverageLife=25.018, Coupon=7.3, Dtm=9137.0, DtmLegalFinal=9137.0, Factor=1.0, DurationFactor=1.0, EffectiveConvexity=2.33, EffectiveDuration=12.73, YieldToWorst=4.443, MarketCFYield=4.603, OptionASpread=142.6, SpreadDuration=12.35, Country=US, NyIssuer=STCAS&8, LnIssuer=STCAS&8}
2014-09-25 14:48:51,062 ERROR [TradeProcessor] Error in getPrioTradeStatusByMessage
com.westernasset.framework.subsystem.common.SubsystemException: SubsystemExceptionNested:
java.lang.RuntimeException: Storage is not configuredNested:
java.lang.RuntimeException: Storage is not configured
	at com.tangosol.coherence.component.util.daemon.queueProcessor.service.DistributedCache$BinaryMap.onMissingStorage(DistributedCache.CDB:9)
	at com.tangosol.coherence.component.util.daemon.queueProcessor.service.DistributedCache$BinaryMap.get(DistributedCache.CDB:15)
	at com.tangosol.util.ConverterCollections$ConverterMap.get(ConverterCollections.java:1300)
	at com.tangosol.coherence.component.util.daemon.queueProcessor.service.DistributedCache$ViewMap.get(DistributedCache.CDB:1)
	at com.tangosol.coherence.component.util.SafeNamedCache.get(SafeNamedCache.CDB:1)
	at com.tangosol.net.cache.CachingMap.get(CachingMap.java:490)
	at com.westernasset.tss.cache.TradeCacheManager.getTradeById(TradeCacheManager.java:202)
	at com.westernasset.tss.services.TradeNearCacheSubsystem.getTradeById(TradeNearCacheSubsystem.java:104)
	at com.westernasset.tss.services.TradeNearCacheSubsystem.handleFuncCall(TradeNearCacheSubsystem.java:50)
	at com.westernasset.tss.services.TradeSubsystem.handleFuncCall(TradeSubsystem.java:29)
	at com.westernasset.framework.subsystem.receiving.SubsystemImpl.innerHandleFuncCall(SubsystemImpl.java:154)
	at com.westernasset.framework.subsystem.receiving.internal.InProcessFunctionCallReceiver.handleFuncCall(InProcessFunctionCallReceiver.java:49)
	at com.westernasset.framework.subsystem.calling.internal.inprocess.InProcessFunctionCallCaller.doCall(InProcessFunctionCallCaller.java:19)
	at com.westernasset.framework.subsystem.calling.internal.inprocess.ForwardIfNotFoundFunctionCallCaller.doCall(ForwardIfNotFoundFunctionCallCaller.java:28)
	at com.westernasset.framework.subsystem.calling.internal.base.BaseFunctionCallCaller.callFunc(BaseFunctionCallCaller.java:33)
	at com.westernasset.framework.subsystem.calling.internal.base.BaseSubsystem.callFunc(BaseSubsystem.java:35)
	at com.westernasset.pss.msg.reciever.process.TradeProcessor.getTradeByTradeId(TradeProcessor.java:250)
	at com.westernasset.pss.msg.reciever.process.TradeProcessor.getPrioTradeStatusByMessage(TradeProcessor.java:268)
	at com.westernasset.pss.msg.reciever.process.TradeProcessor.process(TradeProcessor.java:50)
	at com.westernasset.pss.msg.queue.MessageFetcher.processMessage(MessageFetcher.java:91)
	at com.westernasset.pss.msg.queue.MessageFetcher.pullMessageFromQueue(MessageFetcher.java:78)
	at com.westernasset.pss.msg.queue.MessageFetcher.run(MessageFetcher.java:48)

	at com.westernasset.framework.subsystem.common.internal.SubsystemExceptionUtils.dataObjectToException(SubsystemExceptionUtils.java:38)
	at com.westernasset.framework.subsystem.common.internal.SubsystemExceptionUtils.throwExceptionIfNeeded(SubsystemExceptionUtils.java:15)
	at com.westernasset.framework.subsystem.calling.internal.base.BaseSubsystem.callFunc(BaseSubsystem.java:37)
	at com.westernasset.pss.msg.reciever.process.TradeProcessor.getTradeByTradeId(TradeProcessor.java:250)
	at com.westernasset.pss.msg.reciever.process.TradeProcessor.getPrioTradeStatusByMessage(TradeProcessor.java:268)
	at com.westernasset.pss.msg.reciever.process.TradeProcessor.process(TradeProcessor.java:50)
	at com.westernasset.pss.msg.queue.MessageFetcher.processMessage(MessageFetcher.java:91)
	at com.westernasset.pss.msg.queue.MessageFetcher.pullMessageFromQueue(MessageFetcher.java:78)
	at com.westernasset.pss.msg.queue.MessageFetcher.run(MessageFetcher.java:48)
2014-09-25 14:48:51,062 ERROR [TradeProcessor] Exception occured while processing message
java.lang.RuntimeException: Storage is not configured
	at com.tangosol.coherence.component.util.daemon.queueProcessor.service.DistributedCache$BinaryMap.onMissingStorage(DistributedCache.CDB:9)
	at com.tangosol.coherence.component.util.daemon.queueProcessor.service.DistributedCache$BinaryMap.get(DistributedCache.CDB:15)
	at com.tangosol.util.ConverterCollections$ConverterMap.get(ConverterCollections.java:1300)
	at com.tangosol.coherence.component.util.daemon.queueProcessor.service.DistributedCache$ViewMap.get(DistributedCache.CDB:1)
	at com.tangosol.coherence.component.util.SafeNamedCache.get(SafeNamedCache.CDB:1)
	at com.tangosol.net.cache.CachingMap.get(CachingMap.java:490)
	at com.westernasset.tss.cache.TradeCacheManager.isDuplicateTrade(TradeCacheManager.java:356)
	at com.westernasset.pss.common.util.PojoHelper.createObjects(PojoHelper.java:132)
	at com.westernasset.pss.msg.reciever.process.TradeProcessor.process(TradeProcessor.java:55)
	at com.westernasset.pss.msg.queue.MessageFetcher.processMessage(MessageFetcher.java:91)
	at com.westernasset.pss.msg.queue.MessageFetcher.pullMessageFromQueue(MessageFetcher.java:78)
	at com.westernasset.pss.msg.queue.MessageFetcher.run(MessageFetcher.java:48)
2014-09-25 14:48:51,062 INFO  [TradeProcessor] End process method 717 MB
2014-09-25 14:48:51,062 INFO  [TradeProcessor] Time taken by TradeProcessor.process method 7
2014-09-25 14:48:51,062 INFO  [MessageFetcher] Processing message completed...[7461562]
2014-09-25 14:48:51,062 INFO  [MessageQueue] Removing the first item of 15 from the queue
2014-09-25 14:48:51,062 INFO  [MessageFetcher] Processing message started...[7461676]
2014-09-25 14:48:51,062 INFO  [TradeProcessor] Begin process method 717 MB
2014-09-25 14:48:51,062 ERROR [TradeProcessor] Error in doSecurityExist
java.lang.RuntimeException: Storage is not configured
	at com.tangosol.coherence.component.util.daemon.queueProcessor.service.DistributedCache$BinaryMap.onMissingStorage(DistributedCache.CDB:9)
	at com.tangosol.coherence.component.util.daemon.queueProcessor.service.DistributedCache$BinaryMap.get(DistributedCache.CDB:15)
	at com.tangosol.util.ConverterCollections$ConverterMap.get(ConverterCollections.java:1300)
	at com.tangosol.coherence.component.util.daemon.queueProcessor.service.DistributedCache$ViewMap.get(DistributedCache.CDB:1)
	at com.tangosol.coherence.component.util.SafeNamedCache.get(SafeNamedCache.CDB:1)
	at com.tangosol.net.cache.CachingMap.get(CachingMap.java:490)
	at com.westernasset.smss.common.util.BusinessDateHelper.get(BusinessDateHelper.java:55)
	at com.westernasset.smss.common.util.BusinessDateHelper.getBusinessDateFromCacheWithOffset(BusinessDateHelper.java:130)
	at com.westernasset.smss.common.util.BusinessDateHelper.getCurrentBusinessDateAny(BusinessDateHelper.java:125)
	at com.westernasset.pss.msg.reciever.process.TradeProcessor.doSecurityExist(TradeProcessor.java:328)
	at com.westernasset.pss.msg.reciever.process.TradeProcessor.createSecurity(TradeProcessor.java:296)
	at com.westernasset.pss.msg.reciever.process.TradeProcessor.process(TradeProcessor.java:49)
	at com.westernasset.pss.msg.queue.MessageFetcher.processMessage(MessageFetcher.java:91)
	at com.westernasset.pss.msg.queue.MessageFetcher.pullMessageFromQueue(MessageFetcher.java:78)
	at com.westernasset.pss.msg.queue.MessageFetcher.run(MessageFetcher.java:48)
2014-09-25 14:48:51,063 ERROR [AtpToPssMapper] com.westernasset.framework.subsystem.common.SubsystemException: SubsystemExceptionNested:
java.lang.RuntimeException: Storage is not configuredNested:
java.lang.RuntimeException: Storage is not configured
	at com.tangosol.coherence.component.util.daemon.queueProcessor.service.DistributedCache$BinaryMap.onMissingStorage(DistributedCache.CDB:9)
	at com.tangosol.coherence.component.util.daemon.queueProcessor.service.DistributedCache$BinaryMap.get(DistributedCache.CDB:15)
	at com.tangosol.util.ConverterCollections$ConverterMap.get(ConverterCollections.java:1300)
	at com.tangosol.coherence.component.util.daemon.queueProcessor.service.DistributedCache$ViewMap.get(DistributedCache.CDB:1)
	at com.tangosol.coherence.component.util.SafeNamedCache.get(SafeNamedCache.CDB:1)
	at com.tangosol.net.cache.CachingMap.get(CachingMap.java:490)
	at com.westernasset.smss.server.SecurityMasterNearCacheSubsystem.getDigitRatingFromString(SecurityMasterNearCacheSubsystem.java:186)
	at com.westernasset.smss.server.SecurityMasterNearCacheSubsystem.handleFuncCall(SecurityMasterNearCacheSubsystem.java:85)
	at com.westernasset.smss.server.SecurityMasterManagementSubsystem.handleFuncCall(SecurityMasterManagementSubsystem.java:23)
	at com.westernasset.framework.subsystem.receiving.SubsystemImpl.innerHandleFuncCall(SubsystemImpl.java:154)
	at com.westernasset.framework.subsystem.receiving.internal.InProcessFunctionCallReceiver.handleFuncCall(InProcessFunctionCallReceiver.java:49)
	at com.westernasset.framework.subsystem.calling.internal.inprocess.InProcessFunctionCallCaller.doCall(InProcessFunctionCallCaller.java:19)
	at com.westernasset.framework.subsystem.calling.internal.inprocess.ForwardIfNotFoundFunctionCallCaller.doCall(ForwardIfNotFoundFunctionCallCaller.java:28)
	at com.westernasset.framework.subsystem.calling.internal.base.BaseFunctionCallCaller.callFunc(BaseFunctionCallCaller.java:33)
	at com.westernasset.framework.subsystem.calling.internal.base.BaseSubsystem.callFunc(BaseSubsystem.java:35)
	at com.westernasset.pss.msg.mapper.AtpToPssMapper.getRating(AtpToPssMapper.java:219)
	at com.westernasset.pss.msg.mapper.AtpToPssMapper.updateSecurityWithRatings(AtpToPssMapper.java:167)
	at com.westernasset.pss.msg.mapper.AtpToPssMapper.createSecurityVO(AtpToPssMapper.java:133)
	at com.westernasset.pss.msg.reciever.process.TradeProcessor.createSecurity(TradeProcessor.java:297)
	at com.westernasset.pss.msg.reciever.process.TradeProcessor.process(TradeProcessor.java:49)
	at com.westernasset.pss.msg.queue.MessageFetcher.processMessage(MessageFetcher.java:91)
	at com.westernasset.pss.msg.queue.MessageFetcher.pullMessageFromQueue(MessageFetcher.java:78)
	at com.westernasset.pss.msg.queue.MessageFetcher.run(MessageFetcher.java:48)

2014-09-25 14:48:51,064 ERROR [AtpToPssMapper] com.westernasset.framework.subsystem.common.SubsystemException: SubsystemExceptionNested:
java.lang.RuntimeException: Storage is not configuredNested:
java.lang.RuntimeException: Storage is not configured
	at com.tangosol.coherence.component.util.daemon.queueProcessor.service.DistributedCache$BinaryMap.onMissingStorage(DistributedCache.CDB:9)
	at com.tangosol.coherence.component.util.daemon.queueProcessor.service.DistributedCache$BinaryMap.get(DistributedCache.CDB:15)
	at com.tangosol.util.ConverterCollections$ConverterMap.get(ConverterCollections.java:1300)
	at com.tangosol.coherence.component.util.daemon.queueProcessor.service.DistributedCache$ViewMap.get(DistributedCache.CDB:1)
	at com.tangosol.coherence.component.util.SafeNamedCache.get(SafeNamedCache.CDB:1)
	at com.tangosol.net.cache.CachingMap.get(CachingMap.java:490)
	at com.westernasset.smss.server.SecurityMasterNearCacheSubsystem.getDigitRatingFromString(SecurityMasterNearCacheSubsystem.java:186)
	at com.westernasset.smss.server.SecurityMasterNearCacheSubsystem.handleFuncCall(SecurityMasterNearCacheSubsystem.java:85)
	at com.westernasset.smss.server.SecurityMasterManagementSubsystem.handleFuncCall(SecurityMasterManagementSubsystem.java:23)
	at com.westernasset.framework.subsystem.receiving.SubsystemImpl.innerHandleFuncCall(SubsystemImpl.java:154)
	at com.westernasset.framework.subsystem.receiving.internal.InProcessFunctionCallReceiver.handleFuncCall(InProcessFunctionCallReceiver.java:49)
	at com.westernasset.framework.subsystem.calling.internal.inprocess.InProcessFunctionCallCaller.doCall(InProcessFunctionCallCaller.java:19)
	at com.westernasset.framework.subsystem.calling.internal.inprocess.ForwardIfNotFoundFunctionCallCaller.doCall(ForwardIfNotFoundFunctionCallCaller.java:28)
	at com.westernasset.framework.subsystem.calling.internal.base.BaseFunctionCallCaller.callFunc(BaseFunctionCallCaller.java:33)
	at com.westernasset.framework.subsystem.calling.internal.base.BaseSubsystem.callFunc(BaseSubsystem.java:35)
	at com.westernasset.pss.msg.mapper.AtpToPssMapper.getRating(AtpToPssMapper.java:219)
	at com.westernasset.pss.msg.mapper.AtpToPssMapper.updateSecurityWithRatings(AtpToPssMapper.java:172)
	at com.westernasset.pss.msg.mapper.AtpToPssMapper.createSecurityVO(AtpToPssMapper.java:133)
	at com.westernasset.pss.msg.reciever.process.TradeProcessor.createSecurity(TradeProcessor.java:297)
	at com.westernasset.pss.msg.reciever.process.TradeProcessor.process(TradeProcessor.java:49)
	at com.westernasset.pss.msg.queue.MessageFetcher.processMessage(MessageFetcher.java:91)
	at com.westernasset.pss.msg.queue.MessageFetcher.pullMessageFromQueue(MessageFetcher.java:78)
	at com.westernasset.pss.msg.queue.MessageFetcher.run(MessageFetcher.java:48)

2014-09-25 14:48:51,064 ERROR [AtpToPssMapper] com.westernasset.framework.subsystem.common.SubsystemException: SubsystemExceptionNested:
java.lang.RuntimeException: Storage is not configuredNested:
java.lang.RuntimeException: Storage is not configured
	at com.tangosol.coherence.component.util.daemon.queueProcessor.service.DistributedCache$BinaryMap.onMissingStorage(DistributedCache.CDB:9)
	at com.tangosol.coherence.component.util.daemon.queueProcessor.service.DistributedCache$BinaryMap.get(DistributedCache.CDB:15)
	at com.tangosol.util.ConverterCollections$ConverterMap.get(ConverterCollections.java:1300)
	at com.tangosol.coherence.component.util.daemon.queueProcessor.service.DistributedCache$ViewMap.get(DistributedCache.CDB:1)
	at com.tangosol.coherence.component.util.SafeNamedCache.get(SafeNamedCache.CDB:1)
	at com.tangosol.net.cache.CachingMap.get(CachingMap.java:490)
	at com.westernasset.smss.server.SecurityMasterNearCacheSubsystem.getDigitRatingFromString(SecurityMasterNearCacheSubsystem.java:186)
	at com.westernasset.smss.server.SecurityMasterNearCacheSubsystem.handleFuncCall(SecurityMasterNearCacheSubsystem.java:85)
	at com.westernasset.smss.server.SecurityMasterManagementSubsystem.handleFuncCall(SecurityMasterManagementSubsystem.java:23)
	at com.westernasset.framework.subsystem.receiving.SubsystemImpl.innerHandleFuncCall(SubsystemImpl.java:154)
	at com.westernasset.framework.subsystem.receiving.internal.InProcessFunctionCallReceiver.handleFuncCall(InProcessFunctionCallReceiver.java:49)
	at com.westernasset.framework.subsystem.calling.internal.inprocess.InProcessFunctionCallCaller.doCall(InProcessFunctionCallCaller.java:19)
	at com.westernasset.framework.subsystem.calling.internal.inprocess.ForwardIfNotFoundFunctionCallCaller.doCall(ForwardIfNotFoundFunctionCallCaller.java:28)
	at com.westernasset.framework.subsystem.calling.internal.base.BaseFunctionCallCaller.callFunc(BaseFunctionCallCaller.java:33)
	at com.westernasset.framework.subsystem.calling.internal.base.BaseSubsystem.callFunc(BaseSubsystem.java:35)
	at com.westernasset.pss.msg.mapper.AtpToPssMapper.getRating(AtpToPssMapper.java:219)
	at com.westernasset.pss.msg.mapper.AtpToPssMapper.updateSecurityWithRatings(AtpToPssMapper.java:177)
	at com.westernasset.pss.msg.mapper.AtpToPssMapper.createSecurityVO(AtpToPssMapper.java:133)
	at com.westernasset.pss.msg.reciever.process.TradeProcessor.createSecurity(TradeProcessor.java:297)
	at com.westernasset.pss.msg.reciever.process.TradeProcessor.process(TradeProcessor.java:49)
	at com.westernasset.pss.msg.queue.MessageFetcher.processMessage(MessageFetcher.java:91)
	at com.westernasset.pss.msg.queue.MessageFetcher.pullMessageFromQueue(MessageFetcher.java:78)
	at com.westernasset.pss.msg.queue.MessageFetcher.run(MessageFetcher.java:48)

2014-09-25 14:48:51,065 ERROR [AtpToPssMapper] com.westernasset.framework.subsystem.common.SubsystemException: SubsystemExceptionNested:
java.lang.RuntimeException: Storage is not configuredNested:
java.lang.RuntimeException: Storage is not configured
	at com.tangosol.coherence.component.util.daemon.queueProcessor.service.DistributedCache$BinaryMap.onMissingStorage(DistributedCache.CDB:9)
	at com.tangosol.coherence.component.util.daemon.queueProcessor.service.DistributedCache$BinaryMap.get(DistributedCache.CDB:15)
	at com.tangosol.util.ConverterCollections$ConverterMap.get(ConverterCollections.java:1300)
	at com.tangosol.coherence.component.util.daemon.queueProcessor.service.DistributedCache$ViewMap.get(DistributedCache.CDB:1)
	at com.tangosol.coherence.component.util.SafeNamedCache.get(SafeNamedCache.CDB:1)
	at com.tangosol.net.cache.CachingMap.get(CachingMap.java:490)
	at com.westernasset.smss.server.SecurityMasterNearCacheSubsystem.getDigitRatingFromString(SecurityMasterNearCacheSubsystem.java:186)
	at com.westernasset.smss.server.SecurityMasterNearCacheSubsystem.handleFuncCall(SecurityMasterNearCacheSubsystem.java:85)
	at com.westernasset.smss.server.SecurityMasterManagementSubsystem.handleFuncCall(SecurityMasterManagementSubsystem.java:23)
	at com.westernasset.framework.subsystem.receiving.SubsystemImpl.innerHandleFuncCall(SubsystemImpl.java:154)
	at com.westernasset.framework.subsystem.receiving.internal.InProcessFunctionCallReceiver.handleFuncCall(InProcessFunctionCallReceiver.java:49)
	at com.westernasset.framework.subsystem.calling.internal.inprocess.InProcessFunctionCallCaller.doCall(InProcessFunctionCallCaller.java:19)
	at com.westernasset.framework.subsystem.calling.internal.inprocess.ForwardIfNotFoundFunctionCallCaller.doCall(ForwardIfNotFoundFunctionCallCaller.java:28)
	at com.westernasset.framework.subsystem.calling.internal.base.BaseFunctionCallCaller.callFunc(BaseFunctionCallCaller.java:33)
	at com.westernasset.framework.subsystem.calling.internal.base.BaseSubsystem.callFunc(BaseSubsystem.java:35)
	at com.westernasset.pss.msg.mapper.AtpToPssMapper.getRating(AtpToPssMapper.java:219)
	at com.westernasset.pss.msg.mapper.AtpToPssMapper.updateSecurityWithRatings(AtpToPssMapper.java:182)
	at com.westernasset.pss.msg.mapper.AtpToPssMapper.createSecurityVO(AtpToPssMapper.java:133)
	at com.westernasset.pss.msg.reciever.process.TradeProcessor.createSecurity(TradeProcessor.java:297)
	at com.westernasset.pss.msg.reciever.process.TradeProcessor.process(TradeProcessor.java:49)
	at com.westernasset.pss.msg.queue.MessageFetcher.processMessage(MessageFetcher.java:91)
	at com.westernasset.pss.msg.queue.MessageFetcher.pullMessageFromQueue(MessageFetcher.java:78)
	at com.westernasset.pss.msg.queue.MessageFetcher.run(MessageFetcher.java:48)

2014-09-25 14:48:51,065 ERROR [AtpToPssMapper] com.westernasset.framework.subsystem.common.SubsystemException: SubsystemExceptionNested:
java.lang.RuntimeException: Storage is not configuredNested:
java.lang.RuntimeException: Storage is not configured
	at com.tangosol.coherence.component.util.daemon.queueProcessor.service.DistributedCache$BinaryMap.onMissingStorage(DistributedCache.CDB:9)
	at com.tangosol.coherence.component.util.daemon.queueProcessor.service.DistributedCache$BinaryMap.get(DistributedCache.CDB:15)
	at com.tangosol.util.ConverterCollections$ConverterMap.get(ConverterCollections.java:1300)
	at com.tangosol.coherence.component.util.daemon.queueProcessor.service.DistributedCache$ViewMap.get(DistributedCache.CDB:1)
	at com.tangosol.coherence.component.util.SafeNamedCache.get(SafeNamedCache.CDB:1)
	at com.tangosol.net.cache.CachingMap.get(CachingMap.java:490)
	at com.westernasset.smss.server.SecurityMasterNearCacheSubsystem.getDigitRatingFromString(SecurityMasterNearCacheSubsystem.java:186)
	at com.westernasset.smss.server.SecurityMasterNearCacheSubsystem.handleFuncCall(SecurityMasterNearCacheSubsystem.java:85)
	at com.westernasset.smss.server.SecurityMasterManagementSubsystem.handleFuncCall(SecurityMasterManagementSubsystem.java:23)
	at com.westernasset.framework.subsystem.receiving.SubsystemImpl.innerHandleFuncCall(SubsystemImpl.java:154)
	at com.westernasset.framework.subsystem.receiving.internal.InProcessFunctionCallReceiver.handleFuncCall(InProcessFunctionCallReceiver.java:49)
	at com.westernasset.framework.subsystem.calling.internal.inprocess.InProcessFunctionCallCaller.doCall(InProcessFunctionCallCaller.java:19)
	at com.westernasset.framework.subsystem.calling.internal.inprocess.ForwardIfNotFoundFunctionCallCaller.doCall(ForwardIfNotFoundFunctionCallCaller.java:28)
	at com.westernasset.framework.subsystem.calling.internal.base.BaseFunctionCallCaller.callFunc(BaseFunctionCallCaller.java:33)
	at com.westernasset.framework.subsystem.calling.internal.base.BaseSubsystem.callFunc(BaseSubsystem.java:35)
	at com.westernasset.pss.msg.mapper.AtpToPssMapper.getRating(AtpToPssMapper.java:219)
	at com.westernasset.pss.msg.mapper.AtpToPssMapper.updateSecurityWithRatings(AtpToPssMapper.java:187)
	at com.westernasset.pss.msg.mapper.AtpToPssMapper.createSecurityVO(AtpToPssMapper.java:133)
	at com.westernasset.pss.msg.reciever.process.TradeProcessor.createSecurity(TradeProcessor.java:297)
	at com.westernasset.pss.msg.reciever.process.TradeProcessor.process(TradeProcessor.java:49)
	at com.westernasset.pss.msg.queue.MessageFetcher.processMessage(MessageFetcher.java:91)
	at com.westernasset.pss.msg.queue.MessageFetcher.pullMessageFromQueue(MessageFetcher.java:78)
	at com.westernasset.pss.msg.queue.MessageFetcher.run(MessageFetcher.java:48)

2014-09-25 14:48:51,066 ERROR [AtpToPssMapper] com.westernasset.framework.subsystem.common.SubsystemException: SubsystemExceptionNested:
java.lang.RuntimeException: Storage is not configuredNested:
java.lang.RuntimeException: Storage is not configured
	at com.tangosol.coherence.component.util.daemon.queueProcessor.service.DistributedCache$BinaryMap.onMissingStorage(DistributedCache.CDB:9)
	at com.tangosol.coherence.component.util.daemon.queueProcessor.service.DistributedCache$BinaryMap.get(DistributedCache.CDB:15)
	at com.tangosol.util.ConverterCollections$ConverterMap.get(ConverterCollections.java:1300)
	at com.tangosol.coherence.component.util.daemon.queueProcessor.service.DistributedCache$ViewMap.get(DistributedCache.CDB:1)
	at com.tangosol.coherence.component.util.SafeNamedCache.get(SafeNamedCache.CDB:1)
	at com.tangosol.net.cache.CachingMap.get(CachingMap.java:490)
	at com.westernasset.smss.server.SecurityMasterNearCacheSubsystem.getDigitRatingFromString(SecurityMasterNearCacheSubsystem.java:186)
	at com.westernasset.smss.server.SecurityMasterNearCacheSubsystem.handleFuncCall(SecurityMasterNearCacheSubsystem.java:85)
	at com.westernasset.smss.server.SecurityMasterManagementSubsystem.handleFuncCall(SecurityMasterManagementSubsystem.java:23)
	at com.westernasset.framework.subsystem.receiving.SubsystemImpl.innerHandleFuncCall(SubsystemImpl.java:154)
	at com.westernasset.framework.subsystem.receiving.internal.InProcessFunctionCallReceiver.handleFuncCall(InProcessFunctionCallReceiver.java:49)
	at com.westernasset.framework.subsystem.calling.internal.inprocess.InProcessFunctionCallCaller.doCall(InProcessFunctionCallCaller.java:19)
	at com.westernasset.framework.subsystem.calling.internal.inprocess.ForwardIfNotFoundFunctionCallCaller.doCall(ForwardIfNotFoundFunctionCallCaller.java:28)
	at com.westernasset.framework.subsystem.calling.internal.base.BaseFunctionCallCaller.callFunc(BaseFunctionCallCaller.java:33)
	at com.westernasset.framework.subsystem.calling.internal.base.BaseSubsystem.callFunc(BaseSubsystem.java:35)
	at com.westernasset.pss.msg.mapper.AtpToPssMapper.getRating(AtpToPssMapper.java:219)
	at com.westernasset.pss.msg.mapper.AtpToPssMapper.updateSecurityWithRatings(AtpToPssMapper.java:192)
	at com.westernasset.pss.msg.mapper.AtpToPssMapper.createSecurityVO(AtpToPssMapper.java:133)
	at com.westernasset.pss.msg.reciever.process.TradeProcessor.createSecurity(TradeProcessor.java:297)
	at com.westernasset.pss.msg.reciever.process.TradeProcessor.process(TradeProcessor.java:49)
	at com.westernasset.pss.msg.queue.MessageFetcher.processMessage(MessageFetcher.java:91)
	at com.westernasset.pss.msg.queue.MessageFetcher.pullMessageFromQueue(MessageFetcher.java:78)
	at com.westernasset.pss.msg.queue.MessageFetcher.run(MessageFetcher.java:48)

2014-09-25 14:48:51,066 ERROR [AtpToPssMapper] com.westernasset.framework.subsystem.common.SubsystemException: SubsystemExceptionNested:
java.lang.RuntimeException: Storage is not configuredNested:
java.lang.RuntimeException: Storage is not configured
	at com.tangosol.coherence.component.util.daemon.queueProcessor.service.DistributedCache$BinaryMap.onMissingStorage(DistributedCache.CDB:9)
	at com.tangosol.coherence.component.util.daemon.queueProcessor.service.DistributedCache$BinaryMap.get(DistributedCache.CDB:15)
	at com.tangosol.util.ConverterCollections$ConverterMap.get(ConverterCollections.java:1300)
	at com.tangosol.coherence.component.util.daemon.queueProcessor.service.DistributedCache$ViewMap.get(DistributedCache.CDB:1)
	at com.tangosol.coherence.component.util.SafeNamedCache.get(SafeNamedCache.CDB:1)
	at com.tangosol.net.cache.CachingMap.get(CachingMap.java:490)
	at com.westernasset.smss.server.SecurityMasterNearCacheSubsystem.getDigitRatingFromString(SecurityMasterNearCacheSubsystem.java:186)
	at com.westernasset.smss.server.SecurityMasterNearCacheSubsystem.handleFuncCall(SecurityMasterNearCacheSubsystem.java:85)
	at com.westernasset.smss.server.SecurityMasterManagementSubsystem.handleFuncCall(SecurityMasterManagementSubsystem.java:23)
	at com.westernasset.framework.subsystem.receiving.SubsystemImpl.innerHandleFuncCall(SubsystemImpl.java:154)
	at com.westernasset.framework.subsystem.receiving.internal.InProcessFunctionCallReceiver.handleFuncCall(InProcessFunctionCallReceiver.java:49)
	at com.westernasset.framework.subsystem.calling.internal.inprocess.InProcessFunctionCallCaller.doCall(InProcessFunctionCallCaller.java:19)
	at com.westernasset.framework.subsystem.calling.internal.inprocess.ForwardIfNotFoundFunctionCallCaller.doCall(ForwardIfNotFoundFunctionCallCaller.java:28)
	at com.westernasset.framework.subsystem.calling.internal.base.BaseFunctionCallCaller.callFunc(BaseFunctionCallCaller.java:33)
	at com.westernasset.framework.subsystem.calling.internal.base.BaseSubsystem.callFunc(BaseSubsystem.java:35)
	at com.westernasset.pss.msg.mapper.AtpToPssMapper.getRating(AtpToPssMapper.java:219)
	at com.westernasset.pss.msg.mapper.AtpToPssMapper.updateSecurityWithRatings(AtpToPssMapper.java:197)
	at com.westernasset.pss.msg.mapper.AtpToPssMapper.createSecurityVO(AtpToPssMapper.java:133)
	at com.westernasset.pss.msg.reciever.process.TradeProcessor.createSecurity(TradeProcessor.java:297)
	at com.westernasset.pss.msg.reciever.process.TradeProcessor.process(TradeProcessor.java:49)
	at com.westernasset.pss.msg.queue.MessageFetcher.processMessage(MessageFetcher.java:91)
	at com.westernasset.pss.msg.queue.MessageFetcher.pullMessageFromQueue(MessageFetcher.java:78)
	at com.westernasset.pss.msg.queue.MessageFetcher.run(MessageFetcher.java:48)

2014-09-25 14:48:51,067 ERROR [AtpToPssMapper] com.westernasset.framework.subsystem.common.SubsystemException: SubsystemExceptionNested:
java.lang.RuntimeException: Storage is not configuredNested:
java.lang.RuntimeException: Storage is not configured
	at com.tangosol.coherence.component.util.daemon.queueProcessor.service.DistributedCache$BinaryMap.onMissingStorage(DistributedCache.CDB:9)
	at com.tangosol.coherence.component.util.daemon.queueProcessor.service.DistributedCache$BinaryMap.get(DistributedCache.CDB:15)
	at com.tangosol.util.ConverterCollections$ConverterMap.get(ConverterCollections.java:1300)
	at com.tangosol.coherence.component.util.daemon.queueProcessor.service.DistributedCache$ViewMap.get(DistributedCache.CDB:1)
	at com.tangosol.coherence.component.util.SafeNamedCache.get(SafeNamedCache.CDB:1)
	at com.tangosol.net.cache.CachingMap.get(CachingMap.java:490)
	at com.westernasset.smss.server.SecurityMasterNearCacheSubsystem.getDigitRatingFromString(SecurityMasterNearCacheSubsystem.java:186)
	at com.westernasset.smss.server.SecurityMasterNearCacheSubsystem.handleFuncCall(SecurityMasterNearCacheSubsystem.java:85)
	at com.westernasset.smss.server.SecurityMasterManagementSubsystem.handleFuncCall(SecurityMasterManagementSubsystem.java:23)
	at com.westernasset.framework.subsystem.receiving.SubsystemImpl.innerHandleFuncCall(SubsystemImpl.java:154)
	at com.westernasset.framework.subsystem.receiving.internal.InProcessFunctionCallReceiver.handleFuncCall(InProcessFunctionCallReceiver.java:49)
	at com.westernasset.framework.subsystem.calling.internal.inprocess.InProcessFunctionCallCaller.doCall(InProcessFunctionCallCaller.java:19)
	at com.westernasset.framework.subsystem.calling.internal.inprocess.ForwardIfNotFoundFunctionCallCaller.doCall(ForwardIfNotFoundFunctionCallCaller.java:28)
	at com.westernasset.framework.subsystem.calling.internal.base.BaseFunctionCallCaller.callFunc(BaseFunctionCallCaller.java:33)
	at com.westernasset.framework.subsystem.calling.internal.base.BaseSubsystem.callFunc(BaseSubsystem.java:35)
	at com.westernasset.pss.msg.mapper.AtpToPssMapper.getRating(AtpToPssMapper.java:219)
	at com.westernasset.pss.msg.mapper.AtpToPssMapper.updateSecurityWithRatings(AtpToPssMapper.java:202)
	at com.westernasset.pss.msg.mapper.AtpToPssMapper.createSecurityVO(AtpToPssMapper.java:133)
	at com.westernasset.pss.msg.reciever.process.TradeProcessor.createSecurity(TradeProcessor.java:297)
	at com.westernasset.pss.msg.reciever.process.TradeProcessor.process(TradeProcessor.java:49)
	at com.westernasset.pss.msg.queue.MessageFetcher.processMessage(MessageFetcher.java:91)
	at com.westernasset.pss.msg.queue.MessageFetcher.pullMessageFromQueue(MessageFetcher.java:78)
	at com.westernasset.pss.msg.queue.MessageFetcher.run(MessageFetcher.java:48)

2014-09-25 14:48:51,068 ERROR [SecurityCacheManager] Failed to add security to cache: Storage is not configured : {SecurityId=1009573, AMTValue=1.0, MoodyRating=0, MoodyShortRating=0, FitchRating=0, FitchShortRating=0, SecurityTypeId=22, AssetTypeId=8, ProductId=20, SpRating=0, SpShortRating=0, WaRating=0, WaShortRating=0, IssueDate=2010-08-02T00:00:00.000-0700, MaturityDate=2019-09-15T00:00:00.000-0700, AssetId=760761AB2, CurrencyCode=USD, SecurityType=CORPORATE, Description=REPUBLIC SERVICES INC, Product=Bonds/Notes (Par), SubSubSector=ENVIRONMENTAL, TickerSymbol=RSG, BBName=REPUBLIC SERVICES INC, IntType=FIXED, MinPiece=2000.0000, MinIncrement=2000.0000, AverageLife=4.975, Coupon=5.5, Dtm=1816.0, DtmLegalFinal=1816.0, Factor=1.0, DurationFactor=1.0, EffectiveConvexity=0.234, EffectiveDuration=4.459, YieldToWorst=2.553, MarketCFYield=2.553, OptionASpread=76.0, SpreadDuration=4.39, Country=US, AMT=N, NyIssuer=RSG&8, LnIssuer=RSG&8}
java.lang.RuntimeException: Storage is not configured
	at com.tangosol.coherence.component.util.daemon.queueProcessor.service.DistributedCache$BinaryMap.onMissingStorage(DistributedCache.CDB:9)
	at com.tangosol.coherence.component.util.daemon.queueProcessor.service.DistributedCache$BinaryMap.get(DistributedCache.CDB:15)
	at com.tangosol.util.ConverterCollections$ConverterMap.get(ConverterCollections.java:1300)
	at com.tangosol.coherence.component.util.daemon.queueProcessor.service.DistributedCache$ViewMap.get(DistributedCache.CDB:1)
	at com.tangosol.coherence.component.util.SafeNamedCache.get(SafeNamedCache.CDB:1)
	at com.tangosol.net.cache.CachingMap.get(CachingMap.java:490)
	at com.westernasset.smss.common.util.BusinessUtils.getIssuerDesciption(BusinessUtils.java:146)
	at com.westernasset.smss.common.util.BusinessUtils.fillNUIssuerId(BusinessUtils.java:513)
	at com.westernasset.smss.common.util.BusinessUtils.fillDerivedValues(BusinessUtils.java:421)
	at com.westernasset.smss.server.SecurityCacheManager.addSecurity(SecurityCacheManager.java:137)
	at com.westernasset.smss.server.SecurityMasterNearCacheSubsystem.addSecurity(SecurityMasterNearCacheSubsystem.java:202)
	at com.westernasset.smss.server.SecurityMasterNearCacheSubsystem.handleFuncCall(SecurityMasterNearCacheSubsystem.java:92)
	at com.westernasset.smss.server.SecurityMasterManagementSubsystem.handleFuncCall(SecurityMasterManagementSubsystem.java:23)
	at com.westernasset.framework.subsystem.receiving.SubsystemImpl.innerHandleFuncCall(SubsystemImpl.java:154)
	at com.westernasset.framework.subsystem.receiving.internal.InProcessFunctionCallReceiver.handleFuncCall(InProcessFunctionCallReceiver.java:49)
	at com.westernasset.framework.subsystem.calling.internal.inprocess.InProcessFunctionCallCaller.doCall(InProcessFunctionCallCaller.java:19)
	at com.westernasset.framework.subsystem.calling.internal.inprocess.ForwardIfNotFoundFunctionCallCaller.doCall(ForwardIfNotFoundFunctionCallCaller.java:28)
	at com.westernasset.framework.subsystem.calling.internal.base.BaseFunctionCallCaller.callFunc(BaseFunctionCallCaller.java:33)
	at com.westernasset.framework.subsystem.calling.internal.base.BaseSubsystem.callFunc(BaseSubsystem.java:35)
	at com.westernasset.pss.msg.reciever.process.TradeProcessor.createSecurity(TradeProcessor.java:302)
	at com.westernasset.pss.msg.reciever.process.TradeProcessor.process(TradeProcessor.java:49)
	at com.westernasset.pss.msg.queue.MessageFetcher.processMessage(MessageFetcher.java:91)
	at com.westernasset.pss.msg.queue.MessageFetcher.pullMessageFromQueue(MessageFetcher.java:78)
	at com.westernasset.pss.msg.queue.MessageFetcher.run(MessageFetcher.java:48)
2014-09-25 14:48:51,068 INFO  [TradeProcessor] Created Security :{SecurityId=1009573, AMTValue=1.0, MoodyRating=0, MoodyShortRating=0, FitchRating=0, FitchShortRating=0, SecurityTypeId=22, AssetTypeId=8, ProductId=20, SpRating=0, SpShortRating=0, WaRating=0, WaShortRating=0, IssueDate=2010-08-02T00:00:00.000-0700, MaturityDate=2019-09-15T00:00:00.000-0700, AssetId=760761AB2, CurrencyCode=USD, SecurityType=CORPORATE, Description=REPUBLIC SERVICES INC, Product=Bonds/Notes (Par), SubSubSector=ENVIRONMENTAL, TickerSymbol=RSG, BBName=REPUBLIC SERVICES INC, IntType=FIXED, MinPiece=2000.0000, MinIncrement=2000.0000, AverageLife=4.975, Coupon=5.5, Dtm=1816.0, DtmLegalFinal=1816.0, Factor=1.0, DurationFactor=1.0, EffectiveConvexity=0.234, EffectiveDuration=4.459, YieldToWorst=2.553, MarketCFYield=2.553, OptionASpread=76.0, SpreadDuration=4.39, Country=US, AMT=N, NyIssuer=RSG&8, LnIssuer=RSG&8}
2014-09-25 14:48:51,069 ERROR [TradeProcessor] Error in getPrioTradeStatusByMessage
com.westernasset.framework.subsystem.common.SubsystemException: SubsystemExceptionNested:
java.lang.RuntimeException: Storage is not configuredNested:
java.lang.RuntimeException: Storage is not configured
	at com.tangosol.coherence.component.util.daemon.queueProcessor.service.DistributedCache$BinaryMap.onMissingStorage(DistributedCache.CDB:9)
	at com.tangosol.coherence.component.util.daemon.queueProcessor.service.DistributedCache$BinaryMap.get(DistributedCache.CDB:15)
	at com.tangosol.util.ConverterCollections$ConverterMap.get(ConverterCollections.java:1300)
	at com.tangosol.coherence.component.util.daemon.queueProcessor.service.DistributedCache$ViewMap.get(DistributedCache.CDB:1)
	at com.tangosol.coherence.component.util.SafeNamedCache.get(SafeNamedCache.CDB:1)
	at com.tangosol.net.cache.CachingMap.get(CachingMap.java:490)
	at com.westernasset.tss.cache.TradeCacheManager.getTradeById(TradeCacheManager.java:202)
	at com.westernasset.tss.services.TradeNearCacheSubsystem.getTradeById(TradeNearCacheSubsystem.java:104)
	at com.westernasset.tss.services.TradeNearCacheSubsystem.handleFuncCall(TradeNearCacheSubsystem.java:50)
	at com.westernasset.tss.services.TradeSubsystem.handleFuncCall(TradeSubsystem.java:29)
	at com.westernasset.framework.subsystem.receiving.SubsystemImpl.innerHandleFuncCall(SubsystemImpl.java:154)
	at com.westernasset.framework.subsystem.receiving.internal.InProcessFunctionCallReceiver.handleFuncCall(InProcessFunctionCallReceiver.java:49)
	at com.westernasset.framework.subsystem.calling.internal.inprocess.InProcessFunctionCallCaller.doCall(InProcessFunctionCallCaller.java:19)
	at com.westernasset.framework.subsystem.calling.internal.inprocess.ForwardIfNotFoundFunctionCallCaller.doCall(ForwardIfNotFoundFunctionCallCaller.java:28)
	at com.westernasset.framework.subsystem.calling.internal.base.BaseFunctionCallCaller.callFunc(BaseFunctionCallCaller.java:33)
	at com.westernasset.framework.subsystem.calling.internal.base.BaseSubsystem.callFunc(BaseSubsystem.java:35)
	at com.westernasset.pss.msg.reciever.process.TradeProcessor.getTradeByTradeId(TradeProcessor.java:250)
	at com.westernasset.pss.msg.reciever.process.TradeProcessor.getPrioTradeStatusByMessage(TradeProcessor.java:268)
	at com.westernasset.pss.msg.reciever.process.TradeProcessor.process(TradeProcessor.java:50)
	at com.westernasset.pss.msg.queue.MessageFetcher.processMessage(MessageFetcher.java:91)
	at com.westernasset.pss.msg.queue.MessageFetcher.pullMessageFromQueue(MessageFetcher.java:78)
	at com.westernasset.pss.msg.queue.MessageFetcher.run(MessageFetcher.java:48)

	at com.westernasset.framework.subsystem.common.internal.SubsystemExceptionUtils.dataObjectToException(SubsystemExceptionUtils.java:38)
	at com.westernasset.framework.subsystem.common.internal.SubsystemExceptionUtils.throwExceptionIfNeeded(SubsystemExceptionUtils.java:15)
	at com.westernasset.framework.subsystem.calling.internal.base.BaseSubsystem.callFunc(BaseSubsystem.java:37)
	at com.westernasset.pss.msg.reciever.process.TradeProcessor.getTradeByTradeId(TradeProcessor.java:250)
	at com.westernasset.pss.msg.reciever.process.TradeProcessor.getPrioTradeStatusByMessage(TradeProcessor.java:268)
	at com.westernasset.pss.msg.reciever.process.TradeProcessor.process(TradeProcessor.java:50)
	at com.westernasset.pss.msg.queue.MessageFetcher.processMessage(MessageFetcher.java:91)
	at com.westernasset.pss.msg.queue.MessageFetcher.pullMessageFromQueue(MessageFetcher.java:78)
	at com.westernasset.pss.msg.queue.MessageFetcher.run(MessageFetcher.java:48)
2014-09-25 14:48:51,069 ERROR [TradeProcessor] Exception occured while processing message
java.lang.RuntimeException: Storage is not configured
	at com.tangosol.coherence.component.util.daemon.queueProcessor.service.DistributedCache$BinaryMap.onMissingStorage(DistributedCache.CDB:9)
	at com.tangosol.coherence.component.util.daemon.queueProcessor.service.DistributedCache$BinaryMap.get(DistributedCache.CDB:15)
	at com.tangosol.util.ConverterCollections$ConverterMap.get(ConverterCollections.java:1300)
	at com.tangosol.coherence.component.util.daemon.queueProcessor.service.DistributedCache$ViewMap.get(DistributedCache.CDB:1)
	at com.tangosol.coherence.component.util.SafeNamedCache.get(SafeNamedCache.CDB:1)
	at com.tangosol.net.cache.CachingMap.get(CachingMap.java:490)
	at com.westernasset.tss.cache.TradeCacheManager.isDuplicateTrade(TradeCacheManager.java:356)
	at com.westernasset.pss.common.util.PojoHelper.createObjects(PojoHelper.java:132)
	at com.westernasset.pss.msg.reciever.process.TradeProcessor.process(TradeProcessor.java:55)
	at com.westernasset.pss.msg.queue.MessageFetcher.processMessage(MessageFetcher.java:91)
	at com.westernasset.pss.msg.queue.MessageFetcher.pullMessageFromQueue(MessageFetcher.java:78)
	at com.westernasset.pss.msg.queue.MessageFetcher.run(MessageFetcher.java:48)
2014-09-25 14:48:51,069 INFO  [TradeProcessor] End process method 718 MB
2014-09-25 14:48:51,069 INFO  [TradeProcessor] Time taken by TradeProcessor.process method 7
2014-09-25 14:48:51,069 INFO  [MessageFetcher] Processing message completed...[7461676]
2014-09-25 14:48:51,069 INFO  [MessageQueue] Removing the first item of 14 from the queue
2014-09-25 14:48:51,069 INFO  [MessageFetcher] Processing message started...[7462013]
2014-09-25 14:48:51,069 INFO  [TradeProcessor] Begin process method 718 MB
2014-09-25 14:48:51,070 ERROR [TradeProcessor] Error in doSecurityExist
java.lang.RuntimeException: Storage is not configured
	at com.tangosol.coherence.component.util.daemon.queueProcessor.service.DistributedCache$BinaryMap.onMissingStorage(DistributedCache.CDB:9)
	at com.tangosol.coherence.component.util.daemon.queueProcessor.service.DistributedCache$BinaryMap.get(DistributedCache.CDB:15)
	at com.tangosol.util.ConverterCollections$ConverterMap.get(ConverterCollections.java:1300)
	at com.tangosol.coherence.component.util.daemon.queueProcessor.service.DistributedCache$ViewMap.get(DistributedCache.CDB:1)
	at com.tangosol.coherence.component.util.SafeNamedCache.get(SafeNamedCache.CDB:1)
	at com.tangosol.net.cache.CachingMap.get(CachingMap.java:490)
	at com.westernasset.smss.common.util.BusinessDateHelper.get(BusinessDateHelper.java:55)
	at com.westernasset.smss.common.util.BusinessDateHelper.getBusinessDateFromCacheWithOffset(BusinessDateHelper.java:130)
	at com.westernasset.smss.common.util.BusinessDateHelper.getCurrentBusinessDateAny(BusinessDateHelper.java:125)
	at com.westernasset.pss.msg.reciever.process.TradeProcessor.doSecurityExist(TradeProcessor.java:328)
	at com.westernasset.pss.msg.reciever.process.TradeProcessor.createSecurity(TradeProcessor.java:296)
	at com.westernasset.pss.msg.reciever.process.TradeProcessor.process(TradeProcessor.java:49)
	at com.westernasset.pss.msg.queue.MessageFetcher.processMessage(MessageFetcher.java:91)
	at com.westernasset.pss.msg.queue.MessageFetcher.pullMessageFromQueue(MessageFetcher.java:78)
	at com.westernasset.pss.msg.queue.MessageFetcher.run(MessageFetcher.java:48)
2014-09-25 14:48:51,070 ERROR [AtpToPssMapper] com.westernasset.framework.subsystem.common.SubsystemException: SubsystemExceptionNested:
java.lang.RuntimeException: Storage is not configuredNested:
java.lang.RuntimeException: Storage is not configured
	at com.tangosol.coherence.component.util.daemon.queueProcessor.service.DistributedCache$BinaryMap.onMissingStorage(DistributedCache.CDB:9)
	at com.tangosol.coherence.component.util.daemon.queueProcessor.service.DistributedCache$BinaryMap.get(DistributedCache.CDB:15)
	at com.tangosol.util.ConverterCollections$ConverterMap.get(ConverterCollections.java:1300)
	at com.tangosol.coherence.component.util.daemon.queueProcessor.service.DistributedCache$ViewMap.get(DistributedCache.CDB:1)
	at com.tangosol.coherence.component.util.SafeNamedCache.get(SafeNamedCache.CDB:1)
	at com.tangosol.net.cache.CachingMap.get(CachingMap.java:490)
	at com.westernasset.smss.server.SecurityMasterNearCacheSubsystem.getDigitRatingFromString(SecurityMasterNearCacheSubsystem.java:186)
	at com.westernasset.smss.server.SecurityMasterNearCacheSubsystem.handleFuncCall(SecurityMasterNearCacheSubsystem.java:85)
	at com.westernasset.smss.server.SecurityMasterManagementSubsystem.handleFuncCall(SecurityMasterManagementSubsystem.java:23)
	at com.westernasset.framework.subsystem.receiving.SubsystemImpl.innerHandleFuncCall(SubsystemImpl.java:154)
	at com.westernasset.framework.subsystem.receiving.internal.InProcessFunctionCallReceiver.handleFuncCall(InProcessFunctionCallReceiver.java:49)
	at com.westernasset.framework.subsystem.calling.internal.inprocess.InProcessFunctionCallCaller.doCall(InProcessFunctionCallCaller.java:19)
	at com.westernasset.framework.subsystem.calling.internal.inprocess.ForwardIfNotFoundFunctionCallCaller.doCall(ForwardIfNotFoundFunctionCallCaller.java:28)
	at com.westernasset.framework.subsystem.calling.internal.base.BaseFunctionCallCaller.callFunc(BaseFunctionCallCaller.java:33)
	at com.westernasset.framework.subsystem.calling.internal.base.BaseSubsystem.callFunc(BaseSubsystem.java:35)
	at com.westernasset.pss.msg.mapper.AtpToPssMapper.getRating(AtpToPssMapper.java:219)
	at com.westernasset.pss.msg.mapper.AtpToPssMapper.updateSecurityWithRatings(AtpToPssMapper.java:167)
	at com.westernasset.pss.msg.mapper.AtpToPssMapper.createSecurityVO(AtpToPssMapper.java:133)
	at com.westernasset.pss.msg.reciever.process.TradeProcessor.createSecurity(TradeProcessor.java:297)
	at com.westernasset.pss.msg.reciever.process.TradeProcessor.process(TradeProcessor.java:49)
	at com.westernasset.pss.msg.queue.MessageFetcher.processMessage(MessageFetcher.java:91)
	at com.westernasset.pss.msg.queue.MessageFetcher.pullMessageFromQueue(MessageFetcher.java:78)
	at com.westernasset.pss.msg.queue.MessageFetcher.run(MessageFetcher.java:48)

2014-09-25 14:48:51,071 ERROR [AtpToPssMapper] com.westernasset.framework.subsystem.common.SubsystemException: SubsystemExceptionNested:
java.lang.RuntimeException: Storage is not configuredNested:
java.lang.RuntimeException: Storage is not configured
	at com.tangosol.coherence.component.util.daemon.queueProcessor.service.DistributedCache$BinaryMap.onMissingStorage(DistributedCache.CDB:9)
	at com.tangosol.coherence.component.util.daemon.queueProcessor.service.DistributedCache$BinaryMap.get(DistributedCache.CDB:15)
	at com.tangosol.util.ConverterCollections$ConverterMap.get(ConverterCollections.java:1300)
	at com.tangosol.coherence.component.util.daemon.queueProcessor.service.DistributedCache$ViewMap.get(DistributedCache.CDB:1)
	at com.tangosol.coherence.component.util.SafeNamedCache.get(SafeNamedCache.CDB:1)
	at com.tangosol.net.cache.CachingMap.get(CachingMap.java:490)
	at com.westernasset.smss.server.SecurityMasterNearCacheSubsystem.getDigitRatingFromString(SecurityMasterNearCacheSubsystem.java:186)
	at com.westernasset.smss.server.SecurityMasterNearCacheSubsystem.handleFuncCall(SecurityMasterNearCacheSubsystem.java:85)
	at com.westernasset.smss.server.SecurityMasterManagementSubsystem.handleFuncCall(SecurityMasterManagementSubsystem.java:23)
	at com.westernasset.framework.subsystem.receiving.SubsystemImpl.innerHandleFuncCall(SubsystemImpl.java:154)
	at com.westernasset.framework.subsystem.receiving.internal.InProcessFunctionCallReceiver.handleFuncCall(InProcessFunctionCallReceiver.java:49)
	at com.westernasset.framework.subsystem.calling.internal.inprocess.InProcessFunctionCallCaller.doCall(InProcessFunctionCallCaller.java:19)
	at com.westernasset.framework.subsystem.calling.internal.inprocess.ForwardIfNotFoundFunctionCallCaller.doCall(ForwardIfNotFoundFunctionCallCaller.java:28)
	at com.westernasset.framework.subsystem.calling.internal.base.BaseFunctionCallCaller.callFunc(BaseFunctionCallCaller.java:33)
	at com.westernasset.framework.subsystem.calling.internal.base.BaseSubsystem.callFunc(BaseSubsystem.java:35)
	at com.westernasset.pss.msg.mapper.AtpToPssMapper.getRating(AtpToPssMapper.java:219)
	at com.westernasset.pss.msg.mapper.AtpToPssMapper.updateSecurityWithRatings(AtpToPssMapper.java:172)
	at com.westernasset.pss.msg.mapper.AtpToPssMapper.createSecurityVO(AtpToPssMapper.java:133)
	at com.westernasset.pss.msg.reciever.process.TradeProcessor.createSecurity(TradeProcessor.java:297)
	at com.westernasset.pss.msg.reciever.process.TradeProcessor.process(TradeProcessor.java:49)
	at com.westernasset.pss.msg.queue.MessageFetcher.processMessage(MessageFetcher.java:91)
	at com.westernasset.pss.msg.queue.MessageFetcher.pullMessageFromQueue(MessageFetcher.java:78)
	at com.westernasset.pss.msg.queue.MessageFetcher.run(MessageFetcher.java:48)

2014-09-25 14:48:51,071 ERROR [AtpToPssMapper] com.westernasset.framework.subsystem.common.SubsystemException: SubsystemExceptionNested:
java.lang.RuntimeException: Storage is not configuredNested:
java.lang.RuntimeException: Storage is not configured
	at com.tangosol.coherence.component.util.daemon.queueProcessor.service.DistributedCache$BinaryMap.onMissingStorage(DistributedCache.CDB:9)
	at com.tangosol.coherence.component.util.daemon.queueProcessor.service.DistributedCache$BinaryMap.get(DistributedCache.CDB:15)
	at com.tangosol.util.ConverterCollections$ConverterMap.get(ConverterCollections.java:1300)
	at com.tangosol.coherence.component.util.daemon.queueProcessor.service.DistributedCache$ViewMap.get(DistributedCache.CDB:1)
	at com.tangosol.coherence.component.util.SafeNamedCache.get(SafeNamedCache.CDB:1)
	at com.tangosol.net.cache.CachingMap.get(CachingMap.java:490)
	at com.westernasset.smss.server.SecurityMasterNearCacheSubsystem.getDigitRatingFromString(SecurityMasterNearCacheSubsystem.java:186)
	at com.westernasset.smss.server.SecurityMasterNearCacheSubsystem.handleFuncCall(SecurityMasterNearCacheSubsystem.java:85)
	at com.westernasset.smss.server.SecurityMasterManagementSubsystem.handleFuncCall(SecurityMasterManagementSubsystem.java:23)
	at com.westernasset.framework.subsystem.receiving.SubsystemImpl.innerHandleFuncCall(SubsystemImpl.java:154)
	at com.westernasset.framework.subsystem.receiving.internal.InProcessFunctionCallReceiver.handleFuncCall(InProcessFunctionCallReceiver.java:49)
	at com.westernasset.framework.subsystem.calling.internal.inprocess.InProcessFunctionCallCaller.doCall(InProcessFunctionCallCaller.java:19)
	at com.westernasset.framework.subsystem.calling.internal.inprocess.ForwardIfNotFoundFunctionCallCaller.doCall(ForwardIfNotFoundFunctionCallCaller.java:28)
	at com.westernasset.framework.subsystem.calling.internal.base.BaseFunctionCallCaller.callFunc(BaseFunctionCallCaller.java:33)
	at com.westernasset.framework.subsystem.calling.internal.base.BaseSubsystem.callFunc(BaseSubsystem.java:35)
	at com.westernasset.pss.msg.mapper.AtpToPssMapper.getRating(AtpToPssMapper.java:219)
	at com.westernasset.pss.msg.mapper.AtpToPssMapper.updateSecurityWithRatings(AtpToPssMapper.java:177)
	at com.westernasset.pss.msg.mapper.AtpToPssMapper.createSecurityVO(AtpToPssMapper.java:133)
	at com.westernasset.pss.msg.reciever.process.TradeProcessor.createSecurity(TradeProcessor.java:297)
	at com.westernasset.pss.msg.reciever.process.TradeProcessor.process(TradeProcessor.java:49)
	at com.westernasset.pss.msg.queue.MessageFetcher.processMessage(MessageFetcher.java:91)
	at com.westernasset.pss.msg.queue.MessageFetcher.pullMessageFromQueue(MessageFetcher.java:78)
	at com.westernasset.pss.msg.queue.MessageFetcher.run(MessageFetcher.java:48)

2014-09-25 14:48:51,072 ERROR [AtpToPssMapper] com.westernasset.framework.subsystem.common.SubsystemException: SubsystemExceptionNested:
java.lang.RuntimeException: Storage is not configuredNested:
java.lang.RuntimeException: Storage is not configured
	at com.tangosol.coherence.component.util.daemon.queueProcessor.service.DistributedCache$BinaryMap.onMissingStorage(DistributedCache.CDB:9)
	at com.tangosol.coherence.component.util.daemon.queueProcessor.service.DistributedCache$BinaryMap.get(DistributedCache.CDB:15)
	at com.tangosol.util.ConverterCollections$ConverterMap.get(ConverterCollections.java:1300)
	at com.tangosol.coherence.component.util.daemon.queueProcessor.service.DistributedCache$ViewMap.get(DistributedCache.CDB:1)
	at com.tangosol.coherence.component.util.SafeNamedCache.get(SafeNamedCache.CDB:1)
	at com.tangosol.net.cache.CachingMap.get(CachingMap.java:490)
	at com.westernasset.smss.server.SecurityMasterNearCacheSubsystem.getDigitRatingFromString(SecurityMasterNearCacheSubsystem.java:186)
	at com.westernasset.smss.server.SecurityMasterNearCacheSubsystem.handleFuncCall(SecurityMasterNearCacheSubsystem.java:85)
	at com.westernasset.smss.server.SecurityMasterManagementSubsystem.handleFuncCall(SecurityMasterManagementSubsystem.java:23)
	at com.westernasset.framework.subsystem.receiving.SubsystemImpl.innerHandleFuncCall(SubsystemImpl.java:154)
	at com.westernasset.framework.subsystem.receiving.internal.InProcessFunctionCallReceiver.handleFuncCall(InProcessFunctionCallReceiver.java:49)
	at com.westernasset.framework.subsystem.calling.internal.inprocess.InProcessFunctionCallCaller.doCall(InProcessFunctionCallCaller.java:19)
	at com.westernasset.framework.subsystem.calling.internal.inprocess.ForwardIfNotFoundFunctionCallCaller.doCall(ForwardIfNotFoundFunctionCallCaller.java:28)
	at com.westernasset.framework.subsystem.calling.internal.base.BaseFunctionCallCaller.callFunc(BaseFunctionCallCaller.java:33)
	at com.westernasset.framework.subsystem.calling.internal.base.BaseSubsystem.callFunc(BaseSubsystem.java:35)
	at com.westernasset.pss.msg.mapper.AtpToPssMapper.getRating(AtpToPssMapper.java:219)
	at com.westernasset.pss.msg.mapper.AtpToPssMapper.updateSecurityWithRatings(AtpToPssMapper.java:182)
	at com.westernasset.pss.msg.mapper.AtpToPssMapper.createSecurityVO(AtpToPssMapper.java:133)
	at com.westernasset.pss.msg.reciever.process.TradeProcessor.createSecurity(TradeProcessor.java:297)
	at com.westernasset.pss.msg.reciever.process.TradeProcessor.process(TradeProcessor.java:49)
	at com.westernasset.pss.msg.queue.MessageFetcher.processMessage(MessageFetcher.java:91)
	at com.westernasset.pss.msg.queue.MessageFetcher.pullMessageFromQueue(MessageFetcher.java:78)
	at com.westernasset.pss.msg.queue.MessageFetcher.run(MessageFetcher.java:48)

2014-09-25 14:48:51,072 ERROR [AtpToPssMapper] com.westernasset.framework.subsystem.common.SubsystemException: SubsystemExceptionNested:
java.lang.RuntimeException: Storage is not configuredNested:
java.lang.RuntimeException: Storage is not configured
	at com.tangosol.coherence.component.util.daemon.queueProcessor.service.DistributedCache$BinaryMap.onMissingStorage(DistributedCache.CDB:9)
	at com.tangosol.coherence.component.util.daemon.queueProcessor.service.DistributedCache$BinaryMap.get(DistributedCache.CDB:15)
	at com.tangosol.util.ConverterCollections$ConverterMap.get(ConverterCollections.java:1300)
	at com.tangosol.coherence.component.util.daemon.queueProcessor.service.DistributedCache$ViewMap.get(DistributedCache.CDB:1)
	at com.tangosol.coherence.component.util.SafeNamedCache.get(SafeNamedCache.CDB:1)
	at com.tangosol.net.cache.CachingMap.get(CachingMap.java:490)
	at com.westernasset.smss.server.SecurityMasterNearCacheSubsystem.getDigitRatingFromString(SecurityMasterNearCacheSubsystem.java:186)
	at com.westernasset.smss.server.SecurityMasterNearCacheSubsystem.handleFuncCall(SecurityMasterNearCacheSubsystem.java:85)
	at com.westernasset.smss.server.SecurityMasterManagementSubsystem.handleFuncCall(SecurityMasterManagementSubsystem.java:23)
	at com.westernasset.framework.subsystem.receiving.SubsystemImpl.innerHandleFuncCall(SubsystemImpl.java:154)
	at com.westernasset.framework.subsystem.receiving.internal.InProcessFunctionCallReceiver.handleFuncCall(InProcessFunctionCallReceiver.java:49)
	at com.westernasset.framework.subsystem.calling.internal.inprocess.InProcessFunctionCallCaller.doCall(InProcessFunctionCallCaller.java:19)
	at com.westernasset.framework.subsystem.calling.internal.inprocess.ForwardIfNotFoundFunctionCallCaller.doCall(ForwardIfNotFoundFunctionCallCaller.java:28)
	at com.westernasset.framework.subsystem.calling.internal.base.BaseFunctionCallCaller.callFunc(BaseFunctionCallCaller.java:33)
	at com.westernasset.framework.subsystem.calling.internal.base.BaseSubsystem.callFunc(BaseSubsystem.java:35)
	at com.westernasset.pss.msg.mapper.AtpToPssMapper.getRating(AtpToPssMapper.java:219)
	at com.westernasset.pss.msg.mapper.AtpToPssMapper.updateSecurityWithRatings(AtpToPssMapper.java:187)
	at com.westernasset.pss.msg.mapper.AtpToPssMapper.createSecurityVO(AtpToPssMapper.java:133)
	at com.westernasset.pss.msg.reciever.process.TradeProcessor.createSecurity(TradeProcessor.java:297)
	at com.westernasset.pss.msg.reciever.process.TradeProcessor.process(TradeProcessor.java:49)
	at com.westernasset.pss.msg.queue.MessageFetcher.processMessage(MessageFetcher.java:91)
	at com.westernasset.pss.msg.queue.MessageFetcher.pullMessageFromQueue(MessageFetcher.java:78)
	at com.westernasset.pss.msg.queue.MessageFetcher.run(MessageFetcher.java:48)

2014-09-25 14:48:51,072 ERROR [AtpToPssMapper] com.westernasset.framework.subsystem.common.SubsystemException: SubsystemExceptionNested:
java.lang.RuntimeException: Storage is not configuredNested:
java.lang.RuntimeException: Storage is not configured
	at com.tangosol.coherence.component.util.daemon.queueProcessor.service.DistributedCache$BinaryMap.onMissingStorage(DistributedCache.CDB:9)
	at com.tangosol.coherence.component.util.daemon.queueProcessor.service.DistributedCache$BinaryMap.get(DistributedCache.CDB:15)
	at com.tangosol.util.ConverterCollections$ConverterMap.get(ConverterCollections.java:1300)
	at com.tangosol.coherence.component.util.daemon.queueProcessor.service.DistributedCache$ViewMap.get(DistributedCache.CDB:1)
	at com.tangosol.coherence.component.util.SafeNamedCache.get(SafeNamedCache.CDB:1)
	at com.tangosol.net.cache.CachingMap.get(CachingMap.java:490)
	at com.westernasset.smss.server.SecurityMasterNearCacheSubsystem.getDigitRatingFromString(SecurityMasterNearCacheSubsystem.java:186)
	at com.westernasset.smss.server.SecurityMasterNearCacheSubsystem.handleFuncCall(SecurityMasterNearCacheSubsystem.java:85)
	at com.westernasset.smss.server.SecurityMasterManagementSubsystem.handleFuncCall(SecurityMasterManagementSubsystem.java:23)
	at com.westernasset.framework.subsystem.receiving.SubsystemImpl.innerHandleFuncCall(SubsystemImpl.java:154)
	at com.westernasset.framework.subsystem.receiving.internal.InProcessFunctionCallReceiver.handleFuncCall(InProcessFunctionCallReceiver.java:49)
	at com.westernasset.framework.subsystem.calling.internal.inprocess.InProcessFunctionCallCaller.doCall(InProcessFunctionCallCaller.java:19)
	at com.westernasset.framework.subsystem.calling.internal.inprocess.ForwardIfNotFoundFunctionCallCaller.doCall(ForwardIfNotFoundFunctionCallCaller.java:28)
	at com.westernasset.framework.subsystem.calling.internal.base.BaseFunctionCallCaller.callFunc(BaseFunctionCallCaller.java:33)
	at com.westernasset.framework.subsystem.calling.internal.base.BaseSubsystem.callFunc(BaseSubsystem.java:35)
	at com.westernasset.pss.msg.mapper.AtpToPssMapper.getRating(AtpToPssMapper.java:219)
	at com.westernasset.pss.msg.mapper.AtpToPssMapper.updateSecurityWithRatings(AtpToPssMapper.java:192)
	at com.westernasset.pss.msg.mapper.AtpToPssMapper.createSecurityVO(AtpToPssMapper.java:133)
	at com.westernasset.pss.msg.reciever.process.TradeProcessor.createSecurity(TradeProcessor.java:297)
	at com.westernasset.pss.msg.reciever.process.TradeProcessor.process(TradeProcessor.java:49)
	at com.westernasset.pss.msg.queue.MessageFetcher.processMessage(MessageFetcher.java:91)
	at com.westernasset.pss.msg.queue.MessageFetcher.pullMessageFromQueue(MessageFetcher.java:78)
	at com.westernasset.pss.msg.queue.MessageFetcher.run(MessageFetcher.java:48)

2014-09-25 14:48:51,073 ERROR [AtpToPssMapper] com.westernasset.framework.subsystem.common.SubsystemException: SubsystemExceptionNested:
java.lang.RuntimeException: Storage is not configuredNested:
java.lang.RuntimeException: Storage is not configured
	at com.tangosol.coherence.component.util.daemon.queueProcessor.service.DistributedCache$BinaryMap.onMissingStorage(DistributedCache.CDB:9)
	at com.tangosol.coherence.component.util.daemon.queueProcessor.service.DistributedCache$BinaryMap.get(DistributedCache.CDB:15)
	at com.tangosol.util.ConverterCollections$ConverterMap.get(ConverterCollections.java:1300)
	at com.tangosol.coherence.component.util.daemon.queueProcessor.service.DistributedCache$ViewMap.get(DistributedCache.CDB:1)
	at com.tangosol.coherence.component.util.SafeNamedCache.get(SafeNamedCache.CDB:1)
	at com.tangosol.net.cache.CachingMap.get(CachingMap.java:490)
	at com.westernasset.smss.server.SecurityMasterNearCacheSubsystem.getDigitRatingFromString(SecurityMasterNearCacheSubsystem.java:186)
	at com.westernasset.smss.server.SecurityMasterNearCacheSubsystem.handleFuncCall(SecurityMasterNearCacheSubsystem.java:85)
	at com.westernasset.smss.server.SecurityMasterManagementSubsystem.handleFuncCall(SecurityMasterManagementSubsystem.java:23)
	at com.westernasset.framework.subsystem.receiving.SubsystemImpl.innerHandleFuncCall(SubsystemImpl.java:154)
	at com.westernasset.framework.subsystem.receiving.internal.InProcessFunctionCallReceiver.handleFuncCall(InProcessFunctionCallReceiver.java:49)
	at com.westernasset.framework.subsystem.calling.internal.inprocess.InProcessFunctionCallCaller.doCall(InProcessFunctionCallCaller.java:19)
	at com.westernasset.framework.subsystem.calling.internal.inprocess.ForwardIfNotFoundFunctionCallCaller.doCall(ForwardIfNotFoundFunctionCallCaller.java:28)
	at com.westernasset.framework.subsystem.calling.internal.base.BaseFunctionCallCaller.callFunc(BaseFunctionCallCaller.java:33)
	at com.westernasset.framework.subsystem.calling.internal.base.BaseSubsystem.callFunc(BaseSubsystem.java:35)
	at com.westernasset.pss.msg.mapper.AtpToPssMapper.getRating(AtpToPssMapper.java:219)
	at com.westernasset.pss.msg.mapper.AtpToPssMapper.updateSecurityWithRatings(AtpToPssMapper.java:197)
	at com.westernasset.pss.msg.mapper.AtpToPssMapper.createSecurityVO(AtpToPssMapper.java:133)
	at com.westernasset.pss.msg.reciever.process.TradeProcessor.createSecurity(TradeProcessor.java:297)
	at com.westernasset.pss.msg.reciever.process.TradeProcessor.process(TradeProcessor.java:49)
	at com.westernasset.pss.msg.queue.MessageFetcher.processMessage(MessageFetcher.java:91)
	at com.westernasset.pss.msg.queue.MessageFetcher.pullMessageFromQueue(MessageFetcher.java:78)
	at com.westernasset.pss.msg.queue.MessageFetcher.run(MessageFetcher.java:48)

2014-09-25 14:48:51,073 ERROR [AtpToPssMapper] com.westernasset.framework.subsystem.common.SubsystemException: SubsystemExceptionNested:
java.lang.RuntimeException: Storage is not configuredNested:
java.lang.RuntimeException: Storage is not configured
	at com.tangosol.coherence.component.util.daemon.queueProcessor.service.DistributedCache$BinaryMap.onMissingStorage(DistributedCache.CDB:9)
	at com.tangosol.coherence.component.util.daemon.queueProcessor.service.DistributedCache$BinaryMap.get(DistributedCache.CDB:15)
	at com.tangosol.util.ConverterCollections$ConverterMap.get(ConverterCollections.java:1300)
	at com.tangosol.coherence.component.util.daemon.queueProcessor.service.DistributedCache$ViewMap.get(DistributedCache.CDB:1)
	at com.tangosol.coherence.component.util.SafeNamedCache.get(SafeNamedCache.CDB:1)
	at com.tangosol.net.cache.CachingMap.get(CachingMap.java:490)
	at com.westernasset.smss.server.SecurityMasterNearCacheSubsystem.getDigitRatingFromString(SecurityMasterNearCacheSubsystem.java:186)
	at com.westernasset.smss.server.SecurityMasterNearCacheSubsystem.handleFuncCall(SecurityMasterNearCacheSubsystem.java:85)
	at com.westernasset.smss.server.SecurityMasterManagementSubsystem.handleFuncCall(SecurityMasterManagementSubsystem.java:23)
	at com.westernasset.framework.subsystem.receiving.SubsystemImpl.innerHandleFuncCall(SubsystemImpl.java:154)
	at com.westernasset.framework.subsystem.receiving.internal.InProcessFunctionCallReceiver.handleFuncCall(InProcessFunctionCallReceiver.java:49)
	at com.westernasset.framework.subsystem.calling.internal.inprocess.InProcessFunctionCallCaller.doCall(InProcessFunctionCallCaller.java:19)
	at com.westernasset.framework.subsystem.calling.internal.inprocess.ForwardIfNotFoundFunctionCallCaller.doCall(ForwardIfNotFoundFunctionCallCaller.java:28)
	at com.westernasset.framework.subsystem.calling.internal.base.BaseFunctionCallCaller.callFunc(BaseFunctionCallCaller.java:33)
	at com.westernasset.framework.subsystem.calling.internal.base.BaseSubsystem.callFunc(BaseSubsystem.java:35)
	at com.westernasset.pss.msg.mapper.AtpToPssMapper.getRating(AtpToPssMapper.java:219)
	at com.westernasset.pss.msg.mapper.AtpToPssMapper.updateSecurityWithRatings(AtpToPssMapper.java:202)
	at com.westernasset.pss.msg.mapper.AtpToPssMapper.createSecurityVO(AtpToPssMapper.java:133)
	at com.westernasset.pss.msg.reciever.process.TradeProcessor.createSecurity(TradeProcessor.java:297)
	at com.westernasset.pss.msg.reciever.process.TradeProcessor.process(TradeProcessor.java:49)
	at com.westernasset.pss.msg.queue.MessageFetcher.processMessage(MessageFetcher.java:91)
	at com.westernasset.pss.msg.queue.MessageFetcher.pullMessageFromQueue(MessageFetcher.java:78)
	at com.westernasset.pss.msg.queue.MessageFetcher.run(MessageFetcher.java:48)

2014-09-25 14:48:51,075 ERROR [SecurityCacheManager] Failed to add security to cache: Storage is not configured : {SecurityId=1046235, AMTValue=1.0, MoodyRating=0, MoodyShortRating=0, FitchRating=0, FitchShortRating=0, SecurityTypeId=22, AssetTypeId=8, ProductId=20, SpRating=0, SpShortRating=0, WaRating=0, WaShortRating=0, IssueDate=2010-11-22T00:00:00.000-0800, MaturityDate=2021-04-15T00:00:00.000-0700, AssetId=548661CT2, CurrencyCode=USD, SecurityType=CORPORATE, Description=LOWE'S COMPANIES INC, NextCallDate=01/15/2021, NextCallPrice=100.000000, NextParCallDate=01/15/2021, Product=Bonds/Notes (Par), SubSubSector=RETAILERS, TickerSymbol=LOW, BBName=LOWE'S COMPANIES INC, IntType=FIXED, MinPiece=2000.0000, MinIncrement=2000.0000, AverageLife=6.434, Coupon=3.75, Dtm=2394.0, DtmLegalFinal=2394.0, Factor=1.0, DurationFactor=1.0, EffectiveConvexity=0.309, EffectiveDuration=5.759, YieldToWorst=2.747, MarketCFYield=2.781, OptionASpread=59.0, SpreadDuration=5.61, Country=US, AMT=N, NyIssuer=LOW&8, LnIssuer=LOW&8}
java.lang.RuntimeException: Storage is not configured
	at com.tangosol.coherence.component.util.daemon.queueProcessor.service.DistributedCache$BinaryMap.onMissingStorage(DistributedCache.CDB:9)
	at com.tangosol.coherence.component.util.daemon.queueProcessor.service.DistributedCache$BinaryMap.get(DistributedCache.CDB:15)
	at com.tangosol.util.ConverterCollections$ConverterMap.get(ConverterCollections.java:1300)
	at com.tangosol.coherence.component.util.daemon.queueProcessor.service.DistributedCache$ViewMap.get(DistributedCache.CDB:1)
	at com.tangosol.coherence.component.util.SafeNamedCache.get(SafeNamedCache.CDB:1)
	at com.tangosol.net.cache.CachingMap.get(CachingMap.java:490)
	at com.westernasset.smss.common.util.BusinessUtils.getIssuerDesciption(BusinessUtils.java:146)
	at com.westernasset.smss.common.util.BusinessUtils.fillNUIssuerId(BusinessUtils.java:513)
	at com.westernasset.smss.common.util.BusinessUtils.fillDerivedValues(BusinessUtils.java:421)
	at com.westernasset.smss.server.SecurityCacheManager.addSecurity(SecurityCacheManager.java:137)
	at com.westernasset.smss.server.SecurityMasterNearCacheSubsystem.addSecurity(SecurityMasterNearCacheSubsystem.java:202)
	at com.westernasset.smss.server.SecurityMasterNearCacheSubsystem.handleFuncCall(SecurityMasterNearCacheSubsystem.java:92)
	at com.westernasset.smss.server.SecurityMasterManagementSubsystem.handleFuncCall(SecurityMasterManagementSubsystem.java:23)
	at com.westernasset.framework.subsystem.receiving.SubsystemImpl.innerHandleFuncCall(SubsystemImpl.java:154)
	at com.westernasset.framework.subsystem.receiving.internal.InProcessFunctionCallReceiver.handleFuncCall(InProcessFunctionCallReceiver.java:49)
	at com.westernasset.framework.subsystem.calling.internal.inprocess.InProcessFunctionCallCaller.doCall(InProcessFunctionCallCaller.java:19)
	at com.westernasset.framework.subsystem.calling.internal.inprocess.ForwardIfNotFoundFunctionCallCaller.doCall(ForwardIfNotFoundFunctionCallCaller.java:28)
	at com.westernasset.framework.subsystem.calling.internal.base.BaseFunctionCallCaller.callFunc(BaseFunctionCallCaller.java:33)
	at com.westernasset.framework.subsystem.calling.internal.base.BaseSubsystem.callFunc(BaseSubsystem.java:35)
	at com.westernasset.pss.msg.reciever.process.TradeProcessor.createSecurity(TradeProcessor.java:302)
	at com.westernasset.pss.msg.reciever.process.TradeProcessor.process(TradeProcessor.java:49)
	at com.westernasset.pss.msg.queue.MessageFetcher.processMessage(MessageFetcher.java:91)
	at com.westernasset.pss.msg.queue.MessageFetcher.pullMessageFromQueue(MessageFetcher.java:78)
	at com.westernasset.pss.msg.queue.MessageFetcher.run(MessageFetcher.java:48)
2014-09-25 14:48:51,075 INFO  [TradeProcessor] Created Security :{SecurityId=1046235, AMTValue=1.0, MoodyRating=0, MoodyShortRating=0, FitchRating=0, FitchShortRating=0, SecurityTypeId=22, AssetTypeId=8, ProductId=20, SpRating=0, SpShortRating=0, WaRating=0, WaShortRating=0, IssueDate=2010-11-22T00:00:00.000-0800, MaturityDate=2021-04-15T00:00:00.000-0700, AssetId=548661CT2, CurrencyCode=USD, SecurityType=CORPORATE, Description=LOWE'S COMPANIES INC, NextCallDate=01/15/2021, NextCallPrice=100.000000, NextParCallDate=01/15/2021, Product=Bonds/Notes (Par), SubSubSector=RETAILERS, TickerSymbol=LOW, BBName=LOWE'S COMPANIES INC, IntType=FIXED, MinPiece=2000.0000, MinIncrement=2000.0000, AverageLife=6.434, Coupon=3.75, Dtm=2394.0, DtmLegalFinal=2394.0, Factor=1.0, DurationFactor=1.0, EffectiveConvexity=0.309, EffectiveDuration=5.759, YieldToWorst=2.747, MarketCFYield=2.781, OptionASpread=59.0, SpreadDuration=5.61, Country=US, AMT=N, NyIssuer=LOW&8, LnIssuer=LOW&8}
2014-09-25 14:48:51,076 ERROR [TradeProcessor] Error in getPrioTradeStatusByMessage
com.westernasset.framework.subsystem.common.SubsystemException: SubsystemExceptionNested:
java.lang.RuntimeException: Storage is not configuredNested:
java.lang.RuntimeException: Storage is not configured
	at com.tangosol.coherence.component.util.daemon.queueProcessor.service.DistributedCache$BinaryMap.onMissingStorage(DistributedCache.CDB:9)
	at com.tangosol.coherence.component.util.daemon.queueProcessor.service.DistributedCache$BinaryMap.get(DistributedCache.CDB:15)
	at com.tangosol.util.ConverterCollections$ConverterMap.get(ConverterCollections.java:1300)
	at com.tangosol.coherence.component.util.daemon.queueProcessor.service.DistributedCache$ViewMap.get(DistributedCache.CDB:1)
	at com.tangosol.coherence.component.util.SafeNamedCache.get(SafeNamedCache.CDB:1)
	at com.tangosol.net.cache.CachingMap.get(CachingMap.java:490)
	at com.westernasset.tss.cache.TradeCacheManager.getTradeById(TradeCacheManager.java:202)
	at com.westernasset.tss.services.TradeNearCacheSubsystem.getTradeById(TradeNearCacheSubsystem.java:104)
	at com.westernasset.tss.services.TradeNearCacheSubsystem.handleFuncCall(TradeNearCacheSubsystem.java:50)
	at com.westernasset.tss.services.TradeSubsystem.handleFuncCall(TradeSubsystem.java:29)
	at com.westernasset.framework.subsystem.receiving.SubsystemImpl.innerHandleFuncCall(SubsystemImpl.java:154)
	at com.westernasset.framework.subsystem.receiving.internal.InProcessFunctionCallReceiver.handleFuncCall(InProcessFunctionCallReceiver.java:49)
	at com.westernasset.framework.subsystem.calling.internal.inprocess.InProcessFunctionCallCaller.doCall(InProcessFunctionCallCaller.java:19)
	at com.westernasset.framework.subsystem.calling.internal.inprocess.ForwardIfNotFoundFunctionCallCaller.doCall(ForwardIfNotFoundFunctionCallCaller.java:28)
	at com.westernasset.framework.subsystem.calling.internal.base.BaseFunctionCallCaller.callFunc(BaseFunctionCallCaller.java:33)
	at com.westernasset.framework.subsystem.calling.internal.base.BaseSubsystem.callFunc(BaseSubsystem.java:35)
	at com.westernasset.pss.msg.reciever.process.TradeProcessor.getTradeByTradeId(TradeProcessor.java:250)
	at com.westernasset.pss.msg.reciever.process.TradeProcessor.getPrioTradeStatusByMessage(TradeProcessor.java:268)
	at com.westernasset.pss.msg.reciever.process.TradeProcessor.process(TradeProcessor.java:50)
	at com.westernasset.pss.msg.queue.MessageFetcher.processMessage(MessageFetcher.java:91)
	at com.westernasset.pss.msg.queue.MessageFetcher.pullMessageFromQueue(MessageFetcher.java:78)
	at com.westernasset.pss.msg.queue.MessageFetcher.run(MessageFetcher.java:48)

	at com.westernasset.framework.subsystem.common.internal.SubsystemExceptionUtils.dataObjectToException(SubsystemExceptionUtils.java:38)
	at com.westernasset.framework.subsystem.common.internal.SubsystemExceptionUtils.throwExceptionIfNeeded(SubsystemExceptionUtils.java:15)
	at com.westernasset.framework.subsystem.calling.internal.base.BaseSubsystem.callFunc(BaseSubsystem.java:37)
	at com.westernasset.pss.msg.reciever.process.TradeProcessor.getTradeByTradeId(TradeProcessor.java:250)
	at com.westernasset.pss.msg.reciever.process.TradeProcessor.getPrioTradeStatusByMessage(TradeProcessor.java:268)
	at com.westernasset.pss.msg.reciever.process.TradeProcessor.process(TradeProcessor.java:50)
	at com.westernasset.pss.msg.queue.MessageFetcher.processMessage(MessageFetcher.java:91)
	at com.westernasset.pss.msg.queue.MessageFetcher.pullMessageFromQueue(MessageFetcher.java:78)
	at com.westernasset.pss.msg.queue.MessageFetcher.run(MessageFetcher.java:48)
2014-09-25 14:48:51,076 ERROR [TradeProcessor] Exception occured while processing message
java.lang.RuntimeException: Storage is not configured
	at com.tangosol.coherence.component.util.daemon.queueProcessor.service.DistributedCache$BinaryMap.onMissingStorage(DistributedCache.CDB:9)
	at com.tangosol.coherence.component.util.daemon.queueProcessor.service.DistributedCache$BinaryMap.get(DistributedCache.CDB:15)
	at com.tangosol.util.ConverterCollections$ConverterMap.get(ConverterCollections.java:1300)
	at com.tangosol.coherence.component.util.daemon.queueProcessor.service.DistributedCache$ViewMap.get(DistributedCache.CDB:1)
	at com.tangosol.coherence.component.util.SafeNamedCache.get(SafeNamedCache.CDB:1)
	at com.tangosol.net.cache.CachingMap.get(CachingMap.java:490)
	at com.westernasset.tss.cache.TradeCacheManager.isDuplicateTrade(TradeCacheManager.java:356)
	at com.westernasset.pss.common.util.PojoHelper.createObjects(PojoHelper.java:132)
	at com.westernasset.pss.msg.reciever.process.TradeProcessor.process(TradeProcessor.java:55)
	at com.westernasset.pss.msg.queue.MessageFetcher.processMessage(MessageFetcher.java:91)
	at com.westernasset.pss.msg.queue.MessageFetcher.pullMessageFromQueue(MessageFetcher.java:78)
	at com.westernasset.pss.msg.queue.MessageFetcher.run(MessageFetcher.java:48)
2014-09-25 14:48:51,076 INFO  [TradeProcessor] End process method 719 MB
2014-09-25 14:48:51,076 INFO  [TradeProcessor] Time taken by TradeProcessor.process method 7
2014-09-25 14:48:51,076 INFO  [MessageFetcher] Processing message completed...[7462013]
2014-09-25 14:48:51,076 INFO  [MessageQueue] Removing the first item of 13 from the queue
2014-09-25 14:48:51,076 INFO  [MessageFetcher] Processing message started...[7461831]
2014-09-25 14:48:51,076 INFO  [TradeProcessor] Begin process method 719 MB
2014-09-25 14:48:51,076 ERROR [TradeProcessor] Error in doSecurityExist
java.lang.RuntimeException: Storage is not configured
	at com.tangosol.coherence.component.util.daemon.queueProcessor.service.DistributedCache$BinaryMap.onMissingStorage(DistributedCache.CDB:9)
	at com.tangosol.coherence.component.util.daemon.queueProcessor.service.DistributedCache$BinaryMap.get(DistributedCache.CDB:15)
	at com.tangosol.util.ConverterCollections$ConverterMap.get(ConverterCollections.java:1300)
	at com.tangosol.coherence.component.util.daemon.queueProcessor.service.DistributedCache$ViewMap.get(DistributedCache.CDB:1)
	at com.tangosol.coherence.component.util.SafeNamedCache.get(SafeNamedCache.CDB:1)
	at com.tangosol.net.cache.CachingMap.get(CachingMap.java:490)
	at com.westernasset.smss.common.util.BusinessDateHelper.get(BusinessDateHelper.java:55)
	at com.westernasset.smss.common.util.BusinessDateHelper.getBusinessDateFromCacheWithOffset(BusinessDateHelper.java:130)
	at com.westernasset.smss.common.util.BusinessDateHelper.getCurrentBusinessDateAny(BusinessDateHelper.java:125)
	at com.westernasset.pss.msg.reciever.process.TradeProcessor.doSecurityExist(TradeProcessor.java:328)
	at com.westernasset.pss.msg.reciever.process.TradeProcessor.createSecurity(TradeProcessor.java:296)
	at com.westernasset.pss.msg.reciever.process.TradeProcessor.process(TradeProcessor.java:49)
	at com.westernasset.pss.msg.queue.MessageFetcher.processMessage(MessageFetcher.java:91)
	at com.westernasset.pss.msg.queue.MessageFetcher.pullMessageFromQueue(MessageFetcher.java:78)
	at com.westernasset.pss.msg.queue.MessageFetcher.run(MessageFetcher.java:48)
2014-09-25 14:48:51,077 ERROR [AtpToPssMapper] com.westernasset.framework.subsystem.common.SubsystemException: SubsystemExceptionNested:
java.lang.RuntimeException: Storage is not configuredNested:
java.lang.RuntimeException: Storage is not configured
	at com.tangosol.coherence.component.util.daemon.queueProcessor.service.DistributedCache$BinaryMap.onMissingStorage(DistributedCache.CDB:9)
	at com.tangosol.coherence.component.util.daemon.queueProcessor.service.DistributedCache$BinaryMap.get(DistributedCache.CDB:15)
	at com.tangosol.util.ConverterCollections$ConverterMap.get(ConverterCollections.java:1300)
	at com.tangosol.coherence.component.util.daemon.queueProcessor.service.DistributedCache$ViewMap.get(DistributedCache.CDB:1)
	at com.tangosol.coherence.component.util.SafeNamedCache.get(SafeNamedCache.CDB:1)
	at com.tangosol.net.cache.CachingMap.get(CachingMap.java:490)
	at com.westernasset.smss.server.SecurityMasterNearCacheSubsystem.getDigitRatingFromString(SecurityMasterNearCacheSubsystem.java:186)
	at com.westernasset.smss.server.SecurityMasterNearCacheSubsystem.handleFuncCall(SecurityMasterNearCacheSubsystem.java:85)
	at com.westernasset.smss.server.SecurityMasterManagementSubsystem.handleFuncCall(SecurityMasterManagementSubsystem.java:23)
	at com.westernasset.framework.subsystem.receiving.SubsystemImpl.innerHandleFuncCall(SubsystemImpl.java:154)
	at com.westernasset.framework.subsystem.receiving.internal.InProcessFunctionCallReceiver.handleFuncCall(InProcessFunctionCallReceiver.java:49)
	at com.westernasset.framework.subsystem.calling.internal.inprocess.InProcessFunctionCallCaller.doCall(InProcessFunctionCallCaller.java:19)
	at com.westernasset.framework.subsystem.calling.internal.inprocess.ForwardIfNotFoundFunctionCallCaller.doCall(ForwardIfNotFoundFunctionCallCaller.java:28)
	at com.westernasset.framework.subsystem.calling.internal.base.BaseFunctionCallCaller.callFunc(BaseFunctionCallCaller.java:33)
	at com.westernasset.framework.subsystem.calling.internal.base.BaseSubsystem.callFunc(BaseSubsystem.java:35)
	at com.westernasset.pss.msg.mapper.AtpToPssMapper.getRating(AtpToPssMapper.java:219)
	at com.westernasset.pss.msg.mapper.AtpToPssMapper.updateSecurityWithRatings(AtpToPssMapper.java:167)
	at com.westernasset.pss.msg.mapper.AtpToPssMapper.createSecurityVO(AtpToPssMapper.java:133)
	at com.westernasset.pss.msg.reciever.process.TradeProcessor.createSecurity(TradeProcessor.java:297)
	at com.westernasset.pss.msg.reciever.process.TradeProcessor.process(TradeProcessor.java:49)
	at com.westernasset.pss.msg.queue.MessageFetcher.processMessage(MessageFetcher.java:91)
	at com.westernasset.pss.msg.queue.MessageFetcher.pullMessageFromQueue(MessageFetcher.java:78)
	at com.westernasset.pss.msg.queue.MessageFetcher.run(MessageFetcher.java:48)

2014-09-25 14:48:51,077 ERROR [AtpToPssMapper] com.westernasset.framework.subsystem.common.SubsystemException: SubsystemExceptionNested:
java.lang.RuntimeException: Storage is not configuredNested:
java.lang.RuntimeException: Storage is not configured
	at com.tangosol.coherence.component.util.daemon.queueProcessor.service.DistributedCache$BinaryMap.onMissingStorage(DistributedCache.CDB:9)
	at com.tangosol.coherence.component.util.daemon.queueProcessor.service.DistributedCache$BinaryMap.get(DistributedCache.CDB:15)
	at com.tangosol.util.ConverterCollections$ConverterMap.get(ConverterCollections.java:1300)
	at com.tangosol.coherence.component.util.daemon.queueProcessor.service.DistributedCache$ViewMap.get(DistributedCache.CDB:1)
	at com.tangosol.coherence.component.util.SafeNamedCache.get(SafeNamedCache.CDB:1)
	at com.tangosol.net.cache.CachingMap.get(CachingMap.java:490)
	at com.westernasset.smss.server.SecurityMasterNearCacheSubsystem.getDigitRatingFromString(SecurityMasterNearCacheSubsystem.java:186)
	at com.westernasset.smss.server.SecurityMasterNearCacheSubsystem.handleFuncCall(SecurityMasterNearCacheSubsystem.java:85)
	at com.westernasset.smss.server.SecurityMasterManagementSubsystem.handleFuncCall(SecurityMasterManagementSubsystem.java:23)
	at com.westernasset.framework.subsystem.receiving.SubsystemImpl.innerHandleFuncCall(SubsystemImpl.java:154)
	at com.westernasset.framework.subsystem.receiving.internal.InProcessFunctionCallReceiver.handleFuncCall(InProcessFunctionCallReceiver.java:49)
	at com.westernasset.framework.subsystem.calling.internal.inprocess.InProcessFunctionCallCaller.doCall(InProcessFunctionCallCaller.java:19)
	at com.westernasset.framework.subsystem.calling.internal.inprocess.ForwardIfNotFoundFunctionCallCaller.doCall(ForwardIfNotFoundFunctionCallCaller.java:28)
	at com.westernasset.framework.subsystem.calling.internal.base.BaseFunctionCallCaller.callFunc(BaseFunctionCallCaller.java:33)
	at com.westernasset.framework.subsystem.calling.internal.base.BaseSubsystem.callFunc(BaseSubsystem.java:35)
	at com.westernasset.pss.msg.mapper.AtpToPssMapper.getRating(AtpToPssMapper.java:219)
	at com.westernasset.pss.msg.mapper.AtpToPssMapper.updateSecurityWithRatings(AtpToPssMapper.java:172)
	at com.westernasset.pss.msg.mapper.AtpToPssMapper.createSecurityVO(AtpToPssMapper.java:133)
	at com.westernasset.pss.msg.reciever.process.TradeProcessor.createSecurity(TradeProcessor.java:297)
	at com.westernasset.pss.msg.reciever.process.TradeProcessor.process(TradeProcessor.java:49)
	at com.westernasset.pss.msg.queue.MessageFetcher.processMessage(MessageFetcher.java:91)
	at com.westernasset.pss.msg.queue.MessageFetcher.pullMessageFromQueue(MessageFetcher.java:78)
	at com.westernasset.pss.msg.queue.MessageFetcher.run(MessageFetcher.java:48)

2014-09-25 14:48:51,078 ERROR [AtpToPssMapper] com.westernasset.framework.subsystem.common.SubsystemException: SubsystemExceptionNested:
java.lang.RuntimeException: Storage is not configuredNested:
java.lang.RuntimeException: Storage is not configured
	at com.tangosol.coherence.component.util.daemon.queueProcessor.service.DistributedCache$BinaryMap.onMissingStorage(DistributedCache.CDB:9)
	at com.tangosol.coherence.component.util.daemon.queueProcessor.service.DistributedCache$BinaryMap.get(DistributedCache.CDB:15)
	at com.tangosol.util.ConverterCollections$ConverterMap.get(ConverterCollections.java:1300)
	at com.tangosol.coherence.component.util.daemon.queueProcessor.service.DistributedCache$ViewMap.get(DistributedCache.CDB:1)
	at com.tangosol.coherence.component.util.SafeNamedCache.get(SafeNamedCache.CDB:1)
	at com.tangosol.net.cache.CachingMap.get(CachingMap.java:490)
	at com.westernasset.smss.server.SecurityMasterNearCacheSubsystem.getDigitRatingFromString(SecurityMasterNearCacheSubsystem.java:186)
	at com.westernasset.smss.server.SecurityMasterNearCacheSubsystem.handleFuncCall(SecurityMasterNearCacheSubsystem.java:85)
	at com.westernasset.smss.server.SecurityMasterManagementSubsystem.handleFuncCall(SecurityMasterManagementSubsystem.java:23)
	at com.westernasset.framework.subsystem.receiving.SubsystemImpl.innerHandleFuncCall(SubsystemImpl.java:154)
	at com.westernasset.framework.subsystem.receiving.internal.InProcessFunctionCallReceiver.handleFuncCall(InProcessFunctionCallReceiver.java:49)
	at com.westernasset.framework.subsystem.calling.internal.inprocess.InProcessFunctionCallCaller.doCall(InProcessFunctionCallCaller.java:19)
	at com.westernasset.framework.subsystem.calling.internal.inprocess.ForwardIfNotFoundFunctionCallCaller.doCall(ForwardIfNotFoundFunctionCallCaller.java:28)
	at com.westernasset.framework.subsystem.calling.internal.base.BaseFunctionCallCaller.callFunc(BaseFunctionCallCaller.java:33)
	at com.westernasset.framework.subsystem.calling.internal.base.BaseSubsystem.callFunc(BaseSubsystem.java:35)
	at com.westernasset.pss.msg.mapper.AtpToPssMapper.getRating(AtpToPssMapper.java:219)
	at com.westernasset.pss.msg.mapper.AtpToPssMapper.updateSecurityWithRatings(AtpToPssMapper.java:177)
	at com.westernasset.pss.msg.mapper.AtpToPssMapper.createSecurityVO(AtpToPssMapper.java:133)
	at com.westernasset.pss.msg.reciever.process.TradeProcessor.createSecurity(TradeProcessor.java:297)
	at com.westernasset.pss.msg.reciever.process.TradeProcessor.process(TradeProcessor.java:49)
	at com.westernasset.pss.msg.queue.MessageFetcher.processMessage(MessageFetcher.java:91)
	at com.westernasset.pss.msg.queue.MessageFetcher.pullMessageFromQueue(MessageFetcher.java:78)
	at com.westernasset.pss.msg.queue.MessageFetcher.run(MessageFetcher.java:48)

2014-09-25 14:48:51,078 ERROR [AtpToPssMapper] com.westernasset.framework.subsystem.common.SubsystemException: SubsystemExceptionNested:
java.lang.RuntimeException: Storage is not configuredNested:
java.lang.RuntimeException: Storage is not configured
	at com.tangosol.coherence.component.util.daemon.queueProcessor.service.DistributedCache$BinaryMap.onMissingStorage(DistributedCache.CDB:9)
	at com.tangosol.coherence.component.util.daemon.queueProcessor.service.DistributedCache$BinaryMap.get(DistributedCache.CDB:15)
	at com.tangosol.util.ConverterCollections$ConverterMap.get(ConverterCollections.java:1300)
	at com.tangosol.coherence.component.util.daemon.queueProcessor.service.DistributedCache$ViewMap.get(DistributedCache.CDB:1)
	at com.tangosol.coherence.component.util.SafeNamedCache.get(SafeNamedCache.CDB:1)
	at com.tangosol.net.cache.CachingMap.get(CachingMap.java:490)
	at com.westernasset.smss.server.SecurityMasterNearCacheSubsystem.getDigitRatingFromString(SecurityMasterNearCacheSubsystem.java:186)
	at com.westernasset.smss.server.SecurityMasterNearCacheSubsystem.handleFuncCall(SecurityMasterNearCacheSubsystem.java:85)
	at com.westernasset.smss.server.SecurityMasterManagementSubsystem.handleFuncCall(SecurityMasterManagementSubsystem.java:23)
	at com.westernasset.framework.subsystem.receiving.SubsystemImpl.innerHandleFuncCall(SubsystemImpl.java:154)
	at com.westernasset.framework.subsystem.receiving.internal.InProcessFunctionCallReceiver.handleFuncCall(InProcessFunctionCallReceiver.java:49)
	at com.westernasset.framework.subsystem.calling.internal.inprocess.InProcessFunctionCallCaller.doCall(InProcessFunctionCallCaller.java:19)
	at com.westernasset.framework.subsystem.calling.internal.inprocess.ForwardIfNotFoundFunctionCallCaller.doCall(ForwardIfNotFoundFunctionCallCaller.java:28)
	at com.westernasset.framework.subsystem.calling.internal.base.BaseFunctionCallCaller.callFunc(BaseFunctionCallCaller.java:33)
	at com.westernasset.framework.subsystem.calling.internal.base.BaseSubsystem.callFunc(BaseSubsystem.java:35)
	at com.westernasset.pss.msg.mapper.AtpToPssMapper.getRating(AtpToPssMapper.java:219)
	at com.westernasset.pss.msg.mapper.AtpToPssMapper.updateSecurityWithRatings(AtpToPssMapper.java:182)
	at com.westernasset.pss.msg.mapper.AtpToPssMapper.createSecurityVO(AtpToPssMapper.java:133)
	at com.westernasset.pss.msg.reciever.process.TradeProcessor.createSecurity(TradeProcessor.java:297)
	at com.westernasset.pss.msg.reciever.process.TradeProcessor.process(TradeProcessor.java:49)
	at com.westernasset.pss.msg.queue.MessageFetcher.processMessage(MessageFetcher.java:91)
	at com.westernasset.pss.msg.queue.MessageFetcher.pullMessageFromQueue(MessageFetcher.java:78)
	at com.westernasset.pss.msg.queue.MessageFetcher.run(MessageFetcher.java:48)

2014-09-25 14:48:51,079 ERROR [AtpToPssMapper] com.westernasset.framework.subsystem.common.SubsystemException: SubsystemExceptionNested:
java.lang.RuntimeException: Storage is not configuredNested:
java.lang.RuntimeException: Storage is not configured
	at com.tangosol.coherence.component.util.daemon.queueProcessor.service.DistributedCache$BinaryMap.onMissingStorage(DistributedCache.CDB:9)
	at com.tangosol.coherence.component.util.daemon.queueProcessor.service.DistributedCache$BinaryMap.get(DistributedCache.CDB:15)
	at com.tangosol.util.ConverterCollections$ConverterMap.get(ConverterCollections.java:1300)
	at com.tangosol.coherence.component.util.daemon.queueProcessor.service.DistributedCache$ViewMap.get(DistributedCache.CDB:1)
	at com.tangosol.coherence.component.util.SafeNamedCache.get(SafeNamedCache.CDB:1)
	at com.tangosol.net.cache.CachingMap.get(CachingMap.java:490)
	at com.westernasset.smss.server.SecurityMasterNearCacheSubsystem.getDigitRatingFromString(SecurityMasterNearCacheSubsystem.java:186)
	at com.westernasset.smss.server.SecurityMasterNearCacheSubsystem.handleFuncCall(SecurityMasterNearCacheSubsystem.java:85)
	at com.westernasset.smss.server.SecurityMasterManagementSubsystem.handleFuncCall(SecurityMasterManagementSubsystem.java:23)
	at com.westernasset.framework.subsystem.receiving.SubsystemImpl.innerHandleFuncCall(SubsystemImpl.java:154)
	at com.westernasset.framework.subsystem.receiving.internal.InProcessFunctionCallReceiver.handleFuncCall(InProcessFunctionCallReceiver.java:49)
	at com.westernasset.framework.subsystem.calling.internal.inprocess.InProcessFunctionCallCaller.doCall(InProcessFunctionCallCaller.java:19)
	at com.westernasset.framework.subsystem.calling.internal.inprocess.ForwardIfNotFoundFunctionCallCaller.doCall(ForwardIfNotFoundFunctionCallCaller.java:28)
	at com.westernasset.framework.subsystem.calling.internal.base.BaseFunctionCallCaller.callFunc(BaseFunctionCallCaller.java:33)
	at com.westernasset.framework.subsystem.calling.internal.base.BaseSubsystem.callFunc(BaseSubsystem.java:35)
	at com.westernasset.pss.msg.mapper.AtpToPssMapper.getRating(AtpToPssMapper.java:219)
	at com.westernasset.pss.msg.mapper.AtpToPssMapper.updateSecurityWithRatings(AtpToPssMapper.java:187)
	at com.westernasset.pss.msg.mapper.AtpToPssMapper.createSecurityVO(AtpToPssMapper.java:133)
	at com.westernasset.pss.msg.reciever.process.TradeProcessor.createSecurity(TradeProcessor.java:297)
	at com.westernasset.pss.msg.reciever.process.TradeProcessor.process(TradeProcessor.java:49)
	at com.westernasset.pss.msg.queue.MessageFetcher.processMessage(MessageFetcher.java:91)
	at com.westernasset.pss.msg.queue.MessageFetcher.pullMessageFromQueue(MessageFetcher.java:78)
	at com.westernasset.pss.msg.queue.MessageFetcher.run(MessageFetcher.java:48)

2014-09-25 14:48:51,079 ERROR [AtpToPssMapper] com.westernasset.framework.subsystem.common.SubsystemException: SubsystemExceptionNested:
java.lang.RuntimeException: Storage is not configuredNested:
java.lang.RuntimeException: Storage is not configured
	at com.tangosol.coherence.component.util.daemon.queueProcessor.service.DistributedCache$BinaryMap.onMissingStorage(DistributedCache.CDB:9)
	at com.tangosol.coherence.component.util.daemon.queueProcessor.service.DistributedCache$BinaryMap.get(DistributedCache.CDB:15)
	at com.tangosol.util.ConverterCollections$ConverterMap.get(ConverterCollections.java:1300)
	at com.tangosol.coherence.component.util.daemon.queueProcessor.service.DistributedCache$ViewMap.get(DistributedCache.CDB:1)
	at com.tangosol.coherence.component.util.SafeNamedCache.get(SafeNamedCache.CDB:1)
	at com.tangosol.net.cache.CachingMap.get(CachingMap.java:490)
	at com.westernasset.smss.server.SecurityMasterNearCacheSubsystem.getDigitRatingFromString(SecurityMasterNearCacheSubsystem.java:186)
	at com.westernasset.smss.server.SecurityMasterNearCacheSubsystem.handleFuncCall(SecurityMasterNearCacheSubsystem.java:85)
	at com.westernasset.smss.server.SecurityMasterManagementSubsystem.handleFuncCall(SecurityMasterManagementSubsystem.java:23)
	at com.westernasset.framework.subsystem.receiving.SubsystemImpl.innerHandleFuncCall(SubsystemImpl.java:154)
	at com.westernasset.framework.subsystem.receiving.internal.InProcessFunctionCallReceiver.handleFuncCall(InProcessFunctionCallReceiver.java:49)
	at com.westernasset.framework.subsystem.calling.internal.inprocess.InProcessFunctionCallCaller.doCall(InProcessFunctionCallCaller.java:19)
	at com.westernasset.framework.subsystem.calling.internal.inprocess.ForwardIfNotFoundFunctionCallCaller.doCall(ForwardIfNotFoundFunctionCallCaller.java:28)
	at com.westernasset.framework.subsystem.calling.internal.base.BaseFunctionCallCaller.callFunc(BaseFunctionCallCaller.java:33)
	at com.westernasset.framework.subsystem.calling.internal.base.BaseSubsystem.callFunc(BaseSubsystem.java:35)
	at com.westernasset.pss.msg.mapper.AtpToPssMapper.getRating(AtpToPssMapper.java:219)
	at com.westernasset.pss.msg.mapper.AtpToPssMapper.updateSecurityWithRatings(AtpToPssMapper.java:192)
	at com.westernasset.pss.msg.mapper.AtpToPssMapper.createSecurityVO(AtpToPssMapper.java:133)
	at com.westernasset.pss.msg.reciever.process.TradeProcessor.createSecurity(TradeProcessor.java:297)
	at com.westernasset.pss.msg.reciever.process.TradeProcessor.process(TradeProcessor.java:49)
	at com.westernasset.pss.msg.queue.MessageFetcher.processMessage(MessageFetcher.java:91)
	at com.westernasset.pss.msg.queue.MessageFetcher.pullMessageFromQueue(MessageFetcher.java:78)
	at com.westernasset.pss.msg.queue.MessageFetcher.run(MessageFetcher.java:48)

2014-09-25 14:48:51,080 ERROR [AtpToPssMapper] com.westernasset.framework.subsystem.common.SubsystemException: SubsystemExceptionNested:
java.lang.RuntimeException: Storage is not configuredNested:
java.lang.RuntimeException: Storage is not configured
	at com.tangosol.coherence.component.util.daemon.queueProcessor.service.DistributedCache$BinaryMap.onMissingStorage(DistributedCache.CDB:9)
	at com.tangosol.coherence.component.util.daemon.queueProcessor.service.DistributedCache$BinaryMap.get(DistributedCache.CDB:15)
	at com.tangosol.util.ConverterCollections$ConverterMap.get(ConverterCollections.java:1300)
	at com.tangosol.coherence.component.util.daemon.queueProcessor.service.DistributedCache$ViewMap.get(DistributedCache.CDB:1)
	at com.tangosol.coherence.component.util.SafeNamedCache.get(SafeNamedCache.CDB:1)
	at com.tangosol.net.cache.CachingMap.get(CachingMap.java:490)
	at com.westernasset.smss.server.SecurityMasterNearCacheSubsystem.getDigitRatingFromString(SecurityMasterNearCacheSubsystem.java:186)
	at com.westernasset.smss.server.SecurityMasterNearCacheSubsystem.handleFuncCall(SecurityMasterNearCacheSubsystem.java:85)
	at com.westernasset.smss.server.SecurityMasterManagementSubsystem.handleFuncCall(SecurityMasterManagementSubsystem.java:23)
	at com.westernasset.framework.subsystem.receiving.SubsystemImpl.innerHandleFuncCall(SubsystemImpl.java:154)
	at com.westernasset.framework.subsystem.receiving.internal.InProcessFunctionCallReceiver.handleFuncCall(InProcessFunctionCallReceiver.java:49)
	at com.westernasset.framework.subsystem.calling.internal.inprocess.InProcessFunctionCallCaller.doCall(InProcessFunctionCallCaller.java:19)
	at com.westernasset.framework.subsystem.calling.internal.inprocess.ForwardIfNotFoundFunctionCallCaller.doCall(ForwardIfNotFoundFunctionCallCaller.java:28)
	at com.westernasset.framework.subsystem.calling.internal.base.BaseFunctionCallCaller.callFunc(BaseFunctionCallCaller.java:33)
	at com.westernasset.framework.subsystem.calling.internal.base.BaseSubsystem.callFunc(BaseSubsystem.java:35)
	at com.westernasset.pss.msg.mapper.AtpToPssMapper.getRating(AtpToPssMapper.java:219)
	at com.westernasset.pss.msg.mapper.AtpToPssMapper.updateSecurityWithRatings(AtpToPssMapper.java:197)
	at com.westernasset.pss.msg.mapper.AtpToPssMapper.createSecurityVO(AtpToPssMapper.java:133)
	at com.westernasset.pss.msg.reciever.process.TradeProcessor.createSecurity(TradeProcessor.java:297)
	at com.westernasset.pss.msg.reciever.process.TradeProcessor.process(TradeProcessor.java:49)
	at com.westernasset.pss.msg.queue.MessageFetcher.processMessage(MessageFetcher.java:91)
	at com.westernasset.pss.msg.queue.MessageFetcher.pullMessageFromQueue(MessageFetcher.java:78)
	at com.westernasset.pss.msg.queue.MessageFetcher.run(MessageFetcher.java:48)

2014-09-25 14:48:51,080 ERROR [AtpToPssMapper] com.westernasset.framework.subsystem.common.SubsystemException: SubsystemExceptionNested:
java.lang.RuntimeException: Storage is not configuredNested:
java.lang.RuntimeException: Storage is not configured
	at com.tangosol.coherence.component.util.daemon.queueProcessor.service.DistributedCache$BinaryMap.onMissingStorage(DistributedCache.CDB:9)
	at com.tangosol.coherence.component.util.daemon.queueProcessor.service.DistributedCache$BinaryMap.get(DistributedCache.CDB:15)
	at com.tangosol.util.ConverterCollections$ConverterMap.get(ConverterCollections.java:1300)
	at com.tangosol.coherence.component.util.daemon.queueProcessor.service.DistributedCache$ViewMap.get(DistributedCache.CDB:1)
	at com.tangosol.coherence.component.util.SafeNamedCache.get(SafeNamedCache.CDB:1)
	at com.tangosol.net.cache.CachingMap.get(CachingMap.java:490)
	at com.westernasset.smss.server.SecurityMasterNearCacheSubsystem.getDigitRatingFromString(SecurityMasterNearCacheSubsystem.java:186)
	at com.westernasset.smss.server.SecurityMasterNearCacheSubsystem.handleFuncCall(SecurityMasterNearCacheSubsystem.java:85)
	at com.westernasset.smss.server.SecurityMasterManagementSubsystem.handleFuncCall(SecurityMasterManagementSubsystem.java:23)
	at com.westernasset.framework.subsystem.receiving.SubsystemImpl.innerHandleFuncCall(SubsystemImpl.java:154)
	at com.westernasset.framework.subsystem.receiving.internal.InProcessFunctionCallReceiver.handleFuncCall(InProcessFunctionCallReceiver.java:49)
	at com.westernasset.framework.subsystem.calling.internal.inprocess.InProcessFunctionCallCaller.doCall(InProcessFunctionCallCaller.java:19)
	at com.westernasset.framework.subsystem.calling.internal.inprocess.ForwardIfNotFoundFunctionCallCaller.doCall(ForwardIfNotFoundFunctionCallCaller.java:28)
	at com.westernasset.framework.subsystem.calling.internal.base.BaseFunctionCallCaller.callFunc(BaseFunctionCallCaller.java:33)
	at com.westernasset.framework.subsystem.calling.internal.base.BaseSubsystem.callFunc(BaseSubsystem.java:35)
	at com.westernasset.pss.msg.mapper.AtpToPssMapper.getRating(AtpToPssMapper.java:219)
	at com.westernasset.pss.msg.mapper.AtpToPssMapper.updateSecurityWithRatings(AtpToPssMapper.java:202)
	at com.westernasset.pss.msg.mapper.AtpToPssMapper.createSecurityVO(AtpToPssMapper.java:133)
	at com.westernasset.pss.msg.reciever.process.TradeProcessor.createSecurity(TradeProcessor.java:297)
	at com.westernasset.pss.msg.reciever.process.TradeProcessor.process(TradeProcessor.java:49)
	at com.westernasset.pss.msg.queue.MessageFetcher.processMessage(MessageFetcher.java:91)
	at com.westernasset.pss.msg.queue.MessageFetcher.pullMessageFromQueue(MessageFetcher.java:78)
	at com.westernasset.pss.msg.queue.MessageFetcher.run(MessageFetcher.java:48)

2014-09-25 14:48:51,081 ERROR [SecurityCacheManager] Failed to add security to cache: Storage is not configured : {SecurityId=1059429, AMT=N, AMTValue=0.0, MoodyRating=0, MoodyShortRating=0, FitchRating=0, FitchShortRating=0, SecurityTypeId=23, AssetTypeId=3, ProductId=20, SpRating=0, SpShortRating=0, WaRating=0, WaShortRating=0, IssueDate=2010-12-07T00:00:00.000-0800, MaturityDate=1950-02-15T00:00:00.000-0800, AssetId=02765UDV3, CurrencyCode=USD, SecurityType=MUNI, Description=AMERICAN MUNI PWR-OHIO INC OH, Product=Bonds/Notes (Par), State=OH, SubSubSector=PUBLIC_POWER, TaxStatus=FED TAXABLE/ST TAX-EXEMPT, TickerSymbol=AMEPWR, BBName=AMERN MUN PWR-BABS-B, IntType=FIXED, MinPiece=5000.0, MinIncrement=5000.0, AverageLife=35.395, Coupon=7.499, Dtm=12927.0, DtmLegalFinal=12927.0, Factor=1.0, DurationFactor=1.0, EffectiveConvexity=2.9, EffectiveDuration=13.77, YieldToWorst=4.706, MarketCFYield=4.94, OptionASpread=161.9, SpreadDuration=13.29, Country=US, NyIssuer=AMEPWR&8, LnIssuer=AMEPWR&8}
java.lang.RuntimeException: Storage is not configured
	at com.tangosol.coherence.component.util.daemon.queueProcessor.service.DistributedCache$BinaryMap.onMissingStorage(DistributedCache.CDB:9)
	at com.tangosol.coherence.component.util.daemon.queueProcessor.service.DistributedCache$BinaryMap.get(DistributedCache.CDB:15)
	at com.tangosol.util.ConverterCollections$ConverterMap.get(ConverterCollections.java:1300)
	at com.tangosol.coherence.component.util.daemon.queueProcessor.service.DistributedCache$ViewMap.get(DistributedCache.CDB:1)
	at com.tangosol.coherence.component.util.SafeNamedCache.get(SafeNamedCache.CDB:1)
	at com.tangosol.net.cache.CachingMap.get(CachingMap.java:490)
	at com.westernasset.smss.common.util.BusinessUtils.getIssuerDesciption(BusinessUtils.java:146)
	at com.westernasset.smss.common.util.BusinessUtils.fillNUIssuerId(BusinessUtils.java:513)
	at com.westernasset.smss.common.util.BusinessUtils.fillDerivedValues(BusinessUtils.java:421)
	at com.westernasset.smss.server.SecurityCacheManager.addSecurity(SecurityCacheManager.java:137)
	at com.westernasset.smss.server.SecurityMasterNearCacheSubsystem.addSecurity(SecurityMasterNearCacheSubsystem.java:202)
	at com.westernasset.smss.server.SecurityMasterNearCacheSubsystem.handleFuncCall(SecurityMasterNearCacheSubsystem.java:92)
	at com.westernasset.smss.server.SecurityMasterManagementSubsystem.handleFuncCall(SecurityMasterManagementSubsystem.java:23)
	at com.westernasset.framework.subsystem.receiving.SubsystemImpl.innerHandleFuncCall(SubsystemImpl.java:154)
	at com.westernasset.framework.subsystem.receiving.internal.InProcessFunctionCallReceiver.handleFuncCall(InProcessFunctionCallReceiver.java:49)
	at com.westernasset.framework.subsystem.calling.internal.inprocess.InProcessFunctionCallCaller.doCall(InProcessFunctionCallCaller.java:19)
	at com.westernasset.framework.subsystem.calling.internal.inprocess.ForwardIfNotFoundFunctionCallCaller.doCall(ForwardIfNotFoundFunctionCallCaller.java:28)
	at com.westernasset.framework.subsystem.calling.internal.base.BaseFunctionCallCaller.callFunc(BaseFunctionCallCaller.java:33)
	at com.westernasset.framework.subsystem.calling.internal.base.BaseSubsystem.callFunc(BaseSubsystem.java:35)
	at com.westernasset.pss.msg.reciever.process.TradeProcessor.createSecurity(TradeProcessor.java:302)
	at com.westernasset.pss.msg.reciever.process.TradeProcessor.process(TradeProcessor.java:49)
	at com.westernasset.pss.msg.queue.MessageFetcher.processMessage(MessageFetcher.java:91)
	at com.westernasset.pss.msg.queue.MessageFetcher.pullMessageFromQueue(MessageFetcher.java:78)
	at com.westernasset.pss.msg.queue.MessageFetcher.run(MessageFetcher.java:48)
2014-09-25 14:48:51,082 INFO  [TradeProcessor] Created Security :{SecurityId=1059429, AMT=N, AMTValue=0.0, MoodyRating=0, MoodyShortRating=0, FitchRating=0, FitchShortRating=0, SecurityTypeId=23, AssetTypeId=3, ProductId=20, SpRating=0, SpShortRating=0, WaRating=0, WaShortRating=0, IssueDate=2010-12-07T00:00:00.000-0800, MaturityDate=1950-02-15T00:00:00.000-0800, AssetId=02765UDV3, CurrencyCode=USD, SecurityType=MUNI, Description=AMERICAN MUNI PWR-OHIO INC OH, Product=Bonds/Notes (Par), State=OH, SubSubSector=PUBLIC_POWER, TaxStatus=FED TAXABLE/ST TAX-EXEMPT, TickerSymbol=AMEPWR, BBName=AMERN MUN PWR-BABS-B, IntType=FIXED, MinPiece=5000.0, MinIncrement=5000.0, AverageLife=35.395, Coupon=7.499, Dtm=12927.0, DtmLegalFinal=12927.0, Factor=1.0, DurationFactor=1.0, EffectiveConvexity=2.9, EffectiveDuration=13.77, YieldToWorst=4.706, MarketCFYield=4.94, OptionASpread=161.9, SpreadDuration=13.29, Country=US, NyIssuer=AMEPWR&8, LnIssuer=AMEPWR&8}
2014-09-25 14:48:51,082 ERROR [TradeProcessor] Error in getPrioTradeStatusByMessage
com.westernasset.framework.subsystem.common.SubsystemException: SubsystemExceptionNested:
java.lang.RuntimeException: Storage is not configuredNested:
java.lang.RuntimeException: Storage is not configured
	at com.tangosol.coherence.component.util.daemon.queueProcessor.service.DistributedCache$BinaryMap.onMissingStorage(DistributedCache.CDB:9)
	at com.tangosol.coherence.component.util.daemon.queueProcessor.service.DistributedCache$BinaryMap.get(DistributedCache.CDB:15)
	at com.tangosol.util.ConverterCollections$ConverterMap.get(ConverterCollections.java:1300)
	at com.tangosol.coherence.component.util.daemon.queueProcessor.service.DistributedCache$ViewMap.get(DistributedCache.CDB:1)
	at com.tangosol.coherence.component.util.SafeNamedCache.get(SafeNamedCache.CDB:1)
	at com.tangosol.net.cache.CachingMap.get(CachingMap.java:490)
	at com.westernasset.tss.cache.TradeCacheManager.getTradeById(TradeCacheManager.java:202)
	at com.westernasset.tss.services.TradeNearCacheSubsystem.getTradeById(TradeNearCacheSubsystem.java:104)
	at com.westernasset.tss.services.TradeNearCacheSubsystem.handleFuncCall(TradeNearCacheSubsystem.java:50)
	at com.westernasset.tss.services.TradeSubsystem.handleFuncCall(TradeSubsystem.java:29)
	at com.westernasset.framework.subsystem.receiving.SubsystemImpl.innerHandleFuncCall(SubsystemImpl.java:154)
	at com.westernasset.framework.subsystem.receiving.internal.InProcessFunctionCallReceiver.handleFuncCall(InProcessFunctionCallReceiver.java:49)
	at com.westernasset.framework.subsystem.calling.internal.inprocess.InProcessFunctionCallCaller.doCall(InProcessFunctionCallCaller.java:19)
	at com.westernasset.framework.subsystem.calling.internal.inprocess.ForwardIfNotFoundFunctionCallCaller.doCall(ForwardIfNotFoundFunctionCallCaller.java:28)
	at com.westernasset.framework.subsystem.calling.internal.base.BaseFunctionCallCaller.callFunc(BaseFunctionCallCaller.java:33)
	at com.westernasset.framework.subsystem.calling.internal.base.BaseSubsystem.callFunc(BaseSubsystem.java:35)
	at com.westernasset.pss.msg.reciever.process.TradeProcessor.getTradeByTradeId(TradeProcessor.java:250)
	at com.westernasset.pss.msg.reciever.process.TradeProcessor.getPrioTradeStatusByMessage(TradeProcessor.java:268)
	at com.westernasset.pss.msg.reciever.process.TradeProcessor.process(TradeProcessor.java:50)
	at com.westernasset.pss.msg.queue.MessageFetcher.processMessage(MessageFetcher.java:91)
	at com.westernasset.pss.msg.queue.MessageFetcher.pullMessageFromQueue(MessageFetcher.java:78)
	at com.westernasset.pss.msg.queue.MessageFetcher.run(MessageFetcher.java:48)

	at com.westernasset.framework.subsystem.common.internal.SubsystemExceptionUtils.dataObjectToException(SubsystemExceptionUtils.java:38)
	at com.westernasset.framework.subsystem.common.internal.SubsystemExceptionUtils.throwExceptionIfNeeded(SubsystemExceptionUtils.java:15)
	at com.westernasset.framework.subsystem.calling.internal.base.BaseSubsystem.callFunc(BaseSubsystem.java:37)
	at com.westernasset.pss.msg.reciever.process.TradeProcessor.getTradeByTradeId(TradeProcessor.java:250)
	at com.westernasset.pss.msg.reciever.process.TradeProcessor.getPrioTradeStatusByMessage(TradeProcessor.java:268)
	at com.westernasset.pss.msg.reciever.process.TradeProcessor.process(TradeProcessor.java:50)
	at com.westernasset.pss.msg.queue.MessageFetcher.processMessage(MessageFetcher.java:91)
	at com.westernasset.pss.msg.queue.MessageFetcher.pullMessageFromQueue(MessageFetcher.java:78)
	at com.westernasset.pss.msg.queue.MessageFetcher.run(MessageFetcher.java:48)
2014-09-25 14:48:51,082 ERROR [TradeProcessor] Exception occured while processing message
java.lang.RuntimeException: Storage is not configured
	at com.tangosol.coherence.component.util.daemon.queueProcessor.service.DistributedCache$BinaryMap.onMissingStorage(DistributedCache.CDB:9)
	at com.tangosol.coherence.component.util.daemon.queueProcessor.service.DistributedCache$BinaryMap.get(DistributedCache.CDB:15)
	at com.tangosol.util.ConverterCollections$ConverterMap.get(ConverterCollections.java:1300)
	at com.tangosol.coherence.component.util.daemon.queueProcessor.service.DistributedCache$ViewMap.get(DistributedCache.CDB:1)
	at com.tangosol.coherence.component.util.SafeNamedCache.get(SafeNamedCache.CDB:1)
	at com.tangosol.net.cache.CachingMap.get(CachingMap.java:490)
	at com.westernasset.tss.cache.TradeCacheManager.isDuplicateTrade(TradeCacheManager.java:356)
	at com.westernasset.pss.common.util.PojoHelper.createObjects(PojoHelper.java:132)
	at com.westernasset.pss.msg.reciever.process.TradeProcessor.process(TradeProcessor.java:55)
	at com.westernasset.pss.msg.queue.MessageFetcher.processMessage(MessageFetcher.java:91)
	at com.westernasset.pss.msg.queue.MessageFetcher.pullMessageFromQueue(MessageFetcher.java:78)
	at com.westernasset.pss.msg.queue.MessageFetcher.run(MessageFetcher.java:48)
2014-09-25 14:48:51,082 INFO  [TradeProcessor] End process method 721 MB
2014-09-25 14:48:51,082 INFO  [TradeProcessor] Time taken by TradeProcessor.process method 6
2014-09-25 14:48:51,082 INFO  [MessageFetcher] Processing message completed...[7461831]
2014-09-25 14:48:51,083 INFO  [MessageQueue] Removing the first item of 12 from the queue
2014-09-25 14:48:51,083 INFO  [MessageFetcher] Processing message started...[7462012]
2014-09-25 14:48:51,083 INFO  [TradeProcessor] Begin process method 721 MB
2014-09-25 14:48:51,083 ERROR [TradeProcessor] Error in doSecurityExist
java.lang.RuntimeException: Storage is not configured
	at com.tangosol.coherence.component.util.daemon.queueProcessor.service.DistributedCache$BinaryMap.onMissingStorage(DistributedCache.CDB:9)
	at com.tangosol.coherence.component.util.daemon.queueProcessor.service.DistributedCache$BinaryMap.get(DistributedCache.CDB:15)
	at com.tangosol.util.ConverterCollections$ConverterMap.get(ConverterCollections.java:1300)
	at com.tangosol.coherence.component.util.daemon.queueProcessor.service.DistributedCache$ViewMap.get(DistributedCache.CDB:1)
	at com.tangosol.coherence.component.util.SafeNamedCache.get(SafeNamedCache.CDB:1)
	at com.tangosol.net.cache.CachingMap.get(CachingMap.java:490)
	at com.westernasset.smss.common.util.BusinessDateHelper.get(BusinessDateHelper.java:55)
	at com.westernasset.smss.common.util.BusinessDateHelper.getBusinessDateFromCacheWithOffset(BusinessDateHelper.java:130)
	at com.westernasset.smss.common.util.BusinessDateHelper.getCurrentBusinessDateAny(BusinessDateHelper.java:125)
	at com.westernasset.pss.msg.reciever.process.TradeProcessor.doSecurityExist(TradeProcessor.java:328)
	at com.westernasset.pss.msg.reciever.process.TradeProcessor.createSecurity(TradeProcessor.java:296)
	at com.westernasset.pss.msg.reciever.process.TradeProcessor.process(TradeProcessor.java:49)
	at com.westernasset.pss.msg.queue.MessageFetcher.processMessage(MessageFetcher.java:91)
	at com.westernasset.pss.msg.queue.MessageFetcher.pullMessageFromQueue(MessageFetcher.java:78)
	at com.westernasset.pss.msg.queue.MessageFetcher.run(MessageFetcher.java:48)
2014-09-25 14:48:51,083 ERROR [AtpToPssMapper] com.westernasset.framework.subsystem.common.SubsystemException: SubsystemExceptionNested:
java.lang.RuntimeException: Storage is not configuredNested:
java.lang.RuntimeException: Storage is not configured
	at com.tangosol.coherence.component.util.daemon.queueProcessor.service.DistributedCache$BinaryMap.onMissingStorage(DistributedCache.CDB:9)
	at com.tangosol.coherence.component.util.daemon.queueProcessor.service.DistributedCache$BinaryMap.get(DistributedCache.CDB:15)
	at com.tangosol.util.ConverterCollections$ConverterMap.get(ConverterCollections.java:1300)
	at com.tangosol.coherence.component.util.daemon.queueProcessor.service.DistributedCache$ViewMap.get(DistributedCache.CDB:1)
	at com.tangosol.coherence.component.util.SafeNamedCache.get(SafeNamedCache.CDB:1)
	at com.tangosol.net.cache.CachingMap.get(CachingMap.java:490)
	at com.westernasset.smss.server.SecurityMasterNearCacheSubsystem.getDigitRatingFromString(SecurityMasterNearCacheSubsystem.java:186)
	at com.westernasset.smss.server.SecurityMasterNearCacheSubsystem.handleFuncCall(SecurityMasterNearCacheSubsystem.java:85)
	at com.westernasset.smss.server.SecurityMasterManagementSubsystem.handleFuncCall(SecurityMasterManagementSubsystem.java:23)
	at com.westernasset.framework.subsystem.receiving.SubsystemImpl.innerHandleFuncCall(SubsystemImpl.java:154)
	at com.westernasset.framework.subsystem.receiving.internal.InProcessFunctionCallReceiver.handleFuncCall(InProcessFunctionCallReceiver.java:49)
	at com.westernasset.framework.subsystem.calling.internal.inprocess.InProcessFunctionCallCaller.doCall(InProcessFunctionCallCaller.java:19)
	at com.westernasset.framework.subsystem.calling.internal.inprocess.ForwardIfNotFoundFunctionCallCaller.doCall(ForwardIfNotFoundFunctionCallCaller.java:28)
	at com.westernasset.framework.subsystem.calling.internal.base.BaseFunctionCallCaller.callFunc(BaseFunctionCallCaller.java:33)
	at com.westernasset.framework.subsystem.calling.internal.base.BaseSubsystem.callFunc(BaseSubsystem.java:35)
	at com.westernasset.pss.msg.mapper.AtpToPssMapper.getRating(AtpToPssMapper.java:219)
	at com.westernasset.pss.msg.mapper.AtpToPssMapper.updateSecurityWithRatings(AtpToPssMapper.java:167)
	at com.westernasset.pss.msg.mapper.AtpToPssMapper.createSecurityVO(AtpToPssMapper.java:133)
	at com.westernasset.pss.msg.reciever.process.TradeProcessor.createSecurity(TradeProcessor.java:297)
	at com.westernasset.pss.msg.reciever.process.TradeProcessor.process(TradeProcessor.java:49)
	at com.westernasset.pss.msg.queue.MessageFetcher.processMessage(MessageFetcher.java:91)
	at com.westernasset.pss.msg.queue.MessageFetcher.pullMessageFromQueue(MessageFetcher.java:78)
	at com.westernasset.pss.msg.queue.MessageFetcher.run(MessageFetcher.java:48)

2014-09-25 14:48:51,084 ERROR [AtpToPssMapper] com.westernasset.framework.subsystem.common.SubsystemException: SubsystemExceptionNested:
java.lang.RuntimeException: Storage is not configuredNested:
java.lang.RuntimeException: Storage is not configured
	at com.tangosol.coherence.component.util.daemon.queueProcessor.service.DistributedCache$BinaryMap.onMissingStorage(DistributedCache.CDB:9)
	at com.tangosol.coherence.component.util.daemon.queueProcessor.service.DistributedCache$BinaryMap.get(DistributedCache.CDB:15)
	at com.tangosol.util.ConverterCollections$ConverterMap.get(ConverterCollections.java:1300)
	at com.tangosol.coherence.component.util.daemon.queueProcessor.service.DistributedCache$ViewMap.get(DistributedCache.CDB:1)
	at com.tangosol.coherence.component.util.SafeNamedCache.get(SafeNamedCache.CDB:1)
	at com.tangosol.net.cache.CachingMap.get(CachingMap.java:490)
	at com.westernasset.smss.server.SecurityMasterNearCacheSubsystem.getDigitRatingFromString(SecurityMasterNearCacheSubsystem.java:186)
	at com.westernasset.smss.server.SecurityMasterNearCacheSubsystem.handleFuncCall(SecurityMasterNearCacheSubsystem.java:85)
	at com.westernasset.smss.server.SecurityMasterManagementSubsystem.handleFuncCall(SecurityMasterManagementSubsystem.java:23)
	at com.westernasset.framework.subsystem.receiving.SubsystemImpl.innerHandleFuncCall(SubsystemImpl.java:154)
	at com.westernasset.framework.subsystem.receiving.internal.InProcessFunctionCallReceiver.handleFuncCall(InProcessFunctionCallReceiver.java:49)
	at com.westernasset.framework.subsystem.calling.internal.inprocess.InProcessFunctionCallCaller.doCall(InProcessFunctionCallCaller.java:19)
	at com.westernasset.framework.subsystem.calling.internal.inprocess.ForwardIfNotFoundFunctionCallCaller.doCall(ForwardIfNotFoundFunctionCallCaller.java:28)
	at com.westernasset.framework.subsystem.calling.internal.base.BaseFunctionCallCaller.callFunc(BaseFunctionCallCaller.java:33)
	at com.westernasset.framework.subsystem.calling.internal.base.BaseSubsystem.callFunc(BaseSubsystem.java:35)
	at com.westernasset.pss.msg.mapper.AtpToPssMapper.getRating(AtpToPssMapper.java:219)
	at com.westernasset.pss.msg.mapper.AtpToPssMapper.updateSecurityWithRatings(AtpToPssMapper.java:172)
	at com.westernasset.pss.msg.mapper.AtpToPssMapper.createSecurityVO(AtpToPssMapper.java:133)
	at com.westernasset.pss.msg.reciever.process.TradeProcessor.createSecurity(TradeProcessor.java:297)
	at com.westernasset.pss.msg.reciever.process.TradeProcessor.process(TradeProcessor.java:49)
	at com.westernasset.pss.msg.queue.MessageFetcher.processMessage(MessageFetcher.java:91)
	at com.westernasset.pss.msg.queue.MessageFetcher.pullMessageFromQueue(MessageFetcher.java:78)
	at com.westernasset.pss.msg.queue.MessageFetcher.run(MessageFetcher.java:48)

2014-09-25 14:48:51,084 ERROR [AtpToPssMapper] com.westernasset.framework.subsystem.common.SubsystemException: SubsystemExceptionNested:
java.lang.RuntimeException: Storage is not configuredNested:
java.lang.RuntimeException: Storage is not configured
	at com.tangosol.coherence.component.util.daemon.queueProcessor.service.DistributedCache$BinaryMap.onMissingStorage(DistributedCache.CDB:9)
	at com.tangosol.coherence.component.util.daemon.queueProcessor.service.DistributedCache$BinaryMap.get(DistributedCache.CDB:15)
	at com.tangosol.util.ConverterCollections$ConverterMap.get(ConverterCollections.java:1300)
	at com.tangosol.coherence.component.util.daemon.queueProcessor.service.DistributedCache$ViewMap.get(DistributedCache.CDB:1)
	at com.tangosol.coherence.component.util.SafeNamedCache.get(SafeNamedCache.CDB:1)
	at com.tangosol.net.cache.CachingMap.get(CachingMap.java:490)
	at com.westernasset.smss.server.SecurityMasterNearCacheSubsystem.getDigitRatingFromString(SecurityMasterNearCacheSubsystem.java:186)
	at com.westernasset.smss.server.SecurityMasterNearCacheSubsystem.handleFuncCall(SecurityMasterNearCacheSubsystem.java:85)
	at com.westernasset.smss.server.SecurityMasterManagementSubsystem.handleFuncCall(SecurityMasterManagementSubsystem.java:23)
	at com.westernasset.framework.subsystem.receiving.SubsystemImpl.innerHandleFuncCall(SubsystemImpl.java:154)
	at com.westernasset.framework.subsystem.receiving.internal.InProcessFunctionCallReceiver.handleFuncCall(InProcessFunctionCallReceiver.java:49)
	at com.westernasset.framework.subsystem.calling.internal.inprocess.InProcessFunctionCallCaller.doCall(InProcessFunctionCallCaller.java:19)
	at com.westernasset.framework.subsystem.calling.internal.inprocess.ForwardIfNotFoundFunctionCallCaller.doCall(ForwardIfNotFoundFunctionCallCaller.java:28)
	at com.westernasset.framework.subsystem.calling.internal.base.BaseFunctionCallCaller.callFunc(BaseFunctionCallCaller.java:33)
	at com.westernasset.framework.subsystem.calling.internal.base.BaseSubsystem.callFunc(BaseSubsystem.java:35)
	at com.westernasset.pss.msg.mapper.AtpToPssMapper.getRating(AtpToPssMapper.java:219)
	at com.westernasset.pss.msg.mapper.AtpToPssMapper.updateSecurityWithRatings(AtpToPssMapper.java:177)
	at com.westernasset.pss.msg.mapper.AtpToPssMapper.createSecurityVO(AtpToPssMapper.java:133)
	at com.westernasset.pss.msg.reciever.process.TradeProcessor.createSecurity(TradeProcessor.java:297)
	at com.westernasset.pss.msg.reciever.process.TradeProcessor.process(TradeProcessor.java:49)
	at com.westernasset.pss.msg.queue.MessageFetcher.processMessage(MessageFetcher.java:91)
	at com.westernasset.pss.msg.queue.MessageFetcher.pullMessageFromQueue(MessageFetcher.java:78)
	at com.westernasset.pss.msg.queue.MessageFetcher.run(MessageFetcher.java:48)

2014-09-25 14:48:51,085 ERROR [AtpToPssMapper] com.westernasset.framework.subsystem.common.SubsystemException: SubsystemExceptionNested:
java.lang.RuntimeException: Storage is not configuredNested:
java.lang.RuntimeException: Storage is not configured
	at com.tangosol.coherence.component.util.daemon.queueProcessor.service.DistributedCache$BinaryMap.onMissingStorage(DistributedCache.CDB:9)
	at com.tangosol.coherence.component.util.daemon.queueProcessor.service.DistributedCache$BinaryMap.get(DistributedCache.CDB:15)
	at com.tangosol.util.ConverterCollections$ConverterMap.get(ConverterCollections.java:1300)
	at com.tangosol.coherence.component.util.daemon.queueProcessor.service.DistributedCache$ViewMap.get(DistributedCache.CDB:1)
	at com.tangosol.coherence.component.util.SafeNamedCache.get(SafeNamedCache.CDB:1)
	at com.tangosol.net.cache.CachingMap.get(CachingMap.java:490)
	at com.westernasset.smss.server.SecurityMasterNearCacheSubsystem.getDigitRatingFromString(SecurityMasterNearCacheSubsystem.java:186)
	at com.westernasset.smss.server.SecurityMasterNearCacheSubsystem.handleFuncCall(SecurityMasterNearCacheSubsystem.java:85)
	at com.westernasset.smss.server.SecurityMasterManagementSubsystem.handleFuncCall(SecurityMasterManagementSubsystem.java:23)
	at com.westernasset.framework.subsystem.receiving.SubsystemImpl.innerHandleFuncCall(SubsystemImpl.java:154)
	at com.westernasset.framework.subsystem.receiving.internal.InProcessFunctionCallReceiver.handleFuncCall(InProcessFunctionCallReceiver.java:49)
	at com.westernasset.framework.subsystem.calling.internal.inprocess.InProcessFunctionCallCaller.doCall(InProcessFunctionCallCaller.java:19)
	at com.westernasset.framework.subsystem.calling.internal.inprocess.ForwardIfNotFoundFunctionCallCaller.doCall(ForwardIfNotFoundFunctionCallCaller.java:28)
	at com.westernasset.framework.subsystem.calling.internal.base.BaseFunctionCallCaller.callFunc(BaseFunctionCallCaller.java:33)
	at com.westernasset.framework.subsystem.calling.internal.base.BaseSubsystem.callFunc(BaseSubsystem.java:35)
	at com.westernasset.pss.msg.mapper.AtpToPssMapper.getRating(AtpToPssMapper.java:219)
	at com.westernasset.pss.msg.mapper.AtpToPssMapper.updateSecurityWithRatings(AtpToPssMapper.java:182)
	at com.westernasset.pss.msg.mapper.AtpToPssMapper.createSecurityVO(AtpToPssMapper.java:133)
	at com.westernasset.pss.msg.reciever.process.TradeProcessor.createSecurity(TradeProcessor.java:297)
	at com.westernasset.pss.msg.reciever.process.TradeProcessor.process(TradeProcessor.java:49)
	at com.westernasset.pss.msg.queue.MessageFetcher.processMessage(MessageFetcher.java:91)
	at com.westernasset.pss.msg.queue.MessageFetcher.pullMessageFromQueue(MessageFetcher.java:78)
	at com.westernasset.pss.msg.queue.MessageFetcher.run(MessageFetcher.java:48)

2014-09-25 14:48:51,085 ERROR [AtpToPssMapper] com.westernasset.framework.subsystem.common.SubsystemException: SubsystemExceptionNested:
java.lang.RuntimeException: Storage is not configuredNested:
java.lang.RuntimeException: Storage is not configured
	at com.tangosol.coherence.component.util.daemon.queueProcessor.service.DistributedCache$BinaryMap.onMissingStorage(DistributedCache.CDB:9)
	at com.tangosol.coherence.component.util.daemon.queueProcessor.service.DistributedCache$BinaryMap.get(DistributedCache.CDB:15)
	at com.tangosol.util.ConverterCollections$ConverterMap.get(ConverterCollections.java:1300)
	at com.tangosol.coherence.component.util.daemon.queueProcessor.service.DistributedCache$ViewMap.get(DistributedCache.CDB:1)
	at com.tangosol.coherence.component.util.SafeNamedCache.get(SafeNamedCache.CDB:1)
	at com.tangosol.net.cache.CachingMap.get(CachingMap.java:490)
	at com.westernasset.smss.server.SecurityMasterNearCacheSubsystem.getDigitRatingFromString(SecurityMasterNearCacheSubsystem.java:186)
	at com.westernasset.smss.server.SecurityMasterNearCacheSubsystem.handleFuncCall(SecurityMasterNearCacheSubsystem.java:85)
	at com.westernasset.smss.server.SecurityMasterManagementSubsystem.handleFuncCall(SecurityMasterManagementSubsystem.java:23)
	at com.westernasset.framework.subsystem.receiving.SubsystemImpl.innerHandleFuncCall(SubsystemImpl.java:154)
	at com.westernasset.framework.subsystem.receiving.internal.InProcessFunctionCallReceiver.handleFuncCall(InProcessFunctionCallReceiver.java:49)
	at com.westernasset.framework.subsystem.calling.internal.inprocess.InProcessFunctionCallCaller.doCall(InProcessFunctionCallCaller.java:19)
	at com.westernasset.framework.subsystem.calling.internal.inprocess.ForwardIfNotFoundFunctionCallCaller.doCall(ForwardIfNotFoundFunctionCallCaller.java:28)
	at com.westernasset.framework.subsystem.calling.internal.base.BaseFunctionCallCaller.callFunc(BaseFunctionCallCaller.java:33)
	at com.westernasset.framework.subsystem.calling.internal.base.BaseSubsystem.callFunc(BaseSubsystem.java:35)
	at com.westernasset.pss.msg.mapper.AtpToPssMapper.getRating(AtpToPssMapper.java:219)
	at com.westernasset.pss.msg.mapper.AtpToPssMapper.updateSecurityWithRatings(AtpToPssMapper.java:187)
	at com.westernasset.pss.msg.mapper.AtpToPssMapper.createSecurityVO(AtpToPssMapper.java:133)
	at com.westernasset.pss.msg.reciever.process.TradeProcessor.createSecurity(TradeProcessor.java:297)
	at com.westernasset.pss.msg.reciever.process.TradeProcessor.process(TradeProcessor.java:49)
	at com.westernasset.pss.msg.queue.MessageFetcher.processMessage(MessageFetcher.java:91)
	at com.westernasset.pss.msg.queue.MessageFetcher.pullMessageFromQueue(MessageFetcher.java:78)
	at com.westernasset.pss.msg.queue.MessageFetcher.run(MessageFetcher.java:48)

2014-09-25 14:48:51,086 ERROR [AtpToPssMapper] com.westernasset.framework.subsystem.common.SubsystemException: SubsystemExceptionNested:
java.lang.RuntimeException: Storage is not configuredNested:
java.lang.RuntimeException: Storage is not configured
	at com.tangosol.coherence.component.util.daemon.queueProcessor.service.DistributedCache$BinaryMap.onMissingStorage(DistributedCache.CDB:9)
	at com.tangosol.coherence.component.util.daemon.queueProcessor.service.DistributedCache$BinaryMap.get(DistributedCache.CDB:15)
	at com.tangosol.util.ConverterCollections$ConverterMap.get(ConverterCollections.java:1300)
	at com.tangosol.coherence.component.util.daemon.queueProcessor.service.DistributedCache$ViewMap.get(DistributedCache.CDB:1)
	at com.tangosol.coherence.component.util.SafeNamedCache.get(SafeNamedCache.CDB:1)
	at com.tangosol.net.cache.CachingMap.get(CachingMap.java:490)
	at com.westernasset.smss.server.SecurityMasterNearCacheSubsystem.getDigitRatingFromString(SecurityMasterNearCacheSubsystem.java:186)
	at com.westernasset.smss.server.SecurityMasterNearCacheSubsystem.handleFuncCall(SecurityMasterNearCacheSubsystem.java:85)
	at com.westernasset.smss.server.SecurityMasterManagementSubsystem.handleFuncCall(SecurityMasterManagementSubsystem.java:23)
	at com.westernasset.framework.subsystem.receiving.SubsystemImpl.innerHandleFuncCall(SubsystemImpl.java:154)
	at com.westernasset.framework.subsystem.receiving.internal.InProcessFunctionCallReceiver.handleFuncCall(InProcessFunctionCallReceiver.java:49)
	at com.westernasset.framework.subsystem.calling.internal.inprocess.InProcessFunctionCallCaller.doCall(InProcessFunctionCallCaller.java:19)
	at com.westernasset.framework.subsystem.calling.internal.inprocess.ForwardIfNotFoundFunctionCallCaller.doCall(ForwardIfNotFoundFunctionCallCaller.java:28)
	at com.westernasset.framework.subsystem.calling.internal.base.BaseFunctionCallCaller.callFunc(BaseFunctionCallCaller.java:33)
	at com.westernasset.framework.subsystem.calling.internal.base.BaseSubsystem.callFunc(BaseSubsystem.java:35)
	at com.westernasset.pss.msg.mapper.AtpToPssMapper.getRating(AtpToPssMapper.java:219)
	at com.westernasset.pss.msg.mapper.AtpToPssMapper.updateSecurityWithRatings(AtpToPssMapper.java:192)
	at com.westernasset.pss.msg.mapper.AtpToPssMapper.createSecurityVO(AtpToPssMapper.java:133)
	at com.westernasset.pss.msg.reciever.process.TradeProcessor.createSecurity(TradeProcessor.java:297)
	at com.westernasset.pss.msg.reciever.process.TradeProcessor.process(TradeProcessor.java:49)
	at com.westernasset.pss.msg.queue.MessageFetcher.processMessage(MessageFetcher.java:91)
	at com.westernasset.pss.msg.queue.MessageFetcher.pullMessageFromQueue(MessageFetcher.java:78)
	at com.westernasset.pss.msg.queue.MessageFetcher.run(MessageFetcher.java:48)

2014-09-25 14:48:51,086 ERROR [AtpToPssMapper] com.westernasset.framework.subsystem.common.SubsystemException: SubsystemExceptionNested:
java.lang.RuntimeException: Storage is not configuredNested:
java.lang.RuntimeException: Storage is not configured
	at com.tangosol.coherence.component.util.daemon.queueProcessor.service.DistributedCache$BinaryMap.onMissingStorage(DistributedCache.CDB:9)
	at com.tangosol.coherence.component.util.daemon.queueProcessor.service.DistributedCache$BinaryMap.get(DistributedCache.CDB:15)
	at com.tangosol.util.ConverterCollections$ConverterMap.get(ConverterCollections.java:1300)
	at com.tangosol.coherence.component.util.daemon.queueProcessor.service.DistributedCache$ViewMap.get(DistributedCache.CDB:1)
	at com.tangosol.coherence.component.util.SafeNamedCache.get(SafeNamedCache.CDB:1)
	at com.tangosol.net.cache.CachingMap.get(CachingMap.java:490)
	at com.westernasset.smss.server.SecurityMasterNearCacheSubsystem.getDigitRatingFromString(SecurityMasterNearCacheSubsystem.java:186)
	at com.westernasset.smss.server.SecurityMasterNearCacheSubsystem.handleFuncCall(SecurityMasterNearCacheSubsystem.java:85)
	at com.westernasset.smss.server.SecurityMasterManagementSubsystem.handleFuncCall(SecurityMasterManagementSubsystem.java:23)
	at com.westernasset.framework.subsystem.receiving.SubsystemImpl.innerHandleFuncCall(SubsystemImpl.java:154)
	at com.westernasset.framework.subsystem.receiving.internal.InProcessFunctionCallReceiver.handleFuncCall(InProcessFunctionCallReceiver.java:49)
	at com.westernasset.framework.subsystem.calling.internal.inprocess.InProcessFunctionCallCaller.doCall(InProcessFunctionCallCaller.java:19)
	at com.westernasset.framework.subsystem.calling.internal.inprocess.ForwardIfNotFoundFunctionCallCaller.doCall(ForwardIfNotFoundFunctionCallCaller.java:28)
	at com.westernasset.framework.subsystem.calling.internal.base.BaseFunctionCallCaller.callFunc(BaseFunctionCallCaller.java:33)
	at com.westernasset.framework.subsystem.calling.internal.base.BaseSubsystem.callFunc(BaseSubsystem.java:35)
	at com.westernasset.pss.msg.mapper.AtpToPssMapper.getRating(AtpToPssMapper.java:219)
	at com.westernasset.pss.msg.mapper.AtpToPssMapper.updateSecurityWithRatings(AtpToPssMapper.java:197)
	at com.westernasset.pss.msg.mapper.AtpToPssMapper.createSecurityVO(AtpToPssMapper.java:133)
	at com.westernasset.pss.msg.reciever.process.TradeProcessor.createSecurity(TradeProcessor.java:297)
	at com.westernasset.pss.msg.reciever.process.TradeProcessor.process(TradeProcessor.java:49)
	at com.westernasset.pss.msg.queue.MessageFetcher.processMessage(MessageFetcher.java:91)
	at com.westernasset.pss.msg.queue.MessageFetcher.pullMessageFromQueue(MessageFetcher.java:78)
	at com.westernasset.pss.msg.queue.MessageFetcher.run(MessageFetcher.java:48)

2014-09-25 14:48:51,087 ERROR [AtpToPssMapper] com.westernasset.framework.subsystem.common.SubsystemException: SubsystemExceptionNested:
java.lang.RuntimeException: Storage is not configuredNested:
java.lang.RuntimeException: Storage is not configured
	at com.tangosol.coherence.component.util.daemon.queueProcessor.service.DistributedCache$BinaryMap.onMissingStorage(DistributedCache.CDB:9)
	at com.tangosol.coherence.component.util.daemon.queueProcessor.service.DistributedCache$BinaryMap.get(DistributedCache.CDB:15)
	at com.tangosol.util.ConverterCollections$ConverterMap.get(ConverterCollections.java:1300)
	at com.tangosol.coherence.component.util.daemon.queueProcessor.service.DistributedCache$ViewMap.get(DistributedCache.CDB:1)
	at com.tangosol.coherence.component.util.SafeNamedCache.get(SafeNamedCache.CDB:1)
	at com.tangosol.net.cache.CachingMap.get(CachingMap.java:490)
	at com.westernasset.smss.server.SecurityMasterNearCacheSubsystem.getDigitRatingFromString(SecurityMasterNearCacheSubsystem.java:186)
	at com.westernasset.smss.server.SecurityMasterNearCacheSubsystem.handleFuncCall(SecurityMasterNearCacheSubsystem.java:85)
	at com.westernasset.smss.server.SecurityMasterManagementSubsystem.handleFuncCall(SecurityMasterManagementSubsystem.java:23)
	at com.westernasset.framework.subsystem.receiving.SubsystemImpl.innerHandleFuncCall(SubsystemImpl.java:154)
	at com.westernasset.framework.subsystem.receiving.internal.InProcessFunctionCallReceiver.handleFuncCall(InProcessFunctionCallReceiver.java:49)
	at com.westernasset.framework.subsystem.calling.internal.inprocess.InProcessFunctionCallCaller.doCall(InProcessFunctionCallCaller.java:19)
	at com.westernasset.framework.subsystem.calling.internal.inprocess.ForwardIfNotFoundFunctionCallCaller.doCall(ForwardIfNotFoundFunctionCallCaller.java:28)
	at com.westernasset.framework.subsystem.calling.internal.base.BaseFunctionCallCaller.callFunc(BaseFunctionCallCaller.java:33)
	at com.westernasset.framework.subsystem.calling.internal.base.BaseSubsystem.callFunc(BaseSubsystem.java:35)
	at com.westernasset.pss.msg.mapper.AtpToPssMapper.getRating(AtpToPssMapper.java:219)
	at com.westernasset.pss.msg.mapper.AtpToPssMapper.updateSecurityWithRatings(AtpToPssMapper.java:202)
	at com.westernasset.pss.msg.mapper.AtpToPssMapper.createSecurityVO(AtpToPssMapper.java:133)
	at com.westernasset.pss.msg.reciever.process.TradeProcessor.createSecurity(TradeProcessor.java:297)
	at com.westernasset.pss.msg.reciever.process.TradeProcessor.process(TradeProcessor.java:49)
	at com.westernasset.pss.msg.queue.MessageFetcher.processMessage(MessageFetcher.java:91)
	at com.westernasset.pss.msg.queue.MessageFetcher.pullMessageFromQueue(MessageFetcher.java:78)
	at com.westernasset.pss.msg.queue.MessageFetcher.run(MessageFetcher.java:48)

2014-09-25 14:48:51,088 ERROR [SecurityCacheManager] Failed to add security to cache: Storage is not configured : {SecurityId=1121319, AMTValue=1.0, MoodyRating=0, MoodyShortRating=0, FitchRating=0, FitchShortRating=0, SecurityTypeId=22, AssetTypeId=8, ProductId=20, SpRating=0, SpShortRating=0, WaRating=0, WaShortRating=0, IssueDate=2011-09-09T00:00:00.000-0700, MaturityDate=1941-09-15T00:00:00.000-0800, AssetId=539830AZ2, CurrencyCode=USD, SecurityType=CORPORATE, Description=LOCKHEED MARTIN CORP, Product=Bonds/Notes (Par), SubSubSector=AEROSPACE/DEFENSE, TickerSymbol=LMT, BBName=LOCKHEED MARTIN CORP, IntType=FIXED, MinPiece=2000.0000, MinIncrement=2000.0000, AverageLife=26.975, Coupon=4.85, Dtm=9852.0, DtmLegalFinal=9852.0, Factor=1.0, DurationFactor=1.0, EffectiveConvexity=3.479, EffectiveDuration=15.749, YieldToWorst=4.379, MarketCFYield=4.379, OptionASpread=120.0, SpreadDuration=14.96, Country=US, AMT=N, NyIssuer=LMT&8, LnIssuer=LMT&8}
java.lang.RuntimeException: Storage is not configured
	at com.tangosol.coherence.component.util.daemon.queueProcessor.service.DistributedCache$BinaryMap.onMissingStorage(DistributedCache.CDB:9)
	at com.tangosol.coherence.component.util.daemon.queueProcessor.service.DistributedCache$BinaryMap.get(DistributedCache.CDB:15)
	at com.tangosol.util.ConverterCollections$ConverterMap.get(ConverterCollections.java:1300)
	at com.tangosol.coherence.component.util.daemon.queueProcessor.service.DistributedCache$ViewMap.get(DistributedCache.CDB:1)
	at com.tangosol.coherence.component.util.SafeNamedCache.get(SafeNamedCache.CDB:1)
	at com.tangosol.net.cache.CachingMap.get(CachingMap.java:490)
	at com.westernasset.smss.common.util.BusinessUtils.getIssuerDesciption(BusinessUtils.java:146)
	at com.westernasset.smss.common.util.BusinessUtils.fillNUIssuerId(BusinessUtils.java:513)
	at com.westernasset.smss.common.util.BusinessUtils.fillDerivedValues(BusinessUtils.java:421)
	at com.westernasset.smss.server.SecurityCacheManager.addSecurity(SecurityCacheManager.java:137)
	at com.westernasset.smss.server.SecurityMasterNearCacheSubsystem.addSecurity(SecurityMasterNearCacheSubsystem.java:202)
	at com.westernasset.smss.server.SecurityMasterNearCacheSubsystem.handleFuncCall(SecurityMasterNearCacheSubsystem.java:92)
	at com.westernasset.smss.server.SecurityMasterManagementSubsystem.handleFuncCall(SecurityMasterManagementSubsystem.java:23)
	at com.westernasset.framework.subsystem.receiving.SubsystemImpl.innerHandleFuncCall(SubsystemImpl.java:154)
	at com.westernasset.framework.subsystem.receiving.internal.InProcessFunctionCallReceiver.handleFuncCall(InProcessFunctionCallReceiver.java:49)
	at com.westernasset.framework.subsystem.calling.internal.inprocess.InProcessFunctionCallCaller.doCall(InProcessFunctionCallCaller.java:19)
	at com.westernasset.framework.subsystem.calling.internal.inprocess.ForwardIfNotFoundFunctionCallCaller.doCall(ForwardIfNotFoundFunctionCallCaller.java:28)
	at com.westernasset.framework.subsystem.calling.internal.base.BaseFunctionCallCaller.callFunc(BaseFunctionCallCaller.java:33)
	at com.westernasset.framework.subsystem.calling.internal.base.BaseSubsystem.callFunc(BaseSubsystem.java:35)
	at com.westernasset.pss.msg.reciever.process.TradeProcessor.createSecurity(TradeProcessor.java:302)
	at com.westernasset.pss.msg.reciever.process.TradeProcessor.process(TradeProcessor.java:49)
	at com.westernasset.pss.msg.queue.MessageFetcher.processMessage(MessageFetcher.java:91)
	at com.westernasset.pss.msg.queue.MessageFetcher.pullMessageFromQueue(MessageFetcher.java:78)
	at com.westernasset.pss.msg.queue.MessageFetcher.run(MessageFetcher.java:48)
2014-09-25 14:48:51,088 INFO  [TradeProcessor] Created Security :{SecurityId=1121319, AMTValue=1.0, MoodyRating=0, MoodyShortRating=0, FitchRating=0, FitchShortRating=0, SecurityTypeId=22, AssetTypeId=8, ProductId=20, SpRating=0, SpShortRating=0, WaRating=0, WaShortRating=0, IssueDate=2011-09-09T00:00:00.000-0700, MaturityDate=1941-09-15T00:00:00.000-0800, AssetId=539830AZ2, CurrencyCode=USD, SecurityType=CORPORATE, Description=LOCKHEED MARTIN CORP, Product=Bonds/Notes (Par), SubSubSector=AEROSPACE/DEFENSE, TickerSymbol=LMT, BBName=LOCKHEED MARTIN CORP, IntType=FIXED, MinPiece=2000.0000, MinIncrement=2000.0000, AverageLife=26.975, Coupon=4.85, Dtm=9852.0, DtmLegalFinal=9852.0, Factor=1.0, DurationFactor=1.0, EffectiveConvexity=3.479, EffectiveDuration=15.749, YieldToWorst=4.379, MarketCFYield=4.379, OptionASpread=120.0, SpreadDuration=14.96, Country=US, AMT=N, NyIssuer=LMT&8, LnIssuer=LMT&8}
2014-09-25 14:48:51,089 ERROR [TradeProcessor] Error in getPrioTradeStatusByMessage
com.westernasset.framework.subsystem.common.SubsystemException: SubsystemExceptionNested:
java.lang.RuntimeException: Storage is not configuredNested:
java.lang.RuntimeException: Storage is not configured
	at com.tangosol.coherence.component.util.daemon.queueProcessor.service.DistributedCache$BinaryMap.onMissingStorage(DistributedCache.CDB:9)
	at com.tangosol.coherence.component.util.daemon.queueProcessor.service.DistributedCache$BinaryMap.get(DistributedCache.CDB:15)
	at com.tangosol.util.ConverterCollections$ConverterMap.get(ConverterCollections.java:1300)
	at com.tangosol.coherence.component.util.daemon.queueProcessor.service.DistributedCache$ViewMap.get(DistributedCache.CDB:1)
	at com.tangosol.coherence.component.util.SafeNamedCache.get(SafeNamedCache.CDB:1)
	at com.tangosol.net.cache.CachingMap.get(CachingMap.java:490)
	at com.westernasset.tss.cache.TradeCacheManager.getTradeById(TradeCacheManager.java:202)
	at com.westernasset.tss.services.TradeNearCacheSubsystem.getTradeById(TradeNearCacheSubsystem.java:104)
	at com.westernasset.tss.services.TradeNearCacheSubsystem.handleFuncCall(TradeNearCacheSubsystem.java:50)
	at com.westernasset.tss.services.TradeSubsystem.handleFuncCall(TradeSubsystem.java:29)
	at com.westernasset.framework.subsystem.receiving.SubsystemImpl.innerHandleFuncCall(SubsystemImpl.java:154)
	at com.westernasset.framework.subsystem.receiving.internal.InProcessFunctionCallReceiver.handleFuncCall(InProcessFunctionCallReceiver.java:49)
	at com.westernasset.framework.subsystem.calling.internal.inprocess.InProcessFunctionCallCaller.doCall(InProcessFunctionCallCaller.java:19)
	at com.westernasset.framework.subsystem.calling.internal.inprocess.ForwardIfNotFoundFunctionCallCaller.doCall(ForwardIfNotFoundFunctionCallCaller.java:28)
	at com.westernasset.framework.subsystem.calling.internal.base.BaseFunctionCallCaller.callFunc(BaseFunctionCallCaller.java:33)
	at com.westernasset.framework.subsystem.calling.internal.base.BaseSubsystem.callFunc(BaseSubsystem.java:35)
	at com.westernasset.pss.msg.reciever.process.TradeProcessor.getTradeByTradeId(TradeProcessor.java:250)
	at com.westernasset.pss.msg.reciever.process.TradeProcessor.getPrioTradeStatusByMessage(TradeProcessor.java:268)
	at com.westernasset.pss.msg.reciever.process.TradeProcessor.process(TradeProcessor.java:50)
	at com.westernasset.pss.msg.queue.MessageFetcher.processMessage(MessageFetcher.java:91)
	at com.westernasset.pss.msg.queue.MessageFetcher.pullMessageFromQueue(MessageFetcher.java:78)
	at com.westernasset.pss.msg.queue.MessageFetcher.run(MessageFetcher.java:48)

	at com.westernasset.framework.subsystem.common.internal.SubsystemExceptionUtils.dataObjectToException(SubsystemExceptionUtils.java:38)
	at com.westernasset.framework.subsystem.common.internal.SubsystemExceptionUtils.throwExceptionIfNeeded(SubsystemExceptionUtils.java:15)
	at com.westernasset.framework.subsystem.calling.internal.base.BaseSubsystem.callFunc(BaseSubsystem.java:37)
	at com.westernasset.pss.msg.reciever.process.TradeProcessor.getTradeByTradeId(TradeProcessor.java:250)
	at com.westernasset.pss.msg.reciever.process.TradeProcessor.getPrioTradeStatusByMessage(TradeProcessor.java:268)
	at com.westernasset.pss.msg.reciever.process.TradeProcessor.process(TradeProcessor.java:50)
	at com.westernasset.pss.msg.queue.MessageFetcher.processMessage(MessageFetcher.java:91)
	at com.westernasset.pss.msg.queue.MessageFetcher.pullMessageFromQueue(MessageFetcher.java:78)
	at com.westernasset.pss.msg.queue.MessageFetcher.run(MessageFetcher.java:48)
2014-09-25 14:48:51,089 ERROR [TradeProcessor] Exception occured while processing message
java.lang.RuntimeException: Storage is not configured
	at com.tangosol.coherence.component.util.daemon.queueProcessor.service.DistributedCache$BinaryMap.onMissingStorage(DistributedCache.CDB:9)
	at com.tangosol.coherence.component.util.daemon.queueProcessor.service.DistributedCache$BinaryMap.get(DistributedCache.CDB:15)
	at com.tangosol.util.ConverterCollections$ConverterMap.get(ConverterCollections.java:1300)
	at com.tangosol.coherence.component.util.daemon.queueProcessor.service.DistributedCache$ViewMap.get(DistributedCache.CDB:1)
	at com.tangosol.coherence.component.util.SafeNamedCache.get(SafeNamedCache.CDB:1)
	at com.tangosol.net.cache.CachingMap.get(CachingMap.java:490)
	at com.westernasset.tss.cache.TradeCacheManager.isDuplicateTrade(TradeCacheManager.java:356)
	at com.westernasset.pss.common.util.PojoHelper.createObjects(PojoHelper.java:132)
	at com.westernasset.pss.msg.reciever.process.TradeProcessor.process(TradeProcessor.java:55)
	at com.westernasset.pss.msg.queue.MessageFetcher.processMessage(MessageFetcher.java:91)
	at com.westernasset.pss.msg.queue.MessageFetcher.pullMessageFromQueue(MessageFetcher.java:78)
	at com.westernasset.pss.msg.queue.MessageFetcher.run(MessageFetcher.java:48)
2014-09-25 14:48:51,089 INFO  [TradeProcessor] End process method 722 MB
2014-09-25 14:48:51,089 INFO  [TradeProcessor] Time taken by TradeProcessor.process method 6
2014-09-25 14:48:51,089 INFO  [MessageFetcher] Processing message completed...[7462012]
2014-09-25 14:48:51,089 INFO  [MessageQueue] Removing the first item of 11 from the queue
2014-09-25 14:48:51,089 INFO  [MessageFetcher] Processing message started...[7461833]
2014-09-25 14:48:51,089 INFO  [TradeProcessor] Begin process method 722 MB
2014-09-25 14:48:51,089 ERROR [TradeProcessor] Error in doSecurityExist
java.lang.RuntimeException: Storage is not configured
	at com.tangosol.coherence.component.util.daemon.queueProcessor.service.DistributedCache$BinaryMap.onMissingStorage(DistributedCache.CDB:9)
	at com.tangosol.coherence.component.util.daemon.queueProcessor.service.DistributedCache$BinaryMap.get(DistributedCache.CDB:15)
	at com.tangosol.util.ConverterCollections$ConverterMap.get(ConverterCollections.java:1300)
	at com.tangosol.coherence.component.util.daemon.queueProcessor.service.DistributedCache$ViewMap.get(DistributedCache.CDB:1)
	at com.tangosol.coherence.component.util.SafeNamedCache.get(SafeNamedCache.CDB:1)
	at com.tangosol.net.cache.CachingMap.get(CachingMap.java:490)
	at com.westernasset.smss.common.util.BusinessDateHelper.get(BusinessDateHelper.java:55)
	at com.westernasset.smss.common.util.BusinessDateHelper.getBusinessDateFromCacheWithOffset(BusinessDateHelper.java:130)
	at com.westernasset.smss.common.util.BusinessDateHelper.getCurrentBusinessDateAny(BusinessDateHelper.java:125)
	at com.westernasset.pss.msg.reciever.process.TradeProcessor.doSecurityExist(TradeProcessor.java:328)
	at com.westernasset.pss.msg.reciever.process.TradeProcessor.createSecurity(TradeProcessor.java:296)
	at com.westernasset.pss.msg.reciever.process.TradeProcessor.process(TradeProcessor.java:49)
	at com.westernasset.pss.msg.queue.MessageFetcher.processMessage(MessageFetcher.java:91)
	at com.westernasset.pss.msg.queue.MessageFetcher.pullMessageFromQueue(MessageFetcher.java:78)
	at com.westernasset.pss.msg.queue.MessageFetcher.run(MessageFetcher.java:48)
2014-09-25 14:48:51,090 ERROR [AtpToPssMapper] com.westernasset.framework.subsystem.common.SubsystemException: SubsystemExceptionNested:
java.lang.RuntimeException: Storage is not configuredNested:
java.lang.RuntimeException: Storage is not configured
	at com.tangosol.coherence.component.util.daemon.queueProcessor.service.DistributedCache$BinaryMap.onMissingStorage(DistributedCache.CDB:9)
	at com.tangosol.coherence.component.util.daemon.queueProcessor.service.DistributedCache$BinaryMap.get(DistributedCache.CDB:15)
	at com.tangosol.util.ConverterCollections$ConverterMap.get(ConverterCollections.java:1300)
	at com.tangosol.coherence.component.util.daemon.queueProcessor.service.DistributedCache$ViewMap.get(DistributedCache.CDB:1)
	at com.tangosol.coherence.component.util.SafeNamedCache.get(SafeNamedCache.CDB:1)
	at com.tangosol.net.cache.CachingMap.get(CachingMap.java:490)
	at com.westernasset.smss.server.SecurityMasterNearCacheSubsystem.getDigitRatingFromString(SecurityMasterNearCacheSubsystem.java:186)
	at com.westernasset.smss.server.SecurityMasterNearCacheSubsystem.handleFuncCall(SecurityMasterNearCacheSubsystem.java:85)
	at com.westernasset.smss.server.SecurityMasterManagementSubsystem.handleFuncCall(SecurityMasterManagementSubsystem.java:23)
	at com.westernasset.framework.subsystem.receiving.SubsystemImpl.innerHandleFuncCall(SubsystemImpl.java:154)
	at com.westernasset.framework.subsystem.receiving.internal.InProcessFunctionCallReceiver.handleFuncCall(InProcessFunctionCallReceiver.java:49)
	at com.westernasset.framework.subsystem.calling.internal.inprocess.InProcessFunctionCallCaller.doCall(InProcessFunctionCallCaller.java:19)
	at com.westernasset.framework.subsystem.calling.internal.inprocess.ForwardIfNotFoundFunctionCallCaller.doCall(ForwardIfNotFoundFunctionCallCaller.java:28)
	at com.westernasset.framework.subsystem.calling.internal.base.BaseFunctionCallCaller.callFunc(BaseFunctionCallCaller.java:33)
	at com.westernasset.framework.subsystem.calling.internal.base.BaseSubsystem.callFunc(BaseSubsystem.java:35)
	at com.westernasset.pss.msg.mapper.AtpToPssMapper.getRating(AtpToPssMapper.java:219)
	at com.westernasset.pss.msg.mapper.AtpToPssMapper.updateSecurityWithRatings(AtpToPssMapper.java:167)
	at com.westernasset.pss.msg.mapper.AtpToPssMapper.createSecurityVO(AtpToPssMapper.java:133)
	at com.westernasset.pss.msg.reciever.process.TradeProcessor.createSecurity(TradeProcessor.java:297)
	at com.westernasset.pss.msg.reciever.process.TradeProcessor.process(TradeProcessor.java:49)
	at com.westernasset.pss.msg.queue.MessageFetcher.processMessage(MessageFetcher.java:91)
	at com.westernasset.pss.msg.queue.MessageFetcher.pullMessageFromQueue(MessageFetcher.java:78)
	at com.westernasset.pss.msg.queue.MessageFetcher.run(MessageFetcher.java:48)

2014-09-25 14:48:51,091 ERROR [AtpToPssMapper] com.westernasset.framework.subsystem.common.SubsystemException: SubsystemExceptionNested:
java.lang.RuntimeException: Storage is not configuredNested:
java.lang.RuntimeException: Storage is not configured
	at com.tangosol.coherence.component.util.daemon.queueProcessor.service.DistributedCache$BinaryMap.onMissingStorage(DistributedCache.CDB:9)
	at com.tangosol.coherence.component.util.daemon.queueProcessor.service.DistributedCache$BinaryMap.get(DistributedCache.CDB:15)
	at com.tangosol.util.ConverterCollections$ConverterMap.get(ConverterCollections.java:1300)
	at com.tangosol.coherence.component.util.daemon.queueProcessor.service.DistributedCache$ViewMap.get(DistributedCache.CDB:1)
	at com.tangosol.coherence.component.util.SafeNamedCache.get(SafeNamedCache.CDB:1)
	at com.tangosol.net.cache.CachingMap.get(CachingMap.java:490)
	at com.westernasset.smss.server.SecurityMasterNearCacheSubsystem.getDigitRatingFromString(SecurityMasterNearCacheSubsystem.java:186)
	at com.westernasset.smss.server.SecurityMasterNearCacheSubsystem.handleFuncCall(SecurityMasterNearCacheSubsystem.java:85)
	at com.westernasset.smss.server.SecurityMasterManagementSubsystem.handleFuncCall(SecurityMasterManagementSubsystem.java:23)
	at com.westernasset.framework.subsystem.receiving.SubsystemImpl.innerHandleFuncCall(SubsystemImpl.java:154)
	at com.westernasset.framework.subsystem.receiving.internal.InProcessFunctionCallReceiver.handleFuncCall(InProcessFunctionCallReceiver.java:49)
	at com.westernasset.framework.subsystem.calling.internal.inprocess.InProcessFunctionCallCaller.doCall(InProcessFunctionCallCaller.java:19)
	at com.westernasset.framework.subsystem.calling.internal.inprocess.ForwardIfNotFoundFunctionCallCaller.doCall(ForwardIfNotFoundFunctionCallCaller.java:28)
	at com.westernasset.framework.subsystem.calling.internal.base.BaseFunctionCallCaller.callFunc(BaseFunctionCallCaller.java:33)
	at com.westernasset.framework.subsystem.calling.internal.base.BaseSubsystem.callFunc(BaseSubsystem.java:35)
	at com.westernasset.pss.msg.mapper.AtpToPssMapper.getRating(AtpToPssMapper.java:219)
	at com.westernasset.pss.msg.mapper.AtpToPssMapper.updateSecurityWithRatings(AtpToPssMapper.java:172)
	at com.westernasset.pss.msg.mapper.AtpToPssMapper.createSecurityVO(AtpToPssMapper.java:133)
	at com.westernasset.pss.msg.reciever.process.TradeProcessor.createSecurity(TradeProcessor.java:297)
	at com.westernasset.pss.msg.reciever.process.TradeProcessor.process(TradeProcessor.java:49)
	at com.westernasset.pss.msg.queue.MessageFetcher.processMessage(MessageFetcher.java:91)
	at com.westernasset.pss.msg.queue.MessageFetcher.pullMessageFromQueue(MessageFetcher.java:78)
	at com.westernasset.pss.msg.queue.MessageFetcher.run(MessageFetcher.java:48)

2014-09-25 14:48:51,091 ERROR [AtpToPssMapper] com.westernasset.framework.subsystem.common.SubsystemException: SubsystemExceptionNested:
java.lang.RuntimeException: Storage is not configuredNested:
java.lang.RuntimeException: Storage is not configured
	at com.tangosol.coherence.component.util.daemon.queueProcessor.service.DistributedCache$BinaryMap.onMissingStorage(DistributedCache.CDB:9)
	at com.tangosol.coherence.component.util.daemon.queueProcessor.service.DistributedCache$BinaryMap.get(DistributedCache.CDB:15)
	at com.tangosol.util.ConverterCollections$ConverterMap.get(ConverterCollections.java:1300)
	at com.tangosol.coherence.component.util.daemon.queueProcessor.service.DistributedCache$ViewMap.get(DistributedCache.CDB:1)
	at com.tangosol.coherence.component.util.SafeNamedCache.get(SafeNamedCache.CDB:1)
	at com.tangosol.net.cache.CachingMap.get(CachingMap.java:490)
	at com.westernasset.smss.server.SecurityMasterNearCacheSubsystem.getDigitRatingFromString(SecurityMasterNearCacheSubsystem.java:186)
	at com.westernasset.smss.server.SecurityMasterNearCacheSubsystem.handleFuncCall(SecurityMasterNearCacheSubsystem.java:85)
	at com.westernasset.smss.server.SecurityMasterManagementSubsystem.handleFuncCall(SecurityMasterManagementSubsystem.java:23)
	at com.westernasset.framework.subsystem.receiving.SubsystemImpl.innerHandleFuncCall(SubsystemImpl.java:154)
	at com.westernasset.framework.subsystem.receiving.internal.InProcessFunctionCallReceiver.handleFuncCall(InProcessFunctionCallReceiver.java:49)
	at com.westernasset.framework.subsystem.calling.internal.inprocess.InProcessFunctionCallCaller.doCall(InProcessFunctionCallCaller.java:19)
	at com.westernasset.framework.subsystem.calling.internal.inprocess.ForwardIfNotFoundFunctionCallCaller.doCall(ForwardIfNotFoundFunctionCallCaller.java:28)
	at com.westernasset.framework.subsystem.calling.internal.base.BaseFunctionCallCaller.callFunc(BaseFunctionCallCaller.java:33)
	at com.westernasset.framework.subsystem.calling.internal.base.BaseSubsystem.callFunc(BaseSubsystem.java:35)
	at com.westernasset.pss.msg.mapper.AtpToPssMapper.getRating(AtpToPssMapper.java:219)
	at com.westernasset.pss.msg.mapper.AtpToPssMapper.updateSecurityWithRatings(AtpToPssMapper.java:177)
	at com.westernasset.pss.msg.mapper.AtpToPssMapper.createSecurityVO(AtpToPssMapper.java:133)
	at com.westernasset.pss.msg.reciever.process.TradeProcessor.createSecurity(TradeProcessor.java:297)
	at com.westernasset.pss.msg.reciever.process.TradeProcessor.process(TradeProcessor.java:49)
	at com.westernasset.pss.msg.queue.MessageFetcher.processMessage(MessageFetcher.java:91)
	at com.westernasset.pss.msg.queue.MessageFetcher.pullMessageFromQueue(MessageFetcher.java:78)
	at com.westernasset.pss.msg.queue.MessageFetcher.run(MessageFetcher.java:48)

2014-09-25 14:48:51,091 ERROR [AtpToPssMapper] com.westernasset.framework.subsystem.common.SubsystemException: SubsystemExceptionNested:
java.lang.RuntimeException: Storage is not configuredNested:
java.lang.RuntimeException: Storage is not configured
	at com.tangosol.coherence.component.util.daemon.queueProcessor.service.DistributedCache$BinaryMap.onMissingStorage(DistributedCache.CDB:9)
	at com.tangosol.coherence.component.util.daemon.queueProcessor.service.DistributedCache$BinaryMap.get(DistributedCache.CDB:15)
	at com.tangosol.util.ConverterCollections$ConverterMap.get(ConverterCollections.java:1300)
	at com.tangosol.coherence.component.util.daemon.queueProcessor.service.DistributedCache$ViewMap.get(DistributedCache.CDB:1)
	at com.tangosol.coherence.component.util.SafeNamedCache.get(SafeNamedCache.CDB:1)
	at com.tangosol.net.cache.CachingMap.get(CachingMap.java:490)
	at com.westernasset.smss.server.SecurityMasterNearCacheSubsystem.getDigitRatingFromString(SecurityMasterNearCacheSubsystem.java:186)
	at com.westernasset.smss.server.SecurityMasterNearCacheSubsystem.handleFuncCall(SecurityMasterNearCacheSubsystem.java:85)
	at com.westernasset.smss.server.SecurityMasterManagementSubsystem.handleFuncCall(SecurityMasterManagementSubsystem.java:23)
	at com.westernasset.framework.subsystem.receiving.SubsystemImpl.innerHandleFuncCall(SubsystemImpl.java:154)
	at com.westernasset.framework.subsystem.receiving.internal.InProcessFunctionCallReceiver.handleFuncCall(InProcessFunctionCallReceiver.java:49)
	at com.westernasset.framework.subsystem.calling.internal.inprocess.InProcessFunctionCallCaller.doCall(InProcessFunctionCallCaller.java:19)
	at com.westernasset.framework.subsystem.calling.internal.inprocess.ForwardIfNotFoundFunctionCallCaller.doCall(ForwardIfNotFoundFunctionCallCaller.java:28)
	at com.westernasset.framework.subsystem.calling.internal.base.BaseFunctionCallCaller.callFunc(BaseFunctionCallCaller.java:33)
	at com.westernasset.framework.subsystem.calling.internal.base.BaseSubsystem.callFunc(BaseSubsystem.java:35)
	at com.westernasset.pss.msg.mapper.AtpToPssMapper.getRating(AtpToPssMapper.java:219)
	at com.westernasset.pss.msg.mapper.AtpToPssMapper.updateSecurityWithRatings(AtpToPssMapper.java:182)
	at com.westernasset.pss.msg.mapper.AtpToPssMapper.createSecurityVO(AtpToPssMapper.java:133)
	at com.westernasset.pss.msg.reciever.process.TradeProcessor.createSecurity(TradeProcessor.java:297)
	at com.westernasset.pss.msg.reciever.process.TradeProcessor.process(TradeProcessor.java:49)
	at com.westernasset.pss.msg.queue.MessageFetcher.processMessage(MessageFetcher.java:91)
	at com.westernasset.pss.msg.queue.MessageFetcher.pullMessageFromQueue(MessageFetcher.java:78)
	at com.westernasset.pss.msg.queue.MessageFetcher.run(MessageFetcher.java:48)

2014-09-25 14:48:51,092 ERROR [AtpToPssMapper] com.westernasset.framework.subsystem.common.SubsystemException: SubsystemExceptionNested:
java.lang.RuntimeException: Storage is not configuredNested:
java.lang.RuntimeException: Storage is not configured
	at com.tangosol.coherence.component.util.daemon.queueProcessor.service.DistributedCache$BinaryMap.onMissingStorage(DistributedCache.CDB:9)
	at com.tangosol.coherence.component.util.daemon.queueProcessor.service.DistributedCache$BinaryMap.get(DistributedCache.CDB:15)
	at com.tangosol.util.ConverterCollections$ConverterMap.get(ConverterCollections.java:1300)
	at com.tangosol.coherence.component.util.daemon.queueProcessor.service.DistributedCache$ViewMap.get(DistributedCache.CDB:1)
	at com.tangosol.coherence.component.util.SafeNamedCache.get(SafeNamedCache.CDB:1)
	at com.tangosol.net.cache.CachingMap.get(CachingMap.java:490)
	at com.westernasset.smss.server.SecurityMasterNearCacheSubsystem.getDigitRatingFromString(SecurityMasterNearCacheSubsystem.java:186)
	at com.westernasset.smss.server.SecurityMasterNearCacheSubsystem.handleFuncCall(SecurityMasterNearCacheSubsystem.java:85)
	at com.westernasset.smss.server.SecurityMasterManagementSubsystem.handleFuncCall(SecurityMasterManagementSubsystem.java:23)
	at com.westernasset.framework.subsystem.receiving.SubsystemImpl.innerHandleFuncCall(SubsystemImpl.java:154)
	at com.westernasset.framework.subsystem.receiving.internal.InProcessFunctionCallReceiver.handleFuncCall(InProcessFunctionCallReceiver.java:49)
	at com.westernasset.framework.subsystem.calling.internal.inprocess.InProcessFunctionCallCaller.doCall(InProcessFunctionCallCaller.java:19)
	at com.westernasset.framework.subsystem.calling.internal.inprocess.ForwardIfNotFoundFunctionCallCaller.doCall(ForwardIfNotFoundFunctionCallCaller.java:28)
	at com.westernasset.framework.subsystem.calling.internal.base.BaseFunctionCallCaller.callFunc(BaseFunctionCallCaller.java:33)
	at com.westernasset.framework.subsystem.calling.internal.base.BaseSubsystem.callFunc(BaseSubsystem.java:35)
	at com.westernasset.pss.msg.mapper.AtpToPssMapper.getRating(AtpToPssMapper.java:219)
	at com.westernasset.pss.msg.mapper.AtpToPssMapper.updateSecurityWithRatings(AtpToPssMapper.java:187)
	at com.westernasset.pss.msg.mapper.AtpToPssMapper.createSecurityVO(AtpToPssMapper.java:133)
	at com.westernasset.pss.msg.reciever.process.TradeProcessor.createSecurity(TradeProcessor.java:297)
	at com.westernasset.pss.msg.reciever.process.TradeProcessor.process(TradeProcessor.java:49)
	at com.westernasset.pss.msg.queue.MessageFetcher.processMessage(MessageFetcher.java:91)
	at com.westernasset.pss.msg.queue.MessageFetcher.pullMessageFromQueue(MessageFetcher.java:78)
	at com.westernasset.pss.msg.queue.MessageFetcher.run(MessageFetcher.java:48)

2014-09-25 14:48:51,092 ERROR [AtpToPssMapper] com.westernasset.framework.subsystem.common.SubsystemException: SubsystemExceptionNested:
java.lang.RuntimeException: Storage is not configuredNested:
java.lang.RuntimeException: Storage is not configured
	at com.tangosol.coherence.component.util.daemon.queueProcessor.service.DistributedCache$BinaryMap.onMissingStorage(DistributedCache.CDB:9)
	at com.tangosol.coherence.component.util.daemon.queueProcessor.service.DistributedCache$BinaryMap.get(DistributedCache.CDB:15)
	at com.tangosol.util.ConverterCollections$ConverterMap.get(ConverterCollections.java:1300)
	at com.tangosol.coherence.component.util.daemon.queueProcessor.service.DistributedCache$ViewMap.get(DistributedCache.CDB:1)
	at com.tangosol.coherence.component.util.SafeNamedCache.get(SafeNamedCache.CDB:1)
	at com.tangosol.net.cache.CachingMap.get(CachingMap.java:490)
	at com.westernasset.smss.server.SecurityMasterNearCacheSubsystem.getDigitRatingFromString(SecurityMasterNearCacheSubsystem.java:186)
	at com.westernasset.smss.server.SecurityMasterNearCacheSubsystem.handleFuncCall(SecurityMasterNearCacheSubsystem.java:85)
	at com.westernasset.smss.server.SecurityMasterManagementSubsystem.handleFuncCall(SecurityMasterManagementSubsystem.java:23)
	at com.westernasset.framework.subsystem.receiving.SubsystemImpl.innerHandleFuncCall(SubsystemImpl.java:154)
	at com.westernasset.framework.subsystem.receiving.internal.InProcessFunctionCallReceiver.handleFuncCall(InProcessFunctionCallReceiver.java:49)
	at com.westernasset.framework.subsystem.calling.internal.inprocess.InProcessFunctionCallCaller.doCall(InProcessFunctionCallCaller.java:19)
	at com.westernasset.framework.subsystem.calling.internal.inprocess.ForwardIfNotFoundFunctionCallCaller.doCall(ForwardIfNotFoundFunctionCallCaller.java:28)
	at com.westernasset.framework.subsystem.calling.internal.base.BaseFunctionCallCaller.callFunc(BaseFunctionCallCaller.java:33)
	at com.westernasset.framework.subsystem.calling.internal.base.BaseSubsystem.callFunc(BaseSubsystem.java:35)
	at com.westernasset.pss.msg.mapper.AtpToPssMapper.getRating(AtpToPssMapper.java:219)
	at com.westernasset.pss.msg.mapper.AtpToPssMapper.updateSecurityWithRatings(AtpToPssMapper.java:192)
	at com.westernasset.pss.msg.mapper.AtpToPssMapper.createSecurityVO(AtpToPssMapper.java:133)
	at com.westernasset.pss.msg.reciever.process.TradeProcessor.createSecurity(TradeProcessor.java:297)
	at com.westernasset.pss.msg.reciever.process.TradeProcessor.process(TradeProcessor.java:49)
	at com.westernasset.pss.msg.queue.MessageFetcher.processMessage(MessageFetcher.java:91)
	at com.westernasset.pss.msg.queue.MessageFetcher.pullMessageFromQueue(MessageFetcher.java:78)
	at com.westernasset.pss.msg.queue.MessageFetcher.run(MessageFetcher.java:48)

2014-09-25 14:48:51,093 ERROR [AtpToPssMapper] com.westernasset.framework.subsystem.common.SubsystemException: SubsystemExceptionNested:
java.lang.RuntimeException: Storage is not configuredNested:
java.lang.RuntimeException: Storage is not configured
	at com.tangosol.coherence.component.util.daemon.queueProcessor.service.DistributedCache$BinaryMap.onMissingStorage(DistributedCache.CDB:9)
	at com.tangosol.coherence.component.util.daemon.queueProcessor.service.DistributedCache$BinaryMap.get(DistributedCache.CDB:15)
	at com.tangosol.util.ConverterCollections$ConverterMap.get(ConverterCollections.java:1300)
	at com.tangosol.coherence.component.util.daemon.queueProcessor.service.DistributedCache$ViewMap.get(DistributedCache.CDB:1)
	at com.tangosol.coherence.component.util.SafeNamedCache.get(SafeNamedCache.CDB:1)
	at com.tangosol.net.cache.CachingMap.get(CachingMap.java:490)
	at com.westernasset.smss.server.SecurityMasterNearCacheSubsystem.getDigitRatingFromString(SecurityMasterNearCacheSubsystem.java:186)
	at com.westernasset.smss.server.SecurityMasterNearCacheSubsystem.handleFuncCall(SecurityMasterNearCacheSubsystem.java:85)
	at com.westernasset.smss.server.SecurityMasterManagementSubsystem.handleFuncCall(SecurityMasterManagementSubsystem.java:23)
	at com.westernasset.framework.subsystem.receiving.SubsystemImpl.innerHandleFuncCall(SubsystemImpl.java:154)
	at com.westernasset.framework.subsystem.receiving.internal.InProcessFunctionCallReceiver.handleFuncCall(InProcessFunctionCallReceiver.java:49)
	at com.westernasset.framework.subsystem.calling.internal.inprocess.InProcessFunctionCallCaller.doCall(InProcessFunctionCallCaller.java:19)
	at com.westernasset.framework.subsystem.calling.internal.inprocess.ForwardIfNotFoundFunctionCallCaller.doCall(ForwardIfNotFoundFunctionCallCaller.java:28)
	at com.westernasset.framework.subsystem.calling.internal.base.BaseFunctionCallCaller.callFunc(BaseFunctionCallCaller.java:33)
	at com.westernasset.framework.subsystem.calling.internal.base.BaseSubsystem.callFunc(BaseSubsystem.java:35)
	at com.westernasset.pss.msg.mapper.AtpToPssMapper.getRating(AtpToPssMapper.java:219)
	at com.westernasset.pss.msg.mapper.AtpToPssMapper.updateSecurityWithRatings(AtpToPssMapper.java:197)
	at com.westernasset.pss.msg.mapper.AtpToPssMapper.createSecurityVO(AtpToPssMapper.java:133)
	at com.westernasset.pss.msg.reciever.process.TradeProcessor.createSecurity(TradeProcessor.java:297)
	at com.westernasset.pss.msg.reciever.process.TradeProcessor.process(TradeProcessor.java:49)
	at com.westernasset.pss.msg.queue.MessageFetcher.processMessage(MessageFetcher.java:91)
	at com.westernasset.pss.msg.queue.MessageFetcher.pullMessageFromQueue(MessageFetcher.java:78)
	at com.westernasset.pss.msg.queue.MessageFetcher.run(MessageFetcher.java:48)

2014-09-25 14:48:51,093 ERROR [AtpToPssMapper] com.westernasset.framework.subsystem.common.SubsystemException: SubsystemExceptionNested:
java.lang.RuntimeException: Storage is not configuredNested:
java.lang.RuntimeException: Storage is not configured
	at com.tangosol.coherence.component.util.daemon.queueProcessor.service.DistributedCache$BinaryMap.onMissingStorage(DistributedCache.CDB:9)
	at com.tangosol.coherence.component.util.daemon.queueProcessor.service.DistributedCache$BinaryMap.get(DistributedCache.CDB:15)
	at com.tangosol.util.ConverterCollections$ConverterMap.get(ConverterCollections.java:1300)
	at com.tangosol.coherence.component.util.daemon.queueProcessor.service.DistributedCache$ViewMap.get(DistributedCache.CDB:1)
	at com.tangosol.coherence.component.util.SafeNamedCache.get(SafeNamedCache.CDB:1)
	at com.tangosol.net.cache.CachingMap.get(CachingMap.java:490)
	at com.westernasset.smss.server.SecurityMasterNearCacheSubsystem.getDigitRatingFromString(SecurityMasterNearCacheSubsystem.java:186)
	at com.westernasset.smss.server.SecurityMasterNearCacheSubsystem.handleFuncCall(SecurityMasterNearCacheSubsystem.java:85)
	at com.westernasset.smss.server.SecurityMasterManagementSubsystem.handleFuncCall(SecurityMasterManagementSubsystem.java:23)
	at com.westernasset.framework.subsystem.receiving.SubsystemImpl.innerHandleFuncCall(SubsystemImpl.java:154)
	at com.westernasset.framework.subsystem.receiving.internal.InProcessFunctionCallReceiver.handleFuncCall(InProcessFunctionCallReceiver.java:49)
	at com.westernasset.framework.subsystem.calling.internal.inprocess.InProcessFunctionCallCaller.doCall(InProcessFunctionCallCaller.java:19)
	at com.westernasset.framework.subsystem.calling.internal.inprocess.ForwardIfNotFoundFunctionCallCaller.doCall(ForwardIfNotFoundFunctionCallCaller.java:28)
	at com.westernasset.framework.subsystem.calling.internal.base.BaseFunctionCallCaller.callFunc(BaseFunctionCallCaller.java:33)
	at com.westernasset.framework.subsystem.calling.internal.base.BaseSubsystem.callFunc(BaseSubsystem.java:35)
	at com.westernasset.pss.msg.mapper.AtpToPssMapper.getRating(AtpToPssMapper.java:219)
	at com.westernasset.pss.msg.mapper.AtpToPssMapper.updateSecurityWithRatings(AtpToPssMapper.java:202)
	at com.westernasset.pss.msg.mapper.AtpToPssMapper.createSecurityVO(AtpToPssMapper.java:133)
	at com.westernasset.pss.msg.reciever.process.TradeProcessor.createSecurity(TradeProcessor.java:297)
	at com.westernasset.pss.msg.reciever.process.TradeProcessor.process(TradeProcessor.java:49)
	at com.westernasset.pss.msg.queue.MessageFetcher.processMessage(MessageFetcher.java:91)
	at com.westernasset.pss.msg.queue.MessageFetcher.pullMessageFromQueue(MessageFetcher.java:78)
	at com.westernasset.pss.msg.queue.MessageFetcher.run(MessageFetcher.java:48)

2014-09-25 14:48:51,095 ERROR [SecurityCacheManager] Failed to add security to cache: Storage is not configured : {SecurityId=1472779, AMTValue=1.0, MoodyRating=0, MoodyShortRating=0, FitchRating=0, FitchShortRating=0, SecurityTypeId=22, AssetTypeId=8, ProductId=20, SpRating=0, SpShortRating=0, WaRating=0, WaShortRating=0, IssueDate=2011-05-31T00:00:00.000-0700, MaturityDate=1949-12-29T00:00:00.000-0800, AssetId=55261FAE4, CurrencyCode=USD, SecurityType=CORPORATE, Description=M&T BANK CORPORATION, NextCallDate=06/15/2016, NextCallPrice=100.000000, NextParCallDate=06/15/2016, Product=Bonds/Notes (Par), SubSubSector=BANKING, TickerSymbol=MTB, BBName=M&T BANK CORPORATION, IntType=FIXED, MinPiece=1000.0000, MinIncrement=1000.0000, AverageLife=1.722, Coupon=6.875, Dtm=12879.0, DtmLegalFinal=12879.0, Factor=1.0, DurationFactor=1.0, EffectiveConvexity=0.034, EffectiveDuration=1.583, YieldToWorst=5.735, MarketCFYield=5.735, OptionASpread=529.0, SpreadDuration=1.58, Country=US, AMT=N, NyIssuer=MTB&8, LnIssuer=MTB&8}
java.lang.RuntimeException: Storage is not configured
	at com.tangosol.coherence.component.util.daemon.queueProcessor.service.DistributedCache$BinaryMap.onMissingStorage(DistributedCache.CDB:9)
	at com.tangosol.coherence.component.util.daemon.queueProcessor.service.DistributedCache$BinaryMap.get(DistributedCache.CDB:15)
	at com.tangosol.util.ConverterCollections$ConverterMap.get(ConverterCollections.java:1300)
	at com.tangosol.coherence.component.util.daemon.queueProcessor.service.DistributedCache$ViewMap.get(DistributedCache.CDB:1)
	at com.tangosol.coherence.component.util.SafeNamedCache.get(SafeNamedCache.CDB:1)
	at com.tangosol.net.cache.CachingMap.get(CachingMap.java:490)
	at com.westernasset.smss.common.util.BusinessUtils.getIssuerDesciption(BusinessUtils.java:146)
	at com.westernasset.smss.common.util.BusinessUtils.fillNUIssuerId(BusinessUtils.java:513)
	at com.westernasset.smss.common.util.BusinessUtils.fillDerivedValues(BusinessUtils.java:421)
	at com.westernasset.smss.server.SecurityCacheManager.addSecurity(SecurityCacheManager.java:137)
	at com.westernasset.smss.server.SecurityMasterNearCacheSubsystem.addSecurity(SecurityMasterNearCacheSubsystem.java:202)
	at com.westernasset.smss.server.SecurityMasterNearCacheSubsystem.handleFuncCall(SecurityMasterNearCacheSubsystem.java:92)
	at com.westernasset.smss.server.SecurityMasterManagementSubsystem.handleFuncCall(SecurityMasterManagementSubsystem.java:23)
	at com.westernasset.framework.subsystem.receiving.SubsystemImpl.innerHandleFuncCall(SubsystemImpl.java:154)
	at com.westernasset.framework.subsystem.receiving.internal.InProcessFunctionCallReceiver.handleFuncCall(InProcessFunctionCallReceiver.java:49)
	at com.westernasset.framework.subsystem.calling.internal.inprocess.InProcessFunctionCallCaller.doCall(InProcessFunctionCallCaller.java:19)
	at com.westernasset.framework.subsystem.calling.internal.inprocess.ForwardIfNotFoundFunctionCallCaller.doCall(ForwardIfNotFoundFunctionCallCaller.java:28)
	at com.westernasset.framework.subsystem.calling.internal.base.BaseFunctionCallCaller.callFunc(BaseFunctionCallCaller.java:33)
	at com.westernasset.framework.subsystem.calling.internal.base.BaseSubsystem.callFunc(BaseSubsystem.java:35)
	at com.westernasset.pss.msg.reciever.process.TradeProcessor.createSecurity(TradeProcessor.java:302)
	at com.westernasset.pss.msg.reciever.process.TradeProcessor.process(TradeProcessor.java:49)
	at com.westernasset.pss.msg.queue.MessageFetcher.processMessage(MessageFetcher.java:91)
	at com.westernasset.pss.msg.queue.MessageFetcher.pullMessageFromQueue(MessageFetcher.java:78)
	at com.westernasset.pss.msg.queue.MessageFetcher.run(MessageFetcher.java:48)
2014-09-25 14:48:51,095 INFO  [TradeProcessor] Created Security :{SecurityId=1472779, AMTValue=1.0, MoodyRating=0, MoodyShortRating=0, FitchRating=0, FitchShortRating=0, SecurityTypeId=22, AssetTypeId=8, ProductId=20, SpRating=0, SpShortRating=0, WaRating=0, WaShortRating=0, IssueDate=2011-05-31T00:00:00.000-0700, MaturityDate=1949-12-29T00:00:00.000-0800, AssetId=55261FAE4, CurrencyCode=USD, SecurityType=CORPORATE, Description=M&T BANK CORPORATION, NextCallDate=06/15/2016, NextCallPrice=100.000000, NextParCallDate=06/15/2016, Product=Bonds/Notes (Par), SubSubSector=BANKING, TickerSymbol=MTB, BBName=M&T BANK CORPORATION, IntType=FIXED, MinPiece=1000.0000, MinIncrement=1000.0000, AverageLife=1.722, Coupon=6.875, Dtm=12879.0, DtmLegalFinal=12879.0, Factor=1.0, DurationFactor=1.0, EffectiveConvexity=0.034, EffectiveDuration=1.583, YieldToWorst=5.735, MarketCFYield=5.735, OptionASpread=529.0, SpreadDuration=1.58, Country=US, AMT=N, NyIssuer=MTB&8, LnIssuer=MTB&8}
2014-09-25 14:48:51,095 ERROR [TradeProcessor] Error in getPrioTradeStatusByMessage
com.westernasset.framework.subsystem.common.SubsystemException: SubsystemExceptionNested:
java.lang.RuntimeException: Storage is not configuredNested:
java.lang.RuntimeException: Storage is not configured
	at com.tangosol.coherence.component.util.daemon.queueProcessor.service.DistributedCache$BinaryMap.onMissingStorage(DistributedCache.CDB:9)
	at com.tangosol.coherence.component.util.daemon.queueProcessor.service.DistributedCache$BinaryMap.get(DistributedCache.CDB:15)
	at com.tangosol.util.ConverterCollections$ConverterMap.get(ConverterCollections.java:1300)
	at com.tangosol.coherence.component.util.daemon.queueProcessor.service.DistributedCache$ViewMap.get(DistributedCache.CDB:1)
	at com.tangosol.coherence.component.util.SafeNamedCache.get(SafeNamedCache.CDB:1)
	at com.tangosol.net.cache.CachingMap.get(CachingMap.java:490)
	at com.westernasset.tss.cache.TradeCacheManager.getTradeById(TradeCacheManager.java:202)
	at com.westernasset.tss.services.TradeNearCacheSubsystem.getTradeById(TradeNearCacheSubsystem.java:104)
	at com.westernasset.tss.services.TradeNearCacheSubsystem.handleFuncCall(TradeNearCacheSubsystem.java:50)
	at com.westernasset.tss.services.TradeSubsystem.handleFuncCall(TradeSubsystem.java:29)
	at com.westernasset.framework.subsystem.receiving.SubsystemImpl.innerHandleFuncCall(SubsystemImpl.java:154)
	at com.westernasset.framework.subsystem.receiving.internal.InProcessFunctionCallReceiver.handleFuncCall(InProcessFunctionCallReceiver.java:49)
	at com.westernasset.framework.subsystem.calling.internal.inprocess.InProcessFunctionCallCaller.doCall(InProcessFunctionCallCaller.java:19)
	at com.westernasset.framework.subsystem.calling.internal.inprocess.ForwardIfNotFoundFunctionCallCaller.doCall(ForwardIfNotFoundFunctionCallCaller.java:28)
	at com.westernasset.framework.subsystem.calling.internal.base.BaseFunctionCallCaller.callFunc(BaseFunctionCallCaller.java:33)
	at com.westernasset.framework.subsystem.calling.internal.base.BaseSubsystem.callFunc(BaseSubsystem.java:35)
	at com.westernasset.pss.msg.reciever.process.TradeProcessor.getTradeByTradeId(TradeProcessor.java:250)
	at com.westernasset.pss.msg.reciever.process.TradeProcessor.getPrioTradeStatusByMessage(TradeProcessor.java:268)
	at com.westernasset.pss.msg.reciever.process.TradeProcessor.process(TradeProcessor.java:50)
	at com.westernasset.pss.msg.queue.MessageFetcher.processMessage(MessageFetcher.java:91)
	at com.westernasset.pss.msg.queue.MessageFetcher.pullMessageFromQueue(MessageFetcher.java:78)
	at com.westernasset.pss.msg.queue.MessageFetcher.run(MessageFetcher.java:48)

	at com.westernasset.framework.subsystem.common.internal.SubsystemExceptionUtils.dataObjectToException(SubsystemExceptionUtils.java:38)
	at com.westernasset.framework.subsystem.common.internal.SubsystemExceptionUtils.throwExceptionIfNeeded(SubsystemExceptionUtils.java:15)
	at com.westernasset.framework.subsystem.calling.internal.base.BaseSubsystem.callFunc(BaseSubsystem.java:37)
	at com.westernasset.pss.msg.reciever.process.TradeProcessor.getTradeByTradeId(TradeProcessor.java:250)
	at com.westernasset.pss.msg.reciever.process.TradeProcessor.getPrioTradeStatusByMessage(TradeProcessor.java:268)
	at com.westernasset.pss.msg.reciever.process.TradeProcessor.process(TradeProcessor.java:50)
	at com.westernasset.pss.msg.queue.MessageFetcher.processMessage(MessageFetcher.java:91)
	at com.westernasset.pss.msg.queue.MessageFetcher.pullMessageFromQueue(MessageFetcher.java:78)
	at com.westernasset.pss.msg.queue.MessageFetcher.run(MessageFetcher.java:48)
2014-09-25 14:48:51,096 ERROR [TradeProcessor] Exception occured while processing message
java.lang.RuntimeException: Storage is not configured
	at com.tangosol.coherence.component.util.daemon.queueProcessor.service.DistributedCache$BinaryMap.onMissingStorage(DistributedCache.CDB:9)
	at com.tangosol.coherence.component.util.daemon.queueProcessor.service.DistributedCache$BinaryMap.get(DistributedCache.CDB:15)
	at com.tangosol.util.ConverterCollections$ConverterMap.get(ConverterCollections.java:1300)
	at com.tangosol.coherence.component.util.daemon.queueProcessor.service.DistributedCache$ViewMap.get(DistributedCache.CDB:1)
	at com.tangosol.coherence.component.util.SafeNamedCache.get(SafeNamedCache.CDB:1)
	at com.tangosol.net.cache.CachingMap.get(CachingMap.java:490)
	at com.westernasset.tss.cache.TradeCacheManager.isDuplicateTrade(TradeCacheManager.java:356)
	at com.westernasset.pss.common.util.PojoHelper.createObjects(PojoHelper.java:132)
	at com.westernasset.pss.msg.reciever.process.TradeProcessor.process(TradeProcessor.java:55)
	at com.westernasset.pss.msg.queue.MessageFetcher.processMessage(MessageFetcher.java:91)
	at com.westernasset.pss.msg.queue.MessageFetcher.pullMessageFromQueue(MessageFetcher.java:78)
	at com.westernasset.pss.msg.queue.MessageFetcher.run(MessageFetcher.java:48)
2014-09-25 14:48:51,096 INFO  [TradeProcessor] End process method 723 MB
2014-09-25 14:48:51,096 INFO  [TradeProcessor] Time taken by TradeProcessor.process method 7
2014-09-25 14:48:51,096 INFO  [MessageFetcher] Processing message completed...[7461833]
2014-09-25 14:48:51,096 INFO  [MessageQueue] Removing the first item of 10 from the queue
2014-09-25 14:48:51,096 INFO  [MessageFetcher] Processing message started...[7461836]
2014-09-25 14:48:51,096 INFO  [TradeProcessor] Begin process method 723 MB
2014-09-25 14:48:51,096 ERROR [TradeProcessor] Error in doSecurityExist
java.lang.RuntimeException: Storage is not configured
	at com.tangosol.coherence.component.util.daemon.queueProcessor.service.DistributedCache$BinaryMap.onMissingStorage(DistributedCache.CDB:9)
	at com.tangosol.coherence.component.util.daemon.queueProcessor.service.DistributedCache$BinaryMap.get(DistributedCache.CDB:15)
	at com.tangosol.util.ConverterCollections$ConverterMap.get(ConverterCollections.java:1300)
	at com.tangosol.coherence.component.util.daemon.queueProcessor.service.DistributedCache$ViewMap.get(DistributedCache.CDB:1)
	at com.tangosol.coherence.component.util.SafeNamedCache.get(SafeNamedCache.CDB:1)
	at com.tangosol.net.cache.CachingMap.get(CachingMap.java:490)
	at com.westernasset.smss.common.util.BusinessDateHelper.get(BusinessDateHelper.java:55)
	at com.westernasset.smss.common.util.BusinessDateHelper.getBusinessDateFromCacheWithOffset(BusinessDateHelper.java:130)
	at com.westernasset.smss.common.util.BusinessDateHelper.getCurrentBusinessDateAny(BusinessDateHelper.java:125)
	at com.westernasset.pss.msg.reciever.process.TradeProcessor.doSecurityExist(TradeProcessor.java:328)
	at com.westernasset.pss.msg.reciever.process.TradeProcessor.createSecurity(TradeProcessor.java:296)
	at com.westernasset.pss.msg.reciever.process.TradeProcessor.process(TradeProcessor.java:49)
	at com.westernasset.pss.msg.queue.MessageFetcher.processMessage(MessageFetcher.java:91)
	at com.westernasset.pss.msg.queue.MessageFetcher.pullMessageFromQueue(MessageFetcher.java:78)
	at com.westernasset.pss.msg.queue.MessageFetcher.run(MessageFetcher.java:48)
2014-09-25 14:48:51,097 ERROR [AtpToPssMapper] com.westernasset.framework.subsystem.common.SubsystemException: SubsystemExceptionNested:
java.lang.RuntimeException: Storage is not configuredNested:
java.lang.RuntimeException: Storage is not configured
	at com.tangosol.coherence.component.util.daemon.queueProcessor.service.DistributedCache$BinaryMap.onMissingStorage(DistributedCache.CDB:9)
	at com.tangosol.coherence.component.util.daemon.queueProcessor.service.DistributedCache$BinaryMap.get(DistributedCache.CDB:15)
	at com.tangosol.util.ConverterCollections$ConverterMap.get(ConverterCollections.java:1300)
	at com.tangosol.coherence.component.util.daemon.queueProcessor.service.DistributedCache$ViewMap.get(DistributedCache.CDB:1)
	at com.tangosol.coherence.component.util.SafeNamedCache.get(SafeNamedCache.CDB:1)
	at com.tangosol.net.cache.CachingMap.get(CachingMap.java:490)
	at com.westernasset.smss.server.SecurityMasterNearCacheSubsystem.getDigitRatingFromString(SecurityMasterNearCacheSubsystem.java:186)
	at com.westernasset.smss.server.SecurityMasterNearCacheSubsystem.handleFuncCall(SecurityMasterNearCacheSubsystem.java:85)
	at com.westernasset.smss.server.SecurityMasterManagementSubsystem.handleFuncCall(SecurityMasterManagementSubsystem.java:23)
	at com.westernasset.framework.subsystem.receiving.SubsystemImpl.innerHandleFuncCall(SubsystemImpl.java:154)
	at com.westernasset.framework.subsystem.receiving.internal.InProcessFunctionCallReceiver.handleFuncCall(InProcessFunctionCallReceiver.java:49)
	at com.westernasset.framework.subsystem.calling.internal.inprocess.InProcessFunctionCallCaller.doCall(InProcessFunctionCallCaller.java:19)
	at com.westernasset.framework.subsystem.calling.internal.inprocess.ForwardIfNotFoundFunctionCallCaller.doCall(ForwardIfNotFoundFunctionCallCaller.java:28)
	at com.westernasset.framework.subsystem.calling.internal.base.BaseFunctionCallCaller.callFunc(BaseFunctionCallCaller.java:33)
	at com.westernasset.framework.subsystem.calling.internal.base.BaseSubsystem.callFunc(BaseSubsystem.java:35)
	at com.westernasset.pss.msg.mapper.AtpToPssMapper.getRating(AtpToPssMapper.java:219)
	at com.westernasset.pss.msg.mapper.AtpToPssMapper.updateSecurityWithRatings(AtpToPssMapper.java:167)
	at com.westernasset.pss.msg.mapper.AtpToPssMapper.createSecurityVO(AtpToPssMapper.java:133)
	at com.westernasset.pss.msg.reciever.process.TradeProcessor.createSecurity(TradeProcessor.java:297)
	at com.westernasset.pss.msg.reciever.process.TradeProcessor.process(TradeProcessor.java:49)
	at com.westernasset.pss.msg.queue.MessageFetcher.processMessage(MessageFetcher.java:91)
	at com.westernasset.pss.msg.queue.MessageFetcher.pullMessageFromQueue(MessageFetcher.java:78)
	at com.westernasset.pss.msg.queue.MessageFetcher.run(MessageFetcher.java:48)

2014-09-25 14:48:51,097 ERROR [AtpToPssMapper] com.westernasset.framework.subsystem.common.SubsystemException: SubsystemExceptionNested:
java.lang.RuntimeException: Storage is not configuredNested:
java.lang.RuntimeException: Storage is not configured
	at com.tangosol.coherence.component.util.daemon.queueProcessor.service.DistributedCache$BinaryMap.onMissingStorage(DistributedCache.CDB:9)
	at com.tangosol.coherence.component.util.daemon.queueProcessor.service.DistributedCache$BinaryMap.get(DistributedCache.CDB:15)
	at com.tangosol.util.ConverterCollections$ConverterMap.get(ConverterCollections.java:1300)
	at com.tangosol.coherence.component.util.daemon.queueProcessor.service.DistributedCache$ViewMap.get(DistributedCache.CDB:1)
	at com.tangosol.coherence.component.util.SafeNamedCache.get(SafeNamedCache.CDB:1)
	at com.tangosol.net.cache.CachingMap.get(CachingMap.java:490)
	at com.westernasset.smss.server.SecurityMasterNearCacheSubsystem.getDigitRatingFromString(SecurityMasterNearCacheSubsystem.java:186)
	at com.westernasset.smss.server.SecurityMasterNearCacheSubsystem.handleFuncCall(SecurityMasterNearCacheSubsystem.java:85)
	at com.westernasset.smss.server.SecurityMasterManagementSubsystem.handleFuncCall(SecurityMasterManagementSubsystem.java:23)
	at com.westernasset.framework.subsystem.receiving.SubsystemImpl.innerHandleFuncCall(SubsystemImpl.java:154)
	at com.westernasset.framework.subsystem.receiving.internal.InProcessFunctionCallReceiver.handleFuncCall(InProcessFunctionCallReceiver.java:49)
	at com.westernasset.framework.subsystem.calling.internal.inprocess.InProcessFunctionCallCaller.doCall(InProcessFunctionCallCaller.java:19)
	at com.westernasset.framework.subsystem.calling.internal.inprocess.ForwardIfNotFoundFunctionCallCaller.doCall(ForwardIfNotFoundFunctionCallCaller.java:28)
	at com.westernasset.framework.subsystem.calling.internal.base.BaseFunctionCallCaller.callFunc(BaseFunctionCallCaller.java:33)
	at com.westernasset.framework.subsystem.calling.internal.base.BaseSubsystem.callFunc(BaseSubsystem.java:35)
	at com.westernasset.pss.msg.mapper.AtpToPssMapper.getRating(AtpToPssMapper.java:219)
	at com.westernasset.pss.msg.mapper.AtpToPssMapper.updateSecurityWithRatings(AtpToPssMapper.java:172)
	at com.westernasset.pss.msg.mapper.AtpToPssMapper.createSecurityVO(AtpToPssMapper.java:133)
	at com.westernasset.pss.msg.reciever.process.TradeProcessor.createSecurity(TradeProcessor.java:297)
	at com.westernasset.pss.msg.reciever.process.TradeProcessor.process(TradeProcessor.java:49)
	at com.westernasset.pss.msg.queue.MessageFetcher.processMessage(MessageFetcher.java:91)
	at com.westernasset.pss.msg.queue.MessageFetcher.pullMessageFromQueue(MessageFetcher.java:78)
	at com.westernasset.pss.msg.queue.MessageFetcher.run(MessageFetcher.java:48)

2014-09-25 14:48:51,098 ERROR [AtpToPssMapper] com.westernasset.framework.subsystem.common.SubsystemException: SubsystemExceptionNested:
java.lang.RuntimeException: Storage is not configuredNested:
java.lang.RuntimeException: Storage is not configured
	at com.tangosol.coherence.component.util.daemon.queueProcessor.service.DistributedCache$BinaryMap.onMissingStorage(DistributedCache.CDB:9)
	at com.tangosol.coherence.component.util.daemon.queueProcessor.service.DistributedCache$BinaryMap.get(DistributedCache.CDB:15)
	at com.tangosol.util.ConverterCollections$ConverterMap.get(ConverterCollections.java:1300)
	at com.tangosol.coherence.component.util.daemon.queueProcessor.service.DistributedCache$ViewMap.get(DistributedCache.CDB:1)
	at com.tangosol.coherence.component.util.SafeNamedCache.get(SafeNamedCache.CDB:1)
	at com.tangosol.net.cache.CachingMap.get(CachingMap.java:490)
	at com.westernasset.smss.server.SecurityMasterNearCacheSubsystem.getDigitRatingFromString(SecurityMasterNearCacheSubsystem.java:186)
	at com.westernasset.smss.server.SecurityMasterNearCacheSubsystem.handleFuncCall(SecurityMasterNearCacheSubsystem.java:85)
	at com.westernasset.smss.server.SecurityMasterManagementSubsystem.handleFuncCall(SecurityMasterManagementSubsystem.java:23)
	at com.westernasset.framework.subsystem.receiving.SubsystemImpl.innerHandleFuncCall(SubsystemImpl.java:154)
	at com.westernasset.framework.subsystem.receiving.internal.InProcessFunctionCallReceiver.handleFuncCall(InProcessFunctionCallReceiver.java:49)
	at com.westernasset.framework.subsystem.calling.internal.inprocess.InProcessFunctionCallCaller.doCall(InProcessFunctionCallCaller.java:19)
	at com.westernasset.framework.subsystem.calling.internal.inprocess.ForwardIfNotFoundFunctionCallCaller.doCall(ForwardIfNotFoundFunctionCallCaller.java:28)
	at com.westernasset.framework.subsystem.calling.internal.base.BaseFunctionCallCaller.callFunc(BaseFunctionCallCaller.java:33)
	at com.westernasset.framework.subsystem.calling.internal.base.BaseSubsystem.callFunc(BaseSubsystem.java:35)
	at com.westernasset.pss.msg.mapper.AtpToPssMapper.getRating(AtpToPssMapper.java:219)
	at com.westernasset.pss.msg.mapper.AtpToPssMapper.updateSecurityWithRatings(AtpToPssMapper.java:177)
	at com.westernasset.pss.msg.mapper.AtpToPssMapper.createSecurityVO(AtpToPssMapper.java:133)
	at com.westernasset.pss.msg.reciever.process.TradeProcessor.createSecurity(TradeProcessor.java:297)
	at com.westernasset.pss.msg.reciever.process.TradeProcessor.process(TradeProcessor.java:49)
	at com.westernasset.pss.msg.queue.MessageFetcher.processMessage(MessageFetcher.java:91)
	at com.westernasset.pss.msg.queue.MessageFetcher.pullMessageFromQueue(MessageFetcher.java:78)
	at com.westernasset.pss.msg.queue.MessageFetcher.run(MessageFetcher.java:48)

2014-09-25 14:48:51,098 ERROR [AtpToPssMapper] com.westernasset.framework.subsystem.common.SubsystemException: SubsystemExceptionNested:
java.lang.RuntimeException: Storage is not configuredNested:
java.lang.RuntimeException: Storage is not configured
	at com.tangosol.coherence.component.util.daemon.queueProcessor.service.DistributedCache$BinaryMap.onMissingStorage(DistributedCache.CDB:9)
	at com.tangosol.coherence.component.util.daemon.queueProcessor.service.DistributedCache$BinaryMap.get(DistributedCache.CDB:15)
	at com.tangosol.util.ConverterCollections$ConverterMap.get(ConverterCollections.java:1300)
	at com.tangosol.coherence.component.util.daemon.queueProcessor.service.DistributedCache$ViewMap.get(DistributedCache.CDB:1)
	at com.tangosol.coherence.component.util.SafeNamedCache.get(SafeNamedCache.CDB:1)
	at com.tangosol.net.cache.CachingMap.get(CachingMap.java:490)
	at com.westernasset.smss.server.SecurityMasterNearCacheSubsystem.getDigitRatingFromString(SecurityMasterNearCacheSubsystem.java:186)
	at com.westernasset.smss.server.SecurityMasterNearCacheSubsystem.handleFuncCall(SecurityMasterNearCacheSubsystem.java:85)
	at com.westernasset.smss.server.SecurityMasterManagementSubsystem.handleFuncCall(SecurityMasterManagementSubsystem.java:23)
	at com.westernasset.framework.subsystem.receiving.SubsystemImpl.innerHandleFuncCall(SubsystemImpl.java:154)
	at com.westernasset.framework.subsystem.receiving.internal.InProcessFunctionCallReceiver.handleFuncCall(InProcessFunctionCallReceiver.java:49)
	at com.westernasset.framework.subsystem.calling.internal.inprocess.InProcessFunctionCallCaller.doCall(InProcessFunctionCallCaller.java:19)
	at com.westernasset.framework.subsystem.calling.internal.inprocess.ForwardIfNotFoundFunctionCallCaller.doCall(ForwardIfNotFoundFunctionCallCaller.java:28)
	at com.westernasset.framework.subsystem.calling.internal.base.BaseFunctionCallCaller.callFunc(BaseFunctionCallCaller.java:33)
	at com.westernasset.framework.subsystem.calling.internal.base.BaseSubsystem.callFunc(BaseSubsystem.java:35)
	at com.westernasset.pss.msg.mapper.AtpToPssMapper.getRating(AtpToPssMapper.java:219)
	at com.westernasset.pss.msg.mapper.AtpToPssMapper.updateSecurityWithRatings(AtpToPssMapper.java:182)
	at com.westernasset.pss.msg.mapper.AtpToPssMapper.createSecurityVO(AtpToPssMapper.java:133)
	at com.westernasset.pss.msg.reciever.process.TradeProcessor.createSecurity(TradeProcessor.java:297)
	at com.westernasset.pss.msg.reciever.process.TradeProcessor.process(TradeProcessor.java:49)
	at com.westernasset.pss.msg.queue.MessageFetcher.processMessage(MessageFetcher.java:91)
	at com.westernasset.pss.msg.queue.MessageFetcher.pullMessageFromQueue(MessageFetcher.java:78)
	at com.westernasset.pss.msg.queue.MessageFetcher.run(MessageFetcher.java:48)

2014-09-25 14:48:51,098 ERROR [AtpToPssMapper] com.westernasset.framework.subsystem.common.SubsystemException: SubsystemExceptionNested:
java.lang.RuntimeException: Storage is not configuredNested:
java.lang.RuntimeException: Storage is not configured
	at com.tangosol.coherence.component.util.daemon.queueProcessor.service.DistributedCache$BinaryMap.onMissingStorage(DistributedCache.CDB:9)
	at com.tangosol.coherence.component.util.daemon.queueProcessor.service.DistributedCache$BinaryMap.get(DistributedCache.CDB:15)
	at com.tangosol.util.ConverterCollections$ConverterMap.get(ConverterCollections.java:1300)
	at com.tangosol.coherence.component.util.daemon.queueProcessor.service.DistributedCache$ViewMap.get(DistributedCache.CDB:1)
	at com.tangosol.coherence.component.util.SafeNamedCache.get(SafeNamedCache.CDB:1)
	at com.tangosol.net.cache.CachingMap.get(CachingMap.java:490)
	at com.westernasset.smss.server.SecurityMasterNearCacheSubsystem.getDigitRatingFromString(SecurityMasterNearCacheSubsystem.java:186)
	at com.westernasset.smss.server.SecurityMasterNearCacheSubsystem.handleFuncCall(SecurityMasterNearCacheSubsystem.java:85)
	at com.westernasset.smss.server.SecurityMasterManagementSubsystem.handleFuncCall(SecurityMasterManagementSubsystem.java:23)
	at com.westernasset.framework.subsystem.receiving.SubsystemImpl.innerHandleFuncCall(SubsystemImpl.java:154)
	at com.westernasset.framework.subsystem.receiving.internal.InProcessFunctionCallReceiver.handleFuncCall(InProcessFunctionCallReceiver.java:49)
	at com.westernasset.framework.subsystem.calling.internal.inprocess.InProcessFunctionCallCaller.doCall(InProcessFunctionCallCaller.java:19)
	at com.westernasset.framework.subsystem.calling.internal.inprocess.ForwardIfNotFoundFunctionCallCaller.doCall(ForwardIfNotFoundFunctionCallCaller.java:28)
	at com.westernasset.framework.subsystem.calling.internal.base.BaseFunctionCallCaller.callFunc(BaseFunctionCallCaller.java:33)
	at com.westernasset.framework.subsystem.calling.internal.base.BaseSubsystem.callFunc(BaseSubsystem.java:35)
	at com.westernasset.pss.msg.mapper.AtpToPssMapper.getRating(AtpToPssMapper.java:219)
	at com.westernasset.pss.msg.mapper.AtpToPssMapper.updateSecurityWithRatings(AtpToPssMapper.java:187)
	at com.westernasset.pss.msg.mapper.AtpToPssMapper.createSecurityVO(AtpToPssMapper.java:133)
	at com.westernasset.pss.msg.reciever.process.TradeProcessor.createSecurity(TradeProcessor.java:297)
	at com.westernasset.pss.msg.reciever.process.TradeProcessor.process(TradeProcessor.java:49)
	at com.westernasset.pss.msg.queue.MessageFetcher.processMessage(MessageFetcher.java:91)
	at com.westernasset.pss.msg.queue.MessageFetcher.pullMessageFromQueue(MessageFetcher.java:78)
	at com.westernasset.pss.msg.queue.MessageFetcher.run(MessageFetcher.java:48)

2014-09-25 14:48:51,099 ERROR [AtpToPssMapper] com.westernasset.framework.subsystem.common.SubsystemException: SubsystemExceptionNested:
java.lang.RuntimeException: Storage is not configuredNested:
java.lang.RuntimeException: Storage is not configured
	at com.tangosol.coherence.component.util.daemon.queueProcessor.service.DistributedCache$BinaryMap.onMissingStorage(DistributedCache.CDB:9)
	at com.tangosol.coherence.component.util.daemon.queueProcessor.service.DistributedCache$BinaryMap.get(DistributedCache.CDB:15)
	at com.tangosol.util.ConverterCollections$ConverterMap.get(ConverterCollections.java:1300)
	at com.tangosol.coherence.component.util.daemon.queueProcessor.service.DistributedCache$ViewMap.get(DistributedCache.CDB:1)
	at com.tangosol.coherence.component.util.SafeNamedCache.get(SafeNamedCache.CDB:1)
	at com.tangosol.net.cache.CachingMap.get(CachingMap.java:490)
	at com.westernasset.smss.server.SecurityMasterNearCacheSubsystem.getDigitRatingFromString(SecurityMasterNearCacheSubsystem.java:186)
	at com.westernasset.smss.server.SecurityMasterNearCacheSubsystem.handleFuncCall(SecurityMasterNearCacheSubsystem.java:85)
	at com.westernasset.smss.server.SecurityMasterManagementSubsystem.handleFuncCall(SecurityMasterManagementSubsystem.java:23)
	at com.westernasset.framework.subsystem.receiving.SubsystemImpl.innerHandleFuncCall(SubsystemImpl.java:154)
	at com.westernasset.framework.subsystem.receiving.internal.InProcessFunctionCallReceiver.handleFuncCall(InProcessFunctionCallReceiver.java:49)
	at com.westernasset.framework.subsystem.calling.internal.inprocess.InProcessFunctionCallCaller.doCall(InProcessFunctionCallCaller.java:19)
	at com.westernasset.framework.subsystem.calling.internal.inprocess.ForwardIfNotFoundFunctionCallCaller.doCall(ForwardIfNotFoundFunctionCallCaller.java:28)
	at com.westernasset.framework.subsystem.calling.internal.base.BaseFunctionCallCaller.callFunc(BaseFunctionCallCaller.java:33)
	at com.westernasset.framework.subsystem.calling.internal.base.BaseSubsystem.callFunc(BaseSubsystem.java:35)
	at com.westernasset.pss.msg.mapper.AtpToPssMapper.getRating(AtpToPssMapper.java:219)
	at com.westernasset.pss.msg.mapper.AtpToPssMapper.updateSecurityWithRatings(AtpToPssMapper.java:192)
	at com.westernasset.pss.msg.mapper.AtpToPssMapper.createSecurityVO(AtpToPssMapper.java:133)
	at com.westernasset.pss.msg.reciever.process.TradeProcessor.createSecurity(TradeProcessor.java:297)
	at com.westernasset.pss.msg.reciever.process.TradeProcessor.process(TradeProcessor.java:49)
	at com.westernasset.pss.msg.queue.MessageFetcher.processMessage(MessageFetcher.java:91)
	at com.westernasset.pss.msg.queue.MessageFetcher.pullMessageFromQueue(MessageFetcher.java:78)
	at com.westernasset.pss.msg.queue.MessageFetcher.run(MessageFetcher.java:48)

2014-09-25 14:48:51,099 ERROR [AtpToPssMapper] com.westernasset.framework.subsystem.common.SubsystemException: SubsystemExceptionNested:
java.lang.RuntimeException: Storage is not configuredNested:
java.lang.RuntimeException: Storage is not configured
	at com.tangosol.coherence.component.util.daemon.queueProcessor.service.DistributedCache$BinaryMap.onMissingStorage(DistributedCache.CDB:9)
	at com.tangosol.coherence.component.util.daemon.queueProcessor.service.DistributedCache$BinaryMap.get(DistributedCache.CDB:15)
	at com.tangosol.util.ConverterCollections$ConverterMap.get(ConverterCollections.java:1300)
	at com.tangosol.coherence.component.util.daemon.queueProcessor.service.DistributedCache$ViewMap.get(DistributedCache.CDB:1)
	at com.tangosol.coherence.component.util.SafeNamedCache.get(SafeNamedCache.CDB:1)
	at com.tangosol.net.cache.CachingMap.get(CachingMap.java:490)
	at com.westernasset.smss.server.SecurityMasterNearCacheSubsystem.getDigitRatingFromString(SecurityMasterNearCacheSubsystem.java:186)
	at com.westernasset.smss.server.SecurityMasterNearCacheSubsystem.handleFuncCall(SecurityMasterNearCacheSubsystem.java:85)
	at com.westernasset.smss.server.SecurityMasterManagementSubsystem.handleFuncCall(SecurityMasterManagementSubsystem.java:23)
	at com.westernasset.framework.subsystem.receiving.SubsystemImpl.innerHandleFuncCall(SubsystemImpl.java:154)
	at com.westernasset.framework.subsystem.receiving.internal.InProcessFunctionCallReceiver.handleFuncCall(InProcessFunctionCallReceiver.java:49)
	at com.westernasset.framework.subsystem.calling.internal.inprocess.InProcessFunctionCallCaller.doCall(InProcessFunctionCallCaller.java:19)
	at com.westernasset.framework.subsystem.calling.internal.inprocess.ForwardIfNotFoundFunctionCallCaller.doCall(ForwardIfNotFoundFunctionCallCaller.java:28)
	at com.westernasset.framework.subsystem.calling.internal.base.BaseFunctionCallCaller.callFunc(BaseFunctionCallCaller.java:33)
	at com.westernasset.framework.subsystem.calling.internal.base.BaseSubsystem.callFunc(BaseSubsystem.java:35)
	at com.westernasset.pss.msg.mapper.AtpToPssMapper.getRating(AtpToPssMapper.java:219)
	at com.westernasset.pss.msg.mapper.AtpToPssMapper.updateSecurityWithRatings(AtpToPssMapper.java:197)
	at com.westernasset.pss.msg.mapper.AtpToPssMapper.createSecurityVO(AtpToPssMapper.java:133)
	at com.westernasset.pss.msg.reciever.process.TradeProcessor.createSecurity(TradeProcessor.java:297)
	at com.westernasset.pss.msg.reciever.process.TradeProcessor.process(TradeProcessor.java:49)
	at com.westernasset.pss.msg.queue.MessageFetcher.processMessage(MessageFetcher.java:91)
	at com.westernasset.pss.msg.queue.MessageFetcher.pullMessageFromQueue(MessageFetcher.java:78)
	at com.westernasset.pss.msg.queue.MessageFetcher.run(MessageFetcher.java:48)

2014-09-25 14:48:51,100 ERROR [AtpToPssMapper] com.westernasset.framework.subsystem.common.SubsystemException: SubsystemExceptionNested:
java.lang.RuntimeException: Storage is not configuredNested:
java.lang.RuntimeException: Storage is not configured
	at com.tangosol.coherence.component.util.daemon.queueProcessor.service.DistributedCache$BinaryMap.onMissingStorage(DistributedCache.CDB:9)
	at com.tangosol.coherence.component.util.daemon.queueProcessor.service.DistributedCache$BinaryMap.get(DistributedCache.CDB:15)
	at com.tangosol.util.ConverterCollections$ConverterMap.get(ConverterCollections.java:1300)
	at com.tangosol.coherence.component.util.daemon.queueProcessor.service.DistributedCache$ViewMap.get(DistributedCache.CDB:1)
	at com.tangosol.coherence.component.util.SafeNamedCache.get(SafeNamedCache.CDB:1)
	at com.tangosol.net.cache.CachingMap.get(CachingMap.java:490)
	at com.westernasset.smss.server.SecurityMasterNearCacheSubsystem.getDigitRatingFromString(SecurityMasterNearCacheSubsystem.java:186)
	at com.westernasset.smss.server.SecurityMasterNearCacheSubsystem.handleFuncCall(SecurityMasterNearCacheSubsystem.java:85)
	at com.westernasset.smss.server.SecurityMasterManagementSubsystem.handleFuncCall(SecurityMasterManagementSubsystem.java:23)
	at com.westernasset.framework.subsystem.receiving.SubsystemImpl.innerHandleFuncCall(SubsystemImpl.java:154)
	at com.westernasset.framework.subsystem.receiving.internal.InProcessFunctionCallReceiver.handleFuncCall(InProcessFunctionCallReceiver.java:49)
	at com.westernasset.framework.subsystem.calling.internal.inprocess.InProcessFunctionCallCaller.doCall(InProcessFunctionCallCaller.java:19)
	at com.westernasset.framework.subsystem.calling.internal.inprocess.ForwardIfNotFoundFunctionCallCaller.doCall(ForwardIfNotFoundFunctionCallCaller.java:28)
	at com.westernasset.framework.subsystem.calling.internal.base.BaseFunctionCallCaller.callFunc(BaseFunctionCallCaller.java:33)
	at com.westernasset.framework.subsystem.calling.internal.base.BaseSubsystem.callFunc(BaseSubsystem.java:35)
	at com.westernasset.pss.msg.mapper.AtpToPssMapper.getRating(AtpToPssMapper.java:219)
	at com.westernasset.pss.msg.mapper.AtpToPssMapper.updateSecurityWithRatings(AtpToPssMapper.java:202)
	at com.westernasset.pss.msg.mapper.AtpToPssMapper.createSecurityVO(AtpToPssMapper.java:133)
	at com.westernasset.pss.msg.reciever.process.TradeProcessor.createSecurity(TradeProcessor.java:297)
	at com.westernasset.pss.msg.reciever.process.TradeProcessor.process(TradeProcessor.java:49)
	at com.westernasset.pss.msg.queue.MessageFetcher.processMessage(MessageFetcher.java:91)
	at com.westernasset.pss.msg.queue.MessageFetcher.pullMessageFromQueue(MessageFetcher.java:78)
	at com.westernasset.pss.msg.queue.MessageFetcher.run(MessageFetcher.java:48)

2014-09-25 14:48:51,101 ERROR [SecurityCacheManager] Failed to add security to cache: Storage is not configured : {SecurityId=1119767, AMTValue=1.0, MoodyRating=0, MoodyShortRating=0, FitchRating=0, FitchShortRating=0, SecurityTypeId=22, AssetTypeId=8, ProductId=20, SpRating=0, SpShortRating=0, WaRating=0, WaShortRating=0, IssueDate=2011-08-19T00:00:00.000-0700, MaturityDate=2021-04-01T00:00:00.000-0700, AssetId=63946BAE0, CurrencyCode=USD, SecurityType=CORPORATE, Description=NBCUNIVERSAL MEDIA LLC, Product=Bonds/Notes (Par), SubSubSector=MEDIA_CABLE, TickerSymbol=CMCSA, BBName=NBCUNIVERSAL MEDIA LLC, IntType=FIXED, MinPiece=2000.0000, MinIncrement=2000.0000, AverageLife=6.519, Coupon=4.375, Dtm=2380.0, DtmLegalFinal=2380.0, Factor=1.0, DurationFactor=1.0, EffectiveConvexity=0.382, EffectiveDuration=5.693, YieldToWorst=2.857, MarketCFYield=2.857, OptionASpread=72.0, SpreadDuration=5.58, Country=US, AMT=N, NyIssuer=CMCSA&8, LnIssuer=CMCSA&8}
java.lang.RuntimeException: Storage is not configured
	at com.tangosol.coherence.component.util.daemon.queueProcessor.service.DistributedCache$BinaryMap.onMissingStorage(DistributedCache.CDB:9)
	at com.tangosol.coherence.component.util.daemon.queueProcessor.service.DistributedCache$BinaryMap.get(DistributedCache.CDB:15)
	at com.tangosol.util.ConverterCollections$ConverterMap.get(ConverterCollections.java:1300)
	at com.tangosol.coherence.component.util.daemon.queueProcessor.service.DistributedCache$ViewMap.get(DistributedCache.CDB:1)
	at com.tangosol.coherence.component.util.SafeNamedCache.get(SafeNamedCache.CDB:1)
	at com.tangosol.net.cache.CachingMap.get(CachingMap.java:490)
	at com.westernasset.smss.common.util.BusinessUtils.getIssuerDesciption(BusinessUtils.java:146)
	at com.westernasset.smss.common.util.BusinessUtils.fillNUIssuerId(BusinessUtils.java:513)
	at com.westernasset.smss.common.util.BusinessUtils.fillDerivedValues(BusinessUtils.java:421)
	at com.westernasset.smss.server.SecurityCacheManager.addSecurity(SecurityCacheManager.java:137)
	at com.westernasset.smss.server.SecurityMasterNearCacheSubsystem.addSecurity(SecurityMasterNearCacheSubsystem.java:202)
	at com.westernasset.smss.server.SecurityMasterNearCacheSubsystem.handleFuncCall(SecurityMasterNearCacheSubsystem.java:92)
	at com.westernasset.smss.server.SecurityMasterManagementSubsystem.handleFuncCall(SecurityMasterManagementSubsystem.java:23)
	at com.westernasset.framework.subsystem.receiving.SubsystemImpl.innerHandleFuncCall(SubsystemImpl.java:154)
	at com.westernasset.framework.subsystem.receiving.internal.InProcessFunctionCallReceiver.handleFuncCall(InProcessFunctionCallReceiver.java:49)
	at com.westernasset.framework.subsystem.calling.internal.inprocess.InProcessFunctionCallCaller.doCall(InProcessFunctionCallCaller.java:19)
	at com.westernasset.framework.subsystem.calling.internal.inprocess.ForwardIfNotFoundFunctionCallCaller.doCall(ForwardIfNotFoundFunctionCallCaller.java:28)
	at com.westernasset.framework.subsystem.calling.internal.base.BaseFunctionCallCaller.callFunc(BaseFunctionCallCaller.java:33)
	at com.westernasset.framework.subsystem.calling.internal.base.BaseSubsystem.callFunc(BaseSubsystem.java:35)
	at com.westernasset.pss.msg.reciever.process.TradeProcessor.createSecurity(TradeProcessor.java:302)
	at com.westernasset.pss.msg.reciever.process.TradeProcessor.process(TradeProcessor.java:49)
	at com.westernasset.pss.msg.queue.MessageFetcher.processMessage(MessageFetcher.java:91)
	at com.westernasset.pss.msg.queue.MessageFetcher.pullMessageFromQueue(MessageFetcher.java:78)
	at com.westernasset.pss.msg.queue.MessageFetcher.run(MessageFetcher.java:48)
2014-09-25 14:48:51,102 INFO  [TradeProcessor] Created Security :{SecurityId=1119767, AMTValue=1.0, MoodyRating=0, MoodyShortRating=0, FitchRating=0, FitchShortRating=0, SecurityTypeId=22, AssetTypeId=8, ProductId=20, SpRating=0, SpShortRating=0, WaRating=0, WaShortRating=0, IssueDate=2011-08-19T00:00:00.000-0700, MaturityDate=2021-04-01T00:00:00.000-0700, AssetId=63946BAE0, CurrencyCode=USD, SecurityType=CORPORATE, Description=NBCUNIVERSAL MEDIA LLC, Product=Bonds/Notes (Par), SubSubSector=MEDIA_CABLE, TickerSymbol=CMCSA, BBName=NBCUNIVERSAL MEDIA LLC, IntType=FIXED, MinPiece=2000.0000, MinIncrement=2000.0000, AverageLife=6.519, Coupon=4.375, Dtm=2380.0, DtmLegalFinal=2380.0, Factor=1.0, DurationFactor=1.0, EffectiveConvexity=0.382, EffectiveDuration=5.693, YieldToWorst=2.857, MarketCFYield=2.857, OptionASpread=72.0, SpreadDuration=5.58, Country=US, AMT=N, NyIssuer=CMCSA&8, LnIssuer=CMCSA&8}
2014-09-25 14:48:51,102 ERROR [TradeProcessor] Error in getPrioTradeStatusByMessage
com.westernasset.framework.subsystem.common.SubsystemException: SubsystemExceptionNested:
java.lang.RuntimeException: Storage is not configuredNested:
java.lang.RuntimeException: Storage is not configured
	at com.tangosol.coherence.component.util.daemon.queueProcessor.service.DistributedCache$BinaryMap.onMissingStorage(DistributedCache.CDB:9)
	at com.tangosol.coherence.component.util.daemon.queueProcessor.service.DistributedCache$BinaryMap.get(DistributedCache.CDB:15)
	at com.tangosol.util.ConverterCollections$ConverterMap.get(ConverterCollections.java:1300)
	at com.tangosol.coherence.component.util.daemon.queueProcessor.service.DistributedCache$ViewMap.get(DistributedCache.CDB:1)
	at com.tangosol.coherence.component.util.SafeNamedCache.get(SafeNamedCache.CDB:1)
	at com.tangosol.net.cache.CachingMap.get(CachingMap.java:490)
	at com.westernasset.tss.cache.TradeCacheManager.getTradeById(TradeCacheManager.java:202)
	at com.westernasset.tss.services.TradeNearCacheSubsystem.getTradeById(TradeNearCacheSubsystem.java:104)
	at com.westernasset.tss.services.TradeNearCacheSubsystem.handleFuncCall(TradeNearCacheSubsystem.java:50)
	at com.westernasset.tss.services.TradeSubsystem.handleFuncCall(TradeSubsystem.java:29)
	at com.westernasset.framework.subsystem.receiving.SubsystemImpl.innerHandleFuncCall(SubsystemImpl.java:154)
	at com.westernasset.framework.subsystem.receiving.internal.InProcessFunctionCallReceiver.handleFuncCall(InProcessFunctionCallReceiver.java:49)
	at com.westernasset.framework.subsystem.calling.internal.inprocess.InProcessFunctionCallCaller.doCall(InProcessFunctionCallCaller.java:19)
	at com.westernasset.framework.subsystem.calling.internal.inprocess.ForwardIfNotFoundFunctionCallCaller.doCall(ForwardIfNotFoundFunctionCallCaller.java:28)
	at com.westernasset.framework.subsystem.calling.internal.base.BaseFunctionCallCaller.callFunc(BaseFunctionCallCaller.java:33)
	at com.westernasset.framework.subsystem.calling.internal.base.BaseSubsystem.callFunc(BaseSubsystem.java:35)
	at com.westernasset.pss.msg.reciever.process.TradeProcessor.getTradeByTradeId(TradeProcessor.java:250)
	at com.westernasset.pss.msg.reciever.process.TradeProcessor.getPrioTradeStatusByMessage(TradeProcessor.java:268)
	at com.westernasset.pss.msg.reciever.process.TradeProcessor.process(TradeProcessor.java:50)
	at com.westernasset.pss.msg.queue.MessageFetcher.processMessage(MessageFetcher.java:91)
	at com.westernasset.pss.msg.queue.MessageFetcher.pullMessageFromQueue(MessageFetcher.java:78)
	at com.westernasset.pss.msg.queue.MessageFetcher.run(MessageFetcher.java:48)

	at com.westernasset.framework.subsystem.common.internal.SubsystemExceptionUtils.dataObjectToException(SubsystemExceptionUtils.java:38)
	at com.westernasset.framework.subsystem.common.internal.SubsystemExceptionUtils.throwExceptionIfNeeded(SubsystemExceptionUtils.java:15)
	at com.westernasset.framework.subsystem.calling.internal.base.BaseSubsystem.callFunc(BaseSubsystem.java:37)
	at com.westernasset.pss.msg.reciever.process.TradeProcessor.getTradeByTradeId(TradeProcessor.java:250)
	at com.westernasset.pss.msg.reciever.process.TradeProcessor.getPrioTradeStatusByMessage(TradeProcessor.java:268)
	at com.westernasset.pss.msg.reciever.process.TradeProcessor.process(TradeProcessor.java:50)
	at com.westernasset.pss.msg.queue.MessageFetcher.processMessage(MessageFetcher.java:91)
	at com.westernasset.pss.msg.queue.MessageFetcher.pullMessageFromQueue(MessageFetcher.java:78)
	at com.westernasset.pss.msg.queue.MessageFetcher.run(MessageFetcher.java:48)
2014-09-25 14:48:51,102 ERROR [TradeProcessor] Exception occured while processing message
java.lang.RuntimeException: Storage is not configured
	at com.tangosol.coherence.component.util.daemon.queueProcessor.service.DistributedCache$BinaryMap.onMissingStorage(DistributedCache.CDB:9)
	at com.tangosol.coherence.component.util.daemon.queueProcessor.service.DistributedCache$BinaryMap.get(DistributedCache.CDB:15)
	at com.tangosol.util.ConverterCollections$ConverterMap.get(ConverterCollections.java:1300)
	at com.tangosol.coherence.component.util.daemon.queueProcessor.service.DistributedCache$ViewMap.get(DistributedCache.CDB:1)
	at com.tangosol.coherence.component.util.SafeNamedCache.get(SafeNamedCache.CDB:1)
	at com.tangosol.net.cache.CachingMap.get(CachingMap.java:490)
	at com.westernasset.tss.cache.TradeCacheManager.isDuplicateTrade(TradeCacheManager.java:356)
	at com.westernasset.pss.common.util.PojoHelper.createObjects(PojoHelper.java:132)
	at com.westernasset.pss.msg.reciever.process.TradeProcessor.process(TradeProcessor.java:55)
	at com.westernasset.pss.msg.queue.MessageFetcher.processMessage(MessageFetcher.java:91)
	at com.westernasset.pss.msg.queue.MessageFetcher.pullMessageFromQueue(MessageFetcher.java:78)
	at com.westernasset.pss.msg.queue.MessageFetcher.run(MessageFetcher.java:48)
2014-09-25 14:48:51,102 INFO  [TradeProcessor] End process method 725 MB
2014-09-25 14:48:51,102 INFO  [TradeProcessor] Time taken by TradeProcessor.process method 6
2014-09-25 14:48:51,102 INFO  [MessageFetcher] Processing message completed...[7461836]
2014-09-25 14:48:51,102 INFO  [MessageQueue] Removing the first item of 9 from the queue
2014-09-25 14:48:51,102 INFO  [MessageFetcher] Processing message started...[7461768]
2014-09-25 14:48:51,102 INFO  [TradeProcessor] Begin process method 725 MB
2014-09-25 14:48:51,103 ERROR [TradeProcessor] Error in doSecurityExist
java.lang.RuntimeException: Storage is not configured
	at com.tangosol.coherence.component.util.daemon.queueProcessor.service.DistributedCache$BinaryMap.onMissingStorage(DistributedCache.CDB:9)
	at com.tangosol.coherence.component.util.daemon.queueProcessor.service.DistributedCache$BinaryMap.get(DistributedCache.CDB:15)
	at com.tangosol.util.ConverterCollections$ConverterMap.get(ConverterCollections.java:1300)
	at com.tangosol.coherence.component.util.daemon.queueProcessor.service.DistributedCache$ViewMap.get(DistributedCache.CDB:1)
	at com.tangosol.coherence.component.util.SafeNamedCache.get(SafeNamedCache.CDB:1)
	at com.tangosol.net.cache.CachingMap.get(CachingMap.java:490)
	at com.westernasset.smss.common.util.BusinessDateHelper.get(BusinessDateHelper.java:55)
	at com.westernasset.smss.common.util.BusinessDateHelper.getBusinessDateFromCacheWithOffset(BusinessDateHelper.java:130)
	at com.westernasset.smss.common.util.BusinessDateHelper.getCurrentBusinessDateAny(BusinessDateHelper.java:125)
	at com.westernasset.pss.msg.reciever.process.TradeProcessor.doSecurityExist(TradeProcessor.java:328)
	at com.westernasset.pss.msg.reciever.process.TradeProcessor.createSecurity(TradeProcessor.java:296)
	at com.westernasset.pss.msg.reciever.process.TradeProcessor.process(TradeProcessor.java:49)
	at com.westernasset.pss.msg.queue.MessageFetcher.processMessage(MessageFetcher.java:91)
	at com.westernasset.pss.msg.queue.MessageFetcher.pullMessageFromQueue(MessageFetcher.java:78)
	at com.westernasset.pss.msg.queue.MessageFetcher.run(MessageFetcher.java:48)
2014-09-25 14:48:51,103 ERROR [AtpToPssMapper] com.westernasset.framework.subsystem.common.SubsystemException: SubsystemExceptionNested:
java.lang.RuntimeException: Storage is not configuredNested:
java.lang.RuntimeException: Storage is not configured
	at com.tangosol.coherence.component.util.daemon.queueProcessor.service.DistributedCache$BinaryMap.onMissingStorage(DistributedCache.CDB:9)
	at com.tangosol.coherence.component.util.daemon.queueProcessor.service.DistributedCache$BinaryMap.get(DistributedCache.CDB:15)
	at com.tangosol.util.ConverterCollections$ConverterMap.get(ConverterCollections.java:1300)
	at com.tangosol.coherence.component.util.daemon.queueProcessor.service.DistributedCache$ViewMap.get(DistributedCache.CDB:1)
	at com.tangosol.coherence.component.util.SafeNamedCache.get(SafeNamedCache.CDB:1)
	at com.tangosol.net.cache.CachingMap.get(CachingMap.java:490)
	at com.westernasset.smss.server.SecurityMasterNearCacheSubsystem.getDigitRatingFromString(SecurityMasterNearCacheSubsystem.java:186)
	at com.westernasset.smss.server.SecurityMasterNearCacheSubsystem.handleFuncCall(SecurityMasterNearCacheSubsystem.java:85)
	at com.westernasset.smss.server.SecurityMasterManagementSubsystem.handleFuncCall(SecurityMasterManagementSubsystem.java:23)
	at com.westernasset.framework.subsystem.receiving.SubsystemImpl.innerHandleFuncCall(SubsystemImpl.java:154)
	at com.westernasset.framework.subsystem.receiving.internal.InProcessFunctionCallReceiver.handleFuncCall(InProcessFunctionCallReceiver.java:49)
	at com.westernasset.framework.subsystem.calling.internal.inprocess.InProcessFunctionCallCaller.doCall(InProcessFunctionCallCaller.java:19)
	at com.westernasset.framework.subsystem.calling.internal.inprocess.ForwardIfNotFoundFunctionCallCaller.doCall(ForwardIfNotFoundFunctionCallCaller.java:28)
	at com.westernasset.framework.subsystem.calling.internal.base.BaseFunctionCallCaller.callFunc(BaseFunctionCallCaller.java:33)
	at com.westernasset.framework.subsystem.calling.internal.base.BaseSubsystem.callFunc(BaseSubsystem.java:35)
	at com.westernasset.pss.msg.mapper.AtpToPssMapper.getRating(AtpToPssMapper.java:219)
	at com.westernasset.pss.msg.mapper.AtpToPssMapper.updateSecurityWithRatings(AtpToPssMapper.java:167)
	at com.westernasset.pss.msg.mapper.AtpToPssMapper.createSecurityVO(AtpToPssMapper.java:133)
	at com.westernasset.pss.msg.reciever.process.TradeProcessor.createSecurity(TradeProcessor.java:297)
	at com.westernasset.pss.msg.reciever.process.TradeProcessor.process(TradeProcessor.java:49)
	at com.westernasset.pss.msg.queue.MessageFetcher.processMessage(MessageFetcher.java:91)
	at com.westernasset.pss.msg.queue.MessageFetcher.pullMessageFromQueue(MessageFetcher.java:78)
	at com.westernasset.pss.msg.queue.MessageFetcher.run(MessageFetcher.java:48)

2014-09-25 14:48:51,104 ERROR [AtpToPssMapper] com.westernasset.framework.subsystem.common.SubsystemException: SubsystemExceptionNested:
java.lang.RuntimeException: Storage is not configuredNested:
java.lang.RuntimeException: Storage is not configured
	at com.tangosol.coherence.component.util.daemon.queueProcessor.service.DistributedCache$BinaryMap.onMissingStorage(DistributedCache.CDB:9)
	at com.tangosol.coherence.component.util.daemon.queueProcessor.service.DistributedCache$BinaryMap.get(DistributedCache.CDB:15)
	at com.tangosol.util.ConverterCollections$ConverterMap.get(ConverterCollections.java:1300)
	at com.tangosol.coherence.component.util.daemon.queueProcessor.service.DistributedCache$ViewMap.get(DistributedCache.CDB:1)
	at com.tangosol.coherence.component.util.SafeNamedCache.get(SafeNamedCache.CDB:1)
	at com.tangosol.net.cache.CachingMap.get(CachingMap.java:490)
	at com.westernasset.smss.server.SecurityMasterNearCacheSubsystem.getDigitRatingFromString(SecurityMasterNearCacheSubsystem.java:186)
	at com.westernasset.smss.server.SecurityMasterNearCacheSubsystem.handleFuncCall(SecurityMasterNearCacheSubsystem.java:85)
	at com.westernasset.smss.server.SecurityMasterManagementSubsystem.handleFuncCall(SecurityMasterManagementSubsystem.java:23)
	at com.westernasset.framework.subsystem.receiving.SubsystemImpl.innerHandleFuncCall(SubsystemImpl.java:154)
	at com.westernasset.framework.subsystem.receiving.internal.InProcessFunctionCallReceiver.handleFuncCall(InProcessFunctionCallReceiver.java:49)
	at com.westernasset.framework.subsystem.calling.internal.inprocess.InProcessFunctionCallCaller.doCall(InProcessFunctionCallCaller.java:19)
	at com.westernasset.framework.subsystem.calling.internal.inprocess.ForwardIfNotFoundFunctionCallCaller.doCall(ForwardIfNotFoundFunctionCallCaller.java:28)
	at com.westernasset.framework.subsystem.calling.internal.base.BaseFunctionCallCaller.callFunc(BaseFunctionCallCaller.java:33)
	at com.westernasset.framework.subsystem.calling.internal.base.BaseSubsystem.callFunc(BaseSubsystem.java:35)
	at com.westernasset.pss.msg.mapper.AtpToPssMapper.getRating(AtpToPssMapper.java:219)
	at com.westernasset.pss.msg.mapper.AtpToPssMapper.updateSecurityWithRatings(AtpToPssMapper.java:172)
	at com.westernasset.pss.msg.mapper.AtpToPssMapper.createSecurityVO(AtpToPssMapper.java:133)
	at com.westernasset.pss.msg.reciever.process.TradeProcessor.createSecurity(TradeProcessor.java:297)
	at com.westernasset.pss.msg.reciever.process.TradeProcessor.process(TradeProcessor.java:49)
	at com.westernasset.pss.msg.queue.MessageFetcher.processMessage(MessageFetcher.java:91)
	at com.westernasset.pss.msg.queue.MessageFetcher.pullMessageFromQueue(MessageFetcher.java:78)
	at com.westernasset.pss.msg.queue.MessageFetcher.run(MessageFetcher.java:48)

2014-09-25 14:48:51,104 ERROR [AtpToPssMapper] com.westernasset.framework.subsystem.common.SubsystemException: SubsystemExceptionNested:
java.lang.RuntimeException: Storage is not configuredNested:
java.lang.RuntimeException: Storage is not configured
	at com.tangosol.coherence.component.util.daemon.queueProcessor.service.DistributedCache$BinaryMap.onMissingStorage(DistributedCache.CDB:9)
	at com.tangosol.coherence.component.util.daemon.queueProcessor.service.DistributedCache$BinaryMap.get(DistributedCache.CDB:15)
	at com.tangosol.util.ConverterCollections$ConverterMap.get(ConverterCollections.java:1300)
	at com.tangosol.coherence.component.util.daemon.queueProcessor.service.DistributedCache$ViewMap.get(DistributedCache.CDB:1)
	at com.tangosol.coherence.component.util.SafeNamedCache.get(SafeNamedCache.CDB:1)
	at com.tangosol.net.cache.CachingMap.get(CachingMap.java:490)
	at com.westernasset.smss.server.SecurityMasterNearCacheSubsystem.getDigitRatingFromString(SecurityMasterNearCacheSubsystem.java:186)
	at com.westernasset.smss.server.SecurityMasterNearCacheSubsystem.handleFuncCall(SecurityMasterNearCacheSubsystem.java:85)
	at com.westernasset.smss.server.SecurityMasterManagementSubsystem.handleFuncCall(SecurityMasterManagementSubsystem.java:23)
	at com.westernasset.framework.subsystem.receiving.SubsystemImpl.innerHandleFuncCall(SubsystemImpl.java:154)
	at com.westernasset.framework.subsystem.receiving.internal.InProcessFunctionCallReceiver.handleFuncCall(InProcessFunctionCallReceiver.java:49)
	at com.westernasset.framework.subsystem.calling.internal.inprocess.InProcessFunctionCallCaller.doCall(InProcessFunctionCallCaller.java:19)
	at com.westernasset.framework.subsystem.calling.internal.inprocess.ForwardIfNotFoundFunctionCallCaller.doCall(ForwardIfNotFoundFunctionCallCaller.java:28)
	at com.westernasset.framework.subsystem.calling.internal.base.BaseFunctionCallCaller.callFunc(BaseFunctionCallCaller.java:33)
	at com.westernasset.framework.subsystem.calling.internal.base.BaseSubsystem.callFunc(BaseSubsystem.java:35)
	at com.westernasset.pss.msg.mapper.AtpToPssMapper.getRating(AtpToPssMapper.java:219)
	at com.westernasset.pss.msg.mapper.AtpToPssMapper.updateSecurityWithRatings(AtpToPssMapper.java:177)
	at com.westernasset.pss.msg.mapper.AtpToPssMapper.createSecurityVO(AtpToPssMapper.java:133)
	at com.westernasset.pss.msg.reciever.process.TradeProcessor.createSecurity(TradeProcessor.java:297)
	at com.westernasset.pss.msg.reciever.process.TradeProcessor.process(TradeProcessor.java:49)
	at com.westernasset.pss.msg.queue.MessageFetcher.processMessage(MessageFetcher.java:91)
	at com.westernasset.pss.msg.queue.MessageFetcher.pullMessageFromQueue(MessageFetcher.java:78)
	at com.westernasset.pss.msg.queue.MessageFetcher.run(MessageFetcher.java:48)

2014-09-25 14:48:51,105 ERROR [AtpToPssMapper] com.westernasset.framework.subsystem.common.SubsystemException: SubsystemExceptionNested:
java.lang.RuntimeException: Storage is not configuredNested:
java.lang.RuntimeException: Storage is not configured
	at com.tangosol.coherence.component.util.daemon.queueProcessor.service.DistributedCache$BinaryMap.onMissingStorage(DistributedCache.CDB:9)
	at com.tangosol.coherence.component.util.daemon.queueProcessor.service.DistributedCache$BinaryMap.get(DistributedCache.CDB:15)
	at com.tangosol.util.ConverterCollections$ConverterMap.get(ConverterCollections.java:1300)
	at com.tangosol.coherence.component.util.daemon.queueProcessor.service.DistributedCache$ViewMap.get(DistributedCache.CDB:1)
	at com.tangosol.coherence.component.util.SafeNamedCache.get(SafeNamedCache.CDB:1)
	at com.tangosol.net.cache.CachingMap.get(CachingMap.java:490)
	at com.westernasset.smss.server.SecurityMasterNearCacheSubsystem.getDigitRatingFromString(SecurityMasterNearCacheSubsystem.java:186)
	at com.westernasset.smss.server.SecurityMasterNearCacheSubsystem.handleFuncCall(SecurityMasterNearCacheSubsystem.java:85)
	at com.westernasset.smss.server.SecurityMasterManagementSubsystem.handleFuncCall(SecurityMasterManagementSubsystem.java:23)
	at com.westernasset.framework.subsystem.receiving.SubsystemImpl.innerHandleFuncCall(SubsystemImpl.java:154)
	at com.westernasset.framework.subsystem.receiving.internal.InProcessFunctionCallReceiver.handleFuncCall(InProcessFunctionCallReceiver.java:49)
	at com.westernasset.framework.subsystem.calling.internal.inprocess.InProcessFunctionCallCaller.doCall(InProcessFunctionCallCaller.java:19)
	at com.westernasset.framework.subsystem.calling.internal.inprocess.ForwardIfNotFoundFunctionCallCaller.doCall(ForwardIfNotFoundFunctionCallCaller.java:28)
	at com.westernasset.framework.subsystem.calling.internal.base.BaseFunctionCallCaller.callFunc(BaseFunctionCallCaller.java:33)
	at com.westernasset.framework.subsystem.calling.internal.base.BaseSubsystem.callFunc(BaseSubsystem.java:35)
	at com.westernasset.pss.msg.mapper.AtpToPssMapper.getRating(AtpToPssMapper.java:219)
	at com.westernasset.pss.msg.mapper.AtpToPssMapper.updateSecurityWithRatings(AtpToPssMapper.java:182)
	at com.westernasset.pss.msg.mapper.AtpToPssMapper.createSecurityVO(AtpToPssMapper.java:133)
	at com.westernasset.pss.msg.reciever.process.TradeProcessor.createSecurity(TradeProcessor.java:297)
	at com.westernasset.pss.msg.reciever.process.TradeProcessor.process(TradeProcessor.java:49)
	at com.westernasset.pss.msg.queue.MessageFetcher.processMessage(MessageFetcher.java:91)
	at com.westernasset.pss.msg.queue.MessageFetcher.pullMessageFromQueue(MessageFetcher.java:78)
	at com.westernasset.pss.msg.queue.MessageFetcher.run(MessageFetcher.java:48)

2014-09-25 14:48:51,105 ERROR [AtpToPssMapper] com.westernasset.framework.subsystem.common.SubsystemException: SubsystemExceptionNested:
java.lang.RuntimeException: Storage is not configuredNested:
java.lang.RuntimeException: Storage is not configured
	at com.tangosol.coherence.component.util.daemon.queueProcessor.service.DistributedCache$BinaryMap.onMissingStorage(DistributedCache.CDB:9)
	at com.tangosol.coherence.component.util.daemon.queueProcessor.service.DistributedCache$BinaryMap.get(DistributedCache.CDB:15)
	at com.tangosol.util.ConverterCollections$ConverterMap.get(ConverterCollections.java:1300)
	at com.tangosol.coherence.component.util.daemon.queueProcessor.service.DistributedCache$ViewMap.get(DistributedCache.CDB:1)
	at com.tangosol.coherence.component.util.SafeNamedCache.get(SafeNamedCache.CDB:1)
	at com.tangosol.net.cache.CachingMap.get(CachingMap.java:490)
	at com.westernasset.smss.server.SecurityMasterNearCacheSubsystem.getDigitRatingFromString(SecurityMasterNearCacheSubsystem.java:186)
	at com.westernasset.smss.server.SecurityMasterNearCacheSubsystem.handleFuncCall(SecurityMasterNearCacheSubsystem.java:85)
	at com.westernasset.smss.server.SecurityMasterManagementSubsystem.handleFuncCall(SecurityMasterManagementSubsystem.java:23)
	at com.westernasset.framework.subsystem.receiving.SubsystemImpl.innerHandleFuncCall(SubsystemImpl.java:154)
	at com.westernasset.framework.subsystem.receiving.internal.InProcessFunctionCallReceiver.handleFuncCall(InProcessFunctionCallReceiver.java:49)
	at com.westernasset.framework.subsystem.calling.internal.inprocess.InProcessFunctionCallCaller.doCall(InProcessFunctionCallCaller.java:19)
	at com.westernasset.framework.subsystem.calling.internal.inprocess.ForwardIfNotFoundFunctionCallCaller.doCall(ForwardIfNotFoundFunctionCallCaller.java:28)
	at com.westernasset.framework.subsystem.calling.internal.base.BaseFunctionCallCaller.callFunc(BaseFunctionCallCaller.java:33)
	at com.westernasset.framework.subsystem.calling.internal.base.BaseSubsystem.callFunc(BaseSubsystem.java:35)
	at com.westernasset.pss.msg.mapper.AtpToPssMapper.getRating(AtpToPssMapper.java:219)
	at com.westernasset.pss.msg.mapper.AtpToPssMapper.updateSecurityWithRatings(AtpToPssMapper.java:187)
	at com.westernasset.pss.msg.mapper.AtpToPssMapper.createSecurityVO(AtpToPssMapper.java:133)
	at com.westernasset.pss.msg.reciever.process.TradeProcessor.createSecurity(TradeProcessor.java:297)
	at com.westernasset.pss.msg.reciever.process.TradeProcessor.process(TradeProcessor.java:49)
	at com.westernasset.pss.msg.queue.MessageFetcher.processMessage(MessageFetcher.java:91)
	at com.westernasset.pss.msg.queue.MessageFetcher.pullMessageFromQueue(MessageFetcher.java:78)
	at com.westernasset.pss.msg.queue.MessageFetcher.run(MessageFetcher.java:48)

2014-09-25 14:48:51,105 ERROR [AtpToPssMapper] com.westernasset.framework.subsystem.common.SubsystemException: SubsystemExceptionNested:
java.lang.RuntimeException: Storage is not configuredNested:
java.lang.RuntimeException: Storage is not configured
	at com.tangosol.coherence.component.util.daemon.queueProcessor.service.DistributedCache$BinaryMap.onMissingStorage(DistributedCache.CDB:9)
	at com.tangosol.coherence.component.util.daemon.queueProcessor.service.DistributedCache$BinaryMap.get(DistributedCache.CDB:15)
	at com.tangosol.util.ConverterCollections$ConverterMap.get(ConverterCollections.java:1300)
	at com.tangosol.coherence.component.util.daemon.queueProcessor.service.DistributedCache$ViewMap.get(DistributedCache.CDB:1)
	at com.tangosol.coherence.component.util.SafeNamedCache.get(SafeNamedCache.CDB:1)
	at com.tangosol.net.cache.CachingMap.get(CachingMap.java:490)
	at com.westernasset.smss.server.SecurityMasterNearCacheSubsystem.getDigitRatingFromString(SecurityMasterNearCacheSubsystem.java:186)
	at com.westernasset.smss.server.SecurityMasterNearCacheSubsystem.handleFuncCall(SecurityMasterNearCacheSubsystem.java:85)
	at com.westernasset.smss.server.SecurityMasterManagementSubsystem.handleFuncCall(SecurityMasterManagementSubsystem.java:23)
	at com.westernasset.framework.subsystem.receiving.SubsystemImpl.innerHandleFuncCall(SubsystemImpl.java:154)
	at com.westernasset.framework.subsystem.receiving.internal.InProcessFunctionCallReceiver.handleFuncCall(InProcessFunctionCallReceiver.java:49)
	at com.westernasset.framework.subsystem.calling.internal.inprocess.InProcessFunctionCallCaller.doCall(InProcessFunctionCallCaller.java:19)
	at com.westernasset.framework.subsystem.calling.internal.inprocess.ForwardIfNotFoundFunctionCallCaller.doCall(ForwardIfNotFoundFunctionCallCaller.java:28)
	at com.westernasset.framework.subsystem.calling.internal.base.BaseFunctionCallCaller.callFunc(BaseFunctionCallCaller.java:33)
	at com.westernasset.framework.subsystem.calling.internal.base.BaseSubsystem.callFunc(BaseSubsystem.java:35)
	at com.westernasset.pss.msg.mapper.AtpToPssMapper.getRating(AtpToPssMapper.java:219)
	at com.westernasset.pss.msg.mapper.AtpToPssMapper.updateSecurityWithRatings(AtpToPssMapper.java:192)
	at com.westernasset.pss.msg.mapper.AtpToPssMapper.createSecurityVO(AtpToPssMapper.java:133)
	at com.westernasset.pss.msg.reciever.process.TradeProcessor.createSecurity(TradeProcessor.java:297)
	at com.westernasset.pss.msg.reciever.process.TradeProcessor.process(TradeProcessor.java:49)
	at com.westernasset.pss.msg.queue.MessageFetcher.processMessage(MessageFetcher.java:91)
	at com.westernasset.pss.msg.queue.MessageFetcher.pullMessageFromQueue(MessageFetcher.java:78)
	at com.westernasset.pss.msg.queue.MessageFetcher.run(MessageFetcher.java:48)

2014-09-25 14:48:51,106 ERROR [AtpToPssMapper] com.westernasset.framework.subsystem.common.SubsystemException: SubsystemExceptionNested:
java.lang.RuntimeException: Storage is not configuredNested:
java.lang.RuntimeException: Storage is not configured
	at com.tangosol.coherence.component.util.daemon.queueProcessor.service.DistributedCache$BinaryMap.onMissingStorage(DistributedCache.CDB:9)
	at com.tangosol.coherence.component.util.daemon.queueProcessor.service.DistributedCache$BinaryMap.get(DistributedCache.CDB:15)
	at com.tangosol.util.ConverterCollections$ConverterMap.get(ConverterCollections.java:1300)
	at com.tangosol.coherence.component.util.daemon.queueProcessor.service.DistributedCache$ViewMap.get(DistributedCache.CDB:1)
	at com.tangosol.coherence.component.util.SafeNamedCache.get(SafeNamedCache.CDB:1)
	at com.tangosol.net.cache.CachingMap.get(CachingMap.java:490)
	at com.westernasset.smss.server.SecurityMasterNearCacheSubsystem.getDigitRatingFromString(SecurityMasterNearCacheSubsystem.java:186)
	at com.westernasset.smss.server.SecurityMasterNearCacheSubsystem.handleFuncCall(SecurityMasterNearCacheSubsystem.java:85)
	at com.westernasset.smss.server.SecurityMasterManagementSubsystem.handleFuncCall(SecurityMasterManagementSubsystem.java:23)
	at com.westernasset.framework.subsystem.receiving.SubsystemImpl.innerHandleFuncCall(SubsystemImpl.java:154)
	at com.westernasset.framework.subsystem.receiving.internal.InProcessFunctionCallReceiver.handleFuncCall(InProcessFunctionCallReceiver.java:49)
	at com.westernasset.framework.subsystem.calling.internal.inprocess.InProcessFunctionCallCaller.doCall(InProcessFunctionCallCaller.java:19)
	at com.westernasset.framework.subsystem.calling.internal.inprocess.ForwardIfNotFoundFunctionCallCaller.doCall(ForwardIfNotFoundFunctionCallCaller.java:28)
	at com.westernasset.framework.subsystem.calling.internal.base.BaseFunctionCallCaller.callFunc(BaseFunctionCallCaller.java:33)
	at com.westernasset.framework.subsystem.calling.internal.base.BaseSubsystem.callFunc(BaseSubsystem.java:35)
	at com.westernasset.pss.msg.mapper.AtpToPssMapper.getRating(AtpToPssMapper.java:219)
	at com.westernasset.pss.msg.mapper.AtpToPssMapper.updateSecurityWithRatings(AtpToPssMapper.java:197)
	at com.westernasset.pss.msg.mapper.AtpToPssMapper.createSecurityVO(AtpToPssMapper.java:133)
	at com.westernasset.pss.msg.reciever.process.TradeProcessor.createSecurity(TradeProcessor.java:297)
	at com.westernasset.pss.msg.reciever.process.TradeProcessor.process(TradeProcessor.java:49)
	at com.westernasset.pss.msg.queue.MessageFetcher.processMessage(MessageFetcher.java:91)
	at com.westernasset.pss.msg.queue.MessageFetcher.pullMessageFromQueue(MessageFetcher.java:78)
	at com.westernasset.pss.msg.queue.MessageFetcher.run(MessageFetcher.java:48)

2014-09-25 14:48:51,106 ERROR [AtpToPssMapper] com.westernasset.framework.subsystem.common.SubsystemException: SubsystemExceptionNested:
java.lang.RuntimeException: Storage is not configuredNested:
java.lang.RuntimeException: Storage is not configured
	at com.tangosol.coherence.component.util.daemon.queueProcessor.service.DistributedCache$BinaryMap.onMissingStorage(DistributedCache.CDB:9)
	at com.tangosol.coherence.component.util.daemon.queueProcessor.service.DistributedCache$BinaryMap.get(DistributedCache.CDB:15)
	at com.tangosol.util.ConverterCollections$ConverterMap.get(ConverterCollections.java:1300)
	at com.tangosol.coherence.component.util.daemon.queueProcessor.service.DistributedCache$ViewMap.get(DistributedCache.CDB:1)
	at com.tangosol.coherence.component.util.SafeNamedCache.get(SafeNamedCache.CDB:1)
	at com.tangosol.net.cache.CachingMap.get(CachingMap.java:490)
	at com.westernasset.smss.server.SecurityMasterNearCacheSubsystem.getDigitRatingFromString(SecurityMasterNearCacheSubsystem.java:186)
	at com.westernasset.smss.server.SecurityMasterNearCacheSubsystem.handleFuncCall(SecurityMasterNearCacheSubsystem.java:85)
	at com.westernasset.smss.server.SecurityMasterManagementSubsystem.handleFuncCall(SecurityMasterManagementSubsystem.java:23)
	at com.westernasset.framework.subsystem.receiving.SubsystemImpl.innerHandleFuncCall(SubsystemImpl.java:154)
	at com.westernasset.framework.subsystem.receiving.internal.InProcessFunctionCallReceiver.handleFuncCall(InProcessFunctionCallReceiver.java:49)
	at com.westernasset.framework.subsystem.calling.internal.inprocess.InProcessFunctionCallCaller.doCall(InProcessFunctionCallCaller.java:19)
	at com.westernasset.framework.subsystem.calling.internal.inprocess.ForwardIfNotFoundFunctionCallCaller.doCall(ForwardIfNotFoundFunctionCallCaller.java:28)
	at com.westernasset.framework.subsystem.calling.internal.base.BaseFunctionCallCaller.callFunc(BaseFunctionCallCaller.java:33)
	at com.westernasset.framework.subsystem.calling.internal.base.BaseSubsystem.callFunc(BaseSubsystem.java:35)
	at com.westernasset.pss.msg.mapper.AtpToPssMapper.getRating(AtpToPssMapper.java:219)
	at com.westernasset.pss.msg.mapper.AtpToPssMapper.updateSecurityWithRatings(AtpToPssMapper.java:202)
	at com.westernasset.pss.msg.mapper.AtpToPssMapper.createSecurityVO(AtpToPssMapper.java:133)
	at com.westernasset.pss.msg.reciever.process.TradeProcessor.createSecurity(TradeProcessor.java:297)
	at com.westernasset.pss.msg.reciever.process.TradeProcessor.process(TradeProcessor.java:49)
	at com.westernasset.pss.msg.queue.MessageFetcher.processMessage(MessageFetcher.java:91)
	at com.westernasset.pss.msg.queue.MessageFetcher.pullMessageFromQueue(MessageFetcher.java:78)
	at com.westernasset.pss.msg.queue.MessageFetcher.run(MessageFetcher.java:48)

2014-09-25 14:48:51,108 ERROR [SecurityCacheManager] Failed to add security to cache: Storage is not configured : {SecurityId=1437420, AMTValue=1.0, MoodyRating=0, MoodyShortRating=0, FitchRating=0, FitchShortRating=0, SecurityTypeId=22, AssetTypeId=8, ProductId=20, SpRating=0, SpShortRating=0, WaRating=0, WaShortRating=0, IssueDate=2013-12-13T00:00:00.000-0800, MaturityDate=2018-12-15T00:00:00.000-0800, AssetId=224399AS4, CurrencyCode=USD, SecurityType=CORPORATE, Description=CRANE CO, Product=Bonds/Notes (Par), SubSubSector=DIVERSIFIED_MANUFACTURING, TickerSymbol=CR, BBName=CRANE CO, IntType=FIXED, MinPiece=1000.0000, MinIncrement=1000.0000, AverageLife=4.225, Coupon=2.75, Dtm=1542.0, DtmLegalFinal=1542.0, Factor=1.0, DurationFactor=1.0, EffectiveConvexity=0.185, EffectiveDuration=3.993, YieldToWorst=2.343, MarketCFYield=2.343, OptionASpread=74.0, SpreadDuration=3.94, Country=US, AMT=N, NyIssuer=CR&8, LnIssuer=CR&8}
java.lang.RuntimeException: Storage is not configured
	at com.tangosol.coherence.component.util.daemon.queueProcessor.service.DistributedCache$BinaryMap.onMissingStorage(DistributedCache.CDB:9)
	at com.tangosol.coherence.component.util.daemon.queueProcessor.service.DistributedCache$BinaryMap.get(DistributedCache.CDB:15)
	at com.tangosol.util.ConverterCollections$ConverterMap.get(ConverterCollections.java:1300)
	at com.tangosol.coherence.component.util.daemon.queueProcessor.service.DistributedCache$ViewMap.get(DistributedCache.CDB:1)
	at com.tangosol.coherence.component.util.SafeNamedCache.get(SafeNamedCache.CDB:1)
	at com.tangosol.net.cache.CachingMap.get(CachingMap.java:490)
	at com.westernasset.smss.common.util.BusinessUtils.getIssuerDesciption(BusinessUtils.java:146)
	at com.westernasset.smss.common.util.BusinessUtils.fillNUIssuerId(BusinessUtils.java:513)
	at com.westernasset.smss.common.util.BusinessUtils.fillDerivedValues(BusinessUtils.java:421)
	at com.westernasset.smss.server.SecurityCacheManager.addSecurity(SecurityCacheManager.java:137)
	at com.westernasset.smss.server.SecurityMasterNearCacheSubsystem.addSecurity(SecurityMasterNearCacheSubsystem.java:202)
	at com.westernasset.smss.server.SecurityMasterNearCacheSubsystem.handleFuncCall(SecurityMasterNearCacheSubsystem.java:92)
	at com.westernasset.smss.server.SecurityMasterManagementSubsystem.handleFuncCall(SecurityMasterManagementSubsystem.java:23)
	at com.westernasset.framework.subsystem.receiving.SubsystemImpl.innerHandleFuncCall(SubsystemImpl.java:154)
	at com.westernasset.framework.subsystem.receiving.internal.InProcessFunctionCallReceiver.handleFuncCall(InProcessFunctionCallReceiver.java:49)
	at com.westernasset.framework.subsystem.calling.internal.inprocess.InProcessFunctionCallCaller.doCall(InProcessFunctionCallCaller.java:19)
	at com.westernasset.framework.subsystem.calling.internal.inprocess.ForwardIfNotFoundFunctionCallCaller.doCall(ForwardIfNotFoundFunctionCallCaller.java:28)
	at com.westernasset.framework.subsystem.calling.internal.base.BaseFunctionCallCaller.callFunc(BaseFunctionCallCaller.java:33)
	at com.westernasset.framework.subsystem.calling.internal.base.BaseSubsystem.callFunc(BaseSubsystem.java:35)
	at com.westernasset.pss.msg.reciever.process.TradeProcessor.createSecurity(TradeProcessor.java:302)
	at com.westernasset.pss.msg.reciever.process.TradeProcessor.process(TradeProcessor.java:49)
	at com.westernasset.pss.msg.queue.MessageFetcher.processMessage(MessageFetcher.java:91)
	at com.westernasset.pss.msg.queue.MessageFetcher.pullMessageFromQueue(MessageFetcher.java:78)
	at com.westernasset.pss.msg.queue.MessageFetcher.run(MessageFetcher.java:48)
2014-09-25 14:48:51,108 INFO  [TradeProcessor] Created Security :{SecurityId=1437420, AMTValue=1.0, MoodyRating=0, MoodyShortRating=0, FitchRating=0, FitchShortRating=0, SecurityTypeId=22, AssetTypeId=8, ProductId=20, SpRating=0, SpShortRating=0, WaRating=0, WaShortRating=0, IssueDate=2013-12-13T00:00:00.000-0800, MaturityDate=2018-12-15T00:00:00.000-0800, AssetId=224399AS4, CurrencyCode=USD, SecurityType=CORPORATE, Description=CRANE CO, Product=Bonds/Notes (Par), SubSubSector=DIVERSIFIED_MANUFACTURING, TickerSymbol=CR, BBName=CRANE CO, IntType=FIXED, MinPiece=1000.0000, MinIncrement=1000.0000, AverageLife=4.225, Coupon=2.75, Dtm=1542.0, DtmLegalFinal=1542.0, Factor=1.0, DurationFactor=1.0, EffectiveConvexity=0.185, EffectiveDuration=3.993, YieldToWorst=2.343, MarketCFYield=2.343, OptionASpread=74.0, SpreadDuration=3.94, Country=US, AMT=N, NyIssuer=CR&8, LnIssuer=CR&8}
2014-09-25 14:48:51,108 ERROR [TradeProcessor] Error in getPrioTradeStatusByMessage
com.westernasset.framework.subsystem.common.SubsystemException: SubsystemExceptionNested:
java.lang.RuntimeException: Storage is not configuredNested:
java.lang.RuntimeException: Storage is not configured
	at com.tangosol.coherence.component.util.daemon.queueProcessor.service.DistributedCache$BinaryMap.onMissingStorage(DistributedCache.CDB:9)
	at com.tangosol.coherence.component.util.daemon.queueProcessor.service.DistributedCache$BinaryMap.get(DistributedCache.CDB:15)
	at com.tangosol.util.ConverterCollections$ConverterMap.get(ConverterCollections.java:1300)
	at com.tangosol.coherence.component.util.daemon.queueProcessor.service.DistributedCache$ViewMap.get(DistributedCache.CDB:1)
	at com.tangosol.coherence.component.util.SafeNamedCache.get(SafeNamedCache.CDB:1)
	at com.tangosol.net.cache.CachingMap.get(CachingMap.java:490)
	at com.westernasset.tss.cache.TradeCacheManager.getTradeById(TradeCacheManager.java:202)
	at com.westernasset.tss.services.TradeNearCacheSubsystem.getTradeById(TradeNearCacheSubsystem.java:104)
	at com.westernasset.tss.services.TradeNearCacheSubsystem.handleFuncCall(TradeNearCacheSubsystem.java:50)
	at com.westernasset.tss.services.TradeSubsystem.handleFuncCall(TradeSubsystem.java:29)
	at com.westernasset.framework.subsystem.receiving.SubsystemImpl.innerHandleFuncCall(SubsystemImpl.java:154)
	at com.westernasset.framework.subsystem.receiving.internal.InProcessFunctionCallReceiver.handleFuncCall(InProcessFunctionCallReceiver.java:49)
	at com.westernasset.framework.subsystem.calling.internal.inprocess.InProcessFunctionCallCaller.doCall(InProcessFunctionCallCaller.java:19)
	at com.westernasset.framework.subsystem.calling.internal.inprocess.ForwardIfNotFoundFunctionCallCaller.doCall(ForwardIfNotFoundFunctionCallCaller.java:28)
	at com.westernasset.framework.subsystem.calling.internal.base.BaseFunctionCallCaller.callFunc(BaseFunctionCallCaller.java:33)
	at com.westernasset.framework.subsystem.calling.internal.base.BaseSubsystem.callFunc(BaseSubsystem.java:35)
	at com.westernasset.pss.msg.reciever.process.TradeProcessor.getTradeByTradeId(TradeProcessor.java:250)
	at com.westernasset.pss.msg.reciever.process.TradeProcessor.getPrioTradeStatusByMessage(TradeProcessor.java:268)
	at com.westernasset.pss.msg.reciever.process.TradeProcessor.process(TradeProcessor.java:50)
	at com.westernasset.pss.msg.queue.MessageFetcher.processMessage(MessageFetcher.java:91)
	at com.westernasset.pss.msg.queue.MessageFetcher.pullMessageFromQueue(MessageFetcher.java:78)
	at com.westernasset.pss.msg.queue.MessageFetcher.run(MessageFetcher.java:48)

	at com.westernasset.framework.subsystem.common.internal.SubsystemExceptionUtils.dataObjectToException(SubsystemExceptionUtils.java:38)
	at com.westernasset.framework.subsystem.common.internal.SubsystemExceptionUtils.throwExceptionIfNeeded(SubsystemExceptionUtils.java:15)
	at com.westernasset.framework.subsystem.calling.internal.base.BaseSubsystem.callFunc(BaseSubsystem.java:37)
	at com.westernasset.pss.msg.reciever.process.TradeProcessor.getTradeByTradeId(TradeProcessor.java:250)
	at com.westernasset.pss.msg.reciever.process.TradeProcessor.getPrioTradeStatusByMessage(TradeProcessor.java:268)
	at com.westernasset.pss.msg.reciever.process.TradeProcessor.process(TradeProcessor.java:50)
	at com.westernasset.pss.msg.queue.MessageFetcher.processMessage(MessageFetcher.java:91)
	at com.westernasset.pss.msg.queue.MessageFetcher.pullMessageFromQueue(MessageFetcher.java:78)
	at com.westernasset.pss.msg.queue.MessageFetcher.run(MessageFetcher.java:48)
2014-09-25 14:48:51,109 ERROR [TradeProcessor] Exception occured while processing message
java.lang.RuntimeException: Storage is not configured
	at com.tangosol.coherence.component.util.daemon.queueProcessor.service.DistributedCache$BinaryMap.onMissingStorage(DistributedCache.CDB:9)
	at com.tangosol.coherence.component.util.daemon.queueProcessor.service.DistributedCache$BinaryMap.get(DistributedCache.CDB:15)
	at com.tangosol.util.ConverterCollections$ConverterMap.get(ConverterCollections.java:1300)
	at com.tangosol.coherence.component.util.daemon.queueProcessor.service.DistributedCache$ViewMap.get(DistributedCache.CDB:1)
	at com.tangosol.coherence.component.util.SafeNamedCache.get(SafeNamedCache.CDB:1)
	at com.tangosol.net.cache.CachingMap.get(CachingMap.java:490)
	at com.westernasset.tss.cache.TradeCacheManager.isDuplicateTrade(TradeCacheManager.java:356)
	at com.westernasset.pss.common.util.PojoHelper.createObjects(PojoHelper.java:132)
	at com.westernasset.pss.msg.reciever.process.TradeProcessor.process(TradeProcessor.java:55)
	at com.westernasset.pss.msg.queue.MessageFetcher.processMessage(MessageFetcher.java:91)
	at com.westernasset.pss.msg.queue.MessageFetcher.pullMessageFromQueue(MessageFetcher.java:78)
	at com.westernasset.pss.msg.queue.MessageFetcher.run(MessageFetcher.java:48)
2014-09-25 14:48:51,109 INFO  [TradeProcessor] End process method 726 MB
2014-09-25 14:48:51,109 INFO  [TradeProcessor] Time taken by TradeProcessor.process method 7
2014-09-25 14:48:51,109 INFO  [MessageFetcher] Processing message completed...[7461768]
2014-09-25 14:48:51,109 INFO  [MessageQueue] Removing the first item of 8 from the queue
2014-09-25 14:48:51,109 INFO  [MessageFetcher] Processing message started...[7462016]
2014-09-25 14:48:51,109 INFO  [TradeProcessor] Begin process method 726 MB
2014-09-25 14:48:51,109 ERROR [TradeProcessor] Error in doSecurityExist
java.lang.RuntimeException: Storage is not configured
	at com.tangosol.coherence.component.util.daemon.queueProcessor.service.DistributedCache$BinaryMap.onMissingStorage(DistributedCache.CDB:9)
	at com.tangosol.coherence.component.util.daemon.queueProcessor.service.DistributedCache$BinaryMap.get(DistributedCache.CDB:15)
	at com.tangosol.util.ConverterCollections$ConverterMap.get(ConverterCollections.java:1300)
	at com.tangosol.coherence.component.util.daemon.queueProcessor.service.DistributedCache$ViewMap.get(DistributedCache.CDB:1)
	at com.tangosol.coherence.component.util.SafeNamedCache.get(SafeNamedCache.CDB:1)
	at com.tangosol.net.cache.CachingMap.get(CachingMap.java:490)
	at com.westernasset.smss.common.util.BusinessDateHelper.get(BusinessDateHelper.java:55)
	at com.westernasset.smss.common.util.BusinessDateHelper.getBusinessDateFromCacheWithOffset(BusinessDateHelper.java:130)
	at com.westernasset.smss.common.util.BusinessDateHelper.getCurrentBusinessDateAny(BusinessDateHelper.java:125)
	at com.westernasset.pss.msg.reciever.process.TradeProcessor.doSecurityExist(TradeProcessor.java:328)
	at com.westernasset.pss.msg.reciever.process.TradeProcessor.createSecurity(TradeProcessor.java:296)
	at com.westernasset.pss.msg.reciever.process.TradeProcessor.process(TradeProcessor.java:49)
	at com.westernasset.pss.msg.queue.MessageFetcher.processMessage(MessageFetcher.java:91)
	at com.westernasset.pss.msg.queue.MessageFetcher.pullMessageFromQueue(MessageFetcher.java:78)
	at com.westernasset.pss.msg.queue.MessageFetcher.run(MessageFetcher.java:48)
2014-09-25 14:48:51,110 ERROR [AtpToPssMapper] com.westernasset.framework.subsystem.common.SubsystemException: SubsystemExceptionNested:
java.lang.RuntimeException: Storage is not configuredNested:
java.lang.RuntimeException: Storage is not configured
	at com.tangosol.coherence.component.util.daemon.queueProcessor.service.DistributedCache$BinaryMap.onMissingStorage(DistributedCache.CDB:9)
	at com.tangosol.coherence.component.util.daemon.queueProcessor.service.DistributedCache$BinaryMap.get(DistributedCache.CDB:15)
	at com.tangosol.util.ConverterCollections$ConverterMap.get(ConverterCollections.java:1300)
	at com.tangosol.coherence.component.util.daemon.queueProcessor.service.DistributedCache$ViewMap.get(DistributedCache.CDB:1)
	at com.tangosol.coherence.component.util.SafeNamedCache.get(SafeNamedCache.CDB:1)
	at com.tangosol.net.cache.CachingMap.get(CachingMap.java:490)
	at com.westernasset.smss.server.SecurityMasterNearCacheSubsystem.getDigitRatingFromString(SecurityMasterNearCacheSubsystem.java:186)
	at com.westernasset.smss.server.SecurityMasterNearCacheSubsystem.handleFuncCall(SecurityMasterNearCacheSubsystem.java:85)
	at com.westernasset.smss.server.SecurityMasterManagementSubsystem.handleFuncCall(SecurityMasterManagementSubsystem.java:23)
	at com.westernasset.framework.subsystem.receiving.SubsystemImpl.innerHandleFuncCall(SubsystemImpl.java:154)
	at com.westernasset.framework.subsystem.receiving.internal.InProcessFunctionCallReceiver.handleFuncCall(InProcessFunctionCallReceiver.java:49)
	at com.westernasset.framework.subsystem.calling.internal.inprocess.InProcessFunctionCallCaller.doCall(InProcessFunctionCallCaller.java:19)
	at com.westernasset.framework.subsystem.calling.internal.inprocess.ForwardIfNotFoundFunctionCallCaller.doCall(ForwardIfNotFoundFunctionCallCaller.java:28)
	at com.westernasset.framework.subsystem.calling.internal.base.BaseFunctionCallCaller.callFunc(BaseFunctionCallCaller.java:33)
	at com.westernasset.framework.subsystem.calling.internal.base.BaseSubsystem.callFunc(BaseSubsystem.java:35)
	at com.westernasset.pss.msg.mapper.AtpToPssMapper.getRating(AtpToPssMapper.java:219)
	at com.westernasset.pss.msg.mapper.AtpToPssMapper.updateSecurityWithRatings(AtpToPssMapper.java:167)
	at com.westernasset.pss.msg.mapper.AtpToPssMapper.createSecurityVO(AtpToPssMapper.java:133)
	at com.westernasset.pss.msg.reciever.process.TradeProcessor.createSecurity(TradeProcessor.java:297)
	at com.westernasset.pss.msg.reciever.process.TradeProcessor.process(TradeProcessor.java:49)
	at com.westernasset.pss.msg.queue.MessageFetcher.processMessage(MessageFetcher.java:91)
	at com.westernasset.pss.msg.queue.MessageFetcher.pullMessageFromQueue(MessageFetcher.java:78)
	at com.westernasset.pss.msg.queue.MessageFetcher.run(MessageFetcher.java:48)

2014-09-25 14:48:51,110 ERROR [AtpToPssMapper] com.westernasset.framework.subsystem.common.SubsystemException: SubsystemExceptionNested:
java.lang.RuntimeException: Storage is not configuredNested:
java.lang.RuntimeException: Storage is not configured
	at com.tangosol.coherence.component.util.daemon.queueProcessor.service.DistributedCache$BinaryMap.onMissingStorage(DistributedCache.CDB:9)
	at com.tangosol.coherence.component.util.daemon.queueProcessor.service.DistributedCache$BinaryMap.get(DistributedCache.CDB:15)
	at com.tangosol.util.ConverterCollections$ConverterMap.get(ConverterCollections.java:1300)
	at com.tangosol.coherence.component.util.daemon.queueProcessor.service.DistributedCache$ViewMap.get(DistributedCache.CDB:1)
	at com.tangosol.coherence.component.util.SafeNamedCache.get(SafeNamedCache.CDB:1)
	at com.tangosol.net.cache.CachingMap.get(CachingMap.java:490)
	at com.westernasset.smss.server.SecurityMasterNearCacheSubsystem.getDigitRatingFromString(SecurityMasterNearCacheSubsystem.java:186)
	at com.westernasset.smss.server.SecurityMasterNearCacheSubsystem.handleFuncCall(SecurityMasterNearCacheSubsystem.java:85)
	at com.westernasset.smss.server.SecurityMasterManagementSubsystem.handleFuncCall(SecurityMasterManagementSubsystem.java:23)
	at com.westernasset.framework.subsystem.receiving.SubsystemImpl.innerHandleFuncCall(SubsystemImpl.java:154)
	at com.westernasset.framework.subsystem.receiving.internal.InProcessFunctionCallReceiver.handleFuncCall(InProcessFunctionCallReceiver.java:49)
	at com.westernasset.framework.subsystem.calling.internal.inprocess.InProcessFunctionCallCaller.doCall(InProcessFunctionCallCaller.java:19)
	at com.westernasset.framework.subsystem.calling.internal.inprocess.ForwardIfNotFoundFunctionCallCaller.doCall(ForwardIfNotFoundFunctionCallCaller.java:28)
	at com.westernasset.framework.subsystem.calling.internal.base.BaseFunctionCallCaller.callFunc(BaseFunctionCallCaller.java:33)
	at com.westernasset.framework.subsystem.calling.internal.base.BaseSubsystem.callFunc(BaseSubsystem.java:35)
	at com.westernasset.pss.msg.mapper.AtpToPssMapper.getRating(AtpToPssMapper.java:219)
	at com.westernasset.pss.msg.mapper.AtpToPssMapper.updateSecurityWithRatings(AtpToPssMapper.java:172)
	at com.westernasset.pss.msg.mapper.AtpToPssMapper.createSecurityVO(AtpToPssMapper.java:133)
	at com.westernasset.pss.msg.reciever.process.TradeProcessor.createSecurity(TradeProcessor.java:297)
	at com.westernasset.pss.msg.reciever.process.TradeProcessor.process(TradeProcessor.java:49)
	at com.westernasset.pss.msg.queue.MessageFetcher.processMessage(MessageFetcher.java:91)
	at com.westernasset.pss.msg.queue.MessageFetcher.pullMessageFromQueue(MessageFetcher.java:78)
	at com.westernasset.pss.msg.queue.MessageFetcher.run(MessageFetcher.java:48)

2014-09-25 14:48:51,111 ERROR [AtpToPssMapper] com.westernasset.framework.subsystem.common.SubsystemException: SubsystemExceptionNested:
java.lang.RuntimeException: Storage is not configuredNested:
java.lang.RuntimeException: Storage is not configured
	at com.tangosol.coherence.component.util.daemon.queueProcessor.service.DistributedCache$BinaryMap.onMissingStorage(DistributedCache.CDB:9)
	at com.tangosol.coherence.component.util.daemon.queueProcessor.service.DistributedCache$BinaryMap.get(DistributedCache.CDB:15)
	at com.tangosol.util.ConverterCollections$ConverterMap.get(ConverterCollections.java:1300)
	at com.tangosol.coherence.component.util.daemon.queueProcessor.service.DistributedCache$ViewMap.get(DistributedCache.CDB:1)
	at com.tangosol.coherence.component.util.SafeNamedCache.get(SafeNamedCache.CDB:1)
	at com.tangosol.net.cache.CachingMap.get(CachingMap.java:490)
	at com.westernasset.smss.server.SecurityMasterNearCacheSubsystem.getDigitRatingFromString(SecurityMasterNearCacheSubsystem.java:186)
	at com.westernasset.smss.server.SecurityMasterNearCacheSubsystem.handleFuncCall(SecurityMasterNearCacheSubsystem.java:85)
	at com.westernasset.smss.server.SecurityMasterManagementSubsystem.handleFuncCall(SecurityMasterManagementSubsystem.java:23)
	at com.westernasset.framework.subsystem.receiving.SubsystemImpl.innerHandleFuncCall(SubsystemImpl.java:154)
	at com.westernasset.framework.subsystem.receiving.internal.InProcessFunctionCallReceiver.handleFuncCall(InProcessFunctionCallReceiver.java:49)
	at com.westernasset.framework.subsystem.calling.internal.inprocess.InProcessFunctionCallCaller.doCall(InProcessFunctionCallCaller.java:19)
	at com.westernasset.framework.subsystem.calling.internal.inprocess.ForwardIfNotFoundFunctionCallCaller.doCall(ForwardIfNotFoundFunctionCallCaller.java:28)
	at com.westernasset.framework.subsystem.calling.internal.base.BaseFunctionCallCaller.callFunc(BaseFunctionCallCaller.java:33)
	at com.westernasset.framework.subsystem.calling.internal.base.BaseSubsystem.callFunc(BaseSubsystem.java:35)
	at com.westernasset.pss.msg.mapper.AtpToPssMapper.getRating(AtpToPssMapper.java:219)
	at com.westernasset.pss.msg.mapper.AtpToPssMapper.updateSecurityWithRatings(AtpToPssMapper.java:177)
	at com.westernasset.pss.msg.mapper.AtpToPssMapper.createSecurityVO(AtpToPssMapper.java:133)
	at com.westernasset.pss.msg.reciever.process.TradeProcessor.createSecurity(TradeProcessor.java:297)
	at com.westernasset.pss.msg.reciever.process.TradeProcessor.process(TradeProcessor.java:49)
	at com.westernasset.pss.msg.queue.MessageFetcher.processMessage(MessageFetcher.java:91)
	at com.westernasset.pss.msg.queue.MessageFetcher.pullMessageFromQueue(MessageFetcher.java:78)
	at com.westernasset.pss.msg.queue.MessageFetcher.run(MessageFetcher.java:48)

2014-09-25 14:48:51,111 ERROR [AtpToPssMapper] com.westernasset.framework.subsystem.common.SubsystemException: SubsystemExceptionNested:
java.lang.RuntimeException: Storage is not configuredNested:
java.lang.RuntimeException: Storage is not configured
	at com.tangosol.coherence.component.util.daemon.queueProcessor.service.DistributedCache$BinaryMap.onMissingStorage(DistributedCache.CDB:9)
	at com.tangosol.coherence.component.util.daemon.queueProcessor.service.DistributedCache$BinaryMap.get(DistributedCache.CDB:15)
	at com.tangosol.util.ConverterCollections$ConverterMap.get(ConverterCollections.java:1300)
	at com.tangosol.coherence.component.util.daemon.queueProcessor.service.DistributedCache$ViewMap.get(DistributedCache.CDB:1)
	at com.tangosol.coherence.component.util.SafeNamedCache.get(SafeNamedCache.CDB:1)
	at com.tangosol.net.cache.CachingMap.get(CachingMap.java:490)
	at com.westernasset.smss.server.SecurityMasterNearCacheSubsystem.getDigitRatingFromString(SecurityMasterNearCacheSubsystem.java:186)
	at com.westernasset.smss.server.SecurityMasterNearCacheSubsystem.handleFuncCall(SecurityMasterNearCacheSubsystem.java:85)
	at com.westernasset.smss.server.SecurityMasterManagementSubsystem.handleFuncCall(SecurityMasterManagementSubsystem.java:23)
	at com.westernasset.framework.subsystem.receiving.SubsystemImpl.innerHandleFuncCall(SubsystemImpl.java:154)
	at com.westernasset.framework.subsystem.receiving.internal.InProcessFunctionCallReceiver.handleFuncCall(InProcessFunctionCallReceiver.java:49)
	at com.westernasset.framework.subsystem.calling.internal.inprocess.InProcessFunctionCallCaller.doCall(InProcessFunctionCallCaller.java:19)
	at com.westernasset.framework.subsystem.calling.internal.inprocess.ForwardIfNotFoundFunctionCallCaller.doCall(ForwardIfNotFoundFunctionCallCaller.java:28)
	at com.westernasset.framework.subsystem.calling.internal.base.BaseFunctionCallCaller.callFunc(BaseFunctionCallCaller.java:33)
	at com.westernasset.framework.subsystem.calling.internal.base.BaseSubsystem.callFunc(BaseSubsystem.java:35)
	at com.westernasset.pss.msg.mapper.AtpToPssMapper.getRating(AtpToPssMapper.java:219)
	at com.westernasset.pss.msg.mapper.AtpToPssMapper.updateSecurityWithRatings(AtpToPssMapper.java:182)
	at com.westernasset.pss.msg.mapper.AtpToPssMapper.createSecurityVO(AtpToPssMapper.java:133)
	at com.westernasset.pss.msg.reciever.process.TradeProcessor.createSecurity(TradeProcessor.java:297)
	at com.westernasset.pss.msg.reciever.process.TradeProcessor.process(TradeProcessor.java:49)
	at com.westernasset.pss.msg.queue.MessageFetcher.processMessage(MessageFetcher.java:91)
	at com.westernasset.pss.msg.queue.MessageFetcher.pullMessageFromQueue(MessageFetcher.java:78)
	at com.westernasset.pss.msg.queue.MessageFetcher.run(MessageFetcher.java:48)

2014-09-25 14:48:51,111 ERROR [AtpToPssMapper] com.westernasset.framework.subsystem.common.SubsystemException: SubsystemExceptionNested:
java.lang.RuntimeException: Storage is not configuredNested:
java.lang.RuntimeException: Storage is not configured
	at com.tangosol.coherence.component.util.daemon.queueProcessor.service.DistributedCache$BinaryMap.onMissingStorage(DistributedCache.CDB:9)
	at com.tangosol.coherence.component.util.daemon.queueProcessor.service.DistributedCache$BinaryMap.get(DistributedCache.CDB:15)
	at com.tangosol.util.ConverterCollections$ConverterMap.get(ConverterCollections.java:1300)
	at com.tangosol.coherence.component.util.daemon.queueProcessor.service.DistributedCache$ViewMap.get(DistributedCache.CDB:1)
	at com.tangosol.coherence.component.util.SafeNamedCache.get(SafeNamedCache.CDB:1)
	at com.tangosol.net.cache.CachingMap.get(CachingMap.java:490)
	at com.westernasset.smss.server.SecurityMasterNearCacheSubsystem.getDigitRatingFromString(SecurityMasterNearCacheSubsystem.java:186)
	at com.westernasset.smss.server.SecurityMasterNearCacheSubsystem.handleFuncCall(SecurityMasterNearCacheSubsystem.java:85)
	at com.westernasset.smss.server.SecurityMasterManagementSubsystem.handleFuncCall(SecurityMasterManagementSubsystem.java:23)
	at com.westernasset.framework.subsystem.receiving.SubsystemImpl.innerHandleFuncCall(SubsystemImpl.java:154)
	at com.westernasset.framework.subsystem.receiving.internal.InProcessFunctionCallReceiver.handleFuncCall(InProcessFunctionCallReceiver.java:49)
	at com.westernasset.framework.subsystem.calling.internal.inprocess.InProcessFunctionCallCaller.doCall(InProcessFunctionCallCaller.java:19)
	at com.westernasset.framework.subsystem.calling.internal.inprocess.ForwardIfNotFoundFunctionCallCaller.doCall(ForwardIfNotFoundFunctionCallCaller.java:28)
	at com.westernasset.framework.subsystem.calling.internal.base.BaseFunctionCallCaller.callFunc(BaseFunctionCallCaller.java:33)
	at com.westernasset.framework.subsystem.calling.internal.base.BaseSubsystem.callFunc(BaseSubsystem.java:35)
	at com.westernasset.pss.msg.mapper.AtpToPssMapper.getRating(AtpToPssMapper.java:219)
	at com.westernasset.pss.msg.mapper.AtpToPssMapper.updateSecurityWithRatings(AtpToPssMapper.java:187)
	at com.westernasset.pss.msg.mapper.AtpToPssMapper.createSecurityVO(AtpToPssMapper.java:133)
	at com.westernasset.pss.msg.reciever.process.TradeProcessor.createSecurity(TradeProcessor.java:297)
	at com.westernasset.pss.msg.reciever.process.TradeProcessor.process(TradeProcessor.java:49)
	at com.westernasset.pss.msg.queue.MessageFetcher.processMessage(MessageFetcher.java:91)
	at com.westernasset.pss.msg.queue.MessageFetcher.pullMessageFromQueue(MessageFetcher.java:78)
	at com.westernasset.pss.msg.queue.MessageFetcher.run(MessageFetcher.java:48)

2014-09-25 14:48:51,112 ERROR [AtpToPssMapper] com.westernasset.framework.subsystem.common.SubsystemException: SubsystemExceptionNested:
java.lang.RuntimeException: Storage is not configuredNested:
java.lang.RuntimeException: Storage is not configured
	at com.tangosol.coherence.component.util.daemon.queueProcessor.service.DistributedCache$BinaryMap.onMissingStorage(DistributedCache.CDB:9)
	at com.tangosol.coherence.component.util.daemon.queueProcessor.service.DistributedCache$BinaryMap.get(DistributedCache.CDB:15)
	at com.tangosol.util.ConverterCollections$ConverterMap.get(ConverterCollections.java:1300)
	at com.tangosol.coherence.component.util.daemon.queueProcessor.service.DistributedCache$ViewMap.get(DistributedCache.CDB:1)
	at com.tangosol.coherence.component.util.SafeNamedCache.get(SafeNamedCache.CDB:1)
	at com.tangosol.net.cache.CachingMap.get(CachingMap.java:490)
	at com.westernasset.smss.server.SecurityMasterNearCacheSubsystem.getDigitRatingFromString(SecurityMasterNearCacheSubsystem.java:186)
	at com.westernasset.smss.server.SecurityMasterNearCacheSubsystem.handleFuncCall(SecurityMasterNearCacheSubsystem.java:85)
	at com.westernasset.smss.server.SecurityMasterManagementSubsystem.handleFuncCall(SecurityMasterManagementSubsystem.java:23)
	at com.westernasset.framework.subsystem.receiving.SubsystemImpl.innerHandleFuncCall(SubsystemImpl.java:154)
	at com.westernasset.framework.subsystem.receiving.internal.InProcessFunctionCallReceiver.handleFuncCall(InProcessFunctionCallReceiver.java:49)
	at com.westernasset.framework.subsystem.calling.internal.inprocess.InProcessFunctionCallCaller.doCall(InProcessFunctionCallCaller.java:19)
	at com.westernasset.framework.subsystem.calling.internal.inprocess.ForwardIfNotFoundFunctionCallCaller.doCall(ForwardIfNotFoundFunctionCallCaller.java:28)
	at com.westernasset.framework.subsystem.calling.internal.base.BaseFunctionCallCaller.callFunc(BaseFunctionCallCaller.java:33)
	at com.westernasset.framework.subsystem.calling.internal.base.BaseSubsystem.callFunc(BaseSubsystem.java:35)
	at com.westernasset.pss.msg.mapper.AtpToPssMapper.getRating(AtpToPssMapper.java:219)
	at com.westernasset.pss.msg.mapper.AtpToPssMapper.updateSecurityWithRatings(AtpToPssMapper.java:192)
	at com.westernasset.pss.msg.mapper.AtpToPssMapper.createSecurityVO(AtpToPssMapper.java:133)
	at com.westernasset.pss.msg.reciever.process.TradeProcessor.createSecurity(TradeProcessor.java:297)
	at com.westernasset.pss.msg.reciever.process.TradeProcessor.process(TradeProcessor.java:49)
	at com.westernasset.pss.msg.queue.MessageFetcher.processMessage(MessageFetcher.java:91)
	at com.westernasset.pss.msg.queue.MessageFetcher.pullMessageFromQueue(MessageFetcher.java:78)
	at com.westernasset.pss.msg.queue.MessageFetcher.run(MessageFetcher.java:48)

2014-09-25 14:48:51,112 ERROR [AtpToPssMapper] com.westernasset.framework.subsystem.common.SubsystemException: SubsystemExceptionNested:
java.lang.RuntimeException: Storage is not configuredNested:
java.lang.RuntimeException: Storage is not configured
	at com.tangosol.coherence.component.util.daemon.queueProcessor.service.DistributedCache$BinaryMap.onMissingStorage(DistributedCache.CDB:9)
	at com.tangosol.coherence.component.util.daemon.queueProcessor.service.DistributedCache$BinaryMap.get(DistributedCache.CDB:15)
	at com.tangosol.util.ConverterCollections$ConverterMap.get(ConverterCollections.java:1300)
	at com.tangosol.coherence.component.util.daemon.queueProcessor.service.DistributedCache$ViewMap.get(DistributedCache.CDB:1)
	at com.tangosol.coherence.component.util.SafeNamedCache.get(SafeNamedCache.CDB:1)
	at com.tangosol.net.cache.CachingMap.get(CachingMap.java:490)
	at com.westernasset.smss.server.SecurityMasterNearCacheSubsystem.getDigitRatingFromString(SecurityMasterNearCacheSubsystem.java:186)
	at com.westernasset.smss.server.SecurityMasterNearCacheSubsystem.handleFuncCall(SecurityMasterNearCacheSubsystem.java:85)
	at com.westernasset.smss.server.SecurityMasterManagementSubsystem.handleFuncCall(SecurityMasterManagementSubsystem.java:23)
	at com.westernasset.framework.subsystem.receiving.SubsystemImpl.innerHandleFuncCall(SubsystemImpl.java:154)
	at com.westernasset.framework.subsystem.receiving.internal.InProcessFunctionCallReceiver.handleFuncCall(InProcessFunctionCallReceiver.java:49)
	at com.westernasset.framework.subsystem.calling.internal.inprocess.InProcessFunctionCallCaller.doCall(InProcessFunctionCallCaller.java:19)
	at com.westernasset.framework.subsystem.calling.internal.inprocess.ForwardIfNotFoundFunctionCallCaller.doCall(ForwardIfNotFoundFunctionCallCaller.java:28)
	at com.westernasset.framework.subsystem.calling.internal.base.BaseFunctionCallCaller.callFunc(BaseFunctionCallCaller.java:33)
	at com.westernasset.framework.subsystem.calling.internal.base.BaseSubsystem.callFunc(BaseSubsystem.java:35)
	at com.westernasset.pss.msg.mapper.AtpToPssMapper.getRating(AtpToPssMapper.java:219)
	at com.westernasset.pss.msg.mapper.AtpToPssMapper.updateSecurityWithRatings(AtpToPssMapper.java:197)
	at com.westernasset.pss.msg.mapper.AtpToPssMapper.createSecurityVO(AtpToPssMapper.java:133)
	at com.westernasset.pss.msg.reciever.process.TradeProcessor.createSecurity(TradeProcessor.java:297)
	at com.westernasset.pss.msg.reciever.process.TradeProcessor.process(TradeProcessor.java:49)
	at com.westernasset.pss.msg.queue.MessageFetcher.processMessage(MessageFetcher.java:91)
	at com.westernasset.pss.msg.queue.MessageFetcher.pullMessageFromQueue(MessageFetcher.java:78)
	at com.westernasset.pss.msg.queue.MessageFetcher.run(MessageFetcher.java:48)

2014-09-25 14:48:51,113 ERROR [AtpToPssMapper] com.westernasset.framework.subsystem.common.SubsystemException: SubsystemExceptionNested:
java.lang.RuntimeException: Storage is not configuredNested:
java.lang.RuntimeException: Storage is not configured
	at com.tangosol.coherence.component.util.daemon.queueProcessor.service.DistributedCache$BinaryMap.onMissingStorage(DistributedCache.CDB:9)
	at com.tangosol.coherence.component.util.daemon.queueProcessor.service.DistributedCache$BinaryMap.get(DistributedCache.CDB:15)
	at com.tangosol.util.ConverterCollections$ConverterMap.get(ConverterCollections.java:1300)
	at com.tangosol.coherence.component.util.daemon.queueProcessor.service.DistributedCache$ViewMap.get(DistributedCache.CDB:1)
	at com.tangosol.coherence.component.util.SafeNamedCache.get(SafeNamedCache.CDB:1)
	at com.tangosol.net.cache.CachingMap.get(CachingMap.java:490)
	at com.westernasset.smss.server.SecurityMasterNearCacheSubsystem.getDigitRatingFromString(SecurityMasterNearCacheSubsystem.java:186)
	at com.westernasset.smss.server.SecurityMasterNearCacheSubsystem.handleFuncCall(SecurityMasterNearCacheSubsystem.java:85)
	at com.westernasset.smss.server.SecurityMasterManagementSubsystem.handleFuncCall(SecurityMasterManagementSubsystem.java:23)
	at com.westernasset.framework.subsystem.receiving.SubsystemImpl.innerHandleFuncCall(SubsystemImpl.java:154)
	at com.westernasset.framework.subsystem.receiving.internal.InProcessFunctionCallReceiver.handleFuncCall(InProcessFunctionCallReceiver.java:49)
	at com.westernasset.framework.subsystem.calling.internal.inprocess.InProcessFunctionCallCaller.doCall(InProcessFunctionCallCaller.java:19)
	at com.westernasset.framework.subsystem.calling.internal.inprocess.ForwardIfNotFoundFunctionCallCaller.doCall(ForwardIfNotFoundFunctionCallCaller.java:28)
	at com.westernasset.framework.subsystem.calling.internal.base.BaseFunctionCallCaller.callFunc(BaseFunctionCallCaller.java:33)
	at com.westernasset.framework.subsystem.calling.internal.base.BaseSubsystem.callFunc(BaseSubsystem.java:35)
	at com.westernasset.pss.msg.mapper.AtpToPssMapper.getRating(AtpToPssMapper.java:219)
	at com.westernasset.pss.msg.mapper.AtpToPssMapper.updateSecurityWithRatings(AtpToPssMapper.java:202)
	at com.westernasset.pss.msg.mapper.AtpToPssMapper.createSecurityVO(AtpToPssMapper.java:133)
	at com.westernasset.pss.msg.reciever.process.TradeProcessor.createSecurity(TradeProcessor.java:297)
	at com.westernasset.pss.msg.reciever.process.TradeProcessor.process(TradeProcessor.java:49)
	at com.westernasset.pss.msg.queue.MessageFetcher.processMessage(MessageFetcher.java:91)
	at com.westernasset.pss.msg.queue.MessageFetcher.pullMessageFromQueue(MessageFetcher.java:78)
	at com.westernasset.pss.msg.queue.MessageFetcher.run(MessageFetcher.java:48)

2014-09-25 14:48:51,114 ERROR [SecurityCacheManager] Failed to add security to cache: Storage is not configured : {SecurityId=1531716, AMTValue=1.0, MoodyRating=0, MoodyShortRating=0, FitchRating=0, FitchShortRating=0, SecurityTypeId=22, AssetTypeId=8, ProductId=20, SpRating=0, SpShortRating=0, WaRating=0, WaShortRating=0, IssueDate=2014-09-18T00:00:00.000-0700, MaturityDate=1944-09-15T00:00:00.000-0700, AssetId=878091BD8, CurrencyCode=USD, SecurityType=CORPORATE, Description=TEACHERS INSUR & ANNUITY, Product=Bonds/Notes (Par), SubSubSector=LIFE, TickerSymbol=TIAAGL, BBName=TEACHERS INSUR & ANNUITY, IntType=FIXED, MinPiece=2000.0000, MinIncrement=2000.0000, AverageLife=29.975, Coupon=4.9, Dtm=10948.0, DtmLegalFinal=10948.0, Factor=1.0, DurationFactor=1.0, EffectiveConvexity=3.788, EffectiveDuration=16.097, YieldToWorst=4.769, MarketCFYield=4.769, OptionASpread=155.0, SpreadDuration=15.22, Country=US, AMT=N, NyIssuer=TIAAGL&8, LnIssuer=TIAAGL&8}
java.lang.RuntimeException: Storage is not configured
	at com.tangosol.coherence.component.util.daemon.queueProcessor.service.DistributedCache$BinaryMap.onMissingStorage(DistributedCache.CDB:9)
	at com.tangosol.coherence.component.util.daemon.queueProcessor.service.DistributedCache$BinaryMap.get(DistributedCache.CDB:15)
	at com.tangosol.util.ConverterCollections$ConverterMap.get(ConverterCollections.java:1300)
	at com.tangosol.coherence.component.util.daemon.queueProcessor.service.DistributedCache$ViewMap.get(DistributedCache.CDB:1)
	at com.tangosol.coherence.component.util.SafeNamedCache.get(SafeNamedCache.CDB:1)
	at com.tangosol.net.cache.CachingMap.get(CachingMap.java:490)
	at com.westernasset.smss.common.util.BusinessUtils.getIssuerDesciption(BusinessUtils.java:146)
	at com.westernasset.smss.common.util.BusinessUtils.fillNUIssuerId(BusinessUtils.java:513)
	at com.westernasset.smss.common.util.BusinessUtils.fillDerivedValues(BusinessUtils.java:421)
	at com.westernasset.smss.server.SecurityCacheManager.addSecurity(SecurityCacheManager.java:137)
	at com.westernasset.smss.server.SecurityMasterNearCacheSubsystem.addSecurity(SecurityMasterNearCacheSubsystem.java:202)
	at com.westernasset.smss.server.SecurityMasterNearCacheSubsystem.handleFuncCall(SecurityMasterNearCacheSubsystem.java:92)
	at com.westernasset.smss.server.SecurityMasterManagementSubsystem.handleFuncCall(SecurityMasterManagementSubsystem.java:23)
	at com.westernasset.framework.subsystem.receiving.SubsystemImpl.innerHandleFuncCall(SubsystemImpl.java:154)
	at com.westernasset.framework.subsystem.receiving.internal.InProcessFunctionCallReceiver.handleFuncCall(InProcessFunctionCallReceiver.java:49)
	at com.westernasset.framework.subsystem.calling.internal.inprocess.InProcessFunctionCallCaller.doCall(InProcessFunctionCallCaller.java:19)
	at com.westernasset.framework.subsystem.calling.internal.inprocess.ForwardIfNotFoundFunctionCallCaller.doCall(ForwardIfNotFoundFunctionCallCaller.java:28)
	at com.westernasset.framework.subsystem.calling.internal.base.BaseFunctionCallCaller.callFunc(BaseFunctionCallCaller.java:33)
	at com.westernasset.framework.subsystem.calling.internal.base.BaseSubsystem.callFunc(BaseSubsystem.java:35)
	at com.westernasset.pss.msg.reciever.process.TradeProcessor.createSecurity(TradeProcessor.java:302)
	at com.westernasset.pss.msg.reciever.process.TradeProcessor.process(TradeProcessor.java:49)
	at com.westernasset.pss.msg.queue.MessageFetcher.processMessage(MessageFetcher.java:91)
	at com.westernasset.pss.msg.queue.MessageFetcher.pullMessageFromQueue(MessageFetcher.java:78)
	at com.westernasset.pss.msg.queue.MessageFetcher.run(MessageFetcher.java:48)
2014-09-25 14:48:51,114 INFO  [TradeProcessor] Created Security :{SecurityId=1531716, AMTValue=1.0, MoodyRating=0, MoodyShortRating=0, FitchRating=0, FitchShortRating=0, SecurityTypeId=22, AssetTypeId=8, ProductId=20, SpRating=0, SpShortRating=0, WaRating=0, WaShortRating=0, IssueDate=2014-09-18T00:00:00.000-0700, MaturityDate=1944-09-15T00:00:00.000-0700, AssetId=878091BD8, CurrencyCode=USD, SecurityType=CORPORATE, Description=TEACHERS INSUR & ANNUITY, Product=Bonds/Notes (Par), SubSubSector=LIFE, TickerSymbol=TIAAGL, BBName=TEACHERS INSUR & ANNUITY, IntType=FIXED, MinPiece=2000.0000, MinIncrement=2000.0000, AverageLife=29.975, Coupon=4.9, Dtm=10948.0, DtmLegalFinal=10948.0, Factor=1.0, DurationFactor=1.0, EffectiveConvexity=3.788, EffectiveDuration=16.097, YieldToWorst=4.769, MarketCFYield=4.769, OptionASpread=155.0, SpreadDuration=15.22, Country=US, AMT=N, NyIssuer=TIAAGL&8, LnIssuer=TIAAGL&8}
2014-09-25 14:48:51,115 ERROR [TradeProcessor] Error in getPrioTradeStatusByMessage
com.westernasset.framework.subsystem.common.SubsystemException: SubsystemExceptionNested:
java.lang.RuntimeException: Storage is not configuredNested:
java.lang.RuntimeException: Storage is not configured
	at com.tangosol.coherence.component.util.daemon.queueProcessor.service.DistributedCache$BinaryMap.onMissingStorage(DistributedCache.CDB:9)
	at com.tangosol.coherence.component.util.daemon.queueProcessor.service.DistributedCache$BinaryMap.get(DistributedCache.CDB:15)
	at com.tangosol.util.ConverterCollections$ConverterMap.get(ConverterCollections.java:1300)
	at com.tangosol.coherence.component.util.daemon.queueProcessor.service.DistributedCache$ViewMap.get(DistributedCache.CDB:1)
	at com.tangosol.coherence.component.util.SafeNamedCache.get(SafeNamedCache.CDB:1)
	at com.tangosol.net.cache.CachingMap.get(CachingMap.java:490)
	at com.westernasset.tss.cache.TradeCacheManager.getTradeById(TradeCacheManager.java:202)
	at com.westernasset.tss.services.TradeNearCacheSubsystem.getTradeById(TradeNearCacheSubsystem.java:104)
	at com.westernasset.tss.services.TradeNearCacheSubsystem.handleFuncCall(TradeNearCacheSubsystem.java:50)
	at com.westernasset.tss.services.TradeSubsystem.handleFuncCall(TradeSubsystem.java:29)
	at com.westernasset.framework.subsystem.receiving.SubsystemImpl.innerHandleFuncCall(SubsystemImpl.java:154)
	at com.westernasset.framework.subsystem.receiving.internal.InProcessFunctionCallReceiver.handleFuncCall(InProcessFunctionCallReceiver.java:49)
	at com.westernasset.framework.subsystem.calling.internal.inprocess.InProcessFunctionCallCaller.doCall(InProcessFunctionCallCaller.java:19)
	at com.westernasset.framework.subsystem.calling.internal.inprocess.ForwardIfNotFoundFunctionCallCaller.doCall(ForwardIfNotFoundFunctionCallCaller.java:28)
	at com.westernasset.framework.subsystem.calling.internal.base.BaseFunctionCallCaller.callFunc(BaseFunctionCallCaller.java:33)
	at com.westernasset.framework.subsystem.calling.internal.base.BaseSubsystem.callFunc(BaseSubsystem.java:35)
	at com.westernasset.pss.msg.reciever.process.TradeProcessor.getTradeByTradeId(TradeProcessor.java:250)
	at com.westernasset.pss.msg.reciever.process.TradeProcessor.getPrioTradeStatusByMessage(TradeProcessor.java:268)
	at com.westernasset.pss.msg.reciever.process.TradeProcessor.process(TradeProcessor.java:50)
	at com.westernasset.pss.msg.queue.MessageFetcher.processMessage(MessageFetcher.java:91)
	at com.westernasset.pss.msg.queue.MessageFetcher.pullMessageFromQueue(MessageFetcher.java:78)
	at com.westernasset.pss.msg.queue.MessageFetcher.run(MessageFetcher.java:48)

	at com.westernasset.framework.subsystem.common.internal.SubsystemExceptionUtils.dataObjectToException(SubsystemExceptionUtils.java:38)
	at com.westernasset.framework.subsystem.common.internal.SubsystemExceptionUtils.throwExceptionIfNeeded(SubsystemExceptionUtils.java:15)
	at com.westernasset.framework.subsystem.calling.internal.base.BaseSubsystem.callFunc(BaseSubsystem.java:37)
	at com.westernasset.pss.msg.reciever.process.TradeProcessor.getTradeByTradeId(TradeProcessor.java:250)
	at com.westernasset.pss.msg.reciever.process.TradeProcessor.getPrioTradeStatusByMessage(TradeProcessor.java:268)
	at com.westernasset.pss.msg.reciever.process.TradeProcessor.process(TradeProcessor.java:50)
	at com.westernasset.pss.msg.queue.MessageFetcher.processMessage(MessageFetcher.java:91)
	at com.westernasset.pss.msg.queue.MessageFetcher.pullMessageFromQueue(MessageFetcher.java:78)
	at com.westernasset.pss.msg.queue.MessageFetcher.run(MessageFetcher.java:48)
2014-09-25 14:48:51,115 ERROR [TradeProcessor] Exception occured while processing message
java.lang.RuntimeException: Storage is not configured
	at com.tangosol.coherence.component.util.daemon.queueProcessor.service.DistributedCache$BinaryMap.onMissingStorage(DistributedCache.CDB:9)
	at com.tangosol.coherence.component.util.daemon.queueProcessor.service.DistributedCache$BinaryMap.get(DistributedCache.CDB:15)
	at com.tangosol.util.ConverterCollections$ConverterMap.get(ConverterCollections.java:1300)
	at com.tangosol.coherence.component.util.daemon.queueProcessor.service.DistributedCache$ViewMap.get(DistributedCache.CDB:1)
	at com.tangosol.coherence.component.util.SafeNamedCache.get(SafeNamedCache.CDB:1)
	at com.tangosol.net.cache.CachingMap.get(CachingMap.java:490)
	at com.westernasset.tss.cache.TradeCacheManager.isDuplicateTrade(TradeCacheManager.java:356)
	at com.westernasset.pss.common.util.PojoHelper.createObjects(PojoHelper.java:132)
	at com.westernasset.pss.msg.reciever.process.TradeProcessor.process(TradeProcessor.java:55)
	at com.westernasset.pss.msg.queue.MessageFetcher.processMessage(MessageFetcher.java:91)
	at com.westernasset.pss.msg.queue.MessageFetcher.pullMessageFromQueue(MessageFetcher.java:78)
	at com.westernasset.pss.msg.queue.MessageFetcher.run(MessageFetcher.java:48)
2014-09-25 14:48:51,115 INFO  [TradeProcessor] End process method 727 MB
2014-09-25 14:48:51,115 INFO  [TradeProcessor] Time taken by TradeProcessor.process method 6
2014-09-25 14:48:51,115 INFO  [MessageFetcher] Processing message completed...[7462016]
2014-09-25 14:48:51,115 INFO  [MessageQueue] Removing the first item of 7 from the queue
2014-09-25 14:48:51,115 INFO  [MessageFetcher] Processing message started...[7462010]
2014-09-25 14:48:51,115 INFO  [TradeProcessor] Begin process method 727 MB
2014-09-25 14:48:51,115 ERROR [TradeProcessor] Error in doSecurityExist
java.lang.RuntimeException: Storage is not configured
	at com.tangosol.coherence.component.util.daemon.queueProcessor.service.DistributedCache$BinaryMap.onMissingStorage(DistributedCache.CDB:9)
	at com.tangosol.coherence.component.util.daemon.queueProcessor.service.DistributedCache$BinaryMap.get(DistributedCache.CDB:15)
	at com.tangosol.util.ConverterCollections$ConverterMap.get(ConverterCollections.java:1300)
	at com.tangosol.coherence.component.util.daemon.queueProcessor.service.DistributedCache$ViewMap.get(DistributedCache.CDB:1)
	at com.tangosol.coherence.component.util.SafeNamedCache.get(SafeNamedCache.CDB:1)
	at com.tangosol.net.cache.CachingMap.get(CachingMap.java:490)
	at com.westernasset.smss.common.util.BusinessDateHelper.get(BusinessDateHelper.java:55)
	at com.westernasset.smss.common.util.BusinessDateHelper.getBusinessDateFromCacheWithOffset(BusinessDateHelper.java:130)
	at com.westernasset.smss.common.util.BusinessDateHelper.getCurrentBusinessDateAny(BusinessDateHelper.java:125)
	at com.westernasset.pss.msg.reciever.process.TradeProcessor.doSecurityExist(TradeProcessor.java:328)
	at com.westernasset.pss.msg.reciever.process.TradeProcessor.createSecurity(TradeProcessor.java:296)
	at com.westernasset.pss.msg.reciever.process.TradeProcessor.process(TradeProcessor.java:49)
	at com.westernasset.pss.msg.queue.MessageFetcher.processMessage(MessageFetcher.java:91)
	at com.westernasset.pss.msg.queue.MessageFetcher.pullMessageFromQueue(MessageFetcher.java:78)
	at com.westernasset.pss.msg.queue.MessageFetcher.run(MessageFetcher.java:48)
2014-09-25 14:48:51,116 ERROR [AtpToPssMapper] com.westernasset.framework.subsystem.common.SubsystemException: SubsystemExceptionNested:
java.lang.RuntimeException: Storage is not configuredNested:
java.lang.RuntimeException: Storage is not configured
	at com.tangosol.coherence.component.util.daemon.queueProcessor.service.DistributedCache$BinaryMap.onMissingStorage(DistributedCache.CDB:9)
	at com.tangosol.coherence.component.util.daemon.queueProcessor.service.DistributedCache$BinaryMap.get(DistributedCache.CDB:15)
	at com.tangosol.util.ConverterCollections$ConverterMap.get(ConverterCollections.java:1300)
	at com.tangosol.coherence.component.util.daemon.queueProcessor.service.DistributedCache$ViewMap.get(DistributedCache.CDB:1)
	at com.tangosol.coherence.component.util.SafeNamedCache.get(SafeNamedCache.CDB:1)
	at com.tangosol.net.cache.CachingMap.get(CachingMap.java:490)
	at com.westernasset.smss.server.SecurityMasterNearCacheSubsystem.getDigitRatingFromString(SecurityMasterNearCacheSubsystem.java:186)
	at com.westernasset.smss.server.SecurityMasterNearCacheSubsystem.handleFuncCall(SecurityMasterNearCacheSubsystem.java:85)
	at com.westernasset.smss.server.SecurityMasterManagementSubsystem.handleFuncCall(SecurityMasterManagementSubsystem.java:23)
	at com.westernasset.framework.subsystem.receiving.SubsystemImpl.innerHandleFuncCall(SubsystemImpl.java:154)
	at com.westernasset.framework.subsystem.receiving.internal.InProcessFunctionCallReceiver.handleFuncCall(InProcessFunctionCallReceiver.java:49)
	at com.westernasset.framework.subsystem.calling.internal.inprocess.InProcessFunctionCallCaller.doCall(InProcessFunctionCallCaller.java:19)
	at com.westernasset.framework.subsystem.calling.internal.inprocess.ForwardIfNotFoundFunctionCallCaller.doCall(ForwardIfNotFoundFunctionCallCaller.java:28)
	at com.westernasset.framework.subsystem.calling.internal.base.BaseFunctionCallCaller.callFunc(BaseFunctionCallCaller.java:33)
	at com.westernasset.framework.subsystem.calling.internal.base.BaseSubsystem.callFunc(BaseSubsystem.java:35)
	at com.westernasset.pss.msg.mapper.AtpToPssMapper.getRating(AtpToPssMapper.java:219)
	at com.westernasset.pss.msg.mapper.AtpToPssMapper.updateSecurityWithRatings(AtpToPssMapper.java:167)
	at com.westernasset.pss.msg.mapper.AtpToPssMapper.createSecurityVO(AtpToPssMapper.java:133)
	at com.westernasset.pss.msg.reciever.process.TradeProcessor.createSecurity(TradeProcessor.java:297)
	at com.westernasset.pss.msg.reciever.process.TradeProcessor.process(TradeProcessor.java:49)
	at com.westernasset.pss.msg.queue.MessageFetcher.processMessage(MessageFetcher.java:91)
	at com.westernasset.pss.msg.queue.MessageFetcher.pullMessageFromQueue(MessageFetcher.java:78)
	at com.westernasset.pss.msg.queue.MessageFetcher.run(MessageFetcher.java:48)

2014-09-25 14:48:51,117 ERROR [AtpToPssMapper] com.westernasset.framework.subsystem.common.SubsystemException: SubsystemExceptionNested:
java.lang.RuntimeException: Storage is not configuredNested:
java.lang.RuntimeException: Storage is not configured
	at com.tangosol.coherence.component.util.daemon.queueProcessor.service.DistributedCache$BinaryMap.onMissingStorage(DistributedCache.CDB:9)
	at com.tangosol.coherence.component.util.daemon.queueProcessor.service.DistributedCache$BinaryMap.get(DistributedCache.CDB:15)
	at com.tangosol.util.ConverterCollections$ConverterMap.get(ConverterCollections.java:1300)
	at com.tangosol.coherence.component.util.daemon.queueProcessor.service.DistributedCache$ViewMap.get(DistributedCache.CDB:1)
	at com.tangosol.coherence.component.util.SafeNamedCache.get(SafeNamedCache.CDB:1)
	at com.tangosol.net.cache.CachingMap.get(CachingMap.java:490)
	at com.westernasset.smss.server.SecurityMasterNearCacheSubsystem.getDigitRatingFromString(SecurityMasterNearCacheSubsystem.java:186)
	at com.westernasset.smss.server.SecurityMasterNearCacheSubsystem.handleFuncCall(SecurityMasterNearCacheSubsystem.java:85)
	at com.westernasset.smss.server.SecurityMasterManagementSubsystem.handleFuncCall(SecurityMasterManagementSubsystem.java:23)
	at com.westernasset.framework.subsystem.receiving.SubsystemImpl.innerHandleFuncCall(SubsystemImpl.java:154)
	at com.westernasset.framework.subsystem.receiving.internal.InProcessFunctionCallReceiver.handleFuncCall(InProcessFunctionCallReceiver.java:49)
	at com.westernasset.framework.subsystem.calling.internal.inprocess.InProcessFunctionCallCaller.doCall(InProcessFunctionCallCaller.java:19)
	at com.westernasset.framework.subsystem.calling.internal.inprocess.ForwardIfNotFoundFunctionCallCaller.doCall(ForwardIfNotFoundFunctionCallCaller.java:28)
	at com.westernasset.framework.subsystem.calling.internal.base.BaseFunctionCallCaller.callFunc(BaseFunctionCallCaller.java:33)
	at com.westernasset.framework.subsystem.calling.internal.base.BaseSubsystem.callFunc(BaseSubsystem.java:35)
	at com.westernasset.pss.msg.mapper.AtpToPssMapper.getRating(AtpToPssMapper.java:219)
	at com.westernasset.pss.msg.mapper.AtpToPssMapper.updateSecurityWithRatings(AtpToPssMapper.java:172)
	at com.westernasset.pss.msg.mapper.AtpToPssMapper.createSecurityVO(AtpToPssMapper.java:133)
	at com.westernasset.pss.msg.reciever.process.TradeProcessor.createSecurity(TradeProcessor.java:297)
	at com.westernasset.pss.msg.reciever.process.TradeProcessor.process(TradeProcessor.java:49)
	at com.westernasset.pss.msg.queue.MessageFetcher.processMessage(MessageFetcher.java:91)
	at com.westernasset.pss.msg.queue.MessageFetcher.pullMessageFromQueue(MessageFetcher.java:78)
	at com.westernasset.pss.msg.queue.MessageFetcher.run(MessageFetcher.java:48)

2014-09-25 14:48:51,117 ERROR [AtpToPssMapper] com.westernasset.framework.subsystem.common.SubsystemException: SubsystemExceptionNested:
java.lang.RuntimeException: Storage is not configuredNested:
java.lang.RuntimeException: Storage is not configured
	at com.tangosol.coherence.component.util.daemon.queueProcessor.service.DistributedCache$BinaryMap.onMissingStorage(DistributedCache.CDB:9)
	at com.tangosol.coherence.component.util.daemon.queueProcessor.service.DistributedCache$BinaryMap.get(DistributedCache.CDB:15)
	at com.tangosol.util.ConverterCollections$ConverterMap.get(ConverterCollections.java:1300)
	at com.tangosol.coherence.component.util.daemon.queueProcessor.service.DistributedCache$ViewMap.get(DistributedCache.CDB:1)
	at com.tangosol.coherence.component.util.SafeNamedCache.get(SafeNamedCache.CDB:1)
	at com.tangosol.net.cache.CachingMap.get(CachingMap.java:490)
	at com.westernasset.smss.server.SecurityMasterNearCacheSubsystem.getDigitRatingFromString(SecurityMasterNearCacheSubsystem.java:186)
	at com.westernasset.smss.server.SecurityMasterNearCacheSubsystem.handleFuncCall(SecurityMasterNearCacheSubsystem.java:85)
	at com.westernasset.smss.server.SecurityMasterManagementSubsystem.handleFuncCall(SecurityMasterManagementSubsystem.java:23)
	at com.westernasset.framework.subsystem.receiving.SubsystemImpl.innerHandleFuncCall(SubsystemImpl.java:154)
	at com.westernasset.framework.subsystem.receiving.internal.InProcessFunctionCallReceiver.handleFuncCall(InProcessFunctionCallReceiver.java:49)
	at com.westernasset.framework.subsystem.calling.internal.inprocess.InProcessFunctionCallCaller.doCall(InProcessFunctionCallCaller.java:19)
	at com.westernasset.framework.subsystem.calling.internal.inprocess.ForwardIfNotFoundFunctionCallCaller.doCall(ForwardIfNotFoundFunctionCallCaller.java:28)
	at com.westernasset.framework.subsystem.calling.internal.base.BaseFunctionCallCaller.callFunc(BaseFunctionCallCaller.java:33)
	at com.westernasset.framework.subsystem.calling.internal.base.BaseSubsystem.callFunc(BaseSubsystem.java:35)
	at com.westernasset.pss.msg.mapper.AtpToPssMapper.getRating(AtpToPssMapper.java:219)
	at com.westernasset.pss.msg.mapper.AtpToPssMapper.updateSecurityWithRatings(AtpToPssMapper.java:177)
	at com.westernasset.pss.msg.mapper.AtpToPssMapper.createSecurityVO(AtpToPssMapper.java:133)
	at com.westernasset.pss.msg.reciever.process.TradeProcessor.createSecurity(TradeProcessor.java:297)
	at com.westernasset.pss.msg.reciever.process.TradeProcessor.process(TradeProcessor.java:49)
	at com.westernasset.pss.msg.queue.MessageFetcher.processMessage(MessageFetcher.java:91)
	at com.westernasset.pss.msg.queue.MessageFetcher.pullMessageFromQueue(MessageFetcher.java:78)
	at com.westernasset.pss.msg.queue.MessageFetcher.run(MessageFetcher.java:48)

2014-09-25 14:48:51,117 ERROR [AtpToPssMapper] com.westernasset.framework.subsystem.common.SubsystemException: SubsystemExceptionNested:
java.lang.RuntimeException: Storage is not configuredNested:
java.lang.RuntimeException: Storage is not configured
	at com.tangosol.coherence.component.util.daemon.queueProcessor.service.DistributedCache$BinaryMap.onMissingStorage(DistributedCache.CDB:9)
	at com.tangosol.coherence.component.util.daemon.queueProcessor.service.DistributedCache$BinaryMap.get(DistributedCache.CDB:15)
	at com.tangosol.util.ConverterCollections$ConverterMap.get(ConverterCollections.java:1300)
	at com.tangosol.coherence.component.util.daemon.queueProcessor.service.DistributedCache$ViewMap.get(DistributedCache.CDB:1)
	at com.tangosol.coherence.component.util.SafeNamedCache.get(SafeNamedCache.CDB:1)
	at com.tangosol.net.cache.CachingMap.get(CachingMap.java:490)
	at com.westernasset.smss.server.SecurityMasterNearCacheSubsystem.getDigitRatingFromString(SecurityMasterNearCacheSubsystem.java:186)
	at com.westernasset.smss.server.SecurityMasterNearCacheSubsystem.handleFuncCall(SecurityMasterNearCacheSubsystem.java:85)
	at com.westernasset.smss.server.SecurityMasterManagementSubsystem.handleFuncCall(SecurityMasterManagementSubsystem.java:23)
	at com.westernasset.framework.subsystem.receiving.SubsystemImpl.innerHandleFuncCall(SubsystemImpl.java:154)
	at com.westernasset.framework.subsystem.receiving.internal.InProcessFunctionCallReceiver.handleFuncCall(InProcessFunctionCallReceiver.java:49)
	at com.westernasset.framework.subsystem.calling.internal.inprocess.InProcessFunctionCallCaller.doCall(InProcessFunctionCallCaller.java:19)
	at com.westernasset.framework.subsystem.calling.internal.inprocess.ForwardIfNotFoundFunctionCallCaller.doCall(ForwardIfNotFoundFunctionCallCaller.java:28)
	at com.westernasset.framework.subsystem.calling.internal.base.BaseFunctionCallCaller.callFunc(BaseFunctionCallCaller.java:33)
	at com.westernasset.framework.subsystem.calling.internal.base.BaseSubsystem.callFunc(BaseSubsystem.java:35)
	at com.westernasset.pss.msg.mapper.AtpToPssMapper.getRating(AtpToPssMapper.java:219)
	at com.westernasset.pss.msg.mapper.AtpToPssMapper.updateSecurityWithRatings(AtpToPssMapper.java:182)
	at com.westernasset.pss.msg.mapper.AtpToPssMapper.createSecurityVO(AtpToPssMapper.java:133)
	at com.westernasset.pss.msg.reciever.process.TradeProcessor.createSecurity(TradeProcessor.java:297)
	at com.westernasset.pss.msg.reciever.process.TradeProcessor.process(TradeProcessor.java:49)
	at com.westernasset.pss.msg.queue.MessageFetcher.processMessage(MessageFetcher.java:91)
	at com.westernasset.pss.msg.queue.MessageFetcher.pullMessageFromQueue(MessageFetcher.java:78)
	at com.westernasset.pss.msg.queue.MessageFetcher.run(MessageFetcher.java:48)

2014-09-25 14:48:51,118 ERROR [AtpToPssMapper] com.westernasset.framework.subsystem.common.SubsystemException: SubsystemExceptionNested:
java.lang.RuntimeException: Storage is not configuredNested:
java.lang.RuntimeException: Storage is not configured
	at com.tangosol.coherence.component.util.daemon.queueProcessor.service.DistributedCache$BinaryMap.onMissingStorage(DistributedCache.CDB:9)
	at com.tangosol.coherence.component.util.daemon.queueProcessor.service.DistributedCache$BinaryMap.get(DistributedCache.CDB:15)
	at com.tangosol.util.ConverterCollections$ConverterMap.get(ConverterCollections.java:1300)
	at com.tangosol.coherence.component.util.daemon.queueProcessor.service.DistributedCache$ViewMap.get(DistributedCache.CDB:1)
	at com.tangosol.coherence.component.util.SafeNamedCache.get(SafeNamedCache.CDB:1)
	at com.tangosol.net.cache.CachingMap.get(CachingMap.java:490)
	at com.westernasset.smss.server.SecurityMasterNearCacheSubsystem.getDigitRatingFromString(SecurityMasterNearCacheSubsystem.java:186)
	at com.westernasset.smss.server.SecurityMasterNearCacheSubsystem.handleFuncCall(SecurityMasterNearCacheSubsystem.java:85)
	at com.westernasset.smss.server.SecurityMasterManagementSubsystem.handleFuncCall(SecurityMasterManagementSubsystem.java:23)
	at com.westernasset.framework.subsystem.receiving.SubsystemImpl.innerHandleFuncCall(SubsystemImpl.java:154)
	at com.westernasset.framework.subsystem.receiving.internal.InProcessFunctionCallReceiver.handleFuncCall(InProcessFunctionCallReceiver.java:49)
	at com.westernasset.framework.subsystem.calling.internal.inprocess.InProcessFunctionCallCaller.doCall(InProcessFunctionCallCaller.java:19)
	at com.westernasset.framework.subsystem.calling.internal.inprocess.ForwardIfNotFoundFunctionCallCaller.doCall(ForwardIfNotFoundFunctionCallCaller.java:28)
	at com.westernasset.framework.subsystem.calling.internal.base.BaseFunctionCallCaller.callFunc(BaseFunctionCallCaller.java:33)
	at com.westernasset.framework.subsystem.calling.internal.base.BaseSubsystem.callFunc(BaseSubsystem.java:35)
	at com.westernasset.pss.msg.mapper.AtpToPssMapper.getRating(AtpToPssMapper.java:219)
	at com.westernasset.pss.msg.mapper.AtpToPssMapper.updateSecurityWithRatings(AtpToPssMapper.java:187)
	at com.westernasset.pss.msg.mapper.AtpToPssMapper.createSecurityVO(AtpToPssMapper.java:133)
	at com.westernasset.pss.msg.reciever.process.TradeProcessor.createSecurity(TradeProcessor.java:297)
	at com.westernasset.pss.msg.reciever.process.TradeProcessor.process(TradeProcessor.java:49)
	at com.westernasset.pss.msg.queue.MessageFetcher.processMessage(MessageFetcher.java:91)
	at com.westernasset.pss.msg.queue.MessageFetcher.pullMessageFromQueue(MessageFetcher.java:78)
	at com.westernasset.pss.msg.queue.MessageFetcher.run(MessageFetcher.java:48)

2014-09-25 14:48:51,118 ERROR [AtpToPssMapper] com.westernasset.framework.subsystem.common.SubsystemException: SubsystemExceptionNested:
java.lang.RuntimeException: Storage is not configuredNested:
java.lang.RuntimeException: Storage is not configured
	at com.tangosol.coherence.component.util.daemon.queueProcessor.service.DistributedCache$BinaryMap.onMissingStorage(DistributedCache.CDB:9)
	at com.tangosol.coherence.component.util.daemon.queueProcessor.service.DistributedCache$BinaryMap.get(DistributedCache.CDB:15)
	at com.tangosol.util.ConverterCollections$ConverterMap.get(ConverterCollections.java:1300)
	at com.tangosol.coherence.component.util.daemon.queueProcessor.service.DistributedCache$ViewMap.get(DistributedCache.CDB:1)
	at com.tangosol.coherence.component.util.SafeNamedCache.get(SafeNamedCache.CDB:1)
	at com.tangosol.net.cache.CachingMap.get(CachingMap.java:490)
	at com.westernasset.smss.server.SecurityMasterNearCacheSubsystem.getDigitRatingFromString(SecurityMasterNearCacheSubsystem.java:186)
	at com.westernasset.smss.server.SecurityMasterNearCacheSubsystem.handleFuncCall(SecurityMasterNearCacheSubsystem.java:85)
	at com.westernasset.smss.server.SecurityMasterManagementSubsystem.handleFuncCall(SecurityMasterManagementSubsystem.java:23)
	at com.westernasset.framework.subsystem.receiving.SubsystemImpl.innerHandleFuncCall(SubsystemImpl.java:154)
	at com.westernasset.framework.subsystem.receiving.internal.InProcessFunctionCallReceiver.handleFuncCall(InProcessFunctionCallReceiver.java:49)
	at com.westernasset.framework.subsystem.calling.internal.inprocess.InProcessFunctionCallCaller.doCall(InProcessFunctionCallCaller.java:19)
	at com.westernasset.framework.subsystem.calling.internal.inprocess.ForwardIfNotFoundFunctionCallCaller.doCall(ForwardIfNotFoundFunctionCallCaller.java:28)
	at com.westernasset.framework.subsystem.calling.internal.base.BaseFunctionCallCaller.callFunc(BaseFunctionCallCaller.java:33)
	at com.westernasset.framework.subsystem.calling.internal.base.BaseSubsystem.callFunc(BaseSubsystem.java:35)
	at com.westernasset.pss.msg.mapper.AtpToPssMapper.getRating(AtpToPssMapper.java:219)
	at com.westernasset.pss.msg.mapper.AtpToPssMapper.updateSecurityWithRatings(AtpToPssMapper.java:192)
	at com.westernasset.pss.msg.mapper.AtpToPssMapper.createSecurityVO(AtpToPssMapper.java:133)
	at com.westernasset.pss.msg.reciever.process.TradeProcessor.createSecurity(TradeProcessor.java:297)
	at com.westernasset.pss.msg.reciever.process.TradeProcessor.process(TradeProcessor.java:49)
	at com.westernasset.pss.msg.queue.MessageFetcher.processMessage(MessageFetcher.java:91)
	at com.westernasset.pss.msg.queue.MessageFetcher.pullMessageFromQueue(MessageFetcher.java:78)
	at com.westernasset.pss.msg.queue.MessageFetcher.run(MessageFetcher.java:48)

2014-09-25 14:48:51,119 ERROR [AtpToPssMapper] com.westernasset.framework.subsystem.common.SubsystemException: SubsystemExceptionNested:
java.lang.RuntimeException: Storage is not configuredNested:
java.lang.RuntimeException: Storage is not configured
	at com.tangosol.coherence.component.util.daemon.queueProcessor.service.DistributedCache$BinaryMap.onMissingStorage(DistributedCache.CDB:9)
	at com.tangosol.coherence.component.util.daemon.queueProcessor.service.DistributedCache$BinaryMap.get(DistributedCache.CDB:15)
	at com.tangosol.util.ConverterCollections$ConverterMap.get(ConverterCollections.java:1300)
	at com.tangosol.coherence.component.util.daemon.queueProcessor.service.DistributedCache$ViewMap.get(DistributedCache.CDB:1)
	at com.tangosol.coherence.component.util.SafeNamedCache.get(SafeNamedCache.CDB:1)
	at com.tangosol.net.cache.CachingMap.get(CachingMap.java:490)
	at com.westernasset.smss.server.SecurityMasterNearCacheSubsystem.getDigitRatingFromString(SecurityMasterNearCacheSubsystem.java:186)
	at com.westernasset.smss.server.SecurityMasterNearCacheSubsystem.handleFuncCall(SecurityMasterNearCacheSubsystem.java:85)
	at com.westernasset.smss.server.SecurityMasterManagementSubsystem.handleFuncCall(SecurityMasterManagementSubsystem.java:23)
	at com.westernasset.framework.subsystem.receiving.SubsystemImpl.innerHandleFuncCall(SubsystemImpl.java:154)
	at com.westernasset.framework.subsystem.receiving.internal.InProcessFunctionCallReceiver.handleFuncCall(InProcessFunctionCallReceiver.java:49)
	at com.westernasset.framework.subsystem.calling.internal.inprocess.InProcessFunctionCallCaller.doCall(InProcessFunctionCallCaller.java:19)
	at com.westernasset.framework.subsystem.calling.internal.inprocess.ForwardIfNotFoundFunctionCallCaller.doCall(ForwardIfNotFoundFunctionCallCaller.java:28)
	at com.westernasset.framework.subsystem.calling.internal.base.BaseFunctionCallCaller.callFunc(BaseFunctionCallCaller.java:33)
	at com.westernasset.framework.subsystem.calling.internal.base.BaseSubsystem.callFunc(BaseSubsystem.java:35)
	at com.westernasset.pss.msg.mapper.AtpToPssMapper.getRating(AtpToPssMapper.java:219)
	at com.westernasset.pss.msg.mapper.AtpToPssMapper.updateSecurityWithRatings(AtpToPssMapper.java:197)
	at com.westernasset.pss.msg.mapper.AtpToPssMapper.createSecurityVO(AtpToPssMapper.java:133)
	at com.westernasset.pss.msg.reciever.process.TradeProcessor.createSecurity(TradeProcessor.java:297)
	at com.westernasset.pss.msg.reciever.process.TradeProcessor.process(TradeProcessor.java:49)
	at com.westernasset.pss.msg.queue.MessageFetcher.processMessage(MessageFetcher.java:91)
	at com.westernasset.pss.msg.queue.MessageFetcher.pullMessageFromQueue(MessageFetcher.java:78)
	at com.westernasset.pss.msg.queue.MessageFetcher.run(MessageFetcher.java:48)

2014-09-25 14:48:51,119 ERROR [AtpToPssMapper] com.westernasset.framework.subsystem.common.SubsystemException: SubsystemExceptionNested:
java.lang.RuntimeException: Storage is not configuredNested:
java.lang.RuntimeException: Storage is not configured
	at com.tangosol.coherence.component.util.daemon.queueProcessor.service.DistributedCache$BinaryMap.onMissingStorage(DistributedCache.CDB:9)
	at com.tangosol.coherence.component.util.daemon.queueProcessor.service.DistributedCache$BinaryMap.get(DistributedCache.CDB:15)
	at com.tangosol.util.ConverterCollections$ConverterMap.get(ConverterCollections.java:1300)
	at com.tangosol.coherence.component.util.daemon.queueProcessor.service.DistributedCache$ViewMap.get(DistributedCache.CDB:1)
	at com.tangosol.coherence.component.util.SafeNamedCache.get(SafeNamedCache.CDB:1)
	at com.tangosol.net.cache.CachingMap.get(CachingMap.java:490)
	at com.westernasset.smss.server.SecurityMasterNearCacheSubsystem.getDigitRatingFromString(SecurityMasterNearCacheSubsystem.java:186)
	at com.westernasset.smss.server.SecurityMasterNearCacheSubsystem.handleFuncCall(SecurityMasterNearCacheSubsystem.java:85)
	at com.westernasset.smss.server.SecurityMasterManagementSubsystem.handleFuncCall(SecurityMasterManagementSubsystem.java:23)
	at com.westernasset.framework.subsystem.receiving.SubsystemImpl.innerHandleFuncCall(SubsystemImpl.java:154)
	at com.westernasset.framework.subsystem.receiving.internal.InProcessFunctionCallReceiver.handleFuncCall(InProcessFunctionCallReceiver.java:49)
	at com.westernasset.framework.subsystem.calling.internal.inprocess.InProcessFunctionCallCaller.doCall(InProcessFunctionCallCaller.java:19)
	at com.westernasset.framework.subsystem.calling.internal.inprocess.ForwardIfNotFoundFunctionCallCaller.doCall(ForwardIfNotFoundFunctionCallCaller.java:28)
	at com.westernasset.framework.subsystem.calling.internal.base.BaseFunctionCallCaller.callFunc(BaseFunctionCallCaller.java:33)
	at com.westernasset.framework.subsystem.calling.internal.base.BaseSubsystem.callFunc(BaseSubsystem.java:35)
	at com.westernasset.pss.msg.mapper.AtpToPssMapper.getRating(AtpToPssMapper.java:219)
	at com.westernasset.pss.msg.mapper.AtpToPssMapper.updateSecurityWithRatings(AtpToPssMapper.java:202)
	at com.westernasset.pss.msg.mapper.AtpToPssMapper.createSecurityVO(AtpToPssMapper.java:133)
	at com.westernasset.pss.msg.reciever.process.TradeProcessor.createSecurity(TradeProcessor.java:297)
	at com.westernasset.pss.msg.reciever.process.TradeProcessor.process(TradeProcessor.java:49)
	at com.westernasset.pss.msg.queue.MessageFetcher.processMessage(MessageFetcher.java:91)
	at com.westernasset.pss.msg.queue.MessageFetcher.pullMessageFromQueue(MessageFetcher.java:78)
	at com.westernasset.pss.msg.queue.MessageFetcher.run(MessageFetcher.java:48)

2014-09-25 14:48:51,120 ERROR [SecurityCacheManager] Failed to add security to cache: Storage is not configured : {SecurityId=985955, AMT=N, AMTValue=0.0, MoodyRating=0, MoodyShortRating=0, FitchRating=0, FitchShortRating=0, SecurityTypeId=23, AssetTypeId=3, ProductId=20, SpRating=0, SpShortRating=0, WaRating=0, WaShortRating=0, IssueDate=2010-04-26T00:00:00.000-0700, MaturityDate=1935-04-01T00:00:00.000-0800, AssetId=452152FA4, CurrencyCode=USD, SecurityType=MUNI, Description=ILLINOIS ST, Product=Bonds/Notes (Par), State=IL, SubSubSector=PRIVATE_PRIMARY_SCHOOLS, TaxStatus=FED TAXABLE/ST TAXABLE, TickerSymbol=ILS, BBName=IL ST-TXB-3-BABS, IntType=FIXED, MinPiece=5000, MinIncrement=5000, AverageLife=20.517, Coupon=6.725, Dtm=7493.0, DtmLegalFinal=7493.0, Factor=1.0, DurationFactor=1.0, EffectiveConvexity=1.23, EffectiveDuration=9.31, YieldToWorst=5.769, MarketCFYield=6.058, OptionASpread=297.7, SpreadDuration=9.1, Country=US, NyIssuer=ILS&8, LnIssuer=ILS&8}
java.lang.RuntimeException: Storage is not configured
	at com.tangosol.coherence.component.util.daemon.queueProcessor.service.DistributedCache$BinaryMap.onMissingStorage(DistributedCache.CDB:9)
	at com.tangosol.coherence.component.util.daemon.queueProcessor.service.DistributedCache$BinaryMap.get(DistributedCache.CDB:15)
	at com.tangosol.util.ConverterCollections$ConverterMap.get(ConverterCollections.java:1300)
	at com.tangosol.coherence.component.util.daemon.queueProcessor.service.DistributedCache$ViewMap.get(DistributedCache.CDB:1)
	at com.tangosol.coherence.component.util.SafeNamedCache.get(SafeNamedCache.CDB:1)
	at com.tangosol.net.cache.CachingMap.get(CachingMap.java:490)
	at com.westernasset.smss.common.util.BusinessUtils.getIssuerDesciption(BusinessUtils.java:146)
	at com.westernasset.smss.common.util.BusinessUtils.fillNUIssuerId(BusinessUtils.java:513)
	at com.westernasset.smss.common.util.BusinessUtils.fillDerivedValues(BusinessUtils.java:421)
	at com.westernasset.smss.server.SecurityCacheManager.addSecurity(SecurityCacheManager.java:137)
	at com.westernasset.smss.server.SecurityMasterNearCacheSubsystem.addSecurity(SecurityMasterNearCacheSubsystem.java:202)
	at com.westernasset.smss.server.SecurityMasterNearCacheSubsystem.handleFuncCall(SecurityMasterNearCacheSubsystem.java:92)
	at com.westernasset.smss.server.SecurityMasterManagementSubsystem.handleFuncCall(SecurityMasterManagementSubsystem.java:23)
	at com.westernasset.framework.subsystem.receiving.SubsystemImpl.innerHandleFuncCall(SubsystemImpl.java:154)
	at com.westernasset.framework.subsystem.receiving.internal.InProcessFunctionCallReceiver.handleFuncCall(InProcessFunctionCallReceiver.java:49)
	at com.westernasset.framework.subsystem.calling.internal.inprocess.InProcessFunctionCallCaller.doCall(InProcessFunctionCallCaller.java:19)
	at com.westernasset.framework.subsystem.calling.internal.inprocess.ForwardIfNotFoundFunctionCallCaller.doCall(ForwardIfNotFoundFunctionCallCaller.java:28)
	at com.westernasset.framework.subsystem.calling.internal.base.BaseFunctionCallCaller.callFunc(BaseFunctionCallCaller.java:33)
	at com.westernasset.framework.subsystem.calling.internal.base.BaseSubsystem.callFunc(BaseSubsystem.java:35)
	at com.westernasset.pss.msg.reciever.process.TradeProcessor.createSecurity(TradeProcessor.java:302)
	at com.westernasset.pss.msg.reciever.process.TradeProcessor.process(TradeProcessor.java:49)
	at com.westernasset.pss.msg.queue.MessageFetcher.processMessage(MessageFetcher.java:91)
	at com.westernasset.pss.msg.queue.MessageFetcher.pullMessageFromQueue(MessageFetcher.java:78)
	at com.westernasset.pss.msg.queue.MessageFetcher.run(MessageFetcher.java:48)
2014-09-25 14:48:51,121 INFO  [TradeProcessor] Created Security :{SecurityId=985955, AMT=N, AMTValue=0.0, MoodyRating=0, MoodyShortRating=0, FitchRating=0, FitchShortRating=0, SecurityTypeId=23, AssetTypeId=3, ProductId=20, SpRating=0, SpShortRating=0, WaRating=0, WaShortRating=0, IssueDate=2010-04-26T00:00:00.000-0700, MaturityDate=1935-04-01T00:00:00.000-0800, AssetId=452152FA4, CurrencyCode=USD, SecurityType=MUNI, Description=ILLINOIS ST, Product=Bonds/Notes (Par), State=IL, SubSubSector=PRIVATE_PRIMARY_SCHOOLS, TaxStatus=FED TAXABLE/ST TAXABLE, TickerSymbol=ILS, BBName=IL ST-TXB-3-BABS, IntType=FIXED, MinPiece=5000, MinIncrement=5000, AverageLife=20.517, Coupon=6.725, Dtm=7493.0, DtmLegalFinal=7493.0, Factor=1.0, DurationFactor=1.0, EffectiveConvexity=1.23, EffectiveDuration=9.31, YieldToWorst=5.769, MarketCFYield=6.058, OptionASpread=297.7, SpreadDuration=9.1, Country=US, NyIssuer=ILS&8, LnIssuer=ILS&8}
2014-09-25 14:48:51,121 ERROR [TradeProcessor] Error in getPrioTradeStatusByMessage
com.westernasset.framework.subsystem.common.SubsystemException: SubsystemExceptionNested:
java.lang.RuntimeException: Storage is not configuredNested:
java.lang.RuntimeException: Storage is not configured
	at com.tangosol.coherence.component.util.daemon.queueProcessor.service.DistributedCache$BinaryMap.onMissingStorage(DistributedCache.CDB:9)
	at com.tangosol.coherence.component.util.daemon.queueProcessor.service.DistributedCache$BinaryMap.get(DistributedCache.CDB:15)
	at com.tangosol.util.ConverterCollections$ConverterMap.get(ConverterCollections.java:1300)
	at com.tangosol.coherence.component.util.daemon.queueProcessor.service.DistributedCache$ViewMap.get(DistributedCache.CDB:1)
	at com.tangosol.coherence.component.util.SafeNamedCache.get(SafeNamedCache.CDB:1)
	at com.tangosol.net.cache.CachingMap.get(CachingMap.java:490)
	at com.westernasset.tss.cache.TradeCacheManager.getTradeById(TradeCacheManager.java:202)
	at com.westernasset.tss.services.TradeNearCacheSubsystem.getTradeById(TradeNearCacheSubsystem.java:104)
	at com.westernasset.tss.services.TradeNearCacheSubsystem.handleFuncCall(TradeNearCacheSubsystem.java:50)
	at com.westernasset.tss.services.TradeSubsystem.handleFuncCall(TradeSubsystem.java:29)
	at com.westernasset.framework.subsystem.receiving.SubsystemImpl.innerHandleFuncCall(SubsystemImpl.java:154)
	at com.westernasset.framework.subsystem.receiving.internal.InProcessFunctionCallReceiver.handleFuncCall(InProcessFunctionCallReceiver.java:49)
	at com.westernasset.framework.subsystem.calling.internal.inprocess.InProcessFunctionCallCaller.doCall(InProcessFunctionCallCaller.java:19)
	at com.westernasset.framework.subsystem.calling.internal.inprocess.ForwardIfNotFoundFunctionCallCaller.doCall(ForwardIfNotFoundFunctionCallCaller.java:28)
	at com.westernasset.framework.subsystem.calling.internal.base.BaseFunctionCallCaller.callFunc(BaseFunctionCallCaller.java:33)
	at com.westernasset.framework.subsystem.calling.internal.base.BaseSubsystem.callFunc(BaseSubsystem.java:35)
	at com.westernasset.pss.msg.reciever.process.TradeProcessor.getTradeByTradeId(TradeProcessor.java:250)
	at com.westernasset.pss.msg.reciever.process.TradeProcessor.getPrioTradeStatusByMessage(TradeProcessor.java:268)
	at com.westernasset.pss.msg.reciever.process.TradeProcessor.process(TradeProcessor.java:50)
	at com.westernasset.pss.msg.queue.MessageFetcher.processMessage(MessageFetcher.java:91)
	at com.westernasset.pss.msg.queue.MessageFetcher.pullMessageFromQueue(MessageFetcher.java:78)
	at com.westernasset.pss.msg.queue.MessageFetcher.run(MessageFetcher.java:48)

	at com.westernasset.framework.subsystem.common.internal.SubsystemExceptionUtils.dataObjectToException(SubsystemExceptionUtils.java:38)
	at com.westernasset.framework.subsystem.common.internal.SubsystemExceptionUtils.throwExceptionIfNeeded(SubsystemExceptionUtils.java:15)
	at com.westernasset.framework.subsystem.calling.internal.base.BaseSubsystem.callFunc(BaseSubsystem.java:37)
	at com.westernasset.pss.msg.reciever.process.TradeProcessor.getTradeByTradeId(TradeProcessor.java:250)
	at com.westernasset.pss.msg.reciever.process.TradeProcessor.getPrioTradeStatusByMessage(TradeProcessor.java:268)
	at com.westernasset.pss.msg.reciever.process.TradeProcessor.process(TradeProcessor.java:50)
	at com.westernasset.pss.msg.queue.MessageFetcher.processMessage(MessageFetcher.java:91)
	at com.westernasset.pss.msg.queue.MessageFetcher.pullMessageFromQueue(MessageFetcher.java:78)
	at com.westernasset.pss.msg.queue.MessageFetcher.run(MessageFetcher.java:48)
2014-09-25 14:48:51,121 ERROR [TradeProcessor] Exception occured while processing message
java.lang.RuntimeException: Storage is not configured
	at com.tangosol.coherence.component.util.daemon.queueProcessor.service.DistributedCache$BinaryMap.onMissingStorage(DistributedCache.CDB:9)
	at com.tangosol.coherence.component.util.daemon.queueProcessor.service.DistributedCache$BinaryMap.get(DistributedCache.CDB:15)
	at com.tangosol.util.ConverterCollections$ConverterMap.get(ConverterCollections.java:1300)
	at com.tangosol.coherence.component.util.daemon.queueProcessor.service.DistributedCache$ViewMap.get(DistributedCache.CDB:1)
	at com.tangosol.coherence.component.util.SafeNamedCache.get(SafeNamedCache.CDB:1)
	at com.tangosol.net.cache.CachingMap.get(CachingMap.java:490)
	at com.westernasset.tss.cache.TradeCacheManager.isDuplicateTrade(TradeCacheManager.java:356)
	at com.westernasset.pss.common.util.PojoHelper.createObjects(PojoHelper.java:132)
	at com.westernasset.pss.msg.reciever.process.TradeProcessor.process(TradeProcessor.java:55)
	at com.westernasset.pss.msg.queue.MessageFetcher.processMessage(MessageFetcher.java:91)
	at com.westernasset.pss.msg.queue.MessageFetcher.pullMessageFromQueue(MessageFetcher.java:78)
	at com.westernasset.pss.msg.queue.MessageFetcher.run(MessageFetcher.java:48)
2014-09-25 14:48:51,122 INFO  [TradeProcessor] End process method 729 MB
2014-09-25 14:48:51,122 INFO  [TradeProcessor] Time taken by TradeProcessor.process method 7
2014-09-25 14:48:51,122 INFO  [MessageFetcher] Processing message completed...[7462010]
2014-09-25 14:48:51,122 INFO  [MessageQueue] Removing the first item of 6 from the queue
2014-09-25 14:48:51,122 INFO  [MessageFetcher] Processing message started...[7461560]
2014-09-25 14:48:51,122 INFO  [TradeProcessor] Begin process method 729 MB
2014-09-25 14:48:51,122 ERROR [TradeProcessor] Error in doSecurityExist
java.lang.RuntimeException: Storage is not configured
	at com.tangosol.coherence.component.util.daemon.queueProcessor.service.DistributedCache$BinaryMap.onMissingStorage(DistributedCache.CDB:9)
	at com.tangosol.coherence.component.util.daemon.queueProcessor.service.DistributedCache$BinaryMap.get(DistributedCache.CDB:15)
	at com.tangosol.util.ConverterCollections$ConverterMap.get(ConverterCollections.java:1300)
	at com.tangosol.coherence.component.util.daemon.queueProcessor.service.DistributedCache$ViewMap.get(DistributedCache.CDB:1)
	at com.tangosol.coherence.component.util.SafeNamedCache.get(SafeNamedCache.CDB:1)
	at com.tangosol.net.cache.CachingMap.get(CachingMap.java:490)
	at com.westernasset.smss.common.util.BusinessDateHelper.get(BusinessDateHelper.java:55)
	at com.westernasset.smss.common.util.BusinessDateHelper.getBusinessDateFromCacheWithOffset(BusinessDateHelper.java:130)
	at com.westernasset.smss.common.util.BusinessDateHelper.getCurrentBusinessDateAny(BusinessDateHelper.java:125)
	at com.westernasset.pss.msg.reciever.process.TradeProcessor.doSecurityExist(TradeProcessor.java:328)
	at com.westernasset.pss.msg.reciever.process.TradeProcessor.createSecurity(TradeProcessor.java:296)
	at com.westernasset.pss.msg.reciever.process.TradeProcessor.process(TradeProcessor.java:49)
	at com.westernasset.pss.msg.queue.MessageFetcher.processMessage(MessageFetcher.java:91)
	at com.westernasset.pss.msg.queue.MessageFetcher.pullMessageFromQueue(MessageFetcher.java:78)
	at com.westernasset.pss.msg.queue.MessageFetcher.run(MessageFetcher.java:48)
2014-09-25 14:48:51,123 ERROR [AtpToPssMapper] com.westernasset.framework.subsystem.common.SubsystemException: SubsystemExceptionNested:
java.lang.RuntimeException: Storage is not configuredNested:
java.lang.RuntimeException: Storage is not configured
	at com.tangosol.coherence.component.util.daemon.queueProcessor.service.DistributedCache$BinaryMap.onMissingStorage(DistributedCache.CDB:9)
	at com.tangosol.coherence.component.util.daemon.queueProcessor.service.DistributedCache$BinaryMap.get(DistributedCache.CDB:15)
	at com.tangosol.util.ConverterCollections$ConverterMap.get(ConverterCollections.java:1300)
	at com.tangosol.coherence.component.util.daemon.queueProcessor.service.DistributedCache$ViewMap.get(DistributedCache.CDB:1)
	at com.tangosol.coherence.component.util.SafeNamedCache.get(SafeNamedCache.CDB:1)
	at com.tangosol.net.cache.CachingMap.get(CachingMap.java:490)
	at com.westernasset.smss.server.SecurityMasterNearCacheSubsystem.getDigitRatingFromString(SecurityMasterNearCacheSubsystem.java:186)
	at com.westernasset.smss.server.SecurityMasterNearCacheSubsystem.handleFuncCall(SecurityMasterNearCacheSubsystem.java:85)
	at com.westernasset.smss.server.SecurityMasterManagementSubsystem.handleFuncCall(SecurityMasterManagementSubsystem.java:23)
	at com.westernasset.framework.subsystem.receiving.SubsystemImpl.innerHandleFuncCall(SubsystemImpl.java:154)
	at com.westernasset.framework.subsystem.receiving.internal.InProcessFunctionCallReceiver.handleFuncCall(InProcessFunctionCallReceiver.java:49)
	at com.westernasset.framework.subsystem.calling.internal.inprocess.InProcessFunctionCallCaller.doCall(InProcessFunctionCallCaller.java:19)
	at com.westernasset.framework.subsystem.calling.internal.inprocess.ForwardIfNotFoundFunctionCallCaller.doCall(ForwardIfNotFoundFunctionCallCaller.java:28)
	at com.westernasset.framework.subsystem.calling.internal.base.BaseFunctionCallCaller.callFunc(BaseFunctionCallCaller.java:33)
	at com.westernasset.framework.subsystem.calling.internal.base.BaseSubsystem.callFunc(BaseSubsystem.java:35)
	at com.westernasset.pss.msg.mapper.AtpToPssMapper.getRating(AtpToPssMapper.java:219)
	at com.westernasset.pss.msg.mapper.AtpToPssMapper.updateSecurityWithRatings(AtpToPssMapper.java:167)
	at com.westernasset.pss.msg.mapper.AtpToPssMapper.createSecurityVO(AtpToPssMapper.java:133)
	at com.westernasset.pss.msg.reciever.process.TradeProcessor.createSecurity(TradeProcessor.java:297)
	at com.westernasset.pss.msg.reciever.process.TradeProcessor.process(TradeProcessor.java:49)
	at com.westernasset.pss.msg.queue.MessageFetcher.processMessage(MessageFetcher.java:91)
	at com.westernasset.pss.msg.queue.MessageFetcher.pullMessageFromQueue(MessageFetcher.java:78)
	at com.westernasset.pss.msg.queue.MessageFetcher.run(MessageFetcher.java:48)

2014-09-25 14:48:51,123 ERROR [AtpToPssMapper] com.westernasset.framework.subsystem.common.SubsystemException: SubsystemExceptionNested:
java.lang.RuntimeException: Storage is not configuredNested:
java.lang.RuntimeException: Storage is not configured
	at com.tangosol.coherence.component.util.daemon.queueProcessor.service.DistributedCache$BinaryMap.onMissingStorage(DistributedCache.CDB:9)
	at com.tangosol.coherence.component.util.daemon.queueProcessor.service.DistributedCache$BinaryMap.get(DistributedCache.CDB:15)
	at com.tangosol.util.ConverterCollections$ConverterMap.get(ConverterCollections.java:1300)
	at com.tangosol.coherence.component.util.daemon.queueProcessor.service.DistributedCache$ViewMap.get(DistributedCache.CDB:1)
	at com.tangosol.coherence.component.util.SafeNamedCache.get(SafeNamedCache.CDB:1)
	at com.tangosol.net.cache.CachingMap.get(CachingMap.java:490)
	at com.westernasset.smss.server.SecurityMasterNearCacheSubsystem.getDigitRatingFromString(SecurityMasterNearCacheSubsystem.java:186)
	at com.westernasset.smss.server.SecurityMasterNearCacheSubsystem.handleFuncCall(SecurityMasterNearCacheSubsystem.java:85)
	at com.westernasset.smss.server.SecurityMasterManagementSubsystem.handleFuncCall(SecurityMasterManagementSubsystem.java:23)
	at com.westernasset.framework.subsystem.receiving.SubsystemImpl.innerHandleFuncCall(SubsystemImpl.java:154)
	at com.westernasset.framework.subsystem.receiving.internal.InProcessFunctionCallReceiver.handleFuncCall(InProcessFunctionCallReceiver.java:49)
	at com.westernasset.framework.subsystem.calling.internal.inprocess.InProcessFunctionCallCaller.doCall(InProcessFunctionCallCaller.java:19)
	at com.westernasset.framework.subsystem.calling.internal.inprocess.ForwardIfNotFoundFunctionCallCaller.doCall(ForwardIfNotFoundFunctionCallCaller.java:28)
	at com.westernasset.framework.subsystem.calling.internal.base.BaseFunctionCallCaller.callFunc(BaseFunctionCallCaller.java:33)
	at com.westernasset.framework.subsystem.calling.internal.base.BaseSubsystem.callFunc(BaseSubsystem.java:35)
	at com.westernasset.pss.msg.mapper.AtpToPssMapper.getRating(AtpToPssMapper.java:219)
	at com.westernasset.pss.msg.mapper.AtpToPssMapper.updateSecurityWithRatings(AtpToPssMapper.java:172)
	at com.westernasset.pss.msg.mapper.AtpToPssMapper.createSecurityVO(AtpToPssMapper.java:133)
	at com.westernasset.pss.msg.reciever.process.TradeProcessor.createSecurity(TradeProcessor.java:297)
	at com.westernasset.pss.msg.reciever.process.TradeProcessor.process(TradeProcessor.java:49)
	at com.westernasset.pss.msg.queue.MessageFetcher.processMessage(MessageFetcher.java:91)
	at com.westernasset.pss.msg.queue.MessageFetcher.pullMessageFromQueue(MessageFetcher.java:78)
	at com.westernasset.pss.msg.queue.MessageFetcher.run(MessageFetcher.java:48)

2014-09-25 14:48:51,123 ERROR [AtpToPssMapper] com.westernasset.framework.subsystem.common.SubsystemException: SubsystemExceptionNested:
java.lang.RuntimeException: Storage is not configuredNested:
java.lang.RuntimeException: Storage is not configured
	at com.tangosol.coherence.component.util.daemon.queueProcessor.service.DistributedCache$BinaryMap.onMissingStorage(DistributedCache.CDB:9)
	at com.tangosol.coherence.component.util.daemon.queueProcessor.service.DistributedCache$BinaryMap.get(DistributedCache.CDB:15)
	at com.tangosol.util.ConverterCollections$ConverterMap.get(ConverterCollections.java:1300)
	at com.tangosol.coherence.component.util.daemon.queueProcessor.service.DistributedCache$ViewMap.get(DistributedCache.CDB:1)
	at com.tangosol.coherence.component.util.SafeNamedCache.get(SafeNamedCache.CDB:1)
	at com.tangosol.net.cache.CachingMap.get(CachingMap.java:490)
	at com.westernasset.smss.server.SecurityMasterNearCacheSubsystem.getDigitRatingFromString(SecurityMasterNearCacheSubsystem.java:186)
	at com.westernasset.smss.server.SecurityMasterNearCacheSubsystem.handleFuncCall(SecurityMasterNearCacheSubsystem.java:85)
	at com.westernasset.smss.server.SecurityMasterManagementSubsystem.handleFuncCall(SecurityMasterManagementSubsystem.java:23)
	at com.westernasset.framework.subsystem.receiving.SubsystemImpl.innerHandleFuncCall(SubsystemImpl.java:154)
	at com.westernasset.framework.subsystem.receiving.internal.InProcessFunctionCallReceiver.handleFuncCall(InProcessFunctionCallReceiver.java:49)
	at com.westernasset.framework.subsystem.calling.internal.inprocess.InProcessFunctionCallCaller.doCall(InProcessFunctionCallCaller.java:19)
	at com.westernasset.framework.subsystem.calling.internal.inprocess.ForwardIfNotFoundFunctionCallCaller.doCall(ForwardIfNotFoundFunctionCallCaller.java:28)
	at com.westernasset.framework.subsystem.calling.internal.base.BaseFunctionCallCaller.callFunc(BaseFunctionCallCaller.java:33)
	at com.westernasset.framework.subsystem.calling.internal.base.BaseSubsystem.callFunc(BaseSubsystem.java:35)
	at com.westernasset.pss.msg.mapper.AtpToPssMapper.getRating(AtpToPssMapper.java:219)
	at com.westernasset.pss.msg.mapper.AtpToPssMapper.updateSecurityWithRatings(AtpToPssMapper.java:177)
	at com.westernasset.pss.msg.mapper.AtpToPssMapper.createSecurityVO(AtpToPssMapper.java:133)
	at com.westernasset.pss.msg.reciever.process.TradeProcessor.createSecurity(TradeProcessor.java:297)
	at com.westernasset.pss.msg.reciever.process.TradeProcessor.process(TradeProcessor.java:49)
	at com.westernasset.pss.msg.queue.MessageFetcher.processMessage(MessageFetcher.java:91)
	at com.westernasset.pss.msg.queue.MessageFetcher.pullMessageFromQueue(MessageFetcher.java:78)
	at com.westernasset.pss.msg.queue.MessageFetcher.run(MessageFetcher.java:48)

2014-09-25 14:48:51,124 ERROR [AtpToPssMapper] com.westernasset.framework.subsystem.common.SubsystemException: SubsystemExceptionNested:
java.lang.RuntimeException: Storage is not configuredNested:
java.lang.RuntimeException: Storage is not configured
	at com.tangosol.coherence.component.util.daemon.queueProcessor.service.DistributedCache$BinaryMap.onMissingStorage(DistributedCache.CDB:9)
	at com.tangosol.coherence.component.util.daemon.queueProcessor.service.DistributedCache$BinaryMap.get(DistributedCache.CDB:15)
	at com.tangosol.util.ConverterCollections$ConverterMap.get(ConverterCollections.java:1300)
	at com.tangosol.coherence.component.util.daemon.queueProcessor.service.DistributedCache$ViewMap.get(DistributedCache.CDB:1)
	at com.tangosol.coherence.component.util.SafeNamedCache.get(SafeNamedCache.CDB:1)
	at com.tangosol.net.cache.CachingMap.get(CachingMap.java:490)
	at com.westernasset.smss.server.SecurityMasterNearCacheSubsystem.getDigitRatingFromString(SecurityMasterNearCacheSubsystem.java:186)
	at com.westernasset.smss.server.SecurityMasterNearCacheSubsystem.handleFuncCall(SecurityMasterNearCacheSubsystem.java:85)
	at com.westernasset.smss.server.SecurityMasterManagementSubsystem.handleFuncCall(SecurityMasterManagementSubsystem.java:23)
	at com.westernasset.framework.subsystem.receiving.SubsystemImpl.innerHandleFuncCall(SubsystemImpl.java:154)
	at com.westernasset.framework.subsystem.receiving.internal.InProcessFunctionCallReceiver.handleFuncCall(InProcessFunctionCallReceiver.java:49)
	at com.westernasset.framework.subsystem.calling.internal.inprocess.InProcessFunctionCallCaller.doCall(InProcessFunctionCallCaller.java:19)
	at com.westernasset.framework.subsystem.calling.internal.inprocess.ForwardIfNotFoundFunctionCallCaller.doCall(ForwardIfNotFoundFunctionCallCaller.java:28)
	at com.westernasset.framework.subsystem.calling.internal.base.BaseFunctionCallCaller.callFunc(BaseFunctionCallCaller.java:33)
	at com.westernasset.framework.subsystem.calling.internal.base.BaseSubsystem.callFunc(BaseSubsystem.java:35)
	at com.westernasset.pss.msg.mapper.AtpToPssMapper.getRating(AtpToPssMapper.java:219)
	at com.westernasset.pss.msg.mapper.AtpToPssMapper.updateSecurityWithRatings(AtpToPssMapper.java:182)
	at com.westernasset.pss.msg.mapper.AtpToPssMapper.createSecurityVO(AtpToPssMapper.java:133)
	at com.westernasset.pss.msg.reciever.process.TradeProcessor.createSecurity(TradeProcessor.java:297)
	at com.westernasset.pss.msg.reciever.process.TradeProcessor.process(TradeProcessor.java:49)
	at com.westernasset.pss.msg.queue.MessageFetcher.processMessage(MessageFetcher.java:91)
	at com.westernasset.pss.msg.queue.MessageFetcher.pullMessageFromQueue(MessageFetcher.java:78)
	at com.westernasset.pss.msg.queue.MessageFetcher.run(MessageFetcher.java:48)

2014-09-25 14:48:51,124 ERROR [AtpToPssMapper] com.westernasset.framework.subsystem.common.SubsystemException: SubsystemExceptionNested:
java.lang.RuntimeException: Storage is not configuredNested:
java.lang.RuntimeException: Storage is not configured
	at com.tangosol.coherence.component.util.daemon.queueProcessor.service.DistributedCache$BinaryMap.onMissingStorage(DistributedCache.CDB:9)
	at com.tangosol.coherence.component.util.daemon.queueProcessor.service.DistributedCache$BinaryMap.get(DistributedCache.CDB:15)
	at com.tangosol.util.ConverterCollections$ConverterMap.get(ConverterCollections.java:1300)
	at com.tangosol.coherence.component.util.daemon.queueProcessor.service.DistributedCache$ViewMap.get(DistributedCache.CDB:1)
	at com.tangosol.coherence.component.util.SafeNamedCache.get(SafeNamedCache.CDB:1)
	at com.tangosol.net.cache.CachingMap.get(CachingMap.java:490)
	at com.westernasset.smss.server.SecurityMasterNearCacheSubsystem.getDigitRatingFromString(SecurityMasterNearCacheSubsystem.java:186)
	at com.westernasset.smss.server.SecurityMasterNearCacheSubsystem.handleFuncCall(SecurityMasterNearCacheSubsystem.java:85)
	at com.westernasset.smss.server.SecurityMasterManagementSubsystem.handleFuncCall(SecurityMasterManagementSubsystem.java:23)
	at com.westernasset.framework.subsystem.receiving.SubsystemImpl.innerHandleFuncCall(SubsystemImpl.java:154)
	at com.westernasset.framework.subsystem.receiving.internal.InProcessFunctionCallReceiver.handleFuncCall(InProcessFunctionCallReceiver.java:49)
	at com.westernasset.framework.subsystem.calling.internal.inprocess.InProcessFunctionCallCaller.doCall(InProcessFunctionCallCaller.java:19)
	at com.westernasset.framework.subsystem.calling.internal.inprocess.ForwardIfNotFoundFunctionCallCaller.doCall(ForwardIfNotFoundFunctionCallCaller.java:28)
	at com.westernasset.framework.subsystem.calling.internal.base.BaseFunctionCallCaller.callFunc(BaseFunctionCallCaller.java:33)
	at com.westernasset.framework.subsystem.calling.internal.base.BaseSubsystem.callFunc(BaseSubsystem.java:35)
	at com.westernasset.pss.msg.mapper.AtpToPssMapper.getRating(AtpToPssMapper.java:219)
	at com.westernasset.pss.msg.mapper.AtpToPssMapper.updateSecurityWithRatings(AtpToPssMapper.java:187)
	at com.westernasset.pss.msg.mapper.AtpToPssMapper.createSecurityVO(AtpToPssMapper.java:133)
	at com.westernasset.pss.msg.reciever.process.TradeProcessor.createSecurity(TradeProcessor.java:297)
	at com.westernasset.pss.msg.reciever.process.TradeProcessor.process(TradeProcessor.java:49)
	at com.westernasset.pss.msg.queue.MessageFetcher.processMessage(MessageFetcher.java:91)
	at com.westernasset.pss.msg.queue.MessageFetcher.pullMessageFromQueue(MessageFetcher.java:78)
	at com.westernasset.pss.msg.queue.MessageFetcher.run(MessageFetcher.java:48)

2014-09-25 14:48:51,125 ERROR [AtpToPssMapper] com.westernasset.framework.subsystem.common.SubsystemException: SubsystemExceptionNested:
java.lang.RuntimeException: Storage is not configuredNested:
java.lang.RuntimeException: Storage is not configured
	at com.tangosol.coherence.component.util.daemon.queueProcessor.service.DistributedCache$BinaryMap.onMissingStorage(DistributedCache.CDB:9)
	at com.tangosol.coherence.component.util.daemon.queueProcessor.service.DistributedCache$BinaryMap.get(DistributedCache.CDB:15)
	at com.tangosol.util.ConverterCollections$ConverterMap.get(ConverterCollections.java:1300)
	at com.tangosol.coherence.component.util.daemon.queueProcessor.service.DistributedCache$ViewMap.get(DistributedCache.CDB:1)
	at com.tangosol.coherence.component.util.SafeNamedCache.get(SafeNamedCache.CDB:1)
	at com.tangosol.net.cache.CachingMap.get(CachingMap.java:490)
	at com.westernasset.smss.server.SecurityMasterNearCacheSubsystem.getDigitRatingFromString(SecurityMasterNearCacheSubsystem.java:186)
	at com.westernasset.smss.server.SecurityMasterNearCacheSubsystem.handleFuncCall(SecurityMasterNearCacheSubsystem.java:85)
	at com.westernasset.smss.server.SecurityMasterManagementSubsystem.handleFuncCall(SecurityMasterManagementSubsystem.java:23)
	at com.westernasset.framework.subsystem.receiving.SubsystemImpl.innerHandleFuncCall(SubsystemImpl.java:154)
	at com.westernasset.framework.subsystem.receiving.internal.InProcessFunctionCallReceiver.handleFuncCall(InProcessFunctionCallReceiver.java:49)
	at com.westernasset.framework.subsystem.calling.internal.inprocess.InProcessFunctionCallCaller.doCall(InProcessFunctionCallCaller.java:19)
	at com.westernasset.framework.subsystem.calling.internal.inprocess.ForwardIfNotFoundFunctionCallCaller.doCall(ForwardIfNotFoundFunctionCallCaller.java:28)
	at com.westernasset.framework.subsystem.calling.internal.base.BaseFunctionCallCaller.callFunc(BaseFunctionCallCaller.java:33)
	at com.westernasset.framework.subsystem.calling.internal.base.BaseSubsystem.callFunc(BaseSubsystem.java:35)
	at com.westernasset.pss.msg.mapper.AtpToPssMapper.getRating(AtpToPssMapper.java:219)
	at com.westernasset.pss.msg.mapper.AtpToPssMapper.updateSecurityWithRatings(AtpToPssMapper.java:192)
	at com.westernasset.pss.msg.mapper.AtpToPssMapper.createSecurityVO(AtpToPssMapper.java:133)
	at com.westernasset.pss.msg.reciever.process.TradeProcessor.createSecurity(TradeProcessor.java:297)
	at com.westernasset.pss.msg.reciever.process.TradeProcessor.process(TradeProcessor.java:49)
	at com.westernasset.pss.msg.queue.MessageFetcher.processMessage(MessageFetcher.java:91)
	at com.westernasset.pss.msg.queue.MessageFetcher.pullMessageFromQueue(MessageFetcher.java:78)
	at com.westernasset.pss.msg.queue.MessageFetcher.run(MessageFetcher.java:48)

2014-09-25 14:48:51,125 ERROR [AtpToPssMapper] com.westernasset.framework.subsystem.common.SubsystemException: SubsystemExceptionNested:
java.lang.RuntimeException: Storage is not configuredNested:
java.lang.RuntimeException: Storage is not configured
	at com.tangosol.coherence.component.util.daemon.queueProcessor.service.DistributedCache$BinaryMap.onMissingStorage(DistributedCache.CDB:9)
	at com.tangosol.coherence.component.util.daemon.queueProcessor.service.DistributedCache$BinaryMap.get(DistributedCache.CDB:15)
	at com.tangosol.util.ConverterCollections$ConverterMap.get(ConverterCollections.java:1300)
	at com.tangosol.coherence.component.util.daemon.queueProcessor.service.DistributedCache$ViewMap.get(DistributedCache.CDB:1)
	at com.tangosol.coherence.component.util.SafeNamedCache.get(SafeNamedCache.CDB:1)
	at com.tangosol.net.cache.CachingMap.get(CachingMap.java:490)
	at com.westernasset.smss.server.SecurityMasterNearCacheSubsystem.getDigitRatingFromString(SecurityMasterNearCacheSubsystem.java:186)
	at com.westernasset.smss.server.SecurityMasterNearCacheSubsystem.handleFuncCall(SecurityMasterNearCacheSubsystem.java:85)
	at com.westernasset.smss.server.SecurityMasterManagementSubsystem.handleFuncCall(SecurityMasterManagementSubsystem.java:23)
	at com.westernasset.framework.subsystem.receiving.SubsystemImpl.innerHandleFuncCall(SubsystemImpl.java:154)
	at com.westernasset.framework.subsystem.receiving.internal.InProcessFunctionCallReceiver.handleFuncCall(InProcessFunctionCallReceiver.java:49)
	at com.westernasset.framework.subsystem.calling.internal.inprocess.InProcessFunctionCallCaller.doCall(InProcessFunctionCallCaller.java:19)
	at com.westernasset.framework.subsystem.calling.internal.inprocess.ForwardIfNotFoundFunctionCallCaller.doCall(ForwardIfNotFoundFunctionCallCaller.java:28)
	at com.westernasset.framework.subsystem.calling.internal.base.BaseFunctionCallCaller.callFunc(BaseFunctionCallCaller.java:33)
	at com.westernasset.framework.subsystem.calling.internal.base.BaseSubsystem.callFunc(BaseSubsystem.java:35)
	at com.westernasset.pss.msg.mapper.AtpToPssMapper.getRating(AtpToPssMapper.java:219)
	at com.westernasset.pss.msg.mapper.AtpToPssMapper.updateSecurityWithRatings(AtpToPssMapper.java:197)
	at com.westernasset.pss.msg.mapper.AtpToPssMapper.createSecurityVO(AtpToPssMapper.java:133)
	at com.westernasset.pss.msg.reciever.process.TradeProcessor.createSecurity(TradeProcessor.java:297)
	at com.westernasset.pss.msg.reciever.process.TradeProcessor.process(TradeProcessor.java:49)
	at com.westernasset.pss.msg.queue.MessageFetcher.processMessage(MessageFetcher.java:91)
	at com.westernasset.pss.msg.queue.MessageFetcher.pullMessageFromQueue(MessageFetcher.java:78)
	at com.westernasset.pss.msg.queue.MessageFetcher.run(MessageFetcher.java:48)

2014-09-25 14:48:51,126 ERROR [AtpToPssMapper] com.westernasset.framework.subsystem.common.SubsystemException: SubsystemExceptionNested:
java.lang.RuntimeException: Storage is not configuredNested:
java.lang.RuntimeException: Storage is not configured
	at com.tangosol.coherence.component.util.daemon.queueProcessor.service.DistributedCache$BinaryMap.onMissingStorage(DistributedCache.CDB:9)
	at com.tangosol.coherence.component.util.daemon.queueProcessor.service.DistributedCache$BinaryMap.get(DistributedCache.CDB:15)
	at com.tangosol.util.ConverterCollections$ConverterMap.get(ConverterCollections.java:1300)
	at com.tangosol.coherence.component.util.daemon.queueProcessor.service.DistributedCache$ViewMap.get(DistributedCache.CDB:1)
	at com.tangosol.coherence.component.util.SafeNamedCache.get(SafeNamedCache.CDB:1)
	at com.tangosol.net.cache.CachingMap.get(CachingMap.java:490)
	at com.westernasset.smss.server.SecurityMasterNearCacheSubsystem.getDigitRatingFromString(SecurityMasterNearCacheSubsystem.java:186)
	at com.westernasset.smss.server.SecurityMasterNearCacheSubsystem.handleFuncCall(SecurityMasterNearCacheSubsystem.java:85)
	at com.westernasset.smss.server.SecurityMasterManagementSubsystem.handleFuncCall(SecurityMasterManagementSubsystem.java:23)
	at com.westernasset.framework.subsystem.receiving.SubsystemImpl.innerHandleFuncCall(SubsystemImpl.java:154)
	at com.westernasset.framework.subsystem.receiving.internal.InProcessFunctionCallReceiver.handleFuncCall(InProcessFunctionCallReceiver.java:49)
	at com.westernasset.framework.subsystem.calling.internal.inprocess.InProcessFunctionCallCaller.doCall(InProcessFunctionCallCaller.java:19)
	at com.westernasset.framework.subsystem.calling.internal.inprocess.ForwardIfNotFoundFunctionCallCaller.doCall(ForwardIfNotFoundFunctionCallCaller.java:28)
	at com.westernasset.framework.subsystem.calling.internal.base.BaseFunctionCallCaller.callFunc(BaseFunctionCallCaller.java:33)
	at com.westernasset.framework.subsystem.calling.internal.base.BaseSubsystem.callFunc(BaseSubsystem.java:35)
	at com.westernasset.pss.msg.mapper.AtpToPssMapper.getRating(AtpToPssMapper.java:219)
	at com.westernasset.pss.msg.mapper.AtpToPssMapper.updateSecurityWithRatings(AtpToPssMapper.java:202)
	at com.westernasset.pss.msg.mapper.AtpToPssMapper.createSecurityVO(AtpToPssMapper.java:133)
	at com.westernasset.pss.msg.reciever.process.TradeProcessor.createSecurity(TradeProcessor.java:297)
	at com.westernasset.pss.msg.reciever.process.TradeProcessor.process(TradeProcessor.java:49)
	at com.westernasset.pss.msg.queue.MessageFetcher.processMessage(MessageFetcher.java:91)
	at com.westernasset.pss.msg.queue.MessageFetcher.pullMessageFromQueue(MessageFetcher.java:78)
	at com.westernasset.pss.msg.queue.MessageFetcher.run(MessageFetcher.java:48)

2014-09-25 14:48:51,127 ERROR [SecurityCacheManager] Failed to add security to cache: Storage is not configured : {SecurityId=1443996, AMT=N, AMTValue=0.0, MoodyRating=0, MoodyShortRating=0, FitchRating=0, FitchShortRating=0, SecurityTypeId=23, AssetTypeId=3, ProductId=20, SpRating=0, SpShortRating=0, WaRating=0, WaShortRating=0, IssueDate=2013-12-19T00:00:00.000-0800, MaturityDate=1938-12-01T00:00:00.000-0800, AssetId=452152UP4, CurrencyCode=USD, SecurityType=MUNI, Description=ILLINOIS ST, Product=Bonds/Notes (Par), State=IL, SubSubSector=PRIVATE_PRIMARY_SCHOOLS, TaxStatus=FED TAXABLE/ST TAXABLE, TickerSymbol=ILS, BBName=ILLINOIS ST, IntType=FIXED, MinPiece=5000, MinIncrement=5000, AverageLife=24.186, Coupon=5.65, Dtm=8833.0, DtmLegalFinal=8833.0, Factor=1.0, DurationFactor=1.0, EffectiveConvexity=1.47, EffectiveDuration=10.15, YieldToWorst=5.485, MarketCFYield=5.796, OptionASpread=263.4, SpreadDuration=9.91, Country=US, NyIssuer=ILS&8, LnIssuer=ILS&8}
java.lang.RuntimeException: Storage is not configured
	at com.tangosol.coherence.component.util.daemon.queueProcessor.service.DistributedCache$BinaryMap.onMissingStorage(DistributedCache.CDB:9)
	at com.tangosol.coherence.component.util.daemon.queueProcessor.service.DistributedCache$BinaryMap.get(DistributedCache.CDB:15)
	at com.tangosol.util.ConverterCollections$ConverterMap.get(ConverterCollections.java:1300)
	at com.tangosol.coherence.component.util.daemon.queueProcessor.service.DistributedCache$ViewMap.get(DistributedCache.CDB:1)
	at com.tangosol.coherence.component.util.SafeNamedCache.get(SafeNamedCache.CDB:1)
	at com.tangosol.net.cache.CachingMap.get(CachingMap.java:490)
	at com.westernasset.smss.common.util.BusinessUtils.getIssuerDesciption(BusinessUtils.java:146)
	at com.westernasset.smss.common.util.BusinessUtils.fillNUIssuerId(BusinessUtils.java:513)
	at com.westernasset.smss.common.util.BusinessUtils.fillDerivedValues(BusinessUtils.java:421)
	at com.westernasset.smss.server.SecurityCacheManager.addSecurity(SecurityCacheManager.java:137)
	at com.westernasset.smss.server.SecurityMasterNearCacheSubsystem.addSecurity(SecurityMasterNearCacheSubsystem.java:202)
	at com.westernasset.smss.server.SecurityMasterNearCacheSubsystem.handleFuncCall(SecurityMasterNearCacheSubsystem.java:92)
	at com.westernasset.smss.server.SecurityMasterManagementSubsystem.handleFuncCall(SecurityMasterManagementSubsystem.java:23)
	at com.westernasset.framework.subsystem.receiving.SubsystemImpl.innerHandleFuncCall(SubsystemImpl.java:154)
	at com.westernasset.framework.subsystem.receiving.internal.InProcessFunctionCallReceiver.handleFuncCall(InProcessFunctionCallReceiver.java:49)
	at com.westernasset.framework.subsystem.calling.internal.inprocess.InProcessFunctionCallCaller.doCall(InProcessFunctionCallCaller.java:19)
	at com.westernasset.framework.subsystem.calling.internal.inprocess.ForwardIfNotFoundFunctionCallCaller.doCall(ForwardIfNotFoundFunctionCallCaller.java:28)
	at com.westernasset.framework.subsystem.calling.internal.base.BaseFunctionCallCaller.callFunc(BaseFunctionCallCaller.java:33)
	at com.westernasset.framework.subsystem.calling.internal.base.BaseSubsystem.callFunc(BaseSubsystem.java:35)
	at com.westernasset.pss.msg.reciever.process.TradeProcessor.createSecurity(TradeProcessor.java:302)
	at com.westernasset.pss.msg.reciever.process.TradeProcessor.process(TradeProcessor.java:49)
	at com.westernasset.pss.msg.queue.MessageFetcher.processMessage(MessageFetcher.java:91)
	at com.westernasset.pss.msg.queue.MessageFetcher.pullMessageFromQueue(MessageFetcher.java:78)
	at com.westernasset.pss.msg.queue.MessageFetcher.run(MessageFetcher.java:48)
2014-09-25 14:48:51,127 INFO  [TradeProcessor] Created Security :{SecurityId=1443996, AMT=N, AMTValue=0.0, MoodyRating=0, MoodyShortRating=0, FitchRating=0, FitchShortRating=0, SecurityTypeId=23, AssetTypeId=3, ProductId=20, SpRating=0, SpShortRating=0, WaRating=0, WaShortRating=0, IssueDate=2013-12-19T00:00:00.000-0800, MaturityDate=1938-12-01T00:00:00.000-0800, AssetId=452152UP4, CurrencyCode=USD, SecurityType=MUNI, Description=ILLINOIS ST, Product=Bonds/Notes (Par), State=IL, SubSubSector=PRIVATE_PRIMARY_SCHOOLS, TaxStatus=FED TAXABLE/ST TAXABLE, TickerSymbol=ILS, BBName=ILLINOIS ST, IntType=FIXED, MinPiece=5000, MinIncrement=5000, AverageLife=24.186, Coupon=5.65, Dtm=8833.0, DtmLegalFinal=8833.0, Factor=1.0, DurationFactor=1.0, EffectiveConvexity=1.47, EffectiveDuration=10.15, YieldToWorst=5.485, MarketCFYield=5.796, OptionASpread=263.4, SpreadDuration=9.91, Country=US, NyIssuer=ILS&8, LnIssuer=ILS&8}
2014-09-25 14:48:51,128 ERROR [TradeProcessor] Error in getPrioTradeStatusByMessage
com.westernasset.framework.subsystem.common.SubsystemException: SubsystemExceptionNested:
java.lang.RuntimeException: Storage is not configuredNested:
java.lang.RuntimeException: Storage is not configured
	at com.tangosol.coherence.component.util.daemon.queueProcessor.service.DistributedCache$BinaryMap.onMissingStorage(DistributedCache.CDB:9)
	at com.tangosol.coherence.component.util.daemon.queueProcessor.service.DistributedCache$BinaryMap.get(DistributedCache.CDB:15)
	at com.tangosol.util.ConverterCollections$ConverterMap.get(ConverterCollections.java:1300)
	at com.tangosol.coherence.component.util.daemon.queueProcessor.service.DistributedCache$ViewMap.get(DistributedCache.CDB:1)
	at com.tangosol.coherence.component.util.SafeNamedCache.get(SafeNamedCache.CDB:1)
	at com.tangosol.net.cache.CachingMap.get(CachingMap.java:490)
	at com.westernasset.tss.cache.TradeCacheManager.getTradeById(TradeCacheManager.java:202)
	at com.westernasset.tss.services.TradeNearCacheSubsystem.getTradeById(TradeNearCacheSubsystem.java:104)
	at com.westernasset.tss.services.TradeNearCacheSubsystem.handleFuncCall(TradeNearCacheSubsystem.java:50)
	at com.westernasset.tss.services.TradeSubsystem.handleFuncCall(TradeSubsystem.java:29)
	at com.westernasset.framework.subsystem.receiving.SubsystemImpl.innerHandleFuncCall(SubsystemImpl.java:154)
	at com.westernasset.framework.subsystem.receiving.internal.InProcessFunctionCallReceiver.handleFuncCall(InProcessFunctionCallReceiver.java:49)
	at com.westernasset.framework.subsystem.calling.internal.inprocess.InProcessFunctionCallCaller.doCall(InProcessFunctionCallCaller.java:19)
	at com.westernasset.framework.subsystem.calling.internal.inprocess.ForwardIfNotFoundFunctionCallCaller.doCall(ForwardIfNotFoundFunctionCallCaller.java:28)
	at com.westernasset.framework.subsystem.calling.internal.base.BaseFunctionCallCaller.callFunc(BaseFunctionCallCaller.java:33)
	at com.westernasset.framework.subsystem.calling.internal.base.BaseSubsystem.callFunc(BaseSubsystem.java:35)
	at com.westernasset.pss.msg.reciever.process.TradeProcessor.getTradeByTradeId(TradeProcessor.java:250)
	at com.westernasset.pss.msg.reciever.process.TradeProcessor.getPrioTradeStatusByMessage(TradeProcessor.java:268)
	at com.westernasset.pss.msg.reciever.process.TradeProcessor.process(TradeProcessor.java:50)
	at com.westernasset.pss.msg.queue.MessageFetcher.processMessage(MessageFetcher.java:91)
	at com.westernasset.pss.msg.queue.MessageFetcher.pullMessageFromQueue(MessageFetcher.java:78)
	at com.westernasset.pss.msg.queue.MessageFetcher.run(MessageFetcher.java:48)

	at com.westernasset.framework.subsystem.common.internal.SubsystemExceptionUtils.dataObjectToException(SubsystemExceptionUtils.java:38)
	at com.westernasset.framework.subsystem.common.internal.SubsystemExceptionUtils.throwExceptionIfNeeded(SubsystemExceptionUtils.java:15)
	at com.westernasset.framework.subsystem.calling.internal.base.BaseSubsystem.callFunc(BaseSubsystem.java:37)
	at com.westernasset.pss.msg.reciever.process.TradeProcessor.getTradeByTradeId(TradeProcessor.java:250)
	at com.westernasset.pss.msg.reciever.process.TradeProcessor.getPrioTradeStatusByMessage(TradeProcessor.java:268)
	at com.westernasset.pss.msg.reciever.process.TradeProcessor.process(TradeProcessor.java:50)
	at com.westernasset.pss.msg.queue.MessageFetcher.processMessage(MessageFetcher.java:91)
	at com.westernasset.pss.msg.queue.MessageFetcher.pullMessageFromQueue(MessageFetcher.java:78)
	at com.westernasset.pss.msg.queue.MessageFetcher.run(MessageFetcher.java:48)
2014-09-25 14:48:51,128 ERROR [TradeProcessor] Exception occured while processing message
java.lang.RuntimeException: Storage is not configured
	at com.tangosol.coherence.component.util.daemon.queueProcessor.service.DistributedCache$BinaryMap.onMissingStorage(DistributedCache.CDB:9)
	at com.tangosol.coherence.component.util.daemon.queueProcessor.service.DistributedCache$BinaryMap.get(DistributedCache.CDB:15)
	at com.tangosol.util.ConverterCollections$ConverterMap.get(ConverterCollections.java:1300)
	at com.tangosol.coherence.component.util.daemon.queueProcessor.service.DistributedCache$ViewMap.get(DistributedCache.CDB:1)
	at com.tangosol.coherence.component.util.SafeNamedCache.get(SafeNamedCache.CDB:1)
	at com.tangosol.net.cache.CachingMap.get(CachingMap.java:490)
	at com.westernasset.tss.cache.TradeCacheManager.isDuplicateTrade(TradeCacheManager.java:356)
	at com.westernasset.pss.common.util.PojoHelper.createObjects(PojoHelper.java:132)
	at com.westernasset.pss.msg.reciever.process.TradeProcessor.process(TradeProcessor.java:55)
	at com.westernasset.pss.msg.queue.MessageFetcher.processMessage(MessageFetcher.java:91)
	at com.westernasset.pss.msg.queue.MessageFetcher.pullMessageFromQueue(MessageFetcher.java:78)
	at com.westernasset.pss.msg.queue.MessageFetcher.run(MessageFetcher.java:48)
2014-09-25 14:48:51,128 INFO  [TradeProcessor] End process method 730 MB
2014-09-25 14:48:51,128 INFO  [TradeProcessor] Time taken by TradeProcessor.process method 6
2014-09-25 14:48:51,128 INFO  [MessageFetcher] Processing message completed...[7461560]
2014-09-25 14:48:51,128 INFO  [MessageQueue] Removing the first item of 5 from the queue
2014-09-25 14:48:51,128 INFO  [MessageFetcher] Processing message started...[7461564]
2014-09-25 14:48:51,128 INFO  [TradeProcessor] Begin process method 730 MB
2014-09-25 14:48:51,129 ERROR [TradeProcessor] Error in doSecurityExist
java.lang.RuntimeException: Storage is not configured
	at com.tangosol.coherence.component.util.daemon.queueProcessor.service.DistributedCache$BinaryMap.onMissingStorage(DistributedCache.CDB:9)
	at com.tangosol.coherence.component.util.daemon.queueProcessor.service.DistributedCache$BinaryMap.get(DistributedCache.CDB:15)
	at com.tangosol.util.ConverterCollections$ConverterMap.get(ConverterCollections.java:1300)
	at com.tangosol.coherence.component.util.daemon.queueProcessor.service.DistributedCache$ViewMap.get(DistributedCache.CDB:1)
	at com.tangosol.coherence.component.util.SafeNamedCache.get(SafeNamedCache.CDB:1)
	at com.tangosol.net.cache.CachingMap.get(CachingMap.java:490)
	at com.westernasset.smss.common.util.BusinessDateHelper.get(BusinessDateHelper.java:55)
	at com.westernasset.smss.common.util.BusinessDateHelper.getBusinessDateFromCacheWithOffset(BusinessDateHelper.java:130)
	at com.westernasset.smss.common.util.BusinessDateHelper.getCurrentBusinessDateAny(BusinessDateHelper.java:125)
	at com.westernasset.pss.msg.reciever.process.TradeProcessor.doSecurityExist(TradeProcessor.java:328)
	at com.westernasset.pss.msg.reciever.process.TradeProcessor.createSecurity(TradeProcessor.java:296)
	at com.westernasset.pss.msg.reciever.process.TradeProcessor.process(TradeProcessor.java:49)
	at com.westernasset.pss.msg.queue.MessageFetcher.processMessage(MessageFetcher.java:91)
	at com.westernasset.pss.msg.queue.MessageFetcher.pullMessageFromQueue(MessageFetcher.java:78)
	at com.westernasset.pss.msg.queue.MessageFetcher.run(MessageFetcher.java:48)
2014-09-25 14:48:51,129 ERROR [AtpToPssMapper] com.westernasset.framework.subsystem.common.SubsystemException: SubsystemExceptionNested:
java.lang.RuntimeException: Storage is not configuredNested:
java.lang.RuntimeException: Storage is not configured
	at com.tangosol.coherence.component.util.daemon.queueProcessor.service.DistributedCache$BinaryMap.onMissingStorage(DistributedCache.CDB:9)
	at com.tangosol.coherence.component.util.daemon.queueProcessor.service.DistributedCache$BinaryMap.get(DistributedCache.CDB:15)
	at com.tangosol.util.ConverterCollections$ConverterMap.get(ConverterCollections.java:1300)
	at com.tangosol.coherence.component.util.daemon.queueProcessor.service.DistributedCache$ViewMap.get(DistributedCache.CDB:1)
	at com.tangosol.coherence.component.util.SafeNamedCache.get(SafeNamedCache.CDB:1)
	at com.tangosol.net.cache.CachingMap.get(CachingMap.java:490)
	at com.westernasset.smss.server.SecurityMasterNearCacheSubsystem.getDigitRatingFromString(SecurityMasterNearCacheSubsystem.java:186)
	at com.westernasset.smss.server.SecurityMasterNearCacheSubsystem.handleFuncCall(SecurityMasterNearCacheSubsystem.java:85)
	at com.westernasset.smss.server.SecurityMasterManagementSubsystem.handleFuncCall(SecurityMasterManagementSubsystem.java:23)
	at com.westernasset.framework.subsystem.receiving.SubsystemImpl.innerHandleFuncCall(SubsystemImpl.java:154)
	at com.westernasset.framework.subsystem.receiving.internal.InProcessFunctionCallReceiver.handleFuncCall(InProcessFunctionCallReceiver.java:49)
	at com.westernasset.framework.subsystem.calling.internal.inprocess.InProcessFunctionCallCaller.doCall(InProcessFunctionCallCaller.java:19)
	at com.westernasset.framework.subsystem.calling.internal.inprocess.ForwardIfNotFoundFunctionCallCaller.doCall(ForwardIfNotFoundFunctionCallCaller.java:28)
	at com.westernasset.framework.subsystem.calling.internal.base.BaseFunctionCallCaller.callFunc(BaseFunctionCallCaller.java:33)
	at com.westernasset.framework.subsystem.calling.internal.base.BaseSubsystem.callFunc(BaseSubsystem.java:35)
	at com.westernasset.pss.msg.mapper.AtpToPssMapper.getRating(AtpToPssMapper.java:219)
	at com.westernasset.pss.msg.mapper.AtpToPssMapper.updateSecurityWithRatings(AtpToPssMapper.java:167)
	at com.westernasset.pss.msg.mapper.AtpToPssMapper.createSecurityVO(AtpToPssMapper.java:133)
	at com.westernasset.pss.msg.reciever.process.TradeProcessor.createSecurity(TradeProcessor.java:297)
	at com.westernasset.pss.msg.reciever.process.TradeProcessor.process(TradeProcessor.java:49)
	at com.westernasset.pss.msg.queue.MessageFetcher.processMessage(MessageFetcher.java:91)
	at com.westernasset.pss.msg.queue.MessageFetcher.pullMessageFromQueue(MessageFetcher.java:78)
	at com.westernasset.pss.msg.queue.MessageFetcher.run(MessageFetcher.java:48)

2014-09-25 14:48:51,130 ERROR [AtpToPssMapper] com.westernasset.framework.subsystem.common.SubsystemException: SubsystemExceptionNested:
java.lang.RuntimeException: Storage is not configuredNested:
java.lang.RuntimeException: Storage is not configured
	at com.tangosol.coherence.component.util.daemon.queueProcessor.service.DistributedCache$BinaryMap.onMissingStorage(DistributedCache.CDB:9)
	at com.tangosol.coherence.component.util.daemon.queueProcessor.service.DistributedCache$BinaryMap.get(DistributedCache.CDB:15)
	at com.tangosol.util.ConverterCollections$ConverterMap.get(ConverterCollections.java:1300)
	at com.tangosol.coherence.component.util.daemon.queueProcessor.service.DistributedCache$ViewMap.get(DistributedCache.CDB:1)
	at com.tangosol.coherence.component.util.SafeNamedCache.get(SafeNamedCache.CDB:1)
	at com.tangosol.net.cache.CachingMap.get(CachingMap.java:490)
	at com.westernasset.smss.server.SecurityMasterNearCacheSubsystem.getDigitRatingFromString(SecurityMasterNearCacheSubsystem.java:186)
	at com.westernasset.smss.server.SecurityMasterNearCacheSubsystem.handleFuncCall(SecurityMasterNearCacheSubsystem.java:85)
	at com.westernasset.smss.server.SecurityMasterManagementSubsystem.handleFuncCall(SecurityMasterManagementSubsystem.java:23)
	at com.westernasset.framework.subsystem.receiving.SubsystemImpl.innerHandleFuncCall(SubsystemImpl.java:154)
	at com.westernasset.framework.subsystem.receiving.internal.InProcessFunctionCallReceiver.handleFuncCall(InProcessFunctionCallReceiver.java:49)
	at com.westernasset.framework.subsystem.calling.internal.inprocess.InProcessFunctionCallCaller.doCall(InProcessFunctionCallCaller.java:19)
	at com.westernasset.framework.subsystem.calling.internal.inprocess.ForwardIfNotFoundFunctionCallCaller.doCall(ForwardIfNotFoundFunctionCallCaller.java:28)
	at com.westernasset.framework.subsystem.calling.internal.base.BaseFunctionCallCaller.callFunc(BaseFunctionCallCaller.java:33)
	at com.westernasset.framework.subsystem.calling.internal.base.BaseSubsystem.callFunc(BaseSubsystem.java:35)
	at com.westernasset.pss.msg.mapper.AtpToPssMapper.getRating(AtpToPssMapper.java:219)
	at com.westernasset.pss.msg.mapper.AtpToPssMapper.updateSecurityWithRatings(AtpToPssMapper.java:172)
	at com.westernasset.pss.msg.mapper.AtpToPssMapper.createSecurityVO(AtpToPssMapper.java:133)
	at com.westernasset.pss.msg.reciever.process.TradeProcessor.createSecurity(TradeProcessor.java:297)
	at com.westernasset.pss.msg.reciever.process.TradeProcessor.process(TradeProcessor.java:49)
	at com.westernasset.pss.msg.queue.MessageFetcher.processMessage(MessageFetcher.java:91)
	at com.westernasset.pss.msg.queue.MessageFetcher.pullMessageFromQueue(MessageFetcher.java:78)
	at com.westernasset.pss.msg.queue.MessageFetcher.run(MessageFetcher.java:48)

2014-09-25 14:48:51,130 ERROR [AtpToPssMapper] com.westernasset.framework.subsystem.common.SubsystemException: SubsystemExceptionNested:
java.lang.RuntimeException: Storage is not configuredNested:
java.lang.RuntimeException: Storage is not configured
	at com.tangosol.coherence.component.util.daemon.queueProcessor.service.DistributedCache$BinaryMap.onMissingStorage(DistributedCache.CDB:9)
	at com.tangosol.coherence.component.util.daemon.queueProcessor.service.DistributedCache$BinaryMap.get(DistributedCache.CDB:15)
	at com.tangosol.util.ConverterCollections$ConverterMap.get(ConverterCollections.java:1300)
	at com.tangosol.coherence.component.util.daemon.queueProcessor.service.DistributedCache$ViewMap.get(DistributedCache.CDB:1)
	at com.tangosol.coherence.component.util.SafeNamedCache.get(SafeNamedCache.CDB:1)
	at com.tangosol.net.cache.CachingMap.get(CachingMap.java:490)
	at com.westernasset.smss.server.SecurityMasterNearCacheSubsystem.getDigitRatingFromString(SecurityMasterNearCacheSubsystem.java:186)
	at com.westernasset.smss.server.SecurityMasterNearCacheSubsystem.handleFuncCall(SecurityMasterNearCacheSubsystem.java:85)
	at com.westernasset.smss.server.SecurityMasterManagementSubsystem.handleFuncCall(SecurityMasterManagementSubsystem.java:23)
	at com.westernasset.framework.subsystem.receiving.SubsystemImpl.innerHandleFuncCall(SubsystemImpl.java:154)
	at com.westernasset.framework.subsystem.receiving.internal.InProcessFunctionCallReceiver.handleFuncCall(InProcessFunctionCallReceiver.java:49)
	at com.westernasset.framework.subsystem.calling.internal.inprocess.InProcessFunctionCallCaller.doCall(InProcessFunctionCallCaller.java:19)
	at com.westernasset.framework.subsystem.calling.internal.inprocess.ForwardIfNotFoundFunctionCallCaller.doCall(ForwardIfNotFoundFunctionCallCaller.java:28)
	at com.westernasset.framework.subsystem.calling.internal.base.BaseFunctionCallCaller.callFunc(BaseFunctionCallCaller.java:33)
	at com.westernasset.framework.subsystem.calling.internal.base.BaseSubsystem.callFunc(BaseSubsystem.java:35)
	at com.westernasset.pss.msg.mapper.AtpToPssMapper.getRating(AtpToPssMapper.java:219)
	at com.westernasset.pss.msg.mapper.AtpToPssMapper.updateSecurityWithRatings(AtpToPssMapper.java:177)
	at com.westernasset.pss.msg.mapper.AtpToPssMapper.createSecurityVO(AtpToPssMapper.java:133)
	at com.westernasset.pss.msg.reciever.process.TradeProcessor.createSecurity(TradeProcessor.java:297)
	at com.westernasset.pss.msg.reciever.process.TradeProcessor.process(TradeProcessor.java:49)
	at com.westernasset.pss.msg.queue.MessageFetcher.processMessage(MessageFetcher.java:91)
	at com.westernasset.pss.msg.queue.MessageFetcher.pullMessageFromQueue(MessageFetcher.java:78)
	at com.westernasset.pss.msg.queue.MessageFetcher.run(MessageFetcher.java:48)

2014-09-25 14:48:51,130 ERROR [AtpToPssMapper] com.westernasset.framework.subsystem.common.SubsystemException: SubsystemExceptionNested:
java.lang.RuntimeException: Storage is not configuredNested:
java.lang.RuntimeException: Storage is not configured
	at com.tangosol.coherence.component.util.daemon.queueProcessor.service.DistributedCache$BinaryMap.onMissingStorage(DistributedCache.CDB:9)
	at com.tangosol.coherence.component.util.daemon.queueProcessor.service.DistributedCache$BinaryMap.get(DistributedCache.CDB:15)
	at com.tangosol.util.ConverterCollections$ConverterMap.get(ConverterCollections.java:1300)
	at com.tangosol.coherence.component.util.daemon.queueProcessor.service.DistributedCache$ViewMap.get(DistributedCache.CDB:1)
	at com.tangosol.coherence.component.util.SafeNamedCache.get(SafeNamedCache.CDB:1)
	at com.tangosol.net.cache.CachingMap.get(CachingMap.java:490)
	at com.westernasset.smss.server.SecurityMasterNearCacheSubsystem.getDigitRatingFromString(SecurityMasterNearCacheSubsystem.java:186)
	at com.westernasset.smss.server.SecurityMasterNearCacheSubsystem.handleFuncCall(SecurityMasterNearCacheSubsystem.java:85)
	at com.westernasset.smss.server.SecurityMasterManagementSubsystem.handleFuncCall(SecurityMasterManagementSubsystem.java:23)
	at com.westernasset.framework.subsystem.receiving.SubsystemImpl.innerHandleFuncCall(SubsystemImpl.java:154)
	at com.westernasset.framework.subsystem.receiving.internal.InProcessFunctionCallReceiver.handleFuncCall(InProcessFunctionCallReceiver.java:49)
	at com.westernasset.framework.subsystem.calling.internal.inprocess.InProcessFunctionCallCaller.doCall(InProcessFunctionCallCaller.java:19)
	at com.westernasset.framework.subsystem.calling.internal.inprocess.ForwardIfNotFoundFunctionCallCaller.doCall(ForwardIfNotFoundFunctionCallCaller.java:28)
	at com.westernasset.framework.subsystem.calling.internal.base.BaseFunctionCallCaller.callFunc(BaseFunctionCallCaller.java:33)
	at com.westernasset.framework.subsystem.calling.internal.base.BaseSubsystem.callFunc(BaseSubsystem.java:35)
	at com.westernasset.pss.msg.mapper.AtpToPssMapper.getRating(AtpToPssMapper.java:219)
	at com.westernasset.pss.msg.mapper.AtpToPssMapper.updateSecurityWithRatings(AtpToPssMapper.java:182)
	at com.westernasset.pss.msg.mapper.AtpToPssMapper.createSecurityVO(AtpToPssMapper.java:133)
	at com.westernasset.pss.msg.reciever.process.TradeProcessor.createSecurity(TradeProcessor.java:297)
	at com.westernasset.pss.msg.reciever.process.TradeProcessor.process(TradeProcessor.java:49)
	at com.westernasset.pss.msg.queue.MessageFetcher.processMessage(MessageFetcher.java:91)
	at com.westernasset.pss.msg.queue.MessageFetcher.pullMessageFromQueue(MessageFetcher.java:78)
	at com.westernasset.pss.msg.queue.MessageFetcher.run(MessageFetcher.java:48)

2014-09-25 14:48:51,131 ERROR [AtpToPssMapper] com.westernasset.framework.subsystem.common.SubsystemException: SubsystemExceptionNested:
java.lang.RuntimeException: Storage is not configuredNested:
java.lang.RuntimeException: Storage is not configured
	at com.tangosol.coherence.component.util.daemon.queueProcessor.service.DistributedCache$BinaryMap.onMissingStorage(DistributedCache.CDB:9)
	at com.tangosol.coherence.component.util.daemon.queueProcessor.service.DistributedCache$BinaryMap.get(DistributedCache.CDB:15)
	at com.tangosol.util.ConverterCollections$ConverterMap.get(ConverterCollections.java:1300)
	at com.tangosol.coherence.component.util.daemon.queueProcessor.service.DistributedCache$ViewMap.get(DistributedCache.CDB:1)
	at com.tangosol.coherence.component.util.SafeNamedCache.get(SafeNamedCache.CDB:1)
	at com.tangosol.net.cache.CachingMap.get(CachingMap.java:490)
	at com.westernasset.smss.server.SecurityMasterNearCacheSubsystem.getDigitRatingFromString(SecurityMasterNearCacheSubsystem.java:186)
	at com.westernasset.smss.server.SecurityMasterNearCacheSubsystem.handleFuncCall(SecurityMasterNearCacheSubsystem.java:85)
	at com.westernasset.smss.server.SecurityMasterManagementSubsystem.handleFuncCall(SecurityMasterManagementSubsystem.java:23)
	at com.westernasset.framework.subsystem.receiving.SubsystemImpl.innerHandleFuncCall(SubsystemImpl.java:154)
	at com.westernasset.framework.subsystem.receiving.internal.InProcessFunctionCallReceiver.handleFuncCall(InProcessFunctionCallReceiver.java:49)
	at com.westernasset.framework.subsystem.calling.internal.inprocess.InProcessFunctionCallCaller.doCall(InProcessFunctionCallCaller.java:19)
	at com.westernasset.framework.subsystem.calling.internal.inprocess.ForwardIfNotFoundFunctionCallCaller.doCall(ForwardIfNotFoundFunctionCallCaller.java:28)
	at com.westernasset.framework.subsystem.calling.internal.base.BaseFunctionCallCaller.callFunc(BaseFunctionCallCaller.java:33)
	at com.westernasset.framework.subsystem.calling.internal.base.BaseSubsystem.callFunc(BaseSubsystem.java:35)
	at com.westernasset.pss.msg.mapper.AtpToPssMapper.getRating(AtpToPssMapper.java:219)
	at com.westernasset.pss.msg.mapper.AtpToPssMapper.updateSecurityWithRatings(AtpToPssMapper.java:187)
	at com.westernasset.pss.msg.mapper.AtpToPssMapper.createSecurityVO(AtpToPssMapper.java:133)
	at com.westernasset.pss.msg.reciever.process.TradeProcessor.createSecurity(TradeProcessor.java:297)
	at com.westernasset.pss.msg.reciever.process.TradeProcessor.process(TradeProcessor.java:49)
	at com.westernasset.pss.msg.queue.MessageFetcher.processMessage(MessageFetcher.java:91)
	at com.westernasset.pss.msg.queue.MessageFetcher.pullMessageFromQueue(MessageFetcher.java:78)
	at com.westernasset.pss.msg.queue.MessageFetcher.run(MessageFetcher.java:48)

2014-09-25 14:48:51,131 ERROR [AtpToPssMapper] com.westernasset.framework.subsystem.common.SubsystemException: SubsystemExceptionNested:
java.lang.RuntimeException: Storage is not configuredNested:
java.lang.RuntimeException: Storage is not configured
	at com.tangosol.coherence.component.util.daemon.queueProcessor.service.DistributedCache$BinaryMap.onMissingStorage(DistributedCache.CDB:9)
	at com.tangosol.coherence.component.util.daemon.queueProcessor.service.DistributedCache$BinaryMap.get(DistributedCache.CDB:15)
	at com.tangosol.util.ConverterCollections$ConverterMap.get(ConverterCollections.java:1300)
	at com.tangosol.coherence.component.util.daemon.queueProcessor.service.DistributedCache$ViewMap.get(DistributedCache.CDB:1)
	at com.tangosol.coherence.component.util.SafeNamedCache.get(SafeNamedCache.CDB:1)
	at com.tangosol.net.cache.CachingMap.get(CachingMap.java:490)
	at com.westernasset.smss.server.SecurityMasterNearCacheSubsystem.getDigitRatingFromString(SecurityMasterNearCacheSubsystem.java:186)
	at com.westernasset.smss.server.SecurityMasterNearCacheSubsystem.handleFuncCall(SecurityMasterNearCacheSubsystem.java:85)
	at com.westernasset.smss.server.SecurityMasterManagementSubsystem.handleFuncCall(SecurityMasterManagementSubsystem.java:23)
	at com.westernasset.framework.subsystem.receiving.SubsystemImpl.innerHandleFuncCall(SubsystemImpl.java:154)
	at com.westernasset.framework.subsystem.receiving.internal.InProcessFunctionCallReceiver.handleFuncCall(InProcessFunctionCallReceiver.java:49)
	at com.westernasset.framework.subsystem.calling.internal.inprocess.InProcessFunctionCallCaller.doCall(InProcessFunctionCallCaller.java:19)
	at com.westernasset.framework.subsystem.calling.internal.inprocess.ForwardIfNotFoundFunctionCallCaller.doCall(ForwardIfNotFoundFunctionCallCaller.java:28)
	at com.westernasset.framework.subsystem.calling.internal.base.BaseFunctionCallCaller.callFunc(BaseFunctionCallCaller.java:33)
	at com.westernasset.framework.subsystem.calling.internal.base.BaseSubsystem.callFunc(BaseSubsystem.java:35)
	at com.westernasset.pss.msg.mapper.AtpToPssMapper.getRating(AtpToPssMapper.java:219)
	at com.westernasset.pss.msg.mapper.AtpToPssMapper.updateSecurityWithRatings(AtpToPssMapper.java:192)
	at com.westernasset.pss.msg.mapper.AtpToPssMapper.createSecurityVO(AtpToPssMapper.java:133)
	at com.westernasset.pss.msg.reciever.process.TradeProcessor.createSecurity(TradeProcessor.java:297)
	at com.westernasset.pss.msg.reciever.process.TradeProcessor.process(TradeProcessor.java:49)
	at com.westernasset.pss.msg.queue.MessageFetcher.processMessage(MessageFetcher.java:91)
	at com.westernasset.pss.msg.queue.MessageFetcher.pullMessageFromQueue(MessageFetcher.java:78)
	at com.westernasset.pss.msg.queue.MessageFetcher.run(MessageFetcher.java:48)

2014-09-25 14:48:51,132 ERROR [AtpToPssMapper] com.westernasset.framework.subsystem.common.SubsystemException: SubsystemExceptionNested:
java.lang.RuntimeException: Storage is not configuredNested:
java.lang.RuntimeException: Storage is not configured
	at com.tangosol.coherence.component.util.daemon.queueProcessor.service.DistributedCache$BinaryMap.onMissingStorage(DistributedCache.CDB:9)
	at com.tangosol.coherence.component.util.daemon.queueProcessor.service.DistributedCache$BinaryMap.get(DistributedCache.CDB:15)
	at com.tangosol.util.ConverterCollections$ConverterMap.get(ConverterCollections.java:1300)
	at com.tangosol.coherence.component.util.daemon.queueProcessor.service.DistributedCache$ViewMap.get(DistributedCache.CDB:1)
	at com.tangosol.coherence.component.util.SafeNamedCache.get(SafeNamedCache.CDB:1)
	at com.tangosol.net.cache.CachingMap.get(CachingMap.java:490)
	at com.westernasset.smss.server.SecurityMasterNearCacheSubsystem.getDigitRatingFromString(SecurityMasterNearCacheSubsystem.java:186)
	at com.westernasset.smss.server.SecurityMasterNearCacheSubsystem.handleFuncCall(SecurityMasterNearCacheSubsystem.java:85)
	at com.westernasset.smss.server.SecurityMasterManagementSubsystem.handleFuncCall(SecurityMasterManagementSubsystem.java:23)
	at com.westernasset.framework.subsystem.receiving.SubsystemImpl.innerHandleFuncCall(SubsystemImpl.java:154)
	at com.westernasset.framework.subsystem.receiving.internal.InProcessFunctionCallReceiver.handleFuncCall(InProcessFunctionCallReceiver.java:49)
	at com.westernasset.framework.subsystem.calling.internal.inprocess.InProcessFunctionCallCaller.doCall(InProcessFunctionCallCaller.java:19)
	at com.westernasset.framework.subsystem.calling.internal.inprocess.ForwardIfNotFoundFunctionCallCaller.doCall(ForwardIfNotFoundFunctionCallCaller.java:28)
	at com.westernasset.framework.subsystem.calling.internal.base.BaseFunctionCallCaller.callFunc(BaseFunctionCallCaller.java:33)
	at com.westernasset.framework.subsystem.calling.internal.base.BaseSubsystem.callFunc(BaseSubsystem.java:35)
	at com.westernasset.pss.msg.mapper.AtpToPssMapper.getRating(AtpToPssMapper.java:219)
	at com.westernasset.pss.msg.mapper.AtpToPssMapper.updateSecurityWithRatings(AtpToPssMapper.java:197)
	at com.westernasset.pss.msg.mapper.AtpToPssMapper.createSecurityVO(AtpToPssMapper.java:133)
	at com.westernasset.pss.msg.reciever.process.TradeProcessor.createSecurity(TradeProcessor.java:297)
	at com.westernasset.pss.msg.reciever.process.TradeProcessor.process(TradeProcessor.java:49)
	at com.westernasset.pss.msg.queue.MessageFetcher.processMessage(MessageFetcher.java:91)
	at com.westernasset.pss.msg.queue.MessageFetcher.pullMessageFromQueue(MessageFetcher.java:78)
	at com.westernasset.pss.msg.queue.MessageFetcher.run(MessageFetcher.java:48)

2014-09-25 14:48:51,132 ERROR [AtpToPssMapper] com.westernasset.framework.subsystem.common.SubsystemException: SubsystemExceptionNested:
java.lang.RuntimeException: Storage is not configuredNested:
java.lang.RuntimeException: Storage is not configured
	at com.tangosol.coherence.component.util.daemon.queueProcessor.service.DistributedCache$BinaryMap.onMissingStorage(DistributedCache.CDB:9)
	at com.tangosol.coherence.component.util.daemon.queueProcessor.service.DistributedCache$BinaryMap.get(DistributedCache.CDB:15)
	at com.tangosol.util.ConverterCollections$ConverterMap.get(ConverterCollections.java:1300)
	at com.tangosol.coherence.component.util.daemon.queueProcessor.service.DistributedCache$ViewMap.get(DistributedCache.CDB:1)
	at com.tangosol.coherence.component.util.SafeNamedCache.get(SafeNamedCache.CDB:1)
	at com.tangosol.net.cache.CachingMap.get(CachingMap.java:490)
	at com.westernasset.smss.server.SecurityMasterNearCacheSubsystem.getDigitRatingFromString(SecurityMasterNearCacheSubsystem.java:186)
	at com.westernasset.smss.server.SecurityMasterNearCacheSubsystem.handleFuncCall(SecurityMasterNearCacheSubsystem.java:85)
	at com.westernasset.smss.server.SecurityMasterManagementSubsystem.handleFuncCall(SecurityMasterManagementSubsystem.java:23)
	at com.westernasset.framework.subsystem.receiving.SubsystemImpl.innerHandleFuncCall(SubsystemImpl.java:154)
	at com.westernasset.framework.subsystem.receiving.internal.InProcessFunctionCallReceiver.handleFuncCall(InProcessFunctionCallReceiver.java:49)
	at com.westernasset.framework.subsystem.calling.internal.inprocess.InProcessFunctionCallCaller.doCall(InProcessFunctionCallCaller.java:19)
	at com.westernasset.framework.subsystem.calling.internal.inprocess.ForwardIfNotFoundFunctionCallCaller.doCall(ForwardIfNotFoundFunctionCallCaller.java:28)
	at com.westernasset.framework.subsystem.calling.internal.base.BaseFunctionCallCaller.callFunc(BaseFunctionCallCaller.java:33)
	at com.westernasset.framework.subsystem.calling.internal.base.BaseSubsystem.callFunc(BaseSubsystem.java:35)
	at com.westernasset.pss.msg.mapper.AtpToPssMapper.getRating(AtpToPssMapper.java:219)
	at com.westernasset.pss.msg.mapper.AtpToPssMapper.updateSecurityWithRatings(AtpToPssMapper.java:202)
	at com.westernasset.pss.msg.mapper.AtpToPssMapper.createSecurityVO(AtpToPssMapper.java:133)
	at com.westernasset.pss.msg.reciever.process.TradeProcessor.createSecurity(TradeProcessor.java:297)
	at com.westernasset.pss.msg.reciever.process.TradeProcessor.process(TradeProcessor.java:49)
	at com.westernasset.pss.msg.queue.MessageFetcher.processMessage(MessageFetcher.java:91)
	at com.westernasset.pss.msg.queue.MessageFetcher.pullMessageFromQueue(MessageFetcher.java:78)
	at com.westernasset.pss.msg.queue.MessageFetcher.run(MessageFetcher.java:48)

2014-09-25 14:48:51,134 ERROR [SecurityCacheManager] Failed to add security to cache: Storage is not configured : {SecurityId=1508864, AMTValue=1.0, MoodyRating=0, MoodyShortRating=0, FitchRating=0, FitchShortRating=0, SecurityTypeId=22, AssetTypeId=8, ProductId=20, SpRating=0, SpShortRating=0, WaRating=0, WaShortRating=0, IssueDate=2014-06-26T00:00:00.000-0700, MaturityDate=2019-06-26T00:00:00.000-0700, AssetId=87612EBB1, CurrencyCode=USD, SecurityType=CORPORATE, Description=TARGET CORP, Product=Bonds/Notes (Par), SubSubSector=RETAILERS, TickerSymbol=TGT, BBName=TARGET CORP, IntType=FIXED, MinPiece=2000.0000, MinIncrement=2000.0000, AverageLife=4.756, Coupon=2.3, Dtm=1783.0, DtmLegalFinal=1783.0, Factor=1.0, DurationFactor=1.0, EffectiveConvexity=0.233, EffectiveDuration=4.521, YieldToWorst=2.281, MarketCFYield=2.281, OptionASpread=51.0, SpreadDuration=4.45, Country=US, AMT=N, NyIssuer=TGT&8, LnIssuer=TGT&8}
java.lang.RuntimeException: Storage is not configured
	at com.tangosol.coherence.component.util.daemon.queueProcessor.service.DistributedCache$BinaryMap.onMissingStorage(DistributedCache.CDB:9)
	at com.tangosol.coherence.component.util.daemon.queueProcessor.service.DistributedCache$BinaryMap.get(DistributedCache.CDB:15)
	at com.tangosol.util.ConverterCollections$ConverterMap.get(ConverterCollections.java:1300)
	at com.tangosol.coherence.component.util.daemon.queueProcessor.service.DistributedCache$ViewMap.get(DistributedCache.CDB:1)
	at com.tangosol.coherence.component.util.SafeNamedCache.get(SafeNamedCache.CDB:1)
	at com.tangosol.net.cache.CachingMap.get(CachingMap.java:490)
	at com.westernasset.smss.common.util.BusinessUtils.getIssuerDesciption(BusinessUtils.java:146)
	at com.westernasset.smss.common.util.BusinessUtils.fillNUIssuerId(BusinessUtils.java:513)
	at com.westernasset.smss.common.util.BusinessUtils.fillDerivedValues(BusinessUtils.java:421)
	at com.westernasset.smss.server.SecurityCacheManager.addSecurity(SecurityCacheManager.java:137)
	at com.westernasset.smss.server.SecurityMasterNearCacheSubsystem.addSecurity(SecurityMasterNearCacheSubsystem.java:202)
	at com.westernasset.smss.server.SecurityMasterNearCacheSubsystem.handleFuncCall(SecurityMasterNearCacheSubsystem.java:92)
	at com.westernasset.smss.server.SecurityMasterManagementSubsystem.handleFuncCall(SecurityMasterManagementSubsystem.java:23)
	at com.westernasset.framework.subsystem.receiving.SubsystemImpl.innerHandleFuncCall(SubsystemImpl.java:154)
	at com.westernasset.framework.subsystem.receiving.internal.InProcessFunctionCallReceiver.handleFuncCall(InProcessFunctionCallReceiver.java:49)
	at com.westernasset.framework.subsystem.calling.internal.inprocess.InProcessFunctionCallCaller.doCall(InProcessFunctionCallCaller.java:19)
	at com.westernasset.framework.subsystem.calling.internal.inprocess.ForwardIfNotFoundFunctionCallCaller.doCall(ForwardIfNotFoundFunctionCallCaller.java:28)
	at com.westernasset.framework.subsystem.calling.internal.base.BaseFunctionCallCaller.callFunc(BaseFunctionCallCaller.java:33)
	at com.westernasset.framework.subsystem.calling.internal.base.BaseSubsystem.callFunc(BaseSubsystem.java:35)
	at com.westernasset.pss.msg.reciever.process.TradeProcessor.createSecurity(TradeProcessor.java:302)
	at com.westernasset.pss.msg.reciever.process.TradeProcessor.process(TradeProcessor.java:49)
	at com.westernasset.pss.msg.queue.MessageFetcher.processMessage(MessageFetcher.java:91)
	at com.westernasset.pss.msg.queue.MessageFetcher.pullMessageFromQueue(MessageFetcher.java:78)
	at com.westernasset.pss.msg.queue.MessageFetcher.run(MessageFetcher.java:48)
2014-09-25 14:48:51,134 INFO  [TradeProcessor] Created Security :{SecurityId=1508864, AMTValue=1.0, MoodyRating=0, MoodyShortRating=0, FitchRating=0, FitchShortRating=0, SecurityTypeId=22, AssetTypeId=8, ProductId=20, SpRating=0, SpShortRating=0, WaRating=0, WaShortRating=0, IssueDate=2014-06-26T00:00:00.000-0700, MaturityDate=2019-06-26T00:00:00.000-0700, AssetId=87612EBB1, CurrencyCode=USD, SecurityType=CORPORATE, Description=TARGET CORP, Product=Bonds/Notes (Par), SubSubSector=RETAILERS, TickerSymbol=TGT, BBName=TARGET CORP, IntType=FIXED, MinPiece=2000.0000, MinIncrement=2000.0000, AverageLife=4.756, Coupon=2.3, Dtm=1783.0, DtmLegalFinal=1783.0, Factor=1.0, DurationFactor=1.0, EffectiveConvexity=0.233, EffectiveDuration=4.521, YieldToWorst=2.281, MarketCFYield=2.281, OptionASpread=51.0, SpreadDuration=4.45, Country=US, AMT=N, NyIssuer=TGT&8, LnIssuer=TGT&8}
2014-09-25 14:48:51,134 ERROR [TradeProcessor] Error in getPrioTradeStatusByMessage
com.westernasset.framework.subsystem.common.SubsystemException: SubsystemExceptionNested:
java.lang.RuntimeException: Storage is not configuredNested:
java.lang.RuntimeException: Storage is not configured
	at com.tangosol.coherence.component.util.daemon.queueProcessor.service.DistributedCache$BinaryMap.onMissingStorage(DistributedCache.CDB:9)
	at com.tangosol.coherence.component.util.daemon.queueProcessor.service.DistributedCache$BinaryMap.get(DistributedCache.CDB:15)
	at com.tangosol.util.ConverterCollections$ConverterMap.get(ConverterCollections.java:1300)
	at com.tangosol.coherence.component.util.daemon.queueProcessor.service.DistributedCache$ViewMap.get(DistributedCache.CDB:1)
	at com.tangosol.coherence.component.util.SafeNamedCache.get(SafeNamedCache.CDB:1)
	at com.tangosol.net.cache.CachingMap.get(CachingMap.java:490)
	at com.westernasset.tss.cache.TradeCacheManager.getTradeById(TradeCacheManager.java:202)
	at com.westernasset.tss.services.TradeNearCacheSubsystem.getTradeById(TradeNearCacheSubsystem.java:104)
	at com.westernasset.tss.services.TradeNearCacheSubsystem.handleFuncCall(TradeNearCacheSubsystem.java:50)
	at com.westernasset.tss.services.TradeSubsystem.handleFuncCall(TradeSubsystem.java:29)
	at com.westernasset.framework.subsystem.receiving.SubsystemImpl.innerHandleFuncCall(SubsystemImpl.java:154)
	at com.westernasset.framework.subsystem.receiving.internal.InProcessFunctionCallReceiver.handleFuncCall(InProcessFunctionCallReceiver.java:49)
	at com.westernasset.framework.subsystem.calling.internal.inprocess.InProcessFunctionCallCaller.doCall(InProcessFunctionCallCaller.java:19)
	at com.westernasset.framework.subsystem.calling.internal.inprocess.ForwardIfNotFoundFunctionCallCaller.doCall(ForwardIfNotFoundFunctionCallCaller.java:28)
	at com.westernasset.framework.subsystem.calling.internal.base.BaseFunctionCallCaller.callFunc(BaseFunctionCallCaller.java:33)
	at com.westernasset.framework.subsystem.calling.internal.base.BaseSubsystem.callFunc(BaseSubsystem.java:35)
	at com.westernasset.pss.msg.reciever.process.TradeProcessor.getTradeByTradeId(TradeProcessor.java:250)
	at com.westernasset.pss.msg.reciever.process.TradeProcessor.getPrioTradeStatusByMessage(TradeProcessor.java:268)
	at com.westernasset.pss.msg.reciever.process.TradeProcessor.process(TradeProcessor.java:50)
	at com.westernasset.pss.msg.queue.MessageFetcher.processMessage(MessageFetcher.java:91)
	at com.westernasset.pss.msg.queue.MessageFetcher.pullMessageFromQueue(MessageFetcher.java:78)
	at com.westernasset.pss.msg.queue.MessageFetcher.run(MessageFetcher.java:48)

	at com.westernasset.framework.subsystem.common.internal.SubsystemExceptionUtils.dataObjectToException(SubsystemExceptionUtils.java:38)
	at com.westernasset.framework.subsystem.common.internal.SubsystemExceptionUtils.throwExceptionIfNeeded(SubsystemExceptionUtils.java:15)
	at com.westernasset.framework.subsystem.calling.internal.base.BaseSubsystem.callFunc(BaseSubsystem.java:37)
	at com.westernasset.pss.msg.reciever.process.TradeProcessor.getTradeByTradeId(TradeProcessor.java:250)
	at com.westernasset.pss.msg.reciever.process.TradeProcessor.getPrioTradeStatusByMessage(TradeProcessor.java:268)
	at com.westernasset.pss.msg.reciever.process.TradeProcessor.process(TradeProcessor.java:50)
	at com.westernasset.pss.msg.queue.MessageFetcher.processMessage(MessageFetcher.java:91)
	at com.westernasset.pss.msg.queue.MessageFetcher.pullMessageFromQueue(MessageFetcher.java:78)
	at com.westernasset.pss.msg.queue.MessageFetcher.run(MessageFetcher.java:48)
2014-09-25 14:48:51,135 ERROR [TradeProcessor] Exception occured while processing message
java.lang.RuntimeException: Storage is not configured
	at com.tangosol.coherence.component.util.daemon.queueProcessor.service.DistributedCache$BinaryMap.onMissingStorage(DistributedCache.CDB:9)
	at com.tangosol.coherence.component.util.daemon.queueProcessor.service.DistributedCache$BinaryMap.get(DistributedCache.CDB:15)
	at com.tangosol.util.ConverterCollections$ConverterMap.get(ConverterCollections.java:1300)
	at com.tangosol.coherence.component.util.daemon.queueProcessor.service.DistributedCache$ViewMap.get(DistributedCache.CDB:1)
	at com.tangosol.coherence.component.util.SafeNamedCache.get(SafeNamedCache.CDB:1)
	at com.tangosol.net.cache.CachingMap.get(CachingMap.java:490)
	at com.westernasset.tss.cache.TradeCacheManager.isDuplicateTrade(TradeCacheManager.java:356)
	at com.westernasset.pss.common.util.PojoHelper.createObjects(PojoHelper.java:132)
	at com.westernasset.pss.msg.reciever.process.TradeProcessor.process(TradeProcessor.java:55)
	at com.westernasset.pss.msg.queue.MessageFetcher.processMessage(MessageFetcher.java:91)
	at com.westernasset.pss.msg.queue.MessageFetcher.pullMessageFromQueue(MessageFetcher.java:78)
	at com.westernasset.pss.msg.queue.MessageFetcher.run(MessageFetcher.java:48)
2014-09-25 14:48:51,135 INFO  [TradeProcessor] End process method 731 MB
2014-09-25 14:48:51,135 INFO  [TradeProcessor] Time taken by TradeProcessor.process method 7
2014-09-25 14:48:51,135 INFO  [MessageFetcher] Processing message completed...[7461564]
2014-09-25 14:48:51,135 INFO  [MessageQueue] Removing the first item of 4 from the queue
2014-09-25 14:48:51,135 INFO  [MessageFetcher] Processing message started...[7461673]
2014-09-25 14:48:51,135 INFO  [TradeProcessor] Begin process method 731 MB
2014-09-25 14:48:51,135 ERROR [TradeProcessor] Error in doSecurityExist
java.lang.RuntimeException: Storage is not configured
	at com.tangosol.coherence.component.util.daemon.queueProcessor.service.DistributedCache$BinaryMap.onMissingStorage(DistributedCache.CDB:9)
	at com.tangosol.coherence.component.util.daemon.queueProcessor.service.DistributedCache$BinaryMap.get(DistributedCache.CDB:15)
	at com.tangosol.util.ConverterCollections$ConverterMap.get(ConverterCollections.java:1300)
	at com.tangosol.coherence.component.util.daemon.queueProcessor.service.DistributedCache$ViewMap.get(DistributedCache.CDB:1)
	at com.tangosol.coherence.component.util.SafeNamedCache.get(SafeNamedCache.CDB:1)
	at com.tangosol.net.cache.CachingMap.get(CachingMap.java:490)
	at com.westernasset.smss.common.util.BusinessDateHelper.get(BusinessDateHelper.java:55)
	at com.westernasset.smss.common.util.BusinessDateHelper.getBusinessDateFromCacheWithOffset(BusinessDateHelper.java:130)
	at com.westernasset.smss.common.util.BusinessDateHelper.getCurrentBusinessDateAny(BusinessDateHelper.java:125)
	at com.westernasset.pss.msg.reciever.process.TradeProcessor.doSecurityExist(TradeProcessor.java:328)
	at com.westernasset.pss.msg.reciever.process.TradeProcessor.createSecurity(TradeProcessor.java:296)
	at com.westernasset.pss.msg.reciever.process.TradeProcessor.process(TradeProcessor.java:49)
	at com.westernasset.pss.msg.queue.MessageFetcher.processMessage(MessageFetcher.java:91)
	at com.westernasset.pss.msg.queue.MessageFetcher.pullMessageFromQueue(MessageFetcher.java:78)
	at com.westernasset.pss.msg.queue.MessageFetcher.run(MessageFetcher.java:48)
2014-09-25 14:48:51,136 ERROR [AtpToPssMapper] com.westernasset.framework.subsystem.common.SubsystemException: SubsystemExceptionNested:
java.lang.RuntimeException: Storage is not configuredNested:
java.lang.RuntimeException: Storage is not configured
	at com.tangosol.coherence.component.util.daemon.queueProcessor.service.DistributedCache$BinaryMap.onMissingStorage(DistributedCache.CDB:9)
	at com.tangosol.coherence.component.util.daemon.queueProcessor.service.DistributedCache$BinaryMap.get(DistributedCache.CDB:15)
	at com.tangosol.util.ConverterCollections$ConverterMap.get(ConverterCollections.java:1300)
	at com.tangosol.coherence.component.util.daemon.queueProcessor.service.DistributedCache$ViewMap.get(DistributedCache.CDB:1)
	at com.tangosol.coherence.component.util.SafeNamedCache.get(SafeNamedCache.CDB:1)
	at com.tangosol.net.cache.CachingMap.get(CachingMap.java:490)
	at com.westernasset.smss.server.SecurityMasterNearCacheSubsystem.getDigitRatingFromString(SecurityMasterNearCacheSubsystem.java:186)
	at com.westernasset.smss.server.SecurityMasterNearCacheSubsystem.handleFuncCall(SecurityMasterNearCacheSubsystem.java:85)
	at com.westernasset.smss.server.SecurityMasterManagementSubsystem.handleFuncCall(SecurityMasterManagementSubsystem.java:23)
	at com.westernasset.framework.subsystem.receiving.SubsystemImpl.innerHandleFuncCall(SubsystemImpl.java:154)
	at com.westernasset.framework.subsystem.receiving.internal.InProcessFunctionCallReceiver.handleFuncCall(InProcessFunctionCallReceiver.java:49)
	at com.westernasset.framework.subsystem.calling.internal.inprocess.InProcessFunctionCallCaller.doCall(InProcessFunctionCallCaller.java:19)
	at com.westernasset.framework.subsystem.calling.internal.inprocess.ForwardIfNotFoundFunctionCallCaller.doCall(ForwardIfNotFoundFunctionCallCaller.java:28)
	at com.westernasset.framework.subsystem.calling.internal.base.BaseFunctionCallCaller.callFunc(BaseFunctionCallCaller.java:33)
	at com.westernasset.framework.subsystem.calling.internal.base.BaseSubsystem.callFunc(BaseSubsystem.java:35)
	at com.westernasset.pss.msg.mapper.AtpToPssMapper.getRating(AtpToPssMapper.java:219)
	at com.westernasset.pss.msg.mapper.AtpToPssMapper.updateSecurityWithRatings(AtpToPssMapper.java:167)
	at com.westernasset.pss.msg.mapper.AtpToPssMapper.createSecurityVO(AtpToPssMapper.java:133)
	at com.westernasset.pss.msg.reciever.process.TradeProcessor.createSecurity(TradeProcessor.java:297)
	at com.westernasset.pss.msg.reciever.process.TradeProcessor.process(TradeProcessor.java:49)
	at com.westernasset.pss.msg.queue.MessageFetcher.processMessage(MessageFetcher.java:91)
	at com.westernasset.pss.msg.queue.MessageFetcher.pullMessageFromQueue(MessageFetcher.java:78)
	at com.westernasset.pss.msg.queue.MessageFetcher.run(MessageFetcher.java:48)

2014-09-25 14:48:51,136 ERROR [AtpToPssMapper] com.westernasset.framework.subsystem.common.SubsystemException: SubsystemExceptionNested:
java.lang.RuntimeException: Storage is not configuredNested:
java.lang.RuntimeException: Storage is not configured
	at com.tangosol.coherence.component.util.daemon.queueProcessor.service.DistributedCache$BinaryMap.onMissingStorage(DistributedCache.CDB:9)
	at com.tangosol.coherence.component.util.daemon.queueProcessor.service.DistributedCache$BinaryMap.get(DistributedCache.CDB:15)
	at com.tangosol.util.ConverterCollections$ConverterMap.get(ConverterCollections.java:1300)
	at com.tangosol.coherence.component.util.daemon.queueProcessor.service.DistributedCache$ViewMap.get(DistributedCache.CDB:1)
	at com.tangosol.coherence.component.util.SafeNamedCache.get(SafeNamedCache.CDB:1)
	at com.tangosol.net.cache.CachingMap.get(CachingMap.java:490)
	at com.westernasset.smss.server.SecurityMasterNearCacheSubsystem.getDigitRatingFromString(SecurityMasterNearCacheSubsystem.java:186)
	at com.westernasset.smss.server.SecurityMasterNearCacheSubsystem.handleFuncCall(SecurityMasterNearCacheSubsystem.java:85)
	at com.westernasset.smss.server.SecurityMasterManagementSubsystem.handleFuncCall(SecurityMasterManagementSubsystem.java:23)
	at com.westernasset.framework.subsystem.receiving.SubsystemImpl.innerHandleFuncCall(SubsystemImpl.java:154)
	at com.westernasset.framework.subsystem.receiving.internal.InProcessFunctionCallReceiver.handleFuncCall(InProcessFunctionCallReceiver.java:49)
	at com.westernasset.framework.subsystem.calling.internal.inprocess.InProcessFunctionCallCaller.doCall(InProcessFunctionCallCaller.java:19)
	at com.westernasset.framework.subsystem.calling.internal.inprocess.ForwardIfNotFoundFunctionCallCaller.doCall(ForwardIfNotFoundFunctionCallCaller.java:28)
	at com.westernasset.framework.subsystem.calling.internal.base.BaseFunctionCallCaller.callFunc(BaseFunctionCallCaller.java:33)
	at com.westernasset.framework.subsystem.calling.internal.base.BaseSubsystem.callFunc(BaseSubsystem.java:35)
	at com.westernasset.pss.msg.mapper.AtpToPssMapper.getRating(AtpToPssMapper.java:219)
	at com.westernasset.pss.msg.mapper.AtpToPssMapper.updateSecurityWithRatings(AtpToPssMapper.java:172)
	at com.westernasset.pss.msg.mapper.AtpToPssMapper.createSecurityVO(AtpToPssMapper.java:133)
	at com.westernasset.pss.msg.reciever.process.TradeProcessor.createSecurity(TradeProcessor.java:297)
	at com.westernasset.pss.msg.reciever.process.TradeProcessor.process(TradeProcessor.java:49)
	at com.westernasset.pss.msg.queue.MessageFetcher.processMessage(MessageFetcher.java:91)
	at com.westernasset.pss.msg.queue.MessageFetcher.pullMessageFromQueue(MessageFetcher.java:78)
	at com.westernasset.pss.msg.queue.MessageFetcher.run(MessageFetcher.java:48)

2014-09-25 14:48:51,137 ERROR [AtpToPssMapper] com.westernasset.framework.subsystem.common.SubsystemException: SubsystemExceptionNested:
java.lang.RuntimeException: Storage is not configuredNested:
java.lang.RuntimeException: Storage is not configured
	at com.tangosol.coherence.component.util.daemon.queueProcessor.service.DistributedCache$BinaryMap.onMissingStorage(DistributedCache.CDB:9)
	at com.tangosol.coherence.component.util.daemon.queueProcessor.service.DistributedCache$BinaryMap.get(DistributedCache.CDB:15)
	at com.tangosol.util.ConverterCollections$ConverterMap.get(ConverterCollections.java:1300)
	at com.tangosol.coherence.component.util.daemon.queueProcessor.service.DistributedCache$ViewMap.get(DistributedCache.CDB:1)
	at com.tangosol.coherence.component.util.SafeNamedCache.get(SafeNamedCache.CDB:1)
	at com.tangosol.net.cache.CachingMap.get(CachingMap.java:490)
	at com.westernasset.smss.server.SecurityMasterNearCacheSubsystem.getDigitRatingFromString(SecurityMasterNearCacheSubsystem.java:186)
	at com.westernasset.smss.server.SecurityMasterNearCacheSubsystem.handleFuncCall(SecurityMasterNearCacheSubsystem.java:85)
	at com.westernasset.smss.server.SecurityMasterManagementSubsystem.handleFuncCall(SecurityMasterManagementSubsystem.java:23)
	at com.westernasset.framework.subsystem.receiving.SubsystemImpl.innerHandleFuncCall(SubsystemImpl.java:154)
	at com.westernasset.framework.subsystem.receiving.internal.InProcessFunctionCallReceiver.handleFuncCall(InProcessFunctionCallReceiver.java:49)
	at com.westernasset.framework.subsystem.calling.internal.inprocess.InProcessFunctionCallCaller.doCall(InProcessFunctionCallCaller.java:19)
	at com.westernasset.framework.subsystem.calling.internal.inprocess.ForwardIfNotFoundFunctionCallCaller.doCall(ForwardIfNotFoundFunctionCallCaller.java:28)
	at com.westernasset.framework.subsystem.calling.internal.base.BaseFunctionCallCaller.callFunc(BaseFunctionCallCaller.java:33)
	at com.westernasset.framework.subsystem.calling.internal.base.BaseSubsystem.callFunc(BaseSubsystem.java:35)
	at com.westernasset.pss.msg.mapper.AtpToPssMapper.getRating(AtpToPssMapper.java:219)
	at com.westernasset.pss.msg.mapper.AtpToPssMapper.updateSecurityWithRatings(AtpToPssMapper.java:177)
	at com.westernasset.pss.msg.mapper.AtpToPssMapper.createSecurityVO(AtpToPssMapper.java:133)
	at com.westernasset.pss.msg.reciever.process.TradeProcessor.createSecurity(TradeProcessor.java:297)
	at com.westernasset.pss.msg.reciever.process.TradeProcessor.process(TradeProcessor.java:49)
	at com.westernasset.pss.msg.queue.MessageFetcher.processMessage(MessageFetcher.java:91)
	at com.westernasset.pss.msg.queue.MessageFetcher.pullMessageFromQueue(MessageFetcher.java:78)
	at com.westernasset.pss.msg.queue.MessageFetcher.run(MessageFetcher.java:48)

2014-09-25 14:48:51,137 ERROR [AtpToPssMapper] com.westernasset.framework.subsystem.common.SubsystemException: SubsystemExceptionNested:
java.lang.RuntimeException: Storage is not configuredNested:
java.lang.RuntimeException: Storage is not configured
	at com.tangosol.coherence.component.util.daemon.queueProcessor.service.DistributedCache$BinaryMap.onMissingStorage(DistributedCache.CDB:9)
	at com.tangosol.coherence.component.util.daemon.queueProcessor.service.DistributedCache$BinaryMap.get(DistributedCache.CDB:15)
	at com.tangosol.util.ConverterCollections$ConverterMap.get(ConverterCollections.java:1300)
	at com.tangosol.coherence.component.util.daemon.queueProcessor.service.DistributedCache$ViewMap.get(DistributedCache.CDB:1)
	at com.tangosol.coherence.component.util.SafeNamedCache.get(SafeNamedCache.CDB:1)
	at com.tangosol.net.cache.CachingMap.get(CachingMap.java:490)
	at com.westernasset.smss.server.SecurityMasterNearCacheSubsystem.getDigitRatingFromString(SecurityMasterNearCacheSubsystem.java:186)
	at com.westernasset.smss.server.SecurityMasterNearCacheSubsystem.handleFuncCall(SecurityMasterNearCacheSubsystem.java:85)
	at com.westernasset.smss.server.SecurityMasterManagementSubsystem.handleFuncCall(SecurityMasterManagementSubsystem.java:23)
	at com.westernasset.framework.subsystem.receiving.SubsystemImpl.innerHandleFuncCall(SubsystemImpl.java:154)
	at com.westernasset.framework.subsystem.receiving.internal.InProcessFunctionCallReceiver.handleFuncCall(InProcessFunctionCallReceiver.java:49)
	at com.westernasset.framework.subsystem.calling.internal.inprocess.InProcessFunctionCallCaller.doCall(InProcessFunctionCallCaller.java:19)
	at com.westernasset.framework.subsystem.calling.internal.inprocess.ForwardIfNotFoundFunctionCallCaller.doCall(ForwardIfNotFoundFunctionCallCaller.java:28)
	at com.westernasset.framework.subsystem.calling.internal.base.BaseFunctionCallCaller.callFunc(BaseFunctionCallCaller.java:33)
	at com.westernasset.framework.subsystem.calling.internal.base.BaseSubsystem.callFunc(BaseSubsystem.java:35)
	at com.westernasset.pss.msg.mapper.AtpToPssMapper.getRating(AtpToPssMapper.java:219)
	at com.westernasset.pss.msg.mapper.AtpToPssMapper.updateSecurityWithRatings(AtpToPssMapper.java:182)
	at com.westernasset.pss.msg.mapper.AtpToPssMapper.createSecurityVO(AtpToPssMapper.java:133)
	at com.westernasset.pss.msg.reciever.process.TradeProcessor.createSecurity(TradeProcessor.java:297)
	at com.westernasset.pss.msg.reciever.process.TradeProcessor.process(TradeProcessor.java:49)
	at com.westernasset.pss.msg.queue.MessageFetcher.processMessage(MessageFetcher.java:91)
	at com.westernasset.pss.msg.queue.MessageFetcher.pullMessageFromQueue(MessageFetcher.java:78)
	at com.westernasset.pss.msg.queue.MessageFetcher.run(MessageFetcher.java:48)

2014-09-25 14:48:51,137 ERROR [AtpToPssMapper] com.westernasset.framework.subsystem.common.SubsystemException: SubsystemExceptionNested:
java.lang.RuntimeException: Storage is not configuredNested:
java.lang.RuntimeException: Storage is not configured
	at com.tangosol.coherence.component.util.daemon.queueProcessor.service.DistributedCache$BinaryMap.onMissingStorage(DistributedCache.CDB:9)
	at com.tangosol.coherence.component.util.daemon.queueProcessor.service.DistributedCache$BinaryMap.get(DistributedCache.CDB:15)
	at com.tangosol.util.ConverterCollections$ConverterMap.get(ConverterCollections.java:1300)
	at com.tangosol.coherence.component.util.daemon.queueProcessor.service.DistributedCache$ViewMap.get(DistributedCache.CDB:1)
	at com.tangosol.coherence.component.util.SafeNamedCache.get(SafeNamedCache.CDB:1)
	at com.tangosol.net.cache.CachingMap.get(CachingMap.java:490)
	at com.westernasset.smss.server.SecurityMasterNearCacheSubsystem.getDigitRatingFromString(SecurityMasterNearCacheSubsystem.java:186)
	at com.westernasset.smss.server.SecurityMasterNearCacheSubsystem.handleFuncCall(SecurityMasterNearCacheSubsystem.java:85)
	at com.westernasset.smss.server.SecurityMasterManagementSubsystem.handleFuncCall(SecurityMasterManagementSubsystem.java:23)
	at com.westernasset.framework.subsystem.receiving.SubsystemImpl.innerHandleFuncCall(SubsystemImpl.java:154)
	at com.westernasset.framework.subsystem.receiving.internal.InProcessFunctionCallReceiver.handleFuncCall(InProcessFunctionCallReceiver.java:49)
	at com.westernasset.framework.subsystem.calling.internal.inprocess.InProcessFunctionCallCaller.doCall(InProcessFunctionCallCaller.java:19)
	at com.westernasset.framework.subsystem.calling.internal.inprocess.ForwardIfNotFoundFunctionCallCaller.doCall(ForwardIfNotFoundFunctionCallCaller.java:28)
	at com.westernasset.framework.subsystem.calling.internal.base.BaseFunctionCallCaller.callFunc(BaseFunctionCallCaller.java:33)
	at com.westernasset.framework.subsystem.calling.internal.base.BaseSubsystem.callFunc(BaseSubsystem.java:35)
	at com.westernasset.pss.msg.mapper.AtpToPssMapper.getRating(AtpToPssMapper.java:219)
	at com.westernasset.pss.msg.mapper.AtpToPssMapper.updateSecurityWithRatings(AtpToPssMapper.java:187)
	at com.westernasset.pss.msg.mapper.AtpToPssMapper.createSecurityVO(AtpToPssMapper.java:133)
	at com.westernasset.pss.msg.reciever.process.TradeProcessor.createSecurity(TradeProcessor.java:297)
	at com.westernasset.pss.msg.reciever.process.TradeProcessor.process(TradeProcessor.java:49)
	at com.westernasset.pss.msg.queue.MessageFetcher.processMessage(MessageFetcher.java:91)
	at com.westernasset.pss.msg.queue.MessageFetcher.pullMessageFromQueue(MessageFetcher.java:78)
	at com.westernasset.pss.msg.queue.MessageFetcher.run(MessageFetcher.java:48)

2014-09-25 14:48:51,138 ERROR [AtpToPssMapper] com.westernasset.framework.subsystem.common.SubsystemException: SubsystemExceptionNested:
java.lang.RuntimeException: Storage is not configuredNested:
java.lang.RuntimeException: Storage is not configured
	at com.tangosol.coherence.component.util.daemon.queueProcessor.service.DistributedCache$BinaryMap.onMissingStorage(DistributedCache.CDB:9)
	at com.tangosol.coherence.component.util.daemon.queueProcessor.service.DistributedCache$BinaryMap.get(DistributedCache.CDB:15)
	at com.tangosol.util.ConverterCollections$ConverterMap.get(ConverterCollections.java:1300)
	at com.tangosol.coherence.component.util.daemon.queueProcessor.service.DistributedCache$ViewMap.get(DistributedCache.CDB:1)
	at com.tangosol.coherence.component.util.SafeNamedCache.get(SafeNamedCache.CDB:1)
	at com.tangosol.net.cache.CachingMap.get(CachingMap.java:490)
	at com.westernasset.smss.server.SecurityMasterNearCacheSubsystem.getDigitRatingFromString(SecurityMasterNearCacheSubsystem.java:186)
	at com.westernasset.smss.server.SecurityMasterNearCacheSubsystem.handleFuncCall(SecurityMasterNearCacheSubsystem.java:85)
	at com.westernasset.smss.server.SecurityMasterManagementSubsystem.handleFuncCall(SecurityMasterManagementSubsystem.java:23)
	at com.westernasset.framework.subsystem.receiving.SubsystemImpl.innerHandleFuncCall(SubsystemImpl.java:154)
	at com.westernasset.framework.subsystem.receiving.internal.InProcessFunctionCallReceiver.handleFuncCall(InProcessFunctionCallReceiver.java:49)
	at com.westernasset.framework.subsystem.calling.internal.inprocess.InProcessFunctionCallCaller.doCall(InProcessFunctionCallCaller.java:19)
	at com.westernasset.framework.subsystem.calling.internal.inprocess.ForwardIfNotFoundFunctionCallCaller.doCall(ForwardIfNotFoundFunctionCallCaller.java:28)
	at com.westernasset.framework.subsystem.calling.internal.base.BaseFunctionCallCaller.callFunc(BaseFunctionCallCaller.java:33)
	at com.westernasset.framework.subsystem.calling.internal.base.BaseSubsystem.callFunc(BaseSubsystem.java:35)
	at com.westernasset.pss.msg.mapper.AtpToPssMapper.getRating(AtpToPssMapper.java:219)
	at com.westernasset.pss.msg.mapper.AtpToPssMapper.updateSecurityWithRatings(AtpToPssMapper.java:192)
	at com.westernasset.pss.msg.mapper.AtpToPssMapper.createSecurityVO(AtpToPssMapper.java:133)
	at com.westernasset.pss.msg.reciever.process.TradeProcessor.createSecurity(TradeProcessor.java:297)
	at com.westernasset.pss.msg.reciever.process.TradeProcessor.process(TradeProcessor.java:49)
	at com.westernasset.pss.msg.queue.MessageFetcher.processMessage(MessageFetcher.java:91)
	at com.westernasset.pss.msg.queue.MessageFetcher.pullMessageFromQueue(MessageFetcher.java:78)
	at com.westernasset.pss.msg.queue.MessageFetcher.run(MessageFetcher.java:48)

2014-09-25 14:48:51,138 ERROR [AtpToPssMapper] com.westernasset.framework.subsystem.common.SubsystemException: SubsystemExceptionNested:
java.lang.RuntimeException: Storage is not configuredNested:
java.lang.RuntimeException: Storage is not configured
	at com.tangosol.coherence.component.util.daemon.queueProcessor.service.DistributedCache$BinaryMap.onMissingStorage(DistributedCache.CDB:9)
	at com.tangosol.coherence.component.util.daemon.queueProcessor.service.DistributedCache$BinaryMap.get(DistributedCache.CDB:15)
	at com.tangosol.util.ConverterCollections$ConverterMap.get(ConverterCollections.java:1300)
	at com.tangosol.coherence.component.util.daemon.queueProcessor.service.DistributedCache$ViewMap.get(DistributedCache.CDB:1)
	at com.tangosol.coherence.component.util.SafeNamedCache.get(SafeNamedCache.CDB:1)
	at com.tangosol.net.cache.CachingMap.get(CachingMap.java:490)
	at com.westernasset.smss.server.SecurityMasterNearCacheSubsystem.getDigitRatingFromString(SecurityMasterNearCacheSubsystem.java:186)
	at com.westernasset.smss.server.SecurityMasterNearCacheSubsystem.handleFuncCall(SecurityMasterNearCacheSubsystem.java:85)
	at com.westernasset.smss.server.SecurityMasterManagementSubsystem.handleFuncCall(SecurityMasterManagementSubsystem.java:23)
	at com.westernasset.framework.subsystem.receiving.SubsystemImpl.innerHandleFuncCall(SubsystemImpl.java:154)
	at com.westernasset.framework.subsystem.receiving.internal.InProcessFunctionCallReceiver.handleFuncCall(InProcessFunctionCallReceiver.java:49)
	at com.westernasset.framework.subsystem.calling.internal.inprocess.InProcessFunctionCallCaller.doCall(InProcessFunctionCallCaller.java:19)
	at com.westernasset.framework.subsystem.calling.internal.inprocess.ForwardIfNotFoundFunctionCallCaller.doCall(ForwardIfNotFoundFunctionCallCaller.java:28)
	at com.westernasset.framework.subsystem.calling.internal.base.BaseFunctionCallCaller.callFunc(BaseFunctionCallCaller.java:33)
	at com.westernasset.framework.subsystem.calling.internal.base.BaseSubsystem.callFunc(BaseSubsystem.java:35)
	at com.westernasset.pss.msg.mapper.AtpToPssMapper.getRating(AtpToPssMapper.java:219)
	at com.westernasset.pss.msg.mapper.AtpToPssMapper.updateSecurityWithRatings(AtpToPssMapper.java:197)
	at com.westernasset.pss.msg.mapper.AtpToPssMapper.createSecurityVO(AtpToPssMapper.java:133)
	at com.westernasset.pss.msg.reciever.process.TradeProcessor.createSecurity(TradeProcessor.java:297)
	at com.westernasset.pss.msg.reciever.process.TradeProcessor.process(TradeProcessor.java:49)
	at com.westernasset.pss.msg.queue.MessageFetcher.processMessage(MessageFetcher.java:91)
	at com.westernasset.pss.msg.queue.MessageFetcher.pullMessageFromQueue(MessageFetcher.java:78)
	at com.westernasset.pss.msg.queue.MessageFetcher.run(MessageFetcher.java:48)

2014-09-25 14:48:51,139 ERROR [AtpToPssMapper] com.westernasset.framework.subsystem.common.SubsystemException: SubsystemExceptionNested:
java.lang.RuntimeException: Storage is not configuredNested:
java.lang.RuntimeException: Storage is not configured
	at com.tangosol.coherence.component.util.daemon.queueProcessor.service.DistributedCache$BinaryMap.onMissingStorage(DistributedCache.CDB:9)
	at com.tangosol.coherence.component.util.daemon.queueProcessor.service.DistributedCache$BinaryMap.get(DistributedCache.CDB:15)
	at com.tangosol.util.ConverterCollections$ConverterMap.get(ConverterCollections.java:1300)
	at com.tangosol.coherence.component.util.daemon.queueProcessor.service.DistributedCache$ViewMap.get(DistributedCache.CDB:1)
	at com.tangosol.coherence.component.util.SafeNamedCache.get(SafeNamedCache.CDB:1)
	at com.tangosol.net.cache.CachingMap.get(CachingMap.java:490)
	at com.westernasset.smss.server.SecurityMasterNearCacheSubsystem.getDigitRatingFromString(SecurityMasterNearCacheSubsystem.java:186)
	at com.westernasset.smss.server.SecurityMasterNearCacheSubsystem.handleFuncCall(SecurityMasterNearCacheSubsystem.java:85)
	at com.westernasset.smss.server.SecurityMasterManagementSubsystem.handleFuncCall(SecurityMasterManagementSubsystem.java:23)
	at com.westernasset.framework.subsystem.receiving.SubsystemImpl.innerHandleFuncCall(SubsystemImpl.java:154)
	at com.westernasset.framework.subsystem.receiving.internal.InProcessFunctionCallReceiver.handleFuncCall(InProcessFunctionCallReceiver.java:49)
	at com.westernasset.framework.subsystem.calling.internal.inprocess.InProcessFunctionCallCaller.doCall(InProcessFunctionCallCaller.java:19)
	at com.westernasset.framework.subsystem.calling.internal.inprocess.ForwardIfNotFoundFunctionCallCaller.doCall(ForwardIfNotFoundFunctionCallCaller.java:28)
	at com.westernasset.framework.subsystem.calling.internal.base.BaseFunctionCallCaller.callFunc(BaseFunctionCallCaller.java:33)
	at com.westernasset.framework.subsystem.calling.internal.base.BaseSubsystem.callFunc(BaseSubsystem.java:35)
	at com.westernasset.pss.msg.mapper.AtpToPssMapper.getRating(AtpToPssMapper.java:219)
	at com.westernasset.pss.msg.mapper.AtpToPssMapper.updateSecurityWithRatings(AtpToPssMapper.java:202)
	at com.westernasset.pss.msg.mapper.AtpToPssMapper.createSecurityVO(AtpToPssMapper.java:133)
	at com.westernasset.pss.msg.reciever.process.TradeProcessor.createSecurity(TradeProcessor.java:297)
	at com.westernasset.pss.msg.reciever.process.TradeProcessor.process(TradeProcessor.java:49)
	at com.westernasset.pss.msg.queue.MessageFetcher.processMessage(MessageFetcher.java:91)
	at com.westernasset.pss.msg.queue.MessageFetcher.pullMessageFromQueue(MessageFetcher.java:78)
	at com.westernasset.pss.msg.queue.MessageFetcher.run(MessageFetcher.java:48)

2014-09-25 14:48:51,140 ERROR [SecurityCacheManager] Failed to add security to cache: Storage is not configured : {SecurityId=11960, AMTValue=1.0, MoodyRating=0, MoodyShortRating=0, FitchRating=0, FitchShortRating=0, SecurityTypeId=21, AssetTypeId=7, ProductId=20, SpRating=0, SpShortRating=0, WaRating=0, WaShortRating=0, IssueDate=1999-05-25T00:00:00.000-0700, MaturityDate=2029-05-15T00:00:00.000-0700, AssetId=31359MEU3, CurrencyCode=USD, SecurityType=GOVERNMENT, Description=FNMA AGENCY BOND, Product=Bonds/Notes (Par), SubSubSector=FNMA, TickerSymbol=FNMA, BBName=FANNIE MAE, IntType=FIXED, MinPiece=1000.0000, MinIncrement=1000.0000, AverageLife=14.642, Coupon=6.25, Dtm=5346.0, DtmLegalFinal=5346.0, Factor=1.0, DurationFactor=1.0, EffectiveConvexity=1.394, EffectiveDuration=10.439, YieldToWorst=3.278, MarketCFYield=3.278, OptionASpread=42.0, SpreadDuration=10.06, Country=US, AMT=N, NyIssuer=FNMA&8, LnIssuer=FNMA&8}
java.lang.RuntimeException: Storage is not configured
	at com.tangosol.coherence.component.util.daemon.queueProcessor.service.DistributedCache$BinaryMap.onMissingStorage(DistributedCache.CDB:9)
	at com.tangosol.coherence.component.util.daemon.queueProcessor.service.DistributedCache$BinaryMap.get(DistributedCache.CDB:15)
	at com.tangosol.util.ConverterCollections$ConverterMap.get(ConverterCollections.java:1300)
	at com.tangosol.coherence.component.util.daemon.queueProcessor.service.DistributedCache$ViewMap.get(DistributedCache.CDB:1)
	at com.tangosol.coherence.component.util.SafeNamedCache.get(SafeNamedCache.CDB:1)
	at com.tangosol.net.cache.CachingMap.get(CachingMap.java:490)
	at com.westernasset.smss.common.util.BusinessUtils.getIssuerDesciption(BusinessUtils.java:146)
	at com.westernasset.smss.common.util.BusinessUtils.fillNUIssuerId(BusinessUtils.java:513)
	at com.westernasset.smss.common.util.BusinessUtils.fillDerivedValues(BusinessUtils.java:421)
	at com.westernasset.smss.server.SecurityCacheManager.addSecurity(SecurityCacheManager.java:137)
	at com.westernasset.smss.server.SecurityMasterNearCacheSubsystem.addSecurity(SecurityMasterNearCacheSubsystem.java:202)
	at com.westernasset.smss.server.SecurityMasterNearCacheSubsystem.handleFuncCall(SecurityMasterNearCacheSubsystem.java:92)
	at com.westernasset.smss.server.SecurityMasterManagementSubsystem.handleFuncCall(SecurityMasterManagementSubsystem.java:23)
	at com.westernasset.framework.subsystem.receiving.SubsystemImpl.innerHandleFuncCall(SubsystemImpl.java:154)
	at com.westernasset.framework.subsystem.receiving.internal.InProcessFunctionCallReceiver.handleFuncCall(InProcessFunctionCallReceiver.java:49)
	at com.westernasset.framework.subsystem.calling.internal.inprocess.InProcessFunctionCallCaller.doCall(InProcessFunctionCallCaller.java:19)
	at com.westernasset.framework.subsystem.calling.internal.inprocess.ForwardIfNotFoundFunctionCallCaller.doCall(ForwardIfNotFoundFunctionCallCaller.java:28)
	at com.westernasset.framework.subsystem.calling.internal.base.BaseFunctionCallCaller.callFunc(BaseFunctionCallCaller.java:33)
	at com.westernasset.framework.subsystem.calling.internal.base.BaseSubsystem.callFunc(BaseSubsystem.java:35)
	at com.westernasset.pss.msg.reciever.process.TradeProcessor.createSecurity(TradeProcessor.java:302)
	at com.westernasset.pss.msg.reciever.process.TradeProcessor.process(TradeProcessor.java:49)
	at com.westernasset.pss.msg.queue.MessageFetcher.processMessage(MessageFetcher.java:91)
	at com.westernasset.pss.msg.queue.MessageFetcher.pullMessageFromQueue(MessageFetcher.java:78)
	at com.westernasset.pss.msg.queue.MessageFetcher.run(MessageFetcher.java:48)
2014-09-25 14:48:51,141 INFO  [TradeProcessor] Created Security :{SecurityId=11960, AMTValue=1.0, MoodyRating=0, MoodyShortRating=0, FitchRating=0, FitchShortRating=0, SecurityTypeId=21, AssetTypeId=7, ProductId=20, SpRating=0, SpShortRating=0, WaRating=0, WaShortRating=0, IssueDate=1999-05-25T00:00:00.000-0700, MaturityDate=2029-05-15T00:00:00.000-0700, AssetId=31359MEU3, CurrencyCode=USD, SecurityType=GOVERNMENT, Description=FNMA AGENCY BOND, Product=Bonds/Notes (Par), SubSubSector=FNMA, TickerSymbol=FNMA, BBName=FANNIE MAE, IntType=FIXED, MinPiece=1000.0000, MinIncrement=1000.0000, AverageLife=14.642, Coupon=6.25, Dtm=5346.0, DtmLegalFinal=5346.0, Factor=1.0, DurationFactor=1.0, EffectiveConvexity=1.394, EffectiveDuration=10.439, YieldToWorst=3.278, MarketCFYield=3.278, OptionASpread=42.0, SpreadDuration=10.06, Country=US, AMT=N, NyIssuer=FNMA&8, LnIssuer=FNMA&8}
2014-09-25 14:48:51,141 ERROR [TradeProcessor] Error in getPrioTradeStatusByMessage
com.westernasset.framework.subsystem.common.SubsystemException: SubsystemExceptionNested:
java.lang.RuntimeException: Storage is not configuredNested:
java.lang.RuntimeException: Storage is not configured
	at com.tangosol.coherence.component.util.daemon.queueProcessor.service.DistributedCache$BinaryMap.onMissingStorage(DistributedCache.CDB:9)
	at com.tangosol.coherence.component.util.daemon.queueProcessor.service.DistributedCache$BinaryMap.get(DistributedCache.CDB:15)
	at com.tangosol.util.ConverterCollections$ConverterMap.get(ConverterCollections.java:1300)
	at com.tangosol.coherence.component.util.daemon.queueProcessor.service.DistributedCache$ViewMap.get(DistributedCache.CDB:1)
	at com.tangosol.coherence.component.util.SafeNamedCache.get(SafeNamedCache.CDB:1)
	at com.tangosol.net.cache.CachingMap.get(CachingMap.java:490)
	at com.westernasset.tss.cache.TradeCacheManager.getTradeById(TradeCacheManager.java:202)
	at com.westernasset.tss.services.TradeNearCacheSubsystem.getTradeById(TradeNearCacheSubsystem.java:104)
	at com.westernasset.tss.services.TradeNearCacheSubsystem.handleFuncCall(TradeNearCacheSubsystem.java:50)
	at com.westernasset.tss.services.TradeSubsystem.handleFuncCall(TradeSubsystem.java:29)
	at com.westernasset.framework.subsystem.receiving.SubsystemImpl.innerHandleFuncCall(SubsystemImpl.java:154)
	at com.westernasset.framework.subsystem.receiving.internal.InProcessFunctionCallReceiver.handleFuncCall(InProcessFunctionCallReceiver.java:49)
	at com.westernasset.framework.subsystem.calling.internal.inprocess.InProcessFunctionCallCaller.doCall(InProcessFunctionCallCaller.java:19)
	at com.westernasset.framework.subsystem.calling.internal.inprocess.ForwardIfNotFoundFunctionCallCaller.doCall(ForwardIfNotFoundFunctionCallCaller.java:28)
	at com.westernasset.framework.subsystem.calling.internal.base.BaseFunctionCallCaller.callFunc(BaseFunctionCallCaller.java:33)
	at com.westernasset.framework.subsystem.calling.internal.base.BaseSubsystem.callFunc(BaseSubsystem.java:35)
	at com.westernasset.pss.msg.reciever.process.TradeProcessor.getTradeByTradeId(TradeProcessor.java:250)
	at com.westernasset.pss.msg.reciever.process.TradeProcessor.getPrioTradeStatusByMessage(TradeProcessor.java:268)
	at com.westernasset.pss.msg.reciever.process.TradeProcessor.process(TradeProcessor.java:50)
	at com.westernasset.pss.msg.queue.MessageFetcher.processMessage(MessageFetcher.java:91)
	at com.westernasset.pss.msg.queue.MessageFetcher.pullMessageFromQueue(MessageFetcher.java:78)
	at com.westernasset.pss.msg.queue.MessageFetcher.run(MessageFetcher.java:48)

	at com.westernasset.framework.subsystem.common.internal.SubsystemExceptionUtils.dataObjectToException(SubsystemExceptionUtils.java:38)
	at com.westernasset.framework.subsystem.common.internal.SubsystemExceptionUtils.throwExceptionIfNeeded(SubsystemExceptionUtils.java:15)
	at com.westernasset.framework.subsystem.calling.internal.base.BaseSubsystem.callFunc(BaseSubsystem.java:37)
	at com.westernasset.pss.msg.reciever.process.TradeProcessor.getTradeByTradeId(TradeProcessor.java:250)
	at com.westernasset.pss.msg.reciever.process.TradeProcessor.getPrioTradeStatusByMessage(TradeProcessor.java:268)
	at com.westernasset.pss.msg.reciever.process.TradeProcessor.process(TradeProcessor.java:50)
	at com.westernasset.pss.msg.queue.MessageFetcher.processMessage(MessageFetcher.java:91)
	at com.westernasset.pss.msg.queue.MessageFetcher.pullMessageFromQueue(MessageFetcher.java:78)
	at com.westernasset.pss.msg.queue.MessageFetcher.run(MessageFetcher.java:48)
2014-09-25 14:48:51,141 ERROR [TradeProcessor] Exception occured while processing message
java.lang.RuntimeException: Storage is not configured
	at com.tangosol.coherence.component.util.daemon.queueProcessor.service.DistributedCache$BinaryMap.onMissingStorage(DistributedCache.CDB:9)
	at com.tangosol.coherence.component.util.daemon.queueProcessor.service.DistributedCache$BinaryMap.get(DistributedCache.CDB:15)
	at com.tangosol.util.ConverterCollections$ConverterMap.get(ConverterCollections.java:1300)
	at com.tangosol.coherence.component.util.daemon.queueProcessor.service.DistributedCache$ViewMap.get(DistributedCache.CDB:1)
	at com.tangosol.coherence.component.util.SafeNamedCache.get(SafeNamedCache.CDB:1)
	at com.tangosol.net.cache.CachingMap.get(CachingMap.java:490)
	at com.westernasset.tss.cache.TradeCacheManager.isDuplicateTrade(TradeCacheManager.java:356)
	at com.westernasset.pss.common.util.PojoHelper.createObjects(PojoHelper.java:132)
	at com.westernasset.pss.msg.reciever.process.TradeProcessor.process(TradeProcessor.java:55)
	at com.westernasset.pss.msg.queue.MessageFetcher.processMessage(MessageFetcher.java:91)
	at com.westernasset.pss.msg.queue.MessageFetcher.pullMessageFromQueue(MessageFetcher.java:78)
	at com.westernasset.pss.msg.queue.MessageFetcher.run(MessageFetcher.java:48)
2014-09-25 14:48:51,141 INFO  [TradeProcessor] End process method 733 MB
2014-09-25 14:48:51,141 INFO  [TradeProcessor] Time taken by TradeProcessor.process method 6
2014-09-25 14:48:51,141 INFO  [MessageFetcher] Processing message completed...[7461673]
2014-09-25 14:48:51,141 INFO  [MessageQueue] Removing the first item of 3 from the queue
2014-09-25 14:48:51,141 INFO  [MessageFetcher] Processing message started...[7461671]
2014-09-25 14:48:51,141 INFO  [TradeProcessor] Begin process method 733 MB
2014-09-25 14:48:51,142 ERROR [TradeProcessor] Error in doSecurityExist
java.lang.RuntimeException: Storage is not configured
	at com.tangosol.coherence.component.util.daemon.queueProcessor.service.DistributedCache$BinaryMap.onMissingStorage(DistributedCache.CDB:9)
	at com.tangosol.coherence.component.util.daemon.queueProcessor.service.DistributedCache$BinaryMap.get(DistributedCache.CDB:15)
	at com.tangosol.util.ConverterCollections$ConverterMap.get(ConverterCollections.java:1300)
	at com.tangosol.coherence.component.util.daemon.queueProcessor.service.DistributedCache$ViewMap.get(DistributedCache.CDB:1)
	at com.tangosol.coherence.component.util.SafeNamedCache.get(SafeNamedCache.CDB:1)
	at com.tangosol.net.cache.CachingMap.get(CachingMap.java:490)
	at com.westernasset.smss.common.util.BusinessDateHelper.get(BusinessDateHelper.java:55)
	at com.westernasset.smss.common.util.BusinessDateHelper.getBusinessDateFromCacheWithOffset(BusinessDateHelper.java:130)
	at com.westernasset.smss.common.util.BusinessDateHelper.getCurrentBusinessDateAny(BusinessDateHelper.java:125)
	at com.westernasset.pss.msg.reciever.process.TradeProcessor.doSecurityExist(TradeProcessor.java:328)
	at com.westernasset.pss.msg.reciever.process.TradeProcessor.createSecurity(TradeProcessor.java:296)
	at com.westernasset.pss.msg.reciever.process.TradeProcessor.process(TradeProcessor.java:49)
	at com.westernasset.pss.msg.queue.MessageFetcher.processMessage(MessageFetcher.java:91)
	at com.westernasset.pss.msg.queue.MessageFetcher.pullMessageFromQueue(MessageFetcher.java:78)
	at com.westernasset.pss.msg.queue.MessageFetcher.run(MessageFetcher.java:48)
2014-09-25 14:48:51,142 ERROR [AtpToPssMapper] com.westernasset.framework.subsystem.common.SubsystemException: SubsystemExceptionNested:
java.lang.RuntimeException: Storage is not configuredNested:
java.lang.RuntimeException: Storage is not configured
	at com.tangosol.coherence.component.util.daemon.queueProcessor.service.DistributedCache$BinaryMap.onMissingStorage(DistributedCache.CDB:9)
	at com.tangosol.coherence.component.util.daemon.queueProcessor.service.DistributedCache$BinaryMap.get(DistributedCache.CDB:15)
	at com.tangosol.util.ConverterCollections$ConverterMap.get(ConverterCollections.java:1300)
	at com.tangosol.coherence.component.util.daemon.queueProcessor.service.DistributedCache$ViewMap.get(DistributedCache.CDB:1)
	at com.tangosol.coherence.component.util.SafeNamedCache.get(SafeNamedCache.CDB:1)
	at com.tangosol.net.cache.CachingMap.get(CachingMap.java:490)
	at com.westernasset.smss.server.SecurityMasterNearCacheSubsystem.getDigitRatingFromString(SecurityMasterNearCacheSubsystem.java:186)
	at com.westernasset.smss.server.SecurityMasterNearCacheSubsystem.handleFuncCall(SecurityMasterNearCacheSubsystem.java:85)
	at com.westernasset.smss.server.SecurityMasterManagementSubsystem.handleFuncCall(SecurityMasterManagementSubsystem.java:23)
	at com.westernasset.framework.subsystem.receiving.SubsystemImpl.innerHandleFuncCall(SubsystemImpl.java:154)
	at com.westernasset.framework.subsystem.receiving.internal.InProcessFunctionCallReceiver.handleFuncCall(InProcessFunctionCallReceiver.java:49)
	at com.westernasset.framework.subsystem.calling.internal.inprocess.InProcessFunctionCallCaller.doCall(InProcessFunctionCallCaller.java:19)
	at com.westernasset.framework.subsystem.calling.internal.inprocess.ForwardIfNotFoundFunctionCallCaller.doCall(ForwardIfNotFoundFunctionCallCaller.java:28)
	at com.westernasset.framework.subsystem.calling.internal.base.BaseFunctionCallCaller.callFunc(BaseFunctionCallCaller.java:33)
	at com.westernasset.framework.subsystem.calling.internal.base.BaseSubsystem.callFunc(BaseSubsystem.java:35)
	at com.westernasset.pss.msg.mapper.AtpToPssMapper.getRating(AtpToPssMapper.java:219)
	at com.westernasset.pss.msg.mapper.AtpToPssMapper.updateSecurityWithRatings(AtpToPssMapper.java:167)
	at com.westernasset.pss.msg.mapper.AtpToPssMapper.createSecurityVO(AtpToPssMapper.java:133)
	at com.westernasset.pss.msg.reciever.process.TradeProcessor.createSecurity(TradeProcessor.java:297)
	at com.westernasset.pss.msg.reciever.process.TradeProcessor.process(TradeProcessor.java:49)
	at com.westernasset.pss.msg.queue.MessageFetcher.processMessage(MessageFetcher.java:91)
	at com.westernasset.pss.msg.queue.MessageFetcher.pullMessageFromQueue(MessageFetcher.java:78)
	at com.westernasset.pss.msg.queue.MessageFetcher.run(MessageFetcher.java:48)

2014-09-25 14:48:51,143 ERROR [AtpToPssMapper] com.westernasset.framework.subsystem.common.SubsystemException: SubsystemExceptionNested:
java.lang.RuntimeException: Storage is not configuredNested:
java.lang.RuntimeException: Storage is not configured
	at com.tangosol.coherence.component.util.daemon.queueProcessor.service.DistributedCache$BinaryMap.onMissingStorage(DistributedCache.CDB:9)
	at com.tangosol.coherence.component.util.daemon.queueProcessor.service.DistributedCache$BinaryMap.get(DistributedCache.CDB:15)
	at com.tangosol.util.ConverterCollections$ConverterMap.get(ConverterCollections.java:1300)
	at com.tangosol.coherence.component.util.daemon.queueProcessor.service.DistributedCache$ViewMap.get(DistributedCache.CDB:1)
	at com.tangosol.coherence.component.util.SafeNamedCache.get(SafeNamedCache.CDB:1)
	at com.tangosol.net.cache.CachingMap.get(CachingMap.java:490)
	at com.westernasset.smss.server.SecurityMasterNearCacheSubsystem.getDigitRatingFromString(SecurityMasterNearCacheSubsystem.java:186)
	at com.westernasset.smss.server.SecurityMasterNearCacheSubsystem.handleFuncCall(SecurityMasterNearCacheSubsystem.java:85)
	at com.westernasset.smss.server.SecurityMasterManagementSubsystem.handleFuncCall(SecurityMasterManagementSubsystem.java:23)
	at com.westernasset.framework.subsystem.receiving.SubsystemImpl.innerHandleFuncCall(SubsystemImpl.java:154)
	at com.westernasset.framework.subsystem.receiving.internal.InProcessFunctionCallReceiver.handleFuncCall(InProcessFunctionCallReceiver.java:49)
	at com.westernasset.framework.subsystem.calling.internal.inprocess.InProcessFunctionCallCaller.doCall(InProcessFunctionCallCaller.java:19)
	at com.westernasset.framework.subsystem.calling.internal.inprocess.ForwardIfNotFoundFunctionCallCaller.doCall(ForwardIfNotFoundFunctionCallCaller.java:28)
	at com.westernasset.framework.subsystem.calling.internal.base.BaseFunctionCallCaller.callFunc(BaseFunctionCallCaller.java:33)
	at com.westernasset.framework.subsystem.calling.internal.base.BaseSubsystem.callFunc(BaseSubsystem.java:35)
	at com.westernasset.pss.msg.mapper.AtpToPssMapper.getRating(AtpToPssMapper.java:219)
	at com.westernasset.pss.msg.mapper.AtpToPssMapper.updateSecurityWithRatings(AtpToPssMapper.java:172)
	at com.westernasset.pss.msg.mapper.AtpToPssMapper.createSecurityVO(AtpToPssMapper.java:133)
	at com.westernasset.pss.msg.reciever.process.TradeProcessor.createSecurity(TradeProcessor.java:297)
	at com.westernasset.pss.msg.reciever.process.TradeProcessor.process(TradeProcessor.java:49)
	at com.westernasset.pss.msg.queue.MessageFetcher.processMessage(MessageFetcher.java:91)
	at com.westernasset.pss.msg.queue.MessageFetcher.pullMessageFromQueue(MessageFetcher.java:78)
	at com.westernasset.pss.msg.queue.MessageFetcher.run(MessageFetcher.java:48)

2014-09-25 14:48:51,143 ERROR [AtpToPssMapper] com.westernasset.framework.subsystem.common.SubsystemException: SubsystemExceptionNested:
java.lang.RuntimeException: Storage is not configuredNested:
java.lang.RuntimeException: Storage is not configured
	at com.tangosol.coherence.component.util.daemon.queueProcessor.service.DistributedCache$BinaryMap.onMissingStorage(DistributedCache.CDB:9)
	at com.tangosol.coherence.component.util.daemon.queueProcessor.service.DistributedCache$BinaryMap.get(DistributedCache.CDB:15)
	at com.tangosol.util.ConverterCollections$ConverterMap.get(ConverterCollections.java:1300)
	at com.tangosol.coherence.component.util.daemon.queueProcessor.service.DistributedCache$ViewMap.get(DistributedCache.CDB:1)
	at com.tangosol.coherence.component.util.SafeNamedCache.get(SafeNamedCache.CDB:1)
	at com.tangosol.net.cache.CachingMap.get(CachingMap.java:490)
	at com.westernasset.smss.server.SecurityMasterNearCacheSubsystem.getDigitRatingFromString(SecurityMasterNearCacheSubsystem.java:186)
	at com.westernasset.smss.server.SecurityMasterNearCacheSubsystem.handleFuncCall(SecurityMasterNearCacheSubsystem.java:85)
	at com.westernasset.smss.server.SecurityMasterManagementSubsystem.handleFuncCall(SecurityMasterManagementSubsystem.java:23)
	at com.westernasset.framework.subsystem.receiving.SubsystemImpl.innerHandleFuncCall(SubsystemImpl.java:154)
	at com.westernasset.framework.subsystem.receiving.internal.InProcessFunctionCallReceiver.handleFuncCall(InProcessFunctionCallReceiver.java:49)
	at com.westernasset.framework.subsystem.calling.internal.inprocess.InProcessFunctionCallCaller.doCall(InProcessFunctionCallCaller.java:19)
	at com.westernasset.framework.subsystem.calling.internal.inprocess.ForwardIfNotFoundFunctionCallCaller.doCall(ForwardIfNotFoundFunctionCallCaller.java:28)
	at com.westernasset.framework.subsystem.calling.internal.base.BaseFunctionCallCaller.callFunc(BaseFunctionCallCaller.java:33)
	at com.westernasset.framework.subsystem.calling.internal.base.BaseSubsystem.callFunc(BaseSubsystem.java:35)
	at com.westernasset.pss.msg.mapper.AtpToPssMapper.getRating(AtpToPssMapper.java:219)
	at com.westernasset.pss.msg.mapper.AtpToPssMapper.updateSecurityWithRatings(AtpToPssMapper.java:177)
	at com.westernasset.pss.msg.mapper.AtpToPssMapper.createSecurityVO(AtpToPssMapper.java:133)
	at com.westernasset.pss.msg.reciever.process.TradeProcessor.createSecurity(TradeProcessor.java:297)
	at com.westernasset.pss.msg.reciever.process.TradeProcessor.process(TradeProcessor.java:49)
	at com.westernasset.pss.msg.queue.MessageFetcher.processMessage(MessageFetcher.java:91)
	at com.westernasset.pss.msg.queue.MessageFetcher.pullMessageFromQueue(MessageFetcher.java:78)
	at com.westernasset.pss.msg.queue.MessageFetcher.run(MessageFetcher.java:48)

2014-09-25 14:48:51,144 ERROR [AtpToPssMapper] com.westernasset.framework.subsystem.common.SubsystemException: SubsystemExceptionNested:
java.lang.RuntimeException: Storage is not configuredNested:
java.lang.RuntimeException: Storage is not configured
	at com.tangosol.coherence.component.util.daemon.queueProcessor.service.DistributedCache$BinaryMap.onMissingStorage(DistributedCache.CDB:9)
	at com.tangosol.coherence.component.util.daemon.queueProcessor.service.DistributedCache$BinaryMap.get(DistributedCache.CDB:15)
	at com.tangosol.util.ConverterCollections$ConverterMap.get(ConverterCollections.java:1300)
	at com.tangosol.coherence.component.util.daemon.queueProcessor.service.DistributedCache$ViewMap.get(DistributedCache.CDB:1)
	at com.tangosol.coherence.component.util.SafeNamedCache.get(SafeNamedCache.CDB:1)
	at com.tangosol.net.cache.CachingMap.get(CachingMap.java:490)
	at com.westernasset.smss.server.SecurityMasterNearCacheSubsystem.getDigitRatingFromString(SecurityMasterNearCacheSubsystem.java:186)
	at com.westernasset.smss.server.SecurityMasterNearCacheSubsystem.handleFuncCall(SecurityMasterNearCacheSubsystem.java:85)
	at com.westernasset.smss.server.SecurityMasterManagementSubsystem.handleFuncCall(SecurityMasterManagementSubsystem.java:23)
	at com.westernasset.framework.subsystem.receiving.SubsystemImpl.innerHandleFuncCall(SubsystemImpl.java:154)
	at com.westernasset.framework.subsystem.receiving.internal.InProcessFunctionCallReceiver.handleFuncCall(InProcessFunctionCallReceiver.java:49)
	at com.westernasset.framework.subsystem.calling.internal.inprocess.InProcessFunctionCallCaller.doCall(InProcessFunctionCallCaller.java:19)
	at com.westernasset.framework.subsystem.calling.internal.inprocess.ForwardIfNotFoundFunctionCallCaller.doCall(ForwardIfNotFoundFunctionCallCaller.java:28)
	at com.westernasset.framework.subsystem.calling.internal.base.BaseFunctionCallCaller.callFunc(BaseFunctionCallCaller.java:33)
	at com.westernasset.framework.subsystem.calling.internal.base.BaseSubsystem.callFunc(BaseSubsystem.java:35)
	at com.westernasset.pss.msg.mapper.AtpToPssMapper.getRating(AtpToPssMapper.java:219)
	at com.westernasset.pss.msg.mapper.AtpToPssMapper.updateSecurityWithRatings(AtpToPssMapper.java:182)
	at com.westernasset.pss.msg.mapper.AtpToPssMapper.createSecurityVO(AtpToPssMapper.java:133)
	at com.westernasset.pss.msg.reciever.process.TradeProcessor.createSecurity(TradeProcessor.java:297)
	at com.westernasset.pss.msg.reciever.process.TradeProcessor.process(TradeProcessor.java:49)
	at com.westernasset.pss.msg.queue.MessageFetcher.processMessage(MessageFetcher.java:91)
	at com.westernasset.pss.msg.queue.MessageFetcher.pullMessageFromQueue(MessageFetcher.java:78)
	at com.westernasset.pss.msg.queue.MessageFetcher.run(MessageFetcher.java:48)

2014-09-25 14:48:51,144 ERROR [AtpToPssMapper] com.westernasset.framework.subsystem.common.SubsystemException: SubsystemExceptionNested:
java.lang.RuntimeException: Storage is not configuredNested:
java.lang.RuntimeException: Storage is not configured
	at com.tangosol.coherence.component.util.daemon.queueProcessor.service.DistributedCache$BinaryMap.onMissingStorage(DistributedCache.CDB:9)
	at com.tangosol.coherence.component.util.daemon.queueProcessor.service.DistributedCache$BinaryMap.get(DistributedCache.CDB:15)
	at com.tangosol.util.ConverterCollections$ConverterMap.get(ConverterCollections.java:1300)
	at com.tangosol.coherence.component.util.daemon.queueProcessor.service.DistributedCache$ViewMap.get(DistributedCache.CDB:1)
	at com.tangosol.coherence.component.util.SafeNamedCache.get(SafeNamedCache.CDB:1)
	at com.tangosol.net.cache.CachingMap.get(CachingMap.java:490)
	at com.westernasset.smss.server.SecurityMasterNearCacheSubsystem.getDigitRatingFromString(SecurityMasterNearCacheSubsystem.java:186)
	at com.westernasset.smss.server.SecurityMasterNearCacheSubsystem.handleFuncCall(SecurityMasterNearCacheSubsystem.java:85)
	at com.westernasset.smss.server.SecurityMasterManagementSubsystem.handleFuncCall(SecurityMasterManagementSubsystem.java:23)
	at com.westernasset.framework.subsystem.receiving.SubsystemImpl.innerHandleFuncCall(SubsystemImpl.java:154)
	at com.westernasset.framework.subsystem.receiving.internal.InProcessFunctionCallReceiver.handleFuncCall(InProcessFunctionCallReceiver.java:49)
	at com.westernasset.framework.subsystem.calling.internal.inprocess.InProcessFunctionCallCaller.doCall(InProcessFunctionCallCaller.java:19)
	at com.westernasset.framework.subsystem.calling.internal.inprocess.ForwardIfNotFoundFunctionCallCaller.doCall(ForwardIfNotFoundFunctionCallCaller.java:28)
	at com.westernasset.framework.subsystem.calling.internal.base.BaseFunctionCallCaller.callFunc(BaseFunctionCallCaller.java:33)
	at com.westernasset.framework.subsystem.calling.internal.base.BaseSubsystem.callFunc(BaseSubsystem.java:35)
	at com.westernasset.pss.msg.mapper.AtpToPssMapper.getRating(AtpToPssMapper.java:219)
	at com.westernasset.pss.msg.mapper.AtpToPssMapper.updateSecurityWithRatings(AtpToPssMapper.java:187)
	at com.westernasset.pss.msg.mapper.AtpToPssMapper.createSecurityVO(AtpToPssMapper.java:133)
	at com.westernasset.pss.msg.reciever.process.TradeProcessor.createSecurity(TradeProcessor.java:297)
	at com.westernasset.pss.msg.reciever.process.TradeProcessor.process(TradeProcessor.java:49)
	at com.westernasset.pss.msg.queue.MessageFetcher.processMessage(MessageFetcher.java:91)
	at com.westernasset.pss.msg.queue.MessageFetcher.pullMessageFromQueue(MessageFetcher.java:78)
	at com.westernasset.pss.msg.queue.MessageFetcher.run(MessageFetcher.java:48)

2014-09-25 14:48:51,144 ERROR [AtpToPssMapper] com.westernasset.framework.subsystem.common.SubsystemException: SubsystemExceptionNested:
java.lang.RuntimeException: Storage is not configuredNested:
java.lang.RuntimeException: Storage is not configured
	at com.tangosol.coherence.component.util.daemon.queueProcessor.service.DistributedCache$BinaryMap.onMissingStorage(DistributedCache.CDB:9)
	at com.tangosol.coherence.component.util.daemon.queueProcessor.service.DistributedCache$BinaryMap.get(DistributedCache.CDB:15)
	at com.tangosol.util.ConverterCollections$ConverterMap.get(ConverterCollections.java:1300)
	at com.tangosol.coherence.component.util.daemon.queueProcessor.service.DistributedCache$ViewMap.get(DistributedCache.CDB:1)
	at com.tangosol.coherence.component.util.SafeNamedCache.get(SafeNamedCache.CDB:1)
	at com.tangosol.net.cache.CachingMap.get(CachingMap.java:490)
	at com.westernasset.smss.server.SecurityMasterNearCacheSubsystem.getDigitRatingFromString(SecurityMasterNearCacheSubsystem.java:186)
	at com.westernasset.smss.server.SecurityMasterNearCacheSubsystem.handleFuncCall(SecurityMasterNearCacheSubsystem.java:85)
	at com.westernasset.smss.server.SecurityMasterManagementSubsystem.handleFuncCall(SecurityMasterManagementSubsystem.java:23)
	at com.westernasset.framework.subsystem.receiving.SubsystemImpl.innerHandleFuncCall(SubsystemImpl.java:154)
	at com.westernasset.framework.subsystem.receiving.internal.InProcessFunctionCallReceiver.handleFuncCall(InProcessFunctionCallReceiver.java:49)
	at com.westernasset.framework.subsystem.calling.internal.inprocess.InProcessFunctionCallCaller.doCall(InProcessFunctionCallCaller.java:19)
	at com.westernasset.framework.subsystem.calling.internal.inprocess.ForwardIfNotFoundFunctionCallCaller.doCall(ForwardIfNotFoundFunctionCallCaller.java:28)
	at com.westernasset.framework.subsystem.calling.internal.base.BaseFunctionCallCaller.callFunc(BaseFunctionCallCaller.java:33)
	at com.westernasset.framework.subsystem.calling.internal.base.BaseSubsystem.callFunc(BaseSubsystem.java:35)
	at com.westernasset.pss.msg.mapper.AtpToPssMapper.getRating(AtpToPssMapper.java:219)
	at com.westernasset.pss.msg.mapper.AtpToPssMapper.updateSecurityWithRatings(AtpToPssMapper.java:192)
	at com.westernasset.pss.msg.mapper.AtpToPssMapper.createSecurityVO(AtpToPssMapper.java:133)
	at com.westernasset.pss.msg.reciever.process.TradeProcessor.createSecurity(TradeProcessor.java:297)
	at com.westernasset.pss.msg.reciever.process.TradeProcessor.process(TradeProcessor.java:49)
	at com.westernasset.pss.msg.queue.MessageFetcher.processMessage(MessageFetcher.java:91)
	at com.westernasset.pss.msg.queue.MessageFetcher.pullMessageFromQueue(MessageFetcher.java:78)
	at com.westernasset.pss.msg.queue.MessageFetcher.run(MessageFetcher.java:48)

2014-09-25 14:48:51,145 ERROR [AtpToPssMapper] com.westernasset.framework.subsystem.common.SubsystemException: SubsystemExceptionNested:
java.lang.RuntimeException: Storage is not configuredNested:
java.lang.RuntimeException: Storage is not configured
	at com.tangosol.coherence.component.util.daemon.queueProcessor.service.DistributedCache$BinaryMap.onMissingStorage(DistributedCache.CDB:9)
	at com.tangosol.coherence.component.util.daemon.queueProcessor.service.DistributedCache$BinaryMap.get(DistributedCache.CDB:15)
	at com.tangosol.util.ConverterCollections$ConverterMap.get(ConverterCollections.java:1300)
	at com.tangosol.coherence.component.util.daemon.queueProcessor.service.DistributedCache$ViewMap.get(DistributedCache.CDB:1)
	at com.tangosol.coherence.component.util.SafeNamedCache.get(SafeNamedCache.CDB:1)
	at com.tangosol.net.cache.CachingMap.get(CachingMap.java:490)
	at com.westernasset.smss.server.SecurityMasterNearCacheSubsystem.getDigitRatingFromString(SecurityMasterNearCacheSubsystem.java:186)
	at com.westernasset.smss.server.SecurityMasterNearCacheSubsystem.handleFuncCall(SecurityMasterNearCacheSubsystem.java:85)
	at com.westernasset.smss.server.SecurityMasterManagementSubsystem.handleFuncCall(SecurityMasterManagementSubsystem.java:23)
	at com.westernasset.framework.subsystem.receiving.SubsystemImpl.innerHandleFuncCall(SubsystemImpl.java:154)
	at com.westernasset.framework.subsystem.receiving.internal.InProcessFunctionCallReceiver.handleFuncCall(InProcessFunctionCallReceiver.java:49)
	at com.westernasset.framework.subsystem.calling.internal.inprocess.InProcessFunctionCallCaller.doCall(InProcessFunctionCallCaller.java:19)
	at com.westernasset.framework.subsystem.calling.internal.inprocess.ForwardIfNotFoundFunctionCallCaller.doCall(ForwardIfNotFoundFunctionCallCaller.java:28)
	at com.westernasset.framework.subsystem.calling.internal.base.BaseFunctionCallCaller.callFunc(BaseFunctionCallCaller.java:33)
	at com.westernasset.framework.subsystem.calling.internal.base.BaseSubsystem.callFunc(BaseSubsystem.java:35)
	at com.westernasset.pss.msg.mapper.AtpToPssMapper.getRating(AtpToPssMapper.java:219)
	at com.westernasset.pss.msg.mapper.AtpToPssMapper.updateSecurityWithRatings(AtpToPssMapper.java:197)
	at com.westernasset.pss.msg.mapper.AtpToPssMapper.createSecurityVO(AtpToPssMapper.java:133)
	at com.westernasset.pss.msg.reciever.process.TradeProcessor.createSecurity(TradeProcessor.java:297)
	at com.westernasset.pss.msg.reciever.process.TradeProcessor.process(TradeProcessor.java:49)
	at com.westernasset.pss.msg.queue.MessageFetcher.processMessage(MessageFetcher.java:91)
	at com.westernasset.pss.msg.queue.MessageFetcher.pullMessageFromQueue(MessageFetcher.java:78)
	at com.westernasset.pss.msg.queue.MessageFetcher.run(MessageFetcher.java:48)

2014-09-25 14:48:51,145 ERROR [AtpToPssMapper] com.westernasset.framework.subsystem.common.SubsystemException: SubsystemExceptionNested:
java.lang.RuntimeException: Storage is not configuredNested:
java.lang.RuntimeException: Storage is not configured
	at com.tangosol.coherence.component.util.daemon.queueProcessor.service.DistributedCache$BinaryMap.onMissingStorage(DistributedCache.CDB:9)
	at com.tangosol.coherence.component.util.daemon.queueProcessor.service.DistributedCache$BinaryMap.get(DistributedCache.CDB:15)
	at com.tangosol.util.ConverterCollections$ConverterMap.get(ConverterCollections.java:1300)
	at com.tangosol.coherence.component.util.daemon.queueProcessor.service.DistributedCache$ViewMap.get(DistributedCache.CDB:1)
	at com.tangosol.coherence.component.util.SafeNamedCache.get(SafeNamedCache.CDB:1)
	at com.tangosol.net.cache.CachingMap.get(CachingMap.java:490)
	at com.westernasset.smss.server.SecurityMasterNearCacheSubsystem.getDigitRatingFromString(SecurityMasterNearCacheSubsystem.java:186)
	at com.westernasset.smss.server.SecurityMasterNearCacheSubsystem.handleFuncCall(SecurityMasterNearCacheSubsystem.java:85)
	at com.westernasset.smss.server.SecurityMasterManagementSubsystem.handleFuncCall(SecurityMasterManagementSubsystem.java:23)
	at com.westernasset.framework.subsystem.receiving.SubsystemImpl.innerHandleFuncCall(SubsystemImpl.java:154)
	at com.westernasset.framework.subsystem.receiving.internal.InProcessFunctionCallReceiver.handleFuncCall(InProcessFunctionCallReceiver.java:49)
	at com.westernasset.framework.subsystem.calling.internal.inprocess.InProcessFunctionCallCaller.doCall(InProcessFunctionCallCaller.java:19)
	at com.westernasset.framework.subsystem.calling.internal.inprocess.ForwardIfNotFoundFunctionCallCaller.doCall(ForwardIfNotFoundFunctionCallCaller.java:28)
	at com.westernasset.framework.subsystem.calling.internal.base.BaseFunctionCallCaller.callFunc(BaseFunctionCallCaller.java:33)
	at com.westernasset.framework.subsystem.calling.internal.base.BaseSubsystem.callFunc(BaseSubsystem.java:35)
	at com.westernasset.pss.msg.mapper.AtpToPssMapper.getRating(AtpToPssMapper.java:219)
	at com.westernasset.pss.msg.mapper.AtpToPssMapper.updateSecurityWithRatings(AtpToPssMapper.java:202)
	at com.westernasset.pss.msg.mapper.AtpToPssMapper.createSecurityVO(AtpToPssMapper.java:133)
	at com.westernasset.pss.msg.reciever.process.TradeProcessor.createSecurity(TradeProcessor.java:297)
	at com.westernasset.pss.msg.reciever.process.TradeProcessor.process(TradeProcessor.java:49)
	at com.westernasset.pss.msg.queue.MessageFetcher.processMessage(MessageFetcher.java:91)
	at com.westernasset.pss.msg.queue.MessageFetcher.pullMessageFromQueue(MessageFetcher.java:78)
	at com.westernasset.pss.msg.queue.MessageFetcher.run(MessageFetcher.java:48)

2014-09-25 14:48:51,147 ERROR [SecurityCacheManager] Failed to add security to cache: Storage is not configured : {SecurityId=1429034, AMTValue=1.0, MoodyRating=0, MoodyShortRating=0, FitchRating=0, FitchShortRating=0, SecurityTypeId=22, AssetTypeId=8, ProductId=20, SpRating=0, SpShortRating=0, WaRating=0, WaShortRating=0, IssueDate=2013-11-07T00:00:00.000-0800, MaturityDate=2017-11-02T00:00:00.000-0700, AssetId=278062AB0, CurrencyCode=USD, SecurityType=CORPORATE, Description=EATON CORP, Product=Bonds/Notes (Par), SubSubSector=DIVERSIFIED_MANUFACTURING, TickerSymbol=ETN, BBName=EATON CORP, IntType=FIXED, MinPiece=2000.0000, MinIncrement=2000.0000, AverageLife=3.106, Coupon=1.5, Dtm=1134.0, DtmLegalFinal=1134.0, Factor=1.0, DurationFactor=1.0, EffectiveConvexity=0.108, EffectiveDuration=3.027, YieldToWorst=1.666, MarketCFYield=1.666, OptionASpread=49.0, SpreadDuration=3.0, Country=US, AMT=N, NyIssuer=ETN&8, LnIssuer=ETN&8}
java.lang.RuntimeException: Storage is not configured
	at com.tangosol.coherence.component.util.daemon.queueProcessor.service.DistributedCache$BinaryMap.onMissingStorage(DistributedCache.CDB:9)
	at com.tangosol.coherence.component.util.daemon.queueProcessor.service.DistributedCache$BinaryMap.get(DistributedCache.CDB:15)
	at com.tangosol.util.ConverterCollections$ConverterMap.get(ConverterCollections.java:1300)
	at com.tangosol.coherence.component.util.daemon.queueProcessor.service.DistributedCache$ViewMap.get(DistributedCache.CDB:1)
	at com.tangosol.coherence.component.util.SafeNamedCache.get(SafeNamedCache.CDB:1)
	at com.tangosol.net.cache.CachingMap.get(CachingMap.java:490)
	at com.westernasset.smss.common.util.BusinessUtils.getIssuerDesciption(BusinessUtils.java:146)
	at com.westernasset.smss.common.util.BusinessUtils.fillNUIssuerId(BusinessUtils.java:513)
	at com.westernasset.smss.common.util.BusinessUtils.fillDerivedValues(BusinessUtils.java:421)
	at com.westernasset.smss.server.SecurityCacheManager.addSecurity(SecurityCacheManager.java:137)
	at com.westernasset.smss.server.SecurityMasterNearCacheSubsystem.addSecurity(SecurityMasterNearCacheSubsystem.java:202)
	at com.westernasset.smss.server.SecurityMasterNearCacheSubsystem.handleFuncCall(SecurityMasterNearCacheSubsystem.java:92)
	at com.westernasset.smss.server.SecurityMasterManagementSubsystem.handleFuncCall(SecurityMasterManagementSubsystem.java:23)
	at com.westernasset.framework.subsystem.receiving.SubsystemImpl.innerHandleFuncCall(SubsystemImpl.java:154)
	at com.westernasset.framework.subsystem.receiving.internal.InProcessFunctionCallReceiver.handleFuncCall(InProcessFunctionCallReceiver.java:49)
	at com.westernasset.framework.subsystem.calling.internal.inprocess.InProcessFunctionCallCaller.doCall(InProcessFunctionCallCaller.java:19)
	at com.westernasset.framework.subsystem.calling.internal.inprocess.ForwardIfNotFoundFunctionCallCaller.doCall(ForwardIfNotFoundFunctionCallCaller.java:28)
	at com.westernasset.framework.subsystem.calling.internal.base.BaseFunctionCallCaller.callFunc(BaseFunctionCallCaller.java:33)
	at com.westernasset.framework.subsystem.calling.internal.base.BaseSubsystem.callFunc(BaseSubsystem.java:35)
	at com.westernasset.pss.msg.reciever.process.TradeProcessor.createSecurity(TradeProcessor.java:302)
	at com.westernasset.pss.msg.reciever.process.TradeProcessor.process(TradeProcessor.java:49)
	at com.westernasset.pss.msg.queue.MessageFetcher.processMessage(MessageFetcher.java:91)
	at com.westernasset.pss.msg.queue.MessageFetcher.pullMessageFromQueue(MessageFetcher.java:78)
	at com.westernasset.pss.msg.queue.MessageFetcher.run(MessageFetcher.java:48)
2014-09-25 14:48:51,147 INFO  [TradeProcessor] Created Security :{SecurityId=1429034, AMTValue=1.0, MoodyRating=0, MoodyShortRating=0, FitchRating=0, FitchShortRating=0, SecurityTypeId=22, AssetTypeId=8, ProductId=20, SpRating=0, SpShortRating=0, WaRating=0, WaShortRating=0, IssueDate=2013-11-07T00:00:00.000-0800, MaturityDate=2017-11-02T00:00:00.000-0700, AssetId=278062AB0, CurrencyCode=USD, SecurityType=CORPORATE, Description=EATON CORP, Product=Bonds/Notes (Par), SubSubSector=DIVERSIFIED_MANUFACTURING, TickerSymbol=ETN, BBName=EATON CORP, IntType=FIXED, MinPiece=2000.0000, MinIncrement=2000.0000, AverageLife=3.106, Coupon=1.5, Dtm=1134.0, DtmLegalFinal=1134.0, Factor=1.0, DurationFactor=1.0, EffectiveConvexity=0.108, EffectiveDuration=3.027, YieldToWorst=1.666, MarketCFYield=1.666, OptionASpread=49.0, SpreadDuration=3.0, Country=US, AMT=N, NyIssuer=ETN&8, LnIssuer=ETN&8}
2014-09-25 14:48:51,147 ERROR [TradeProcessor] Error in getPrioTradeStatusByMessage
com.westernasset.framework.subsystem.common.SubsystemException: SubsystemExceptionNested:
java.lang.RuntimeException: Storage is not configuredNested:
java.lang.RuntimeException: Storage is not configured
	at com.tangosol.coherence.component.util.daemon.queueProcessor.service.DistributedCache$BinaryMap.onMissingStorage(DistributedCache.CDB:9)
	at com.tangosol.coherence.component.util.daemon.queueProcessor.service.DistributedCache$BinaryMap.get(DistributedCache.CDB:15)
	at com.tangosol.util.ConverterCollections$ConverterMap.get(ConverterCollections.java:1300)
	at com.tangosol.coherence.component.util.daemon.queueProcessor.service.DistributedCache$ViewMap.get(DistributedCache.CDB:1)
	at com.tangosol.coherence.component.util.SafeNamedCache.get(SafeNamedCache.CDB:1)
	at com.tangosol.net.cache.CachingMap.get(CachingMap.java:490)
	at com.westernasset.tss.cache.TradeCacheManager.getTradeById(TradeCacheManager.java:202)
	at com.westernasset.tss.services.TradeNearCacheSubsystem.getTradeById(TradeNearCacheSubsystem.java:104)
	at com.westernasset.tss.services.TradeNearCacheSubsystem.handleFuncCall(TradeNearCacheSubsystem.java:50)
	at com.westernasset.tss.services.TradeSubsystem.handleFuncCall(TradeSubsystem.java:29)
	at com.westernasset.framework.subsystem.receiving.SubsystemImpl.innerHandleFuncCall(SubsystemImpl.java:154)
	at com.westernasset.framework.subsystem.receiving.internal.InProcessFunctionCallReceiver.handleFuncCall(InProcessFunctionCallReceiver.java:49)
	at com.westernasset.framework.subsystem.calling.internal.inprocess.InProcessFunctionCallCaller.doCall(InProcessFunctionCallCaller.java:19)
	at com.westernasset.framework.subsystem.calling.internal.inprocess.ForwardIfNotFoundFunctionCallCaller.doCall(ForwardIfNotFoundFunctionCallCaller.java:28)
	at com.westernasset.framework.subsystem.calling.internal.base.BaseFunctionCallCaller.callFunc(BaseFunctionCallCaller.java:33)
	at com.westernasset.framework.subsystem.calling.internal.base.BaseSubsystem.callFunc(BaseSubsystem.java:35)
	at com.westernasset.pss.msg.reciever.process.TradeProcessor.getTradeByTradeId(TradeProcessor.java:250)
	at com.westernasset.pss.msg.reciever.process.TradeProcessor.getPrioTradeStatusByMessage(TradeProcessor.java:268)
	at com.westernasset.pss.msg.reciever.process.TradeProcessor.process(TradeProcessor.java:50)
	at com.westernasset.pss.msg.queue.MessageFetcher.processMessage(MessageFetcher.java:91)
	at com.westernasset.pss.msg.queue.MessageFetcher.pullMessageFromQueue(MessageFetcher.java:78)
	at com.westernasset.pss.msg.queue.MessageFetcher.run(MessageFetcher.java:48)

	at com.westernasset.framework.subsystem.common.internal.SubsystemExceptionUtils.dataObjectToException(SubsystemExceptionUtils.java:38)
	at com.westernasset.framework.subsystem.common.internal.SubsystemExceptionUtils.throwExceptionIfNeeded(SubsystemExceptionUtils.java:15)
	at com.westernasset.framework.subsystem.calling.internal.base.BaseSubsystem.callFunc(BaseSubsystem.java:37)
	at com.westernasset.pss.msg.reciever.process.TradeProcessor.getTradeByTradeId(TradeProcessor.java:250)
	at com.westernasset.pss.msg.reciever.process.TradeProcessor.getPrioTradeStatusByMessage(TradeProcessor.java:268)
	at com.westernasset.pss.msg.reciever.process.TradeProcessor.process(TradeProcessor.java:50)
	at com.westernasset.pss.msg.queue.MessageFetcher.processMessage(MessageFetcher.java:91)
	at com.westernasset.pss.msg.queue.MessageFetcher.pullMessageFromQueue(MessageFetcher.java:78)
	at com.westernasset.pss.msg.queue.MessageFetcher.run(MessageFetcher.java:48)
2014-09-25 14:48:51,148 ERROR [TradeProcessor] Exception occured while processing message
java.lang.RuntimeException: Storage is not configured
	at com.tangosol.coherence.component.util.daemon.queueProcessor.service.DistributedCache$BinaryMap.onMissingStorage(DistributedCache.CDB:9)
	at com.tangosol.coherence.component.util.daemon.queueProcessor.service.DistributedCache$BinaryMap.get(DistributedCache.CDB:15)
	at com.tangosol.util.ConverterCollections$ConverterMap.get(ConverterCollections.java:1300)
	at com.tangosol.coherence.component.util.daemon.queueProcessor.service.DistributedCache$ViewMap.get(DistributedCache.CDB:1)
	at com.tangosol.coherence.component.util.SafeNamedCache.get(SafeNamedCache.CDB:1)
	at com.tangosol.net.cache.CachingMap.get(CachingMap.java:490)
	at com.westernasset.tss.cache.TradeCacheManager.isDuplicateTrade(TradeCacheManager.java:356)
	at com.westernasset.pss.common.util.PojoHelper.createObjects(PojoHelper.java:132)
	at com.westernasset.pss.msg.reciever.process.TradeProcessor.process(TradeProcessor.java:55)
	at com.westernasset.pss.msg.queue.MessageFetcher.processMessage(MessageFetcher.java:91)
	at com.westernasset.pss.msg.queue.MessageFetcher.pullMessageFromQueue(MessageFetcher.java:78)
	at com.westernasset.pss.msg.queue.MessageFetcher.run(MessageFetcher.java:48)
2014-09-25 14:48:51,148 INFO  [TradeProcessor] End process method 734 MB
2014-09-25 14:48:51,148 INFO  [TradeProcessor] Time taken by TradeProcessor.process method 7
2014-09-25 14:48:51,148 INFO  [MessageFetcher] Processing message completed...[7461671]
2014-09-25 14:48:51,148 INFO  [MessageQueue] Removing the first item of 2 from the queue
2014-09-25 14:48:51,148 INFO  [MessageFetcher] Processing message started...[7461670]
2014-09-25 14:48:51,148 INFO  [TradeProcessor] Begin process method 734 MB
2014-09-25 14:48:51,148 ERROR [TradeProcessor] Error in doSecurityExist
java.lang.RuntimeException: Storage is not configured
	at com.tangosol.coherence.component.util.daemon.queueProcessor.service.DistributedCache$BinaryMap.onMissingStorage(DistributedCache.CDB:9)
	at com.tangosol.coherence.component.util.daemon.queueProcessor.service.DistributedCache$BinaryMap.get(DistributedCache.CDB:15)
	at com.tangosol.util.ConverterCollections$ConverterMap.get(ConverterCollections.java:1300)
	at com.tangosol.coherence.component.util.daemon.queueProcessor.service.DistributedCache$ViewMap.get(DistributedCache.CDB:1)
	at com.tangosol.coherence.component.util.SafeNamedCache.get(SafeNamedCache.CDB:1)
	at com.tangosol.net.cache.CachingMap.get(CachingMap.java:490)
	at com.westernasset.smss.common.util.BusinessDateHelper.get(BusinessDateHelper.java:55)
	at com.westernasset.smss.common.util.BusinessDateHelper.getBusinessDateFromCacheWithOffset(BusinessDateHelper.java:130)
	at com.westernasset.smss.common.util.BusinessDateHelper.getCurrentBusinessDateAny(BusinessDateHelper.java:125)
	at com.westernasset.pss.msg.reciever.process.TradeProcessor.doSecurityExist(TradeProcessor.java:328)
	at com.westernasset.pss.msg.reciever.process.TradeProcessor.createSecurity(TradeProcessor.java:296)
	at com.westernasset.pss.msg.reciever.process.TradeProcessor.process(TradeProcessor.java:49)
	at com.westernasset.pss.msg.queue.MessageFetcher.processMessage(MessageFetcher.java:91)
	at com.westernasset.pss.msg.queue.MessageFetcher.pullMessageFromQueue(MessageFetcher.java:78)
	at com.westernasset.pss.msg.queue.MessageFetcher.run(MessageFetcher.java:48)
2014-09-25 14:48:51,149 ERROR [AtpToPssMapper] com.westernasset.framework.subsystem.common.SubsystemException: SubsystemExceptionNested:
java.lang.RuntimeException: Storage is not configuredNested:
java.lang.RuntimeException: Storage is not configured
	at com.tangosol.coherence.component.util.daemon.queueProcessor.service.DistributedCache$BinaryMap.onMissingStorage(DistributedCache.CDB:9)
	at com.tangosol.coherence.component.util.daemon.queueProcessor.service.DistributedCache$BinaryMap.get(DistributedCache.CDB:15)
	at com.tangosol.util.ConverterCollections$ConverterMap.get(ConverterCollections.java:1300)
	at com.tangosol.coherence.component.util.daemon.queueProcessor.service.DistributedCache$ViewMap.get(DistributedCache.CDB:1)
	at com.tangosol.coherence.component.util.SafeNamedCache.get(SafeNamedCache.CDB:1)
	at com.tangosol.net.cache.CachingMap.get(CachingMap.java:490)
	at com.westernasset.smss.server.SecurityMasterNearCacheSubsystem.getDigitRatingFromString(SecurityMasterNearCacheSubsystem.java:186)
	at com.westernasset.smss.server.SecurityMasterNearCacheSubsystem.handleFuncCall(SecurityMasterNearCacheSubsystem.java:85)
	at com.westernasset.smss.server.SecurityMasterManagementSubsystem.handleFuncCall(SecurityMasterManagementSubsystem.java:23)
	at com.westernasset.framework.subsystem.receiving.SubsystemImpl.innerHandleFuncCall(SubsystemImpl.java:154)
	at com.westernasset.framework.subsystem.receiving.internal.InProcessFunctionCallReceiver.handleFuncCall(InProcessFunctionCallReceiver.java:49)
	at com.westernasset.framework.subsystem.calling.internal.inprocess.InProcessFunctionCallCaller.doCall(InProcessFunctionCallCaller.java:19)
	at com.westernasset.framework.subsystem.calling.internal.inprocess.ForwardIfNotFoundFunctionCallCaller.doCall(ForwardIfNotFoundFunctionCallCaller.java:28)
	at com.westernasset.framework.subsystem.calling.internal.base.BaseFunctionCallCaller.callFunc(BaseFunctionCallCaller.java:33)
	at com.westernasset.framework.subsystem.calling.internal.base.BaseSubsystem.callFunc(BaseSubsystem.java:35)
	at com.westernasset.pss.msg.mapper.AtpToPssMapper.getRating(AtpToPssMapper.java:219)
	at com.westernasset.pss.msg.mapper.AtpToPssMapper.updateSecurityWithRatings(AtpToPssMapper.java:167)
	at com.westernasset.pss.msg.mapper.AtpToPssMapper.createSecurityVO(AtpToPssMapper.java:133)
	at com.westernasset.pss.msg.reciever.process.TradeProcessor.createSecurity(TradeProcessor.java:297)
	at com.westernasset.pss.msg.reciever.process.TradeProcessor.process(TradeProcessor.java:49)
	at com.westernasset.pss.msg.queue.MessageFetcher.processMessage(MessageFetcher.java:91)
	at com.westernasset.pss.msg.queue.MessageFetcher.pullMessageFromQueue(MessageFetcher.java:78)
	at com.westernasset.pss.msg.queue.MessageFetcher.run(MessageFetcher.java:48)

2014-09-25 14:48:51,149 ERROR [AtpToPssMapper] com.westernasset.framework.subsystem.common.SubsystemException: SubsystemExceptionNested:
java.lang.RuntimeException: Storage is not configuredNested:
java.lang.RuntimeException: Storage is not configured
	at com.tangosol.coherence.component.util.daemon.queueProcessor.service.DistributedCache$BinaryMap.onMissingStorage(DistributedCache.CDB:9)
	at com.tangosol.coherence.component.util.daemon.queueProcessor.service.DistributedCache$BinaryMap.get(DistributedCache.CDB:15)
	at com.tangosol.util.ConverterCollections$ConverterMap.get(ConverterCollections.java:1300)
	at com.tangosol.coherence.component.util.daemon.queueProcessor.service.DistributedCache$ViewMap.get(DistributedCache.CDB:1)
	at com.tangosol.coherence.component.util.SafeNamedCache.get(SafeNamedCache.CDB:1)
	at com.tangosol.net.cache.CachingMap.get(CachingMap.java:490)
	at com.westernasset.smss.server.SecurityMasterNearCacheSubsystem.getDigitRatingFromString(SecurityMasterNearCacheSubsystem.java:186)
	at com.westernasset.smss.server.SecurityMasterNearCacheSubsystem.handleFuncCall(SecurityMasterNearCacheSubsystem.java:85)
	at com.westernasset.smss.server.SecurityMasterManagementSubsystem.handleFuncCall(SecurityMasterManagementSubsystem.java:23)
	at com.westernasset.framework.subsystem.receiving.SubsystemImpl.innerHandleFuncCall(SubsystemImpl.java:154)
	at com.westernasset.framework.subsystem.receiving.internal.InProcessFunctionCallReceiver.handleFuncCall(InProcessFunctionCallReceiver.java:49)
	at com.westernasset.framework.subsystem.calling.internal.inprocess.InProcessFunctionCallCaller.doCall(InProcessFunctionCallCaller.java:19)
	at com.westernasset.framework.subsystem.calling.internal.inprocess.ForwardIfNotFoundFunctionCallCaller.doCall(ForwardIfNotFoundFunctionCallCaller.java:28)
	at com.westernasset.framework.subsystem.calling.internal.base.BaseFunctionCallCaller.callFunc(BaseFunctionCallCaller.java:33)
	at com.westernasset.framework.subsystem.calling.internal.base.BaseSubsystem.callFunc(BaseSubsystem.java:35)
	at com.westernasset.pss.msg.mapper.AtpToPssMapper.getRating(AtpToPssMapper.java:219)
	at com.westernasset.pss.msg.mapper.AtpToPssMapper.updateSecurityWithRatings(AtpToPssMapper.java:172)
	at com.westernasset.pss.msg.mapper.AtpToPssMapper.createSecurityVO(AtpToPssMapper.java:133)
	at com.westernasset.pss.msg.reciever.process.TradeProcessor.createSecurity(TradeProcessor.java:297)
	at com.westernasset.pss.msg.reciever.process.TradeProcessor.process(TradeProcessor.java:49)
	at com.westernasset.pss.msg.queue.MessageFetcher.processMessage(MessageFetcher.java:91)
	at com.westernasset.pss.msg.queue.MessageFetcher.pullMessageFromQueue(MessageFetcher.java:78)
	at com.westernasset.pss.msg.queue.MessageFetcher.run(MessageFetcher.java:48)

2014-09-25 14:48:51,150 ERROR [AtpToPssMapper] com.westernasset.framework.subsystem.common.SubsystemException: SubsystemExceptionNested:
java.lang.RuntimeException: Storage is not configuredNested:
java.lang.RuntimeException: Storage is not configured
	at com.tangosol.coherence.component.util.daemon.queueProcessor.service.DistributedCache$BinaryMap.onMissingStorage(DistributedCache.CDB:9)
	at com.tangosol.coherence.component.util.daemon.queueProcessor.service.DistributedCache$BinaryMap.get(DistributedCache.CDB:15)
	at com.tangosol.util.ConverterCollections$ConverterMap.get(ConverterCollections.java:1300)
	at com.tangosol.coherence.component.util.daemon.queueProcessor.service.DistributedCache$ViewMap.get(DistributedCache.CDB:1)
	at com.tangosol.coherence.component.util.SafeNamedCache.get(SafeNamedCache.CDB:1)
	at com.tangosol.net.cache.CachingMap.get(CachingMap.java:490)
	at com.westernasset.smss.server.SecurityMasterNearCacheSubsystem.getDigitRatingFromString(SecurityMasterNearCacheSubsystem.java:186)
	at com.westernasset.smss.server.SecurityMasterNearCacheSubsystem.handleFuncCall(SecurityMasterNearCacheSubsystem.java:85)
	at com.westernasset.smss.server.SecurityMasterManagementSubsystem.handleFuncCall(SecurityMasterManagementSubsystem.java:23)
	at com.westernasset.framework.subsystem.receiving.SubsystemImpl.innerHandleFuncCall(SubsystemImpl.java:154)
	at com.westernasset.framework.subsystem.receiving.internal.InProcessFunctionCallReceiver.handleFuncCall(InProcessFunctionCallReceiver.java:49)
	at com.westernasset.framework.subsystem.calling.internal.inprocess.InProcessFunctionCallCaller.doCall(InProcessFunctionCallCaller.java:19)
	at com.westernasset.framework.subsystem.calling.internal.inprocess.ForwardIfNotFoundFunctionCallCaller.doCall(ForwardIfNotFoundFunctionCallCaller.java:28)
	at com.westernasset.framework.subsystem.calling.internal.base.BaseFunctionCallCaller.callFunc(BaseFunctionCallCaller.java:33)
	at com.westernasset.framework.subsystem.calling.internal.base.BaseSubsystem.callFunc(BaseSubsystem.java:35)
	at com.westernasset.pss.msg.mapper.AtpToPssMapper.getRating(AtpToPssMapper.java:219)
	at com.westernasset.pss.msg.mapper.AtpToPssMapper.updateSecurityWithRatings(AtpToPssMapper.java:177)
	at com.westernasset.pss.msg.mapper.AtpToPssMapper.createSecurityVO(AtpToPssMapper.java:133)
	at com.westernasset.pss.msg.reciever.process.TradeProcessor.createSecurity(TradeProcessor.java:297)
	at com.westernasset.pss.msg.reciever.process.TradeProcessor.process(TradeProcessor.java:49)
	at com.westernasset.pss.msg.queue.MessageFetcher.processMessage(MessageFetcher.java:91)
	at com.westernasset.pss.msg.queue.MessageFetcher.pullMessageFromQueue(MessageFetcher.java:78)
	at com.westernasset.pss.msg.queue.MessageFetcher.run(MessageFetcher.java:48)

2014-09-25 14:48:51,150 ERROR [AtpToPssMapper] com.westernasset.framework.subsystem.common.SubsystemException: SubsystemExceptionNested:
java.lang.RuntimeException: Storage is not configuredNested:
java.lang.RuntimeException: Storage is not configured
	at com.tangosol.coherence.component.util.daemon.queueProcessor.service.DistributedCache$BinaryMap.onMissingStorage(DistributedCache.CDB:9)
	at com.tangosol.coherence.component.util.daemon.queueProcessor.service.DistributedCache$BinaryMap.get(DistributedCache.CDB:15)
	at com.tangosol.util.ConverterCollections$ConverterMap.get(ConverterCollections.java:1300)
	at com.tangosol.coherence.component.util.daemon.queueProcessor.service.DistributedCache$ViewMap.get(DistributedCache.CDB:1)
	at com.tangosol.coherence.component.util.SafeNamedCache.get(SafeNamedCache.CDB:1)
	at com.tangosol.net.cache.CachingMap.get(CachingMap.java:490)
	at com.westernasset.smss.server.SecurityMasterNearCacheSubsystem.getDigitRatingFromString(SecurityMasterNearCacheSubsystem.java:186)
	at com.westernasset.smss.server.SecurityMasterNearCacheSubsystem.handleFuncCall(SecurityMasterNearCacheSubsystem.java:85)
	at com.westernasset.smss.server.SecurityMasterManagementSubsystem.handleFuncCall(SecurityMasterManagementSubsystem.java:23)
	at com.westernasset.framework.subsystem.receiving.SubsystemImpl.innerHandleFuncCall(SubsystemImpl.java:154)
	at com.westernasset.framework.subsystem.receiving.internal.InProcessFunctionCallReceiver.handleFuncCall(InProcessFunctionCallReceiver.java:49)
	at com.westernasset.framework.subsystem.calling.internal.inprocess.InProcessFunctionCallCaller.doCall(InProcessFunctionCallCaller.java:19)
	at com.westernasset.framework.subsystem.calling.internal.inprocess.ForwardIfNotFoundFunctionCallCaller.doCall(ForwardIfNotFoundFunctionCallCaller.java:28)
	at com.westernasset.framework.subsystem.calling.internal.base.BaseFunctionCallCaller.callFunc(BaseFunctionCallCaller.java:33)
	at com.westernasset.framework.subsystem.calling.internal.base.BaseSubsystem.callFunc(BaseSubsystem.java:35)
	at com.westernasset.pss.msg.mapper.AtpToPssMapper.getRating(AtpToPssMapper.java:219)
	at com.westernasset.pss.msg.mapper.AtpToPssMapper.updateSecurityWithRatings(AtpToPssMapper.java:182)
	at com.westernasset.pss.msg.mapper.AtpToPssMapper.createSecurityVO(AtpToPssMapper.java:133)
	at com.westernasset.pss.msg.reciever.process.TradeProcessor.createSecurity(TradeProcessor.java:297)
	at com.westernasset.pss.msg.reciever.process.TradeProcessor.process(TradeProcessor.java:49)
	at com.westernasset.pss.msg.queue.MessageFetcher.processMessage(MessageFetcher.java:91)
	at com.westernasset.pss.msg.queue.MessageFetcher.pullMessageFromQueue(MessageFetcher.java:78)
	at com.westernasset.pss.msg.queue.MessageFetcher.run(MessageFetcher.java:48)

2014-09-25 14:48:51,150 ERROR [AtpToPssMapper] com.westernasset.framework.subsystem.common.SubsystemException: SubsystemExceptionNested:
java.lang.RuntimeException: Storage is not configuredNested:
java.lang.RuntimeException: Storage is not configured
	at com.tangosol.coherence.component.util.daemon.queueProcessor.service.DistributedCache$BinaryMap.onMissingStorage(DistributedCache.CDB:9)
	at com.tangosol.coherence.component.util.daemon.queueProcessor.service.DistributedCache$BinaryMap.get(DistributedCache.CDB:15)
	at com.tangosol.util.ConverterCollections$ConverterMap.get(ConverterCollections.java:1300)
	at com.tangosol.coherence.component.util.daemon.queueProcessor.service.DistributedCache$ViewMap.get(DistributedCache.CDB:1)
	at com.tangosol.coherence.component.util.SafeNamedCache.get(SafeNamedCache.CDB:1)
	at com.tangosol.net.cache.CachingMap.get(CachingMap.java:490)
	at com.westernasset.smss.server.SecurityMasterNearCacheSubsystem.getDigitRatingFromString(SecurityMasterNearCacheSubsystem.java:186)
	at com.westernasset.smss.server.SecurityMasterNearCacheSubsystem.handleFuncCall(SecurityMasterNearCacheSubsystem.java:85)
	at com.westernasset.smss.server.SecurityMasterManagementSubsystem.handleFuncCall(SecurityMasterManagementSubsystem.java:23)
	at com.westernasset.framework.subsystem.receiving.SubsystemImpl.innerHandleFuncCall(SubsystemImpl.java:154)
	at com.westernasset.framework.subsystem.receiving.internal.InProcessFunctionCallReceiver.handleFuncCall(InProcessFunctionCallReceiver.java:49)
	at com.westernasset.framework.subsystem.calling.internal.inprocess.InProcessFunctionCallCaller.doCall(InProcessFunctionCallCaller.java:19)
	at com.westernasset.framework.subsystem.calling.internal.inprocess.ForwardIfNotFoundFunctionCallCaller.doCall(ForwardIfNotFoundFunctionCallCaller.java:28)
	at com.westernasset.framework.subsystem.calling.internal.base.BaseFunctionCallCaller.callFunc(BaseFunctionCallCaller.java:33)
	at com.westernasset.framework.subsystem.calling.internal.base.BaseSubsystem.callFunc(BaseSubsystem.java:35)
	at com.westernasset.pss.msg.mapper.AtpToPssMapper.getRating(AtpToPssMapper.java:219)
	at com.westernasset.pss.msg.mapper.AtpToPssMapper.updateSecurityWithRatings(AtpToPssMapper.java:187)
	at com.westernasset.pss.msg.mapper.AtpToPssMapper.createSecurityVO(AtpToPssMapper.java:133)
	at com.westernasset.pss.msg.reciever.process.TradeProcessor.createSecurity(TradeProcessor.java:297)
	at com.westernasset.pss.msg.reciever.process.TradeProcessor.process(TradeProcessor.java:49)
	at com.westernasset.pss.msg.queue.MessageFetcher.processMessage(MessageFetcher.java:91)
	at com.westernasset.pss.msg.queue.MessageFetcher.pullMessageFromQueue(MessageFetcher.java:78)
	at com.westernasset.pss.msg.queue.MessageFetcher.run(MessageFetcher.java:48)

2014-09-25 14:48:51,151 ERROR [AtpToPssMapper] com.westernasset.framework.subsystem.common.SubsystemException: SubsystemExceptionNested:
java.lang.RuntimeException: Storage is not configuredNested:
java.lang.RuntimeException: Storage is not configured
	at com.tangosol.coherence.component.util.daemon.queueProcessor.service.DistributedCache$BinaryMap.onMissingStorage(DistributedCache.CDB:9)
	at com.tangosol.coherence.component.util.daemon.queueProcessor.service.DistributedCache$BinaryMap.get(DistributedCache.CDB:15)
	at com.tangosol.util.ConverterCollections$ConverterMap.get(ConverterCollections.java:1300)
	at com.tangosol.coherence.component.util.daemon.queueProcessor.service.DistributedCache$ViewMap.get(DistributedCache.CDB:1)
	at com.tangosol.coherence.component.util.SafeNamedCache.get(SafeNamedCache.CDB:1)
	at com.tangosol.net.cache.CachingMap.get(CachingMap.java:490)
	at com.westernasset.smss.server.SecurityMasterNearCacheSubsystem.getDigitRatingFromString(SecurityMasterNearCacheSubsystem.java:186)
	at com.westernasset.smss.server.SecurityMasterNearCacheSubsystem.handleFuncCall(SecurityMasterNearCacheSubsystem.java:85)
	at com.westernasset.smss.server.SecurityMasterManagementSubsystem.handleFuncCall(SecurityMasterManagementSubsystem.java:23)
	at com.westernasset.framework.subsystem.receiving.SubsystemImpl.innerHandleFuncCall(SubsystemImpl.java:154)
	at com.westernasset.framework.subsystem.receiving.internal.InProcessFunctionCallReceiver.handleFuncCall(InProcessFunctionCallReceiver.java:49)
	at com.westernasset.framework.subsystem.calling.internal.inprocess.InProcessFunctionCallCaller.doCall(InProcessFunctionCallCaller.java:19)
	at com.westernasset.framework.subsystem.calling.internal.inprocess.ForwardIfNotFoundFunctionCallCaller.doCall(ForwardIfNotFoundFunctionCallCaller.java:28)
	at com.westernasset.framework.subsystem.calling.internal.base.BaseFunctionCallCaller.callFunc(BaseFunctionCallCaller.java:33)
	at com.westernasset.framework.subsystem.calling.internal.base.BaseSubsystem.callFunc(BaseSubsystem.java:35)
	at com.westernasset.pss.msg.mapper.AtpToPssMapper.getRating(AtpToPssMapper.java:219)
	at com.westernasset.pss.msg.mapper.AtpToPssMapper.updateSecurityWithRatings(AtpToPssMapper.java:192)
	at com.westernasset.pss.msg.mapper.AtpToPssMapper.createSecurityVO(AtpToPssMapper.java:133)
	at com.westernasset.pss.msg.reciever.process.TradeProcessor.createSecurity(TradeProcessor.java:297)
	at com.westernasset.pss.msg.reciever.process.TradeProcessor.process(TradeProcessor.java:49)
	at com.westernasset.pss.msg.queue.MessageFetcher.processMessage(MessageFetcher.java:91)
	at com.westernasset.pss.msg.queue.MessageFetcher.pullMessageFromQueue(MessageFetcher.java:78)
	at com.westernasset.pss.msg.queue.MessageFetcher.run(MessageFetcher.java:48)

2014-09-25 14:48:51,151 ERROR [AtpToPssMapper] com.westernasset.framework.subsystem.common.SubsystemException: SubsystemExceptionNested:
java.lang.RuntimeException: Storage is not configuredNested:
java.lang.RuntimeException: Storage is not configured
	at com.tangosol.coherence.component.util.daemon.queueProcessor.service.DistributedCache$BinaryMap.onMissingStorage(DistributedCache.CDB:9)
	at com.tangosol.coherence.component.util.daemon.queueProcessor.service.DistributedCache$BinaryMap.get(DistributedCache.CDB:15)
	at com.tangosol.util.ConverterCollections$ConverterMap.get(ConverterCollections.java:1300)
	at com.tangosol.coherence.component.util.daemon.queueProcessor.service.DistributedCache$ViewMap.get(DistributedCache.CDB:1)
	at com.tangosol.coherence.component.util.SafeNamedCache.get(SafeNamedCache.CDB:1)
	at com.tangosol.net.cache.CachingMap.get(CachingMap.java:490)
	at com.westernasset.smss.server.SecurityMasterNearCacheSubsystem.getDigitRatingFromString(SecurityMasterNearCacheSubsystem.java:186)
	at com.westernasset.smss.server.SecurityMasterNearCacheSubsystem.handleFuncCall(SecurityMasterNearCacheSubsystem.java:85)
	at com.westernasset.smss.server.SecurityMasterManagementSubsystem.handleFuncCall(SecurityMasterManagementSubsystem.java:23)
	at com.westernasset.framework.subsystem.receiving.SubsystemImpl.innerHandleFuncCall(SubsystemImpl.java:154)
	at com.westernasset.framework.subsystem.receiving.internal.InProcessFunctionCallReceiver.handleFuncCall(InProcessFunctionCallReceiver.java:49)
	at com.westernasset.framework.subsystem.calling.internal.inprocess.InProcessFunctionCallCaller.doCall(InProcessFunctionCallCaller.java:19)
	at com.westernasset.framework.subsystem.calling.internal.inprocess.ForwardIfNotFoundFunctionCallCaller.doCall(ForwardIfNotFoundFunctionCallCaller.java:28)
	at com.westernasset.framework.subsystem.calling.internal.base.BaseFunctionCallCaller.callFunc(BaseFunctionCallCaller.java:33)
	at com.westernasset.framework.subsystem.calling.internal.base.BaseSubsystem.callFunc(BaseSubsystem.java:35)
	at com.westernasset.pss.msg.mapper.AtpToPssMapper.getRating(AtpToPssMapper.java:219)
	at com.westernasset.pss.msg.mapper.AtpToPssMapper.updateSecurityWithRatings(AtpToPssMapper.java:197)
	at com.westernasset.pss.msg.mapper.AtpToPssMapper.createSecurityVO(AtpToPssMapper.java:133)
	at com.westernasset.pss.msg.reciever.process.TradeProcessor.createSecurity(TradeProcessor.java:297)
	at com.westernasset.pss.msg.reciever.process.TradeProcessor.process(TradeProcessor.java:49)
	at com.westernasset.pss.msg.queue.MessageFetcher.processMessage(MessageFetcher.java:91)
	at com.westernasset.pss.msg.queue.MessageFetcher.pullMessageFromQueue(MessageFetcher.java:78)
	at com.westernasset.pss.msg.queue.MessageFetcher.run(MessageFetcher.java:48)

2014-09-25 14:48:51,152 ERROR [AtpToPssMapper] com.westernasset.framework.subsystem.common.SubsystemException: SubsystemExceptionNested:
java.lang.RuntimeException: Storage is not configuredNested:
java.lang.RuntimeException: Storage is not configured
	at com.tangosol.coherence.component.util.daemon.queueProcessor.service.DistributedCache$BinaryMap.onMissingStorage(DistributedCache.CDB:9)
	at com.tangosol.coherence.component.util.daemon.queueProcessor.service.DistributedCache$BinaryMap.get(DistributedCache.CDB:15)
	at com.tangosol.util.ConverterCollections$ConverterMap.get(ConverterCollections.java:1300)
	at com.tangosol.coherence.component.util.daemon.queueProcessor.service.DistributedCache$ViewMap.get(DistributedCache.CDB:1)
	at com.tangosol.coherence.component.util.SafeNamedCache.get(SafeNamedCache.CDB:1)
	at com.tangosol.net.cache.CachingMap.get(CachingMap.java:490)
	at com.westernasset.smss.server.SecurityMasterNearCacheSubsystem.getDigitRatingFromString(SecurityMasterNearCacheSubsystem.java:186)
	at com.westernasset.smss.server.SecurityMasterNearCacheSubsystem.handleFuncCall(SecurityMasterNearCacheSubsystem.java:85)
	at com.westernasset.smss.server.SecurityMasterManagementSubsystem.handleFuncCall(SecurityMasterManagementSubsystem.java:23)
	at com.westernasset.framework.subsystem.receiving.SubsystemImpl.innerHandleFuncCall(SubsystemImpl.java:154)
	at com.westernasset.framework.subsystem.receiving.internal.InProcessFunctionCallReceiver.handleFuncCall(InProcessFunctionCallReceiver.java:49)
	at com.westernasset.framework.subsystem.calling.internal.inprocess.InProcessFunctionCallCaller.doCall(InProcessFunctionCallCaller.java:19)
	at com.westernasset.framework.subsystem.calling.internal.inprocess.ForwardIfNotFoundFunctionCallCaller.doCall(ForwardIfNotFoundFunctionCallCaller.java:28)
	at com.westernasset.framework.subsystem.calling.internal.base.BaseFunctionCallCaller.callFunc(BaseFunctionCallCaller.java:33)
	at com.westernasset.framework.subsystem.calling.internal.base.BaseSubsystem.callFunc(BaseSubsystem.java:35)
	at com.westernasset.pss.msg.mapper.AtpToPssMapper.getRating(AtpToPssMapper.java:219)
	at com.westernasset.pss.msg.mapper.AtpToPssMapper.updateSecurityWithRatings(AtpToPssMapper.java:202)
	at com.westernasset.pss.msg.mapper.AtpToPssMapper.createSecurityVO(AtpToPssMapper.java:133)
	at com.westernasset.pss.msg.reciever.process.TradeProcessor.createSecurity(TradeProcessor.java:297)
	at com.westernasset.pss.msg.reciever.process.TradeProcessor.process(TradeProcessor.java:49)
	at com.westernasset.pss.msg.queue.MessageFetcher.processMessage(MessageFetcher.java:91)
	at com.westernasset.pss.msg.queue.MessageFetcher.pullMessageFromQueue(MessageFetcher.java:78)
	at com.westernasset.pss.msg.queue.MessageFetcher.run(MessageFetcher.java:48)

2014-09-25 14:48:51,153 ERROR [SecurityCacheManager] Failed to add security to cache: Storage is not configured : {SecurityId=942403, AMTValue=1.0, MoodyRating=0, MoodyShortRating=0, FitchRating=0, FitchShortRating=0, SecurityTypeId=22, AssetTypeId=8, ProductId=20, SpRating=0, SpShortRating=0, WaRating=0, WaShortRating=0, IssueDate=2009-10-15T00:00:00.000-0700, MaturityDate=2014-10-15T00:00:00.000-0700, AssetId=2027A0DH9, CurrencyCode=USD, SecurityType=CORPORATE, Description=COMMONWEALTH BANK AUST, Product=Bonds/Notes (Par), SubSubSector=BANKING, TickerSymbol=CBA, BBName=COMMONWEALTH BANK AUST, IntType=FIXED, MinPiece=2000.0000, MinIncrement=2000.0000, AverageLife=0.058, Coupon=3.75, Dtm=20.0, DtmLegalFinal=20.0, Factor=1.0, DurationFactor=1.0, EffectiveConvexity=0.0, EffectiveDuration=0.058, YieldToWorst=0.972, MarketCFYield=0.972, OptionASpread=95.0, SpreadDuration=0.06, Mmkt360Ytm=0.796865, Medcd360Ytm=0.796865, UsTreasEquivYtm=0.848329, UsGovBondEquivYtm=0.850653, Mmkt365Ytm=0.807932, Medcd365Ytm=0.807932, Country=AUST, AMT=N, NyIssuer=CBA&8, LnIssuer=CBA&8}
java.lang.RuntimeException: Storage is not configured
	at com.tangosol.coherence.component.util.daemon.queueProcessor.service.DistributedCache$BinaryMap.onMissingStorage(DistributedCache.CDB:9)
	at com.tangosol.coherence.component.util.daemon.queueProcessor.service.DistributedCache$BinaryMap.get(DistributedCache.CDB:15)
	at com.tangosol.util.ConverterCollections$ConverterMap.get(ConverterCollections.java:1300)
	at com.tangosol.coherence.component.util.daemon.queueProcessor.service.DistributedCache$ViewMap.get(DistributedCache.CDB:1)
	at com.tangosol.coherence.component.util.SafeNamedCache.get(SafeNamedCache.CDB:1)
	at com.tangosol.net.cache.CachingMap.get(CachingMap.java:490)
	at com.westernasset.smss.common.util.BusinessUtils.getIssuerDesciption(BusinessUtils.java:146)
	at com.westernasset.smss.common.util.BusinessUtils.fillNUIssuerId(BusinessUtils.java:513)
	at com.westernasset.smss.common.util.BusinessUtils.fillDerivedValues(BusinessUtils.java:421)
	at com.westernasset.smss.server.SecurityCacheManager.addSecurity(SecurityCacheManager.java:137)
	at com.westernasset.smss.server.SecurityMasterNearCacheSubsystem.addSecurity(SecurityMasterNearCacheSubsystem.java:202)
	at com.westernasset.smss.server.SecurityMasterNearCacheSubsystem.handleFuncCall(SecurityMasterNearCacheSubsystem.java:92)
	at com.westernasset.smss.server.SecurityMasterManagementSubsystem.handleFuncCall(SecurityMasterManagementSubsystem.java:23)
	at com.westernasset.framework.subsystem.receiving.SubsystemImpl.innerHandleFuncCall(SubsystemImpl.java:154)
	at com.westernasset.framework.subsystem.receiving.internal.InProcessFunctionCallReceiver.handleFuncCall(InProcessFunctionCallReceiver.java:49)
	at com.westernasset.framework.subsystem.calling.internal.inprocess.InProcessFunctionCallCaller.doCall(InProcessFunctionCallCaller.java:19)
	at com.westernasset.framework.subsystem.calling.internal.inprocess.ForwardIfNotFoundFunctionCallCaller.doCall(ForwardIfNotFoundFunctionCallCaller.java:28)
	at com.westernasset.framework.subsystem.calling.internal.base.BaseFunctionCallCaller.callFunc(BaseFunctionCallCaller.java:33)
	at com.westernasset.framework.subsystem.calling.internal.base.BaseSubsystem.callFunc(BaseSubsystem.java:35)
	at com.westernasset.pss.msg.reciever.process.TradeProcessor.createSecurity(TradeProcessor.java:302)
	at com.westernasset.pss.msg.reciever.process.TradeProcessor.process(TradeProcessor.java:49)
	at com.westernasset.pss.msg.queue.MessageFetcher.processMessage(MessageFetcher.java:91)
	at com.westernasset.pss.msg.queue.MessageFetcher.pullMessageFromQueue(MessageFetcher.java:78)
	at com.westernasset.pss.msg.queue.MessageFetcher.run(MessageFetcher.java:48)
2014-09-25 14:48:51,153 INFO  [TradeProcessor] Created Security :{SecurityId=942403, AMTValue=1.0, MoodyRating=0, MoodyShortRating=0, FitchRating=0, FitchShortRating=0, SecurityTypeId=22, AssetTypeId=8, ProductId=20, SpRating=0, SpShortRating=0, WaRating=0, WaShortRating=0, IssueDate=2009-10-15T00:00:00.000-0700, MaturityDate=2014-10-15T00:00:00.000-0700, AssetId=2027A0DH9, CurrencyCode=USD, SecurityType=CORPORATE, Description=COMMONWEALTH BANK AUST, Product=Bonds/Notes (Par), SubSubSector=BANKING, TickerSymbol=CBA, BBName=COMMONWEALTH BANK AUST, IntType=FIXED, MinPiece=2000.0000, MinIncrement=2000.0000, AverageLife=0.058, Coupon=3.75, Dtm=20.0, DtmLegalFinal=20.0, Factor=1.0, DurationFactor=1.0, EffectiveConvexity=0.0, EffectiveDuration=0.058, YieldToWorst=0.972, MarketCFYield=0.972, OptionASpread=95.0, SpreadDuration=0.06, Mmkt360Ytm=0.796865, Medcd360Ytm=0.796865, UsTreasEquivYtm=0.848329, UsGovBondEquivYtm=0.850653, Mmkt365Ytm=0.807932, Medcd365Ytm=0.807932, Country=AUST, AMT=N, NyIssuer=CBA&8, LnIssuer=CBA&8}
2014-09-25 14:48:51,154 ERROR [TradeProcessor] Error in getPrioTradeStatusByMessage
com.westernasset.framework.subsystem.common.SubsystemException: SubsystemExceptionNested:
java.lang.RuntimeException: Storage is not configuredNested:
java.lang.RuntimeException: Storage is not configured
	at com.tangosol.coherence.component.util.daemon.queueProcessor.service.DistributedCache$BinaryMap.onMissingStorage(DistributedCache.CDB:9)
	at com.tangosol.coherence.component.util.daemon.queueProcessor.service.DistributedCache$BinaryMap.get(DistributedCache.CDB:15)
	at com.tangosol.util.ConverterCollections$ConverterMap.get(ConverterCollections.java:1300)
	at com.tangosol.coherence.component.util.daemon.queueProcessor.service.DistributedCache$ViewMap.get(DistributedCache.CDB:1)
	at com.tangosol.coherence.component.util.SafeNamedCache.get(SafeNamedCache.CDB:1)
	at com.tangosol.net.cache.CachingMap.get(CachingMap.java:490)
	at com.westernasset.tss.cache.TradeCacheManager.getTradeById(TradeCacheManager.java:202)
	at com.westernasset.tss.services.TradeNearCacheSubsystem.getTradeById(TradeNearCacheSubsystem.java:104)
	at com.westernasset.tss.services.TradeNearCacheSubsystem.handleFuncCall(TradeNearCacheSubsystem.java:50)
	at com.westernasset.tss.services.TradeSubsystem.handleFuncCall(TradeSubsystem.java:29)
	at com.westernasset.framework.subsystem.receiving.SubsystemImpl.innerHandleFuncCall(SubsystemImpl.java:154)
	at com.westernasset.framework.subsystem.receiving.internal.InProcessFunctionCallReceiver.handleFuncCall(InProcessFunctionCallReceiver.java:49)
	at com.westernasset.framework.subsystem.calling.internal.inprocess.InProcessFunctionCallCaller.doCall(InProcessFunctionCallCaller.java:19)
	at com.westernasset.framework.subsystem.calling.internal.inprocess.ForwardIfNotFoundFunctionCallCaller.doCall(ForwardIfNotFoundFunctionCallCaller.java:28)
	at com.westernasset.framework.subsystem.calling.internal.base.BaseFunctionCallCaller.callFunc(BaseFunctionCallCaller.java:33)
	at com.westernasset.framework.subsystem.calling.internal.base.BaseSubsystem.callFunc(BaseSubsystem.java:35)
	at com.westernasset.pss.msg.reciever.process.TradeProcessor.getTradeByTradeId(TradeProcessor.java:250)
	at com.westernasset.pss.msg.reciever.process.TradeProcessor.getPrioTradeStatusByMessage(TradeProcessor.java:268)
	at com.westernasset.pss.msg.reciever.process.TradeProcessor.process(TradeProcessor.java:50)
	at com.westernasset.pss.msg.queue.MessageFetcher.processMessage(MessageFetcher.java:91)
	at com.westernasset.pss.msg.queue.MessageFetcher.pullMessageFromQueue(MessageFetcher.java:78)
	at com.westernasset.pss.msg.queue.MessageFetcher.run(MessageFetcher.java:48)

	at com.westernasset.framework.subsystem.common.internal.SubsystemExceptionUtils.dataObjectToException(SubsystemExceptionUtils.java:38)
	at com.westernasset.framework.subsystem.common.internal.SubsystemExceptionUtils.throwExceptionIfNeeded(SubsystemExceptionUtils.java:15)
	at com.westernasset.framework.subsystem.calling.internal.base.BaseSubsystem.callFunc(BaseSubsystem.java:37)
	at com.westernasset.pss.msg.reciever.process.TradeProcessor.getTradeByTradeId(TradeProcessor.java:250)
	at com.westernasset.pss.msg.reciever.process.TradeProcessor.getPrioTradeStatusByMessage(TradeProcessor.java:268)
	at com.westernasset.pss.msg.reciever.process.TradeProcessor.process(TradeProcessor.java:50)
	at com.westernasset.pss.msg.queue.MessageFetcher.processMessage(MessageFetcher.java:91)
	at com.westernasset.pss.msg.queue.MessageFetcher.pullMessageFromQueue(MessageFetcher.java:78)
	at com.westernasset.pss.msg.queue.MessageFetcher.run(MessageFetcher.java:48)
2014-09-25 14:48:51,154 ERROR [TradeProcessor] Exception occured while processing message
java.lang.RuntimeException: Storage is not configured
	at com.tangosol.coherence.component.util.daemon.queueProcessor.service.DistributedCache$BinaryMap.onMissingStorage(DistributedCache.CDB:9)
	at com.tangosol.coherence.component.util.daemon.queueProcessor.service.DistributedCache$BinaryMap.get(DistributedCache.CDB:15)
	at com.tangosol.util.ConverterCollections$ConverterMap.get(ConverterCollections.java:1300)
	at com.tangosol.coherence.component.util.daemon.queueProcessor.service.DistributedCache$ViewMap.get(DistributedCache.CDB:1)
	at com.tangosol.coherence.component.util.SafeNamedCache.get(SafeNamedCache.CDB:1)
	at com.tangosol.net.cache.CachingMap.get(CachingMap.java:490)
	at com.westernasset.tss.cache.TradeCacheManager.isDuplicateTrade(TradeCacheManager.java:356)
	at com.westernasset.pss.common.util.PojoHelper.createObjects(PojoHelper.java:132)
	at com.westernasset.pss.msg.reciever.process.TradeProcessor.process(TradeProcessor.java:55)
	at com.westernasset.pss.msg.queue.MessageFetcher.processMessage(MessageFetcher.java:91)
	at com.westernasset.pss.msg.queue.MessageFetcher.pullMessageFromQueue(MessageFetcher.java:78)
	at com.westernasset.pss.msg.queue.MessageFetcher.run(MessageFetcher.java:48)
2014-09-25 14:48:51,154 INFO  [TradeProcessor] End process method 735 MB
2014-09-25 14:48:51,154 INFO  [TradeProcessor] Time taken by TradeProcessor.process method 6
2014-09-25 14:48:51,154 INFO  [MessageFetcher] Processing message completed...[7461670]
2014-09-25 14:48:51,154 INFO  [MessageQueue] Removing the first item of 1 from the queue
2014-09-25 14:48:51,154 INFO  [MessageFetcher] Processing message started...[7461558]
2014-09-25 14:48:51,154 INFO  [TradeProcessor] Begin process method 735 MB
2014-09-25 14:48:51,154 ERROR [TradeProcessor] Error in doSecurityExist
java.lang.RuntimeException: Storage is not configured
	at com.tangosol.coherence.component.util.daemon.queueProcessor.service.DistributedCache$BinaryMap.onMissingStorage(DistributedCache.CDB:9)
	at com.tangosol.coherence.component.util.daemon.queueProcessor.service.DistributedCache$BinaryMap.get(DistributedCache.CDB:15)
	at com.tangosol.util.ConverterCollections$ConverterMap.get(ConverterCollections.java:1300)
	at com.tangosol.coherence.component.util.daemon.queueProcessor.service.DistributedCache$ViewMap.get(DistributedCache.CDB:1)
	at com.tangosol.coherence.component.util.SafeNamedCache.get(SafeNamedCache.CDB:1)
	at com.tangosol.net.cache.CachingMap.get(CachingMap.java:490)
	at com.westernasset.smss.common.util.BusinessDateHelper.get(BusinessDateHelper.java:55)
	at com.westernasset.smss.common.util.BusinessDateHelper.getBusinessDateFromCacheWithOffset(BusinessDateHelper.java:130)
	at com.westernasset.smss.common.util.BusinessDateHelper.getCurrentBusinessDateAny(BusinessDateHelper.java:125)
	at com.westernasset.pss.msg.reciever.process.TradeProcessor.doSecurityExist(TradeProcessor.java:328)
	at com.westernasset.pss.msg.reciever.process.TradeProcessor.createSecurity(TradeProcessor.java:296)
	at com.westernasset.pss.msg.reciever.process.TradeProcessor.process(TradeProcessor.java:49)
	at com.westernasset.pss.msg.queue.MessageFetcher.processMessage(MessageFetcher.java:91)
	at com.westernasset.pss.msg.queue.MessageFetcher.pullMessageFromQueue(MessageFetcher.java:78)
	at com.westernasset.pss.msg.queue.MessageFetcher.run(MessageFetcher.java:48)
2014-09-25 14:48:51,155 ERROR [AtpToPssMapper] com.westernasset.framework.subsystem.common.SubsystemException: SubsystemExceptionNested:
java.lang.RuntimeException: Storage is not configuredNested:
java.lang.RuntimeException: Storage is not configured
	at com.tangosol.coherence.component.util.daemon.queueProcessor.service.DistributedCache$BinaryMap.onMissingStorage(DistributedCache.CDB:9)
	at com.tangosol.coherence.component.util.daemon.queueProcessor.service.DistributedCache$BinaryMap.get(DistributedCache.CDB:15)
	at com.tangosol.util.ConverterCollections$ConverterMap.get(ConverterCollections.java:1300)
	at com.tangosol.coherence.component.util.daemon.queueProcessor.service.DistributedCache$ViewMap.get(DistributedCache.CDB:1)
	at com.tangosol.coherence.component.util.SafeNamedCache.get(SafeNamedCache.CDB:1)
	at com.tangosol.net.cache.CachingMap.get(CachingMap.java:490)
	at com.westernasset.smss.server.SecurityMasterNearCacheSubsystem.getDigitRatingFromString(SecurityMasterNearCacheSubsystem.java:186)
	at com.westernasset.smss.server.SecurityMasterNearCacheSubsystem.handleFuncCall(SecurityMasterNearCacheSubsystem.java:85)
	at com.westernasset.smss.server.SecurityMasterManagementSubsystem.handleFuncCall(SecurityMasterManagementSubsystem.java:23)
	at com.westernasset.framework.subsystem.receiving.SubsystemImpl.innerHandleFuncCall(SubsystemImpl.java:154)
	at com.westernasset.framework.subsystem.receiving.internal.InProcessFunctionCallReceiver.handleFuncCall(InProcessFunctionCallReceiver.java:49)
	at com.westernasset.framework.subsystem.calling.internal.inprocess.InProcessFunctionCallCaller.doCall(InProcessFunctionCallCaller.java:19)
	at com.westernasset.framework.subsystem.calling.internal.inprocess.ForwardIfNotFoundFunctionCallCaller.doCall(ForwardIfNotFoundFunctionCallCaller.java:28)
	at com.westernasset.framework.subsystem.calling.internal.base.BaseFunctionCallCaller.callFunc(BaseFunctionCallCaller.java:33)
	at com.westernasset.framework.subsystem.calling.internal.base.BaseSubsystem.callFunc(BaseSubsystem.java:35)
	at com.westernasset.pss.msg.mapper.AtpToPssMapper.getRating(AtpToPssMapper.java:219)
	at com.westernasset.pss.msg.mapper.AtpToPssMapper.updateSecurityWithRatings(AtpToPssMapper.java:167)
	at com.westernasset.pss.msg.mapper.AtpToPssMapper.createSecurityVO(AtpToPssMapper.java:133)
	at com.westernasset.pss.msg.reciever.process.TradeProcessor.createSecurity(TradeProcessor.java:297)
	at com.westernasset.pss.msg.reciever.process.TradeProcessor.process(TradeProcessor.java:49)
	at com.westernasset.pss.msg.queue.MessageFetcher.processMessage(MessageFetcher.java:91)
	at com.westernasset.pss.msg.queue.MessageFetcher.pullMessageFromQueue(MessageFetcher.java:78)
	at com.westernasset.pss.msg.queue.MessageFetcher.run(MessageFetcher.java:48)

2014-09-25 14:48:51,155 ERROR [AtpToPssMapper] com.westernasset.framework.subsystem.common.SubsystemException: SubsystemExceptionNested:
java.lang.RuntimeException: Storage is not configuredNested:
java.lang.RuntimeException: Storage is not configured
	at com.tangosol.coherence.component.util.daemon.queueProcessor.service.DistributedCache$BinaryMap.onMissingStorage(DistributedCache.CDB:9)
	at com.tangosol.coherence.component.util.daemon.queueProcessor.service.DistributedCache$BinaryMap.get(DistributedCache.CDB:15)
	at com.tangosol.util.ConverterCollections$ConverterMap.get(ConverterCollections.java:1300)
	at com.tangosol.coherence.component.util.daemon.queueProcessor.service.DistributedCache$ViewMap.get(DistributedCache.CDB:1)
	at com.tangosol.coherence.component.util.SafeNamedCache.get(SafeNamedCache.CDB:1)
	at com.tangosol.net.cache.CachingMap.get(CachingMap.java:490)
	at com.westernasset.smss.server.SecurityMasterNearCacheSubsystem.getDigitRatingFromString(SecurityMasterNearCacheSubsystem.java:186)
	at com.westernasset.smss.server.SecurityMasterNearCacheSubsystem.handleFuncCall(SecurityMasterNearCacheSubsystem.java:85)
	at com.westernasset.smss.server.SecurityMasterManagementSubsystem.handleFuncCall(SecurityMasterManagementSubsystem.java:23)
	at com.westernasset.framework.subsystem.receiving.SubsystemImpl.innerHandleFuncCall(SubsystemImpl.java:154)
	at com.westernasset.framework.subsystem.receiving.internal.InProcessFunctionCallReceiver.handleFuncCall(InProcessFunctionCallReceiver.java:49)
	at com.westernasset.framework.subsystem.calling.internal.inprocess.InProcessFunctionCallCaller.doCall(InProcessFunctionCallCaller.java:19)
	at com.westernasset.framework.subsystem.calling.internal.inprocess.ForwardIfNotFoundFunctionCallCaller.doCall(ForwardIfNotFoundFunctionCallCaller.java:28)
	at com.westernasset.framework.subsystem.calling.internal.base.BaseFunctionCallCaller.callFunc(BaseFunctionCallCaller.java:33)
	at com.westernasset.framework.subsystem.calling.internal.base.BaseSubsystem.callFunc(BaseSubsystem.java:35)
	at com.westernasset.pss.msg.mapper.AtpToPssMapper.getRating(AtpToPssMapper.java:219)
	at com.westernasset.pss.msg.mapper.AtpToPssMapper.updateSecurityWithRatings(AtpToPssMapper.java:172)
	at com.westernasset.pss.msg.mapper.AtpToPssMapper.createSecurityVO(AtpToPssMapper.java:133)
	at com.westernasset.pss.msg.reciever.process.TradeProcessor.createSecurity(TradeProcessor.java:297)
	at com.westernasset.pss.msg.reciever.process.TradeProcessor.process(TradeProcessor.java:49)
	at com.westernasset.pss.msg.queue.MessageFetcher.processMessage(MessageFetcher.java:91)
	at com.westernasset.pss.msg.queue.MessageFetcher.pullMessageFromQueue(MessageFetcher.java:78)
	at com.westernasset.pss.msg.queue.MessageFetcher.run(MessageFetcher.java:48)

2014-09-25 14:48:51,156 ERROR [AtpToPssMapper] com.westernasset.framework.subsystem.common.SubsystemException: SubsystemExceptionNested:
java.lang.RuntimeException: Storage is not configuredNested:
java.lang.RuntimeException: Storage is not configured
	at com.tangosol.coherence.component.util.daemon.queueProcessor.service.DistributedCache$BinaryMap.onMissingStorage(DistributedCache.CDB:9)
	at com.tangosol.coherence.component.util.daemon.queueProcessor.service.DistributedCache$BinaryMap.get(DistributedCache.CDB:15)
	at com.tangosol.util.ConverterCollections$ConverterMap.get(ConverterCollections.java:1300)
	at com.tangosol.coherence.component.util.daemon.queueProcessor.service.DistributedCache$ViewMap.get(DistributedCache.CDB:1)
	at com.tangosol.coherence.component.util.SafeNamedCache.get(SafeNamedCache.CDB:1)
	at com.tangosol.net.cache.CachingMap.get(CachingMap.java:490)
	at com.westernasset.smss.server.SecurityMasterNearCacheSubsystem.getDigitRatingFromString(SecurityMasterNearCacheSubsystem.java:186)
	at com.westernasset.smss.server.SecurityMasterNearCacheSubsystem.handleFuncCall(SecurityMasterNearCacheSubsystem.java:85)
	at com.westernasset.smss.server.SecurityMasterManagementSubsystem.handleFuncCall(SecurityMasterManagementSubsystem.java:23)
	at com.westernasset.framework.subsystem.receiving.SubsystemImpl.innerHandleFuncCall(SubsystemImpl.java:154)
	at com.westernasset.framework.subsystem.receiving.internal.InProcessFunctionCallReceiver.handleFuncCall(InProcessFunctionCallReceiver.java:49)
	at com.westernasset.framework.subsystem.calling.internal.inprocess.InProcessFunctionCallCaller.doCall(InProcessFunctionCallCaller.java:19)
	at com.westernasset.framework.subsystem.calling.internal.inprocess.ForwardIfNotFoundFunctionCallCaller.doCall(ForwardIfNotFoundFunctionCallCaller.java:28)
	at com.westernasset.framework.subsystem.calling.internal.base.BaseFunctionCallCaller.callFunc(BaseFunctionCallCaller.java:33)
	at com.westernasset.framework.subsystem.calling.internal.base.BaseSubsystem.callFunc(BaseSubsystem.java:35)
	at com.westernasset.pss.msg.mapper.AtpToPssMapper.getRating(AtpToPssMapper.java:219)
	at com.westernasset.pss.msg.mapper.AtpToPssMapper.updateSecurityWithRatings(AtpToPssMapper.java:177)
	at com.westernasset.pss.msg.mapper.AtpToPssMapper.createSecurityVO(AtpToPssMapper.java:133)
	at com.westernasset.pss.msg.reciever.process.TradeProcessor.createSecurity(TradeProcessor.java:297)
	at com.westernasset.pss.msg.reciever.process.TradeProcessor.process(TradeProcessor.java:49)
	at com.westernasset.pss.msg.queue.MessageFetcher.processMessage(MessageFetcher.java:91)
	at com.westernasset.pss.msg.queue.MessageFetcher.pullMessageFromQueue(MessageFetcher.java:78)
	at com.westernasset.pss.msg.queue.MessageFetcher.run(MessageFetcher.java:48)

2014-09-25 14:48:51,156 ERROR [AtpToPssMapper] com.westernasset.framework.subsystem.common.SubsystemException: SubsystemExceptionNested:
java.lang.RuntimeException: Storage is not configuredNested:
java.lang.RuntimeException: Storage is not configured
	at com.tangosol.coherence.component.util.daemon.queueProcessor.service.DistributedCache$BinaryMap.onMissingStorage(DistributedCache.CDB:9)
	at com.tangosol.coherence.component.util.daemon.queueProcessor.service.DistributedCache$BinaryMap.get(DistributedCache.CDB:15)
	at com.tangosol.util.ConverterCollections$ConverterMap.get(ConverterCollections.java:1300)
	at com.tangosol.coherence.component.util.daemon.queueProcessor.service.DistributedCache$ViewMap.get(DistributedCache.CDB:1)
	at com.tangosol.coherence.component.util.SafeNamedCache.get(SafeNamedCache.CDB:1)
	at com.tangosol.net.cache.CachingMap.get(CachingMap.java:490)
	at com.westernasset.smss.server.SecurityMasterNearCacheSubsystem.getDigitRatingFromString(SecurityMasterNearCacheSubsystem.java:186)
	at com.westernasset.smss.server.SecurityMasterNearCacheSubsystem.handleFuncCall(SecurityMasterNearCacheSubsystem.java:85)
	at com.westernasset.smss.server.SecurityMasterManagementSubsystem.handleFuncCall(SecurityMasterManagementSubsystem.java:23)
	at com.westernasset.framework.subsystem.receiving.SubsystemImpl.innerHandleFuncCall(SubsystemImpl.java:154)
	at com.westernasset.framework.subsystem.receiving.internal.InProcessFunctionCallReceiver.handleFuncCall(InProcessFunctionCallReceiver.java:49)
	at com.westernasset.framework.subsystem.calling.internal.inprocess.InProcessFunctionCallCaller.doCall(InProcessFunctionCallCaller.java:19)
	at com.westernasset.framework.subsystem.calling.internal.inprocess.ForwardIfNotFoundFunctionCallCaller.doCall(ForwardIfNotFoundFunctionCallCaller.java:28)
	at com.westernasset.framework.subsystem.calling.internal.base.BaseFunctionCallCaller.callFunc(BaseFunctionCallCaller.java:33)
	at com.westernasset.framework.subsystem.calling.internal.base.BaseSubsystem.callFunc(BaseSubsystem.java:35)
	at com.westernasset.pss.msg.mapper.AtpToPssMapper.getRating(AtpToPssMapper.java:219)
	at com.westernasset.pss.msg.mapper.AtpToPssMapper.updateSecurityWithRatings(AtpToPssMapper.java:182)
	at com.westernasset.pss.msg.mapper.AtpToPssMapper.createSecurityVO(AtpToPssMapper.java:133)
	at com.westernasset.pss.msg.reciever.process.TradeProcessor.createSecurity(TradeProcessor.java:297)
	at com.westernasset.pss.msg.reciever.process.TradeProcessor.process(TradeProcessor.java:49)
	at com.westernasset.pss.msg.queue.MessageFetcher.processMessage(MessageFetcher.java:91)
	at com.westernasset.pss.msg.queue.MessageFetcher.pullMessageFromQueue(MessageFetcher.java:78)
	at com.westernasset.pss.msg.queue.MessageFetcher.run(MessageFetcher.java:48)

2014-09-25 14:48:51,157 ERROR [AtpToPssMapper] com.westernasset.framework.subsystem.common.SubsystemException: SubsystemExceptionNested:
java.lang.RuntimeException: Storage is not configuredNested:
java.lang.RuntimeException: Storage is not configured
	at com.tangosol.coherence.component.util.daemon.queueProcessor.service.DistributedCache$BinaryMap.onMissingStorage(DistributedCache.CDB:9)
	at com.tangosol.coherence.component.util.daemon.queueProcessor.service.DistributedCache$BinaryMap.get(DistributedCache.CDB:15)
	at com.tangosol.util.ConverterCollections$ConverterMap.get(ConverterCollections.java:1300)
	at com.tangosol.coherence.component.util.daemon.queueProcessor.service.DistributedCache$ViewMap.get(DistributedCache.CDB:1)
	at com.tangosol.coherence.component.util.SafeNamedCache.get(SafeNamedCache.CDB:1)
	at com.tangosol.net.cache.CachingMap.get(CachingMap.java:490)
	at com.westernasset.smss.server.SecurityMasterNearCacheSubsystem.getDigitRatingFromString(SecurityMasterNearCacheSubsystem.java:186)
	at com.westernasset.smss.server.SecurityMasterNearCacheSubsystem.handleFuncCall(SecurityMasterNearCacheSubsystem.java:85)
	at com.westernasset.smss.server.SecurityMasterManagementSubsystem.handleFuncCall(SecurityMasterManagementSubsystem.java:23)
	at com.westernasset.framework.subsystem.receiving.SubsystemImpl.innerHandleFuncCall(SubsystemImpl.java:154)
	at com.westernasset.framework.subsystem.receiving.internal.InProcessFunctionCallReceiver.handleFuncCall(InProcessFunctionCallReceiver.java:49)
	at com.westernasset.framework.subsystem.calling.internal.inprocess.InProcessFunctionCallCaller.doCall(InProcessFunctionCallCaller.java:19)
	at com.westernasset.framework.subsystem.calling.internal.inprocess.ForwardIfNotFoundFunctionCallCaller.doCall(ForwardIfNotFoundFunctionCallCaller.java:28)
	at com.westernasset.framework.subsystem.calling.internal.base.BaseFunctionCallCaller.callFunc(BaseFunctionCallCaller.java:33)
	at com.westernasset.framework.subsystem.calling.internal.base.BaseSubsystem.callFunc(BaseSubsystem.java:35)
	at com.westernasset.pss.msg.mapper.AtpToPssMapper.getRating(AtpToPssMapper.java:219)
	at com.westernasset.pss.msg.mapper.AtpToPssMapper.updateSecurityWithRatings(AtpToPssMapper.java:187)
	at com.westernasset.pss.msg.mapper.AtpToPssMapper.createSecurityVO(AtpToPssMapper.java:133)
	at com.westernasset.pss.msg.reciever.process.TradeProcessor.createSecurity(TradeProcessor.java:297)
	at com.westernasset.pss.msg.reciever.process.TradeProcessor.process(TradeProcessor.java:49)
	at com.westernasset.pss.msg.queue.MessageFetcher.processMessage(MessageFetcher.java:91)
	at com.westernasset.pss.msg.queue.MessageFetcher.pullMessageFromQueue(MessageFetcher.java:78)
	at com.westernasset.pss.msg.queue.MessageFetcher.run(MessageFetcher.java:48)

2014-09-25 14:48:51,157 ERROR [AtpToPssMapper] com.westernasset.framework.subsystem.common.SubsystemException: SubsystemExceptionNested:
java.lang.RuntimeException: Storage is not configuredNested:
java.lang.RuntimeException: Storage is not configured
	at com.tangosol.coherence.component.util.daemon.queueProcessor.service.DistributedCache$BinaryMap.onMissingStorage(DistributedCache.CDB:9)
	at com.tangosol.coherence.component.util.daemon.queueProcessor.service.DistributedCache$BinaryMap.get(DistributedCache.CDB:15)
	at com.tangosol.util.ConverterCollections$ConverterMap.get(ConverterCollections.java:1300)
	at com.tangosol.coherence.component.util.daemon.queueProcessor.service.DistributedCache$ViewMap.get(DistributedCache.CDB:1)
	at com.tangosol.coherence.component.util.SafeNamedCache.get(SafeNamedCache.CDB:1)
	at com.tangosol.net.cache.CachingMap.get(CachingMap.java:490)
	at com.westernasset.smss.server.SecurityMasterNearCacheSubsystem.getDigitRatingFromString(SecurityMasterNearCacheSubsystem.java:186)
	at com.westernasset.smss.server.SecurityMasterNearCacheSubsystem.handleFuncCall(SecurityMasterNearCacheSubsystem.java:85)
	at com.westernasset.smss.server.SecurityMasterManagementSubsystem.handleFuncCall(SecurityMasterManagementSubsystem.java:23)
	at com.westernasset.framework.subsystem.receiving.SubsystemImpl.innerHandleFuncCall(SubsystemImpl.java:154)
	at com.westernasset.framework.subsystem.receiving.internal.InProcessFunctionCallReceiver.handleFuncCall(InProcessFunctionCallReceiver.java:49)
	at com.westernasset.framework.subsystem.calling.internal.inprocess.InProcessFunctionCallCaller.doCall(InProcessFunctionCallCaller.java:19)
	at com.westernasset.framework.subsystem.calling.internal.inprocess.ForwardIfNotFoundFunctionCallCaller.doCall(ForwardIfNotFoundFunctionCallCaller.java:28)
	at com.westernasset.framework.subsystem.calling.internal.base.BaseFunctionCallCaller.callFunc(BaseFunctionCallCaller.java:33)
	at com.westernasset.framework.subsystem.calling.internal.base.BaseSubsystem.callFunc(BaseSubsystem.java:35)
	at com.westernasset.pss.msg.mapper.AtpToPssMapper.getRating(AtpToPssMapper.java:219)
	at com.westernasset.pss.msg.mapper.AtpToPssMapper.updateSecurityWithRatings(AtpToPssMapper.java:192)
	at com.westernasset.pss.msg.mapper.AtpToPssMapper.createSecurityVO(AtpToPssMapper.java:133)
	at com.westernasset.pss.msg.reciever.process.TradeProcessor.createSecurity(TradeProcessor.java:297)
	at com.westernasset.pss.msg.reciever.process.TradeProcessor.process(TradeProcessor.java:49)
	at com.westernasset.pss.msg.queue.MessageFetcher.processMessage(MessageFetcher.java:91)
	at com.westernasset.pss.msg.queue.MessageFetcher.pullMessageFromQueue(MessageFetcher.java:78)
	at com.westernasset.pss.msg.queue.MessageFetcher.run(MessageFetcher.java:48)

2014-09-25 14:48:51,158 ERROR [AtpToPssMapper] com.westernasset.framework.subsystem.common.SubsystemException: SubsystemExceptionNested:
java.lang.RuntimeException: Storage is not configuredNested:
java.lang.RuntimeException: Storage is not configured
	at com.tangosol.coherence.component.util.daemon.queueProcessor.service.DistributedCache$BinaryMap.onMissingStorage(DistributedCache.CDB:9)
	at com.tangosol.coherence.component.util.daemon.queueProcessor.service.DistributedCache$BinaryMap.get(DistributedCache.CDB:15)
	at com.tangosol.util.ConverterCollections$ConverterMap.get(ConverterCollections.java:1300)
	at com.tangosol.coherence.component.util.daemon.queueProcessor.service.DistributedCache$ViewMap.get(DistributedCache.CDB:1)
	at com.tangosol.coherence.component.util.SafeNamedCache.get(SafeNamedCache.CDB:1)
	at com.tangosol.net.cache.CachingMap.get(CachingMap.java:490)
	at com.westernasset.smss.server.SecurityMasterNearCacheSubsystem.getDigitRatingFromString(SecurityMasterNearCacheSubsystem.java:186)
	at com.westernasset.smss.server.SecurityMasterNearCacheSubsystem.handleFuncCall(SecurityMasterNearCacheSubsystem.java:85)
	at com.westernasset.smss.server.SecurityMasterManagementSubsystem.handleFuncCall(SecurityMasterManagementSubsystem.java:23)
	at com.westernasset.framework.subsystem.receiving.SubsystemImpl.innerHandleFuncCall(SubsystemImpl.java:154)
	at com.westernasset.framework.subsystem.receiving.internal.InProcessFunctionCallReceiver.handleFuncCall(InProcessFunctionCallReceiver.java:49)
	at com.westernasset.framework.subsystem.calling.internal.inprocess.InProcessFunctionCallCaller.doCall(InProcessFunctionCallCaller.java:19)
	at com.westernasset.framework.subsystem.calling.internal.inprocess.ForwardIfNotFoundFunctionCallCaller.doCall(ForwardIfNotFoundFunctionCallCaller.java:28)
	at com.westernasset.framework.subsystem.calling.internal.base.BaseFunctionCallCaller.callFunc(BaseFunctionCallCaller.java:33)
	at com.westernasset.framework.subsystem.calling.internal.base.BaseSubsystem.callFunc(BaseSubsystem.java:35)
	at com.westernasset.pss.msg.mapper.AtpToPssMapper.getRating(AtpToPssMapper.java:219)
	at com.westernasset.pss.msg.mapper.AtpToPssMapper.updateSecurityWithRatings(AtpToPssMapper.java:197)
	at com.westernasset.pss.msg.mapper.AtpToPssMapper.createSecurityVO(AtpToPssMapper.java:133)
	at com.westernasset.pss.msg.reciever.process.TradeProcessor.createSecurity(TradeProcessor.java:297)
	at com.westernasset.pss.msg.reciever.process.TradeProcessor.process(TradeProcessor.java:49)
	at com.westernasset.pss.msg.queue.MessageFetcher.processMessage(MessageFetcher.java:91)
	at com.westernasset.pss.msg.queue.MessageFetcher.pullMessageFromQueue(MessageFetcher.java:78)
	at com.westernasset.pss.msg.queue.MessageFetcher.run(MessageFetcher.java:48)

2014-09-25 14:48:51,158 ERROR [AtpToPssMapper] com.westernasset.framework.subsystem.common.SubsystemException: SubsystemExceptionNested:
java.lang.RuntimeException: Storage is not configuredNested:
java.lang.RuntimeException: Storage is not configured
	at com.tangosol.coherence.component.util.daemon.queueProcessor.service.DistributedCache$BinaryMap.onMissingStorage(DistributedCache.CDB:9)
	at com.tangosol.coherence.component.util.daemon.queueProcessor.service.DistributedCache$BinaryMap.get(DistributedCache.CDB:15)
	at com.tangosol.util.ConverterCollections$ConverterMap.get(ConverterCollections.java:1300)
	at com.tangosol.coherence.component.util.daemon.queueProcessor.service.DistributedCache$ViewMap.get(DistributedCache.CDB:1)
	at com.tangosol.coherence.component.util.SafeNamedCache.get(SafeNamedCache.CDB:1)
	at com.tangosol.net.cache.CachingMap.get(CachingMap.java:490)
	at com.westernasset.smss.server.SecurityMasterNearCacheSubsystem.getDigitRatingFromString(SecurityMasterNearCacheSubsystem.java:186)
	at com.westernasset.smss.server.SecurityMasterNearCacheSubsystem.handleFuncCall(SecurityMasterNearCacheSubsystem.java:85)
	at com.westernasset.smss.server.SecurityMasterManagementSubsystem.handleFuncCall(SecurityMasterManagementSubsystem.java:23)
	at com.westernasset.framework.subsystem.receiving.SubsystemImpl.innerHandleFuncCall(SubsystemImpl.java:154)
	at com.westernasset.framework.subsystem.receiving.internal.InProcessFunctionCallReceiver.handleFuncCall(InProcessFunctionCallReceiver.java:49)
	at com.westernasset.framework.subsystem.calling.internal.inprocess.InProcessFunctionCallCaller.doCall(InProcessFunctionCallCaller.java:19)
	at com.westernasset.framework.subsystem.calling.internal.inprocess.ForwardIfNotFoundFunctionCallCaller.doCall(ForwardIfNotFoundFunctionCallCaller.java:28)
	at com.westernasset.framework.subsystem.calling.internal.base.BaseFunctionCallCaller.callFunc(BaseFunctionCallCaller.java:33)
	at com.westernasset.framework.subsystem.calling.internal.base.BaseSubsystem.callFunc(BaseSubsystem.java:35)
	at com.westernasset.pss.msg.mapper.AtpToPssMapper.getRating(AtpToPssMapper.java:219)
	at com.westernasset.pss.msg.mapper.AtpToPssMapper.updateSecurityWithRatings(AtpToPssMapper.java:202)
	at com.westernasset.pss.msg.mapper.AtpToPssMapper.createSecurityVO(AtpToPssMapper.java:133)
	at com.westernasset.pss.msg.reciever.process.TradeProcessor.createSecurity(TradeProcessor.java:297)
	at com.westernasset.pss.msg.reciever.process.TradeProcessor.process(TradeProcessor.java:49)
	at com.westernasset.pss.msg.queue.MessageFetcher.processMessage(MessageFetcher.java:91)
	at com.westernasset.pss.msg.queue.MessageFetcher.pullMessageFromQueue(MessageFetcher.java:78)
	at com.westernasset.pss.msg.queue.MessageFetcher.run(MessageFetcher.java:48)

2014-09-25 14:48:51,159 ERROR [SecurityCacheManager] Failed to add security to cache: Storage is not configured : {SecurityId=1286290, AMTValue=1.0, MoodyRating=0, MoodyShortRating=0, FitchRating=0, FitchShortRating=0, SecurityTypeId=22, AssetTypeId=8, ProductId=20, SpRating=0, SpShortRating=0, WaRating=0, WaShortRating=0, IssueDate=2012-11-07T00:00:00.000-0800, MaturityDate=2022-11-01T00:00:00.000-0700, AssetId=92343VBJ2, CurrencyCode=USD, SecurityType=CORPORATE, Description=VERIZON COMMUNICATIONS, NextCallDate=08/01/2022, NextCallPrice=100.000000, NextParCallDate=08/01/2022, Product=Bonds/Notes (Par), SubSubSector=WIRELINES, TickerSymbol=VZ, BBName=VERIZON COMMUNICATIONS, IntType=FIXED, MinPiece=2000.0000, MinIncrement=2000.0000, AverageLife=8.063, Coupon=2.45, Dtm=2959.0, DtmLegalFinal=2959.0, Factor=1.0, DurationFactor=1.0, EffectiveConvexity=0.602, EffectiveDuration=7.313, YieldToWorst=3.438, MarketCFYield=3.438, OptionASpread=102.0, SpreadDuration=7.11, Country=US, AMT=N, NyIssuer=VZ&8, LnIssuer=VZ&8}
java.lang.RuntimeException: Storage is not configured
	at com.tangosol.coherence.component.util.daemon.queueProcessor.service.DistributedCache$BinaryMap.onMissingStorage(DistributedCache.CDB:9)
	at com.tangosol.coherence.component.util.daemon.queueProcessor.service.DistributedCache$BinaryMap.get(DistributedCache.CDB:15)
	at com.tangosol.util.ConverterCollections$ConverterMap.get(ConverterCollections.java:1300)
	at com.tangosol.coherence.component.util.daemon.queueProcessor.service.DistributedCache$ViewMap.get(DistributedCache.CDB:1)
	at com.tangosol.coherence.component.util.SafeNamedCache.get(SafeNamedCache.CDB:1)
	at com.tangosol.net.cache.CachingMap.get(CachingMap.java:490)
	at com.westernasset.smss.common.util.BusinessUtils.getIssuerDesciption(BusinessUtils.java:146)
	at com.westernasset.smss.common.util.BusinessUtils.fillNUIssuerId(BusinessUtils.java:513)
	at com.westernasset.smss.common.util.BusinessUtils.fillDerivedValues(BusinessUtils.java:421)
	at com.westernasset.smss.server.SecurityCacheManager.addSecurity(SecurityCacheManager.java:137)
	at com.westernasset.smss.server.SecurityMasterNearCacheSubsystem.addSecurity(SecurityMasterNearCacheSubsystem.java:202)
	at com.westernasset.smss.server.SecurityMasterNearCacheSubsystem.handleFuncCall(SecurityMasterNearCacheSubsystem.java:92)
	at com.westernasset.smss.server.SecurityMasterManagementSubsystem.handleFuncCall(SecurityMasterManagementSubsystem.java:23)
	at com.westernasset.framework.subsystem.receiving.SubsystemImpl.innerHandleFuncCall(SubsystemImpl.java:154)
	at com.westernasset.framework.subsystem.receiving.internal.InProcessFunctionCallReceiver.handleFuncCall(InProcessFunctionCallReceiver.java:49)
	at com.westernasset.framework.subsystem.calling.internal.inprocess.InProcessFunctionCallCaller.doCall(InProcessFunctionCallCaller.java:19)
	at com.westernasset.framework.subsystem.calling.internal.inprocess.ForwardIfNotFoundFunctionCallCaller.doCall(ForwardIfNotFoundFunctionCallCaller.java:28)
	at com.westernasset.framework.subsystem.calling.internal.base.BaseFunctionCallCaller.callFunc(BaseFunctionCallCaller.java:33)
	at com.westernasset.framework.subsystem.calling.internal.base.BaseSubsystem.callFunc(BaseSubsystem.java:35)
	at com.westernasset.pss.msg.reciever.process.TradeProcessor.createSecurity(TradeProcessor.java:302)
	at com.westernasset.pss.msg.reciever.process.TradeProcessor.process(TradeProcessor.java:49)
	at com.westernasset.pss.msg.queue.MessageFetcher.processMessage(MessageFetcher.java:91)
	at com.westernasset.pss.msg.queue.MessageFetcher.pullMessageFromQueue(MessageFetcher.java:78)
	at com.westernasset.pss.msg.queue.MessageFetcher.run(MessageFetcher.java:48)
2014-09-25 14:48:51,160 INFO  [TradeProcessor] Created Security :{SecurityId=1286290, AMTValue=1.0, MoodyRating=0, MoodyShortRating=0, FitchRating=0, FitchShortRating=0, SecurityTypeId=22, AssetTypeId=8, ProductId=20, SpRating=0, SpShortRating=0, WaRating=0, WaShortRating=0, IssueDate=2012-11-07T00:00:00.000-0800, MaturityDate=2022-11-01T00:00:00.000-0700, AssetId=92343VBJ2, CurrencyCode=USD, SecurityType=CORPORATE, Description=VERIZON COMMUNICATIONS, NextCallDate=08/01/2022, NextCallPrice=100.000000, NextParCallDate=08/01/2022, Product=Bonds/Notes (Par), SubSubSector=WIRELINES, TickerSymbol=VZ, BBName=VERIZON COMMUNICATIONS, IntType=FIXED, MinPiece=2000.0000, MinIncrement=2000.0000, AverageLife=8.063, Coupon=2.45, Dtm=2959.0, DtmLegalFinal=2959.0, Factor=1.0, DurationFactor=1.0, EffectiveConvexity=0.602, EffectiveDuration=7.313, YieldToWorst=3.438, MarketCFYield=3.438, OptionASpread=102.0, SpreadDuration=7.11, Country=US, AMT=N, NyIssuer=VZ&8, LnIssuer=VZ&8}
2014-09-25 14:48:51,160 ERROR [TradeProcessor] Error in getPrioTradeStatusByMessage
com.westernasset.framework.subsystem.common.SubsystemException: SubsystemExceptionNested:
java.lang.RuntimeException: Storage is not configuredNested:
java.lang.RuntimeException: Storage is not configured
	at com.tangosol.coherence.component.util.daemon.queueProcessor.service.DistributedCache$BinaryMap.onMissingStorage(DistributedCache.CDB:9)
	at com.tangosol.coherence.component.util.daemon.queueProcessor.service.DistributedCache$BinaryMap.get(DistributedCache.CDB:15)
	at com.tangosol.util.ConverterCollections$ConverterMap.get(ConverterCollections.java:1300)
	at com.tangosol.coherence.component.util.daemon.queueProcessor.service.DistributedCache$ViewMap.get(DistributedCache.CDB:1)
	at com.tangosol.coherence.component.util.SafeNamedCache.get(SafeNamedCache.CDB:1)
	at com.tangosol.net.cache.CachingMap.get(CachingMap.java:490)
	at com.westernasset.tss.cache.TradeCacheManager.getTradeById(TradeCacheManager.java:202)
	at com.westernasset.tss.services.TradeNearCacheSubsystem.getTradeById(TradeNearCacheSubsystem.java:104)
	at com.westernasset.tss.services.TradeNearCacheSubsystem.handleFuncCall(TradeNearCacheSubsystem.java:50)
	at com.westernasset.tss.services.TradeSubsystem.handleFuncCall(TradeSubsystem.java:29)
	at com.westernasset.framework.subsystem.receiving.SubsystemImpl.innerHandleFuncCall(SubsystemImpl.java:154)
	at com.westernasset.framework.subsystem.receiving.internal.InProcessFunctionCallReceiver.handleFuncCall(InProcessFunctionCallReceiver.java:49)
	at com.westernasset.framework.subsystem.calling.internal.inprocess.InProcessFunctionCallCaller.doCall(InProcessFunctionCallCaller.java:19)
	at com.westernasset.framework.subsystem.calling.internal.inprocess.ForwardIfNotFoundFunctionCallCaller.doCall(ForwardIfNotFoundFunctionCallCaller.java:28)
	at com.westernasset.framework.subsystem.calling.internal.base.BaseFunctionCallCaller.callFunc(BaseFunctionCallCaller.java:33)
	at com.westernasset.framework.subsystem.calling.internal.base.BaseSubsystem.callFunc(BaseSubsystem.java:35)
	at com.westernasset.pss.msg.reciever.process.TradeProcessor.getTradeByTradeId(TradeProcessor.java:250)
	at com.westernasset.pss.msg.reciever.process.TradeProcessor.getPrioTradeStatusByMessage(TradeProcessor.java:268)
	at com.westernasset.pss.msg.reciever.process.TradeProcessor.process(TradeProcessor.java:50)
	at com.westernasset.pss.msg.queue.MessageFetcher.processMessage(MessageFetcher.java:91)
	at com.westernasset.pss.msg.queue.MessageFetcher.pullMessageFromQueue(MessageFetcher.java:78)
	at com.westernasset.pss.msg.queue.MessageFetcher.run(MessageFetcher.java:48)

	at com.westernasset.framework.subsystem.common.internal.SubsystemExceptionUtils.dataObjectToException(SubsystemExceptionUtils.java:38)
	at com.westernasset.framework.subsystem.common.internal.SubsystemExceptionUtils.throwExceptionIfNeeded(SubsystemExceptionUtils.java:15)
	at com.westernasset.framework.subsystem.calling.internal.base.BaseSubsystem.callFunc(BaseSubsystem.java:37)
	at com.westernasset.pss.msg.reciever.process.TradeProcessor.getTradeByTradeId(TradeProcessor.java:250)
	at com.westernasset.pss.msg.reciever.process.TradeProcessor.getPrioTradeStatusByMessage(TradeProcessor.java:268)
	at com.westernasset.pss.msg.reciever.process.TradeProcessor.process(TradeProcessor.java:50)
	at com.westernasset.pss.msg.queue.MessageFetcher.processMessage(MessageFetcher.java:91)
	at com.westernasset.pss.msg.queue.MessageFetcher.pullMessageFromQueue(MessageFetcher.java:78)
	at com.westernasset.pss.msg.queue.MessageFetcher.run(MessageFetcher.java:48)
2014-09-25 14:48:51,160 ERROR [TradeProcessor] Exception occured while processing message
java.lang.RuntimeException: Storage is not configured
	at com.tangosol.coherence.component.util.daemon.queueProcessor.service.DistributedCache$BinaryMap.onMissingStorage(DistributedCache.CDB:9)
	at com.tangosol.coherence.component.util.daemon.queueProcessor.service.DistributedCache$BinaryMap.get(DistributedCache.CDB:15)
	at com.tangosol.util.ConverterCollections$ConverterMap.get(ConverterCollections.java:1300)
	at com.tangosol.coherence.component.util.daemon.queueProcessor.service.DistributedCache$ViewMap.get(DistributedCache.CDB:1)
	at com.tangosol.coherence.component.util.SafeNamedCache.get(SafeNamedCache.CDB:1)
	at com.tangosol.net.cache.CachingMap.get(CachingMap.java:490)
	at com.westernasset.tss.cache.TradeCacheManager.isDuplicateTrade(TradeCacheManager.java:356)
	at com.westernasset.pss.common.util.PojoHelper.createObjects(PojoHelper.java:132)
	at com.westernasset.pss.msg.reciever.process.TradeProcessor.process(TradeProcessor.java:55)
	at com.westernasset.pss.msg.queue.MessageFetcher.processMessage(MessageFetcher.java:91)
	at com.westernasset.pss.msg.queue.MessageFetcher.pullMessageFromQueue(MessageFetcher.java:78)
	at com.westernasset.pss.msg.queue.MessageFetcher.run(MessageFetcher.java:48)
2014-09-25 14:48:51,160 INFO  [TradeProcessor] End process method 737 MB
2014-09-25 14:48:51,160 INFO  [TradeProcessor] Time taken by TradeProcessor.process method 6
2014-09-25 14:48:51,160 INFO  [MessageFetcher] Processing message completed...[7461558]
2014-09-25 14:48:51.568 Oracle Coherence GE 3.3.1/389 <D5> (thread=Cluster, member=1): Member(Id=2, Timestamp=2014-09-25 14:48:51.37, Address=10.199.0.26:8088, MachineId=52506, Location=process:2769@pssprod01) joined Cluster with senior member 1
2014-09-25 14:48:51.586 Oracle Coherence GE 3.3.1/389 <D5> (thread=Cluster, member=1): Member 2 joined Service DistributedCache with senior member 1
2014-09-25 14:48:51.589 Oracle Coherence GE 3.3.1/389 <D5> (thread=DistributedCache, member=1): Service DistributedCache: sending ServiceConfigSync containing 264 entries to Member 2
2014-09-25 14:48:51.603 Oracle Coherence GE 3.3.1/389 <D5> (thread=Cluster, member=1): Member 2 joined Service ReplicatedCache with senior member 1
2014-09-25 14:48:52.889 Oracle Coherence GE 3.3.1/389 <D5> (thread=Cluster, member=1): TcpRing: connecting to member 2 using TcpSocket{State=STATE_OPEN, Socket=Socket[addr=/10.199.0.26,port=8088,localport=37415]}
2014-09-25 14:49:07.130 Oracle Coherence GE 3.3.1/389 <D5> (thread=Cluster, member=1): Member(Id=3, Timestamp=2014-09-25 14:49:06.931, Address=10.199.0.29:8089, MachineId=52509, Location=process:6188@pssprod03) joined Cluster with senior member 1
2014-09-25 14:49:07.161 Oracle Coherence GE 3.3.1/389 <D5> (thread=Cluster, member=1): Member(Id=4, Timestamp=2014-09-25 14:49:06.961, Address=10.199.0.27:8089, MachineId=52507, Location=process:15116@pssprod02) joined Cluster with senior member 1
2014-09-25 14:49:07.206 Oracle Coherence GE 3.3.1/389 <D5> (thread=Cluster, member=1): Member(Id=5, Timestamp=2014-09-25 14:49:07.005, Address=10.199.0.32:8088, MachineId=52512, Location=process:9053@dssprod02) joined Cluster with senior member 1
2014-09-25 14:49:07.266 Oracle Coherence GE 3.3.1/389 <D5> (thread=Cluster, member=1): Member(Id=6, Timestamp=2014-09-25 14:49:07.065, Address=10.199.0.30:8088, MachineId=52510, Location=process:19583@dssprod01) joined Cluster with senior member 1
2014-09-25 14:49:07.336 Oracle Coherence GE 3.3.1/389 <D5> (thread=TcpRingListener, member=1): TcpRing: connecting to member 3 using TcpSocket{State=STATE_OPEN, Socket=Socket[addr=/10.199.0.29,port=53924,localport=8089]}
2014-09-25 14:49:07.889 Oracle Coherence GE 3.3.1/389 <D5> (thread=Cluster, member=1): TcpRing: disconnected from member 2 due to transition to a strong connection
2014-09-25 14:49:08.563 Oracle Coherence GE 3.3.1/389 <D5> (thread=TcpRingListener, member=1): TcpRing: connecting to member 4 using TcpSocket{State=STATE_OPEN, Socket=Socket[addr=/10.199.0.27,port=34516,localport=8089]}
2014-09-25 14:49:09.619 Oracle Coherence GE 3.3.1/389 <D5> (thread=Cluster, member=1): Member 5 joined Service DistributedCache with senior member 1
2014-09-25 14:49:09.684 Oracle Coherence GE 3.3.1/389 <D5> (thread=Cluster, member=1): Member 6 joined Service DistributedCache with senior member 1
2014-09-25 14:49:09.892 Oracle Coherence GE 3.3.1/389 <D5> (thread=Cluster, member=1): Member 4 joined Service ReplicatedCache with senior member 1
2014-09-25 14:49:09.896 Oracle Coherence GE 3.3.1/389 <D5> (thread=DistributedCache, member=1): Service DistributedCache: sending ServiceConfigSync containing 264 entries to Member 5
2014-09-25 14:49:09.899 Oracle Coherence GE 3.3.1/389 <D5> (thread=DistributedCache, member=1): Service DistributedCache: sending ServiceConfigSync containing 264 entries to Member 6
2014-09-25 14:49:09.914 Oracle Coherence GE 3.3.1/389 <D5> (thread=Cluster, member=1): Member 5 joined Service ReplicatedCache with senior member 1
2014-09-25 14:49:09.915 Oracle Coherence GE 3.3.1/389 <D5> (thread=Cluster, member=1): Member 6 joined Service ReplicatedCache with senior member 1
2014-09-25 14:49:10.330 Oracle Coherence GE 3.3.1/389 <D5> (thread=Cluster, member=1): Member 4 joined Service DistributedCache with senior member 1
2014-09-25 14:49:10.338 Oracle Coherence GE 3.3.1/389 <D5> (thread=DistributedCache, member=1): Service DistributedCache: sending ServiceConfigSync containing 264 entries to Member 4
2014-09-25 14:49:10.940 Oracle Coherence GE 3.3.1/389 <Info> (thread=SusbsystemHeartbeatService, member=1): Restarting NamedCache: near-com.westernasset.cache.TradeCashAllocateCache
2014-09-25 14:49:10.944 Oracle Coherence GE 3.3.1/389 <Info> (thread=SusbsystemHeartbeatService, member=1): Restarting NamedCache: near-com.westernasset.cache.IndustriesCacheName
2014-09-25 14:49:10,951 ERROR [SubsystemHeartbeatService] SusbsystemHeartbeatService.run
java.lang.IllegalStateException: Configuration cannot be specified once the service has been started: ClusterService{Name=Cluster, State=(SERVICE_STOPPED, STATE_JOINED), Id=0, Version=3.3}
	at com.tangosol.coherence.component.util.daemon.queueProcessor.Service.setServiceConfig(Service.CDB:3)
	at com.tangosol.coherence.component.util.daemon.queueProcessor.Service.configure(Service.CDB:5)
	at com.tangosol.coherence.component.util.SafeService.startService(SafeService.CDB:6)
	at com.tangosol.coherence.component.util.SafeService.ensureRunningService(SafeService.CDB:27)
	at com.tangosol.coherence.component.util.SafeService.getRunningService(SafeService.CDB:1)
	at com.tangosol.coherence.component.util.SafeService.getInfo(SafeService.CDB:1)
	at com.westernasset.framework.subsystem.receiving.internal.jms.SubsystemHeartbeatService.fillServiceMap(SubsystemHeartbeatService.java:90)
	at com.westernasset.framework.subsystem.receiving.internal.jms.SubsystemHeartbeatService.fillInHostInfo(SubsystemHeartbeatService.java:74)
	at com.westernasset.framework.subsystem.receiving.internal.jms.SubsystemHeartbeatService.run(SubsystemHeartbeatService.java:146)
2014-09-25 14:49:30.241 Oracle Coherence GE 3.3.1/389 <D5> (thread=Cluster, member=1): Member(Id=7, Timestamp=2014-09-25 14:49:30.061, Address=10.199.0.30:8089, MachineId=52510, Location=process:19830@dssprod01) joined Cluster with senior member 1
2014-09-25 14:49:30.891 Oracle Coherence GE 3.3.1/389 <D5> (thread=Cluster, member=1): TcpRing: disconnected from member 3 due to a disconnect request
2014-09-25 14:49:31.033 Oracle Coherence GE 3.3.1/389 <Info> (thread=SusbsystemHeartbeatService, member=1): Restarting NamedCache: near-com.westernasset.cache.NyLiqHierarchyCacheName
2014-09-25 14:49:31.039 Oracle Coherence GE 3.3.1/389 <Info> (thread=SusbsystemHeartbeatService, member=1): Restarting NamedCache: near-com.westernasset.cache.TradePfIdsCache
2014-09-25 14:49:31.044 Oracle Coherence GE 3.3.1/389 <Info> (thread=SusbsystemHeartbeatService, member=1): Restarting NamedCache: near-com.westernasset.cache.TradeCompleteCache
2014-09-25 14:49:31.050 Oracle Coherence GE 3.3.1/389 <Info> (thread=SusbsystemHeartbeatService, member=1): Restarting NamedCache: near-com.westernasset.cache.SecurityPfIdsCache
2014-09-25 14:49:31.063 Oracle Coherence GE 3.3.1/389 <Info> (thread=SusbsystemHeartbeatService, member=1): Restarting NamedCache: near-com.westernasset.cache.PositionCache
2014-09-25 14:49:31.065 Oracle Coherence GE 3.3.1/389 <Info> (thread=SusbsystemHeartbeatService, member=1): Restarting NamedCache: near-com.westernasset.cache.BrokerEntityCache
2014-09-25 14:49:31.066 Oracle Coherence GE 3.3.1/389 <Info> (thread=SusbsystemHeartbeatService, member=1): Restarting NamedCache: near-com.westernasset.cache.SecurityInstitutionCacheName
2014-09-25 14:49:31.068 Oracle Coherence GE 3.3.1/389 <Info> (thread=SusbsystemHeartbeatService, member=1): Restarting NamedCache: near-com.westernasset.cache.IndexRollupIds
2014-09-25 14:49:31,071 ERROR [SubsystemHeartbeatService] SusbsystemHeartbeatService.run
java.lang.IllegalStateException: Configuration cannot be specified once the service has been started: ClusterService{Name=Cluster, State=(SERVICE_STOPPED, STATE_JOINED), Id=0, Version=3.3}
	at com.tangosol.coherence.component.util.daemon.queueProcessor.Service.setServiceConfig(Service.CDB:3)
	at com.tangosol.coherence.component.util.daemon.queueProcessor.Service.configure(Service.CDB:5)
	at com.tangosol.coherence.component.util.SafeService.startService(SafeService.CDB:6)
	at com.tangosol.coherence.component.util.SafeService.ensureRunningService(SafeService.CDB:27)
	at com.tangosol.coherence.component.util.SafeService.getRunningService(SafeService.CDB:1)
	at com.tangosol.coherence.component.util.SafeService.getInfo(SafeService.CDB:1)
	at com.westernasset.framework.subsystem.receiving.internal.jms.SubsystemHeartbeatService.fillServiceMap(SubsystemHeartbeatService.java:90)
	at com.westernasset.framework.subsystem.receiving.internal.jms.SubsystemHeartbeatService.fillInHostInfo(SubsystemHeartbeatService.java:74)
	at com.westernasset.framework.subsystem.receiving.internal.jms.SubsystemHeartbeatService.run(SubsystemHeartbeatService.java:146)
2014-09-25 14:49:31.883 Oracle Coherence GE 3.3.1/389 <D5> (thread=Cluster, member=1): Member 7 joined Service DistributedCache with senior member 1
2014-09-25 14:49:31.891 Oracle Coherence GE 3.3.1/389 <D5> (thread=DistributedCache, member=1): Service DistributedCache: sending ServiceConfigSync containing 274 entries to Member 7
2014-09-25 14:49:36.920 Oracle Coherence GE 3.3.1/389 <D4> (thread=Cluster, member=1): New member uses existing address/port; killing the old member: Member(Id=2, Timestamp=2014-09-25 14:48:51.37, Address=10.199.0.26:8088, MachineId=52506, Location=process:2769@pssprod01)
2014-09-25 14:49:36.920 Oracle Coherence GE 3.3.1/389 <D5> (thread=Cluster, member=1): Member 2 left service DistributedCache with senior member 1
2014-09-25 14:49:36.922 Oracle Coherence GE 3.3.1/389 <D5> (thread=Cluster, member=1): Member 2 left service ReplicatedCache with senior member 1
2014-09-25 14:49:36.922 Oracle Coherence GE 3.3.1/389 <D5> (thread=Cluster, member=1): Member 2 left Cluster with senior member 1
2014-09-25 14:49:36.923 Oracle Coherence GE 3.3.1/389 <D5> (thread=Cluster, member=1): Member(Id=8, Timestamp=2014-09-25 14:49:36.721, Address=10.199.0.26:8088, MachineId=52506, Location=process:2769@pssprod01) joined Cluster with senior member 1
2014-09-25 14:49:36.945 Oracle Coherence GE 3.3.1/389 <D5> (thread=Cluster, member=1): Member 8 joined Service DistributedCache with senior member 1
2014-09-25 14:49:36.960 Oracle Coherence GE 3.3.1/389 <D5> (thread=DistributedCache, member=1): Service DistributedCache: sending ServiceConfigSync containing 277 entries to Member 8
455.251: [GC 455.251: [ParNew: 36548K->2284K(38336K), 0.0081880 secs] 765371K->731106K(1065664K), 0.0082950 secs] [Times: user=0.02 sys=0.00, real=0.01 secs] 
2014-09-25 14:49:36.989 Oracle Coherence GE 3.3.1/389 <D5> (thread=Cluster, member=1): Member 8 joined Service ReplicatedCache with senior member 1
2014-09-25 14:49:37.451 Oracle Coherence GE 3.3.1/389 <Warning> (thread=Cluster, member=1): An existence of a cluster island with senior Member(Id=4, Timestamp=2014-09-25 14:41:55.834, Address=10.199.0.27:8088, MachineId=52507, Location=process:14840@pssprod02) containing 2 nodes have been detected. Since this Member(Id=1, Timestamp=2014-09-25 14:47:45.342, Address=10.199.0.26:8089, MachineId=52506, Location=process:2864@pssprod01) is the senior of a larger cluster island, the panic protocol is being activated to stop the other island's senior and all junior nodes that belong to it.
2014-09-25 14:49:37.452 Oracle Coherence GE 3.3.1/389 <Warning> (thread=Cluster, member=1): Received panic from junior member Member(Id=5, Timestamp=2014-09-25 14:49:07.005, Address=10.199.0.32:8088, MachineId=52512, Location=process:9053@dssprod02) caused by Member(Id=4, Timestamp=2014-09-25 14:41:55.834, Address=10.199.0.27:8088, MachineId=52507, Location=process:14840@pssprod02)
2014-09-25 14:49:37.452 Oracle Coherence GE 3.3.1/389 <Warning> (thread=Cluster, member=1): Received panic from junior member Member(Id=8, Timestamp=2014-09-25 14:49:36.721, Address=10.199.0.26:8088, MachineId=52506, Location=process:2769@pssprod01) caused by Member(Id=4, Timestamp=2014-09-25 14:41:55.834, Address=10.199.0.27:8088, MachineId=52507, Location=process:14840@pssprod02)
2014-09-25 14:49:37.452 Oracle Coherence GE 3.3.1/389 <Warning> (thread=Cluster, member=1): Received panic from junior member Member(Id=6, Timestamp=2014-09-25 14:49:07.065, Address=10.199.0.30:8088, MachineId=52510, Location=process:19583@dssprod01) caused by Member(Id=4, Timestamp=2014-09-25 14:41:55.834, Address=10.199.0.27:8088, MachineId=52507, Location=process:14840@pssprod02)
2014-09-25 14:49:37.452 Oracle Coherence GE 3.3.1/389 <Warning> (thread=Cluster, member=1): Received panic from junior member Member(Id=7, Timestamp=2014-09-25 14:49:30.061, Address=10.199.0.30:8089, MachineId=52510, Location=process:19830@dssprod01) caused by Member(Id=4, Timestamp=2014-09-25 14:41:55.834, Address=10.199.0.27:8088, MachineId=52507, Location=process:14840@pssprod02)
2014-09-25 14:49:37.452 Oracle Coherence GE 3.3.1/389 <Warning> (thread=Cluster, member=1): Received panic from junior member Member(Id=4, Timestamp=2014-09-25 14:49:06.961, Address=10.199.0.27:8089, MachineId=52507, Location=process:15116@pssprod02) caused by Member(Id=4, Timestamp=2014-09-25 14:41:55.834, Address=10.199.0.27:8088, MachineId=52507, Location=process:14840@pssprod02)
2014-09-25 14:49:37.452 Oracle Coherence GE 3.3.1/389 <Warning> (thread=Cluster, member=1): Received panic from junior member Member(Id=3, Timestamp=2014-09-25 14:49:06.931, Address=10.199.0.29:8089, MachineId=52509, Location=process:6188@pssprod03) caused by Member(Id=4, Timestamp=2014-09-25 14:41:55.834, Address=10.199.0.27:8088, MachineId=52507, Location=process:14840@pssprod02)
2014-09-25 14:49:38.336 Oracle Coherence GE 3.3.1/389 <D5> (thread=Cluster, member=1): Member 7 left service DistributedCache with senior member 1
2014-09-25 14:49:38.337 Oracle Coherence GE 3.3.1/389 <D5> (thread=Cluster, member=1): Member 7 left Cluster with senior member 1
2014-09-25 14:49:41.652 Oracle Coherence GE 3.3.1/389 <D5> (thread=Cluster, member=1): Member(Id=9, Timestamp=2014-09-25 14:49:41.454, Address=10.199.0.27:8088, MachineId=52507, Location=process:14840@pssprod02) joined Cluster with senior member 1
2014-09-25 14:49:41.676 Oracle Coherence GE 3.3.1/389 <D5> (thread=Cluster, member=1): Member 9 joined Service DistributedCache with senior member 1
2014-09-25 14:49:41.682 Oracle Coherence GE 3.3.1/389 <D5> (thread=DistributedCache, member=1): Service DistributedCache: sending ServiceConfigSync containing 277 entries to Member 9
2014-09-25 14:49:41.698 Oracle Coherence GE 3.3.1/389 <D5> (thread=Cluster, member=1): Member 9 joined Service ReplicatedCache with senior member 1
2014-09-25 14:49:41.715 Oracle Coherence GE 3.3.1/389 <D5> (thread=Cluster, member=1): Member(Id=10, Timestamp=2014-09-25 14:49:41.514, Address=10.199.0.30:8089, MachineId=52510, Location=process:19830@dssprod01) joined Cluster with senior member 1
2014-09-25 14:49:41.741 Oracle Coherence GE 3.3.1/389 <D5> (thread=Cluster, member=1): Member(Id=11, Timestamp=2014-09-25 14:49:41.542, Address=10.199.0.29:8088, MachineId=52509, Location=process:5974@pssprod03) joined Cluster with senior member 1
2014-09-25 14:49:41.756 Oracle Coherence GE 3.3.1/389 <D5> (thread=Cluster, member=1): Member 10 joined Service DistributedCache with senior member 1
2014-09-25 14:49:41.775 Oracle Coherence GE 3.3.1/389 <D5> (thread=DistributedCache, member=1): Service DistributedCache: sending ServiceConfigSync containing 277 entries to Member 10
2014-09-25 14:49:41.959 Oracle Coherence GE 3.3.1/389 <D5> (thread=Cluster, member=1): Member 11 joined Service DistributedCache with senior member 1
2014-09-25 14:49:41.966 Oracle Coherence GE 3.3.1/389 <D5> (thread=DistributedCache, member=1): Service DistributedCache: sending ServiceConfigSync containing 277 entries to Member 11
2014-09-25 14:49:41.986 Oracle Coherence GE 3.3.1/389 <D5> (thread=Cluster, member=1): Member 11 joined Service ReplicatedCache with senior member 1
2014-09-25 14:49:43.985 Oracle Coherence GE 3.3.1/389 <Info> (thread=JMSFunctionCallCallers:2, member=1): Restarting NamedCache: near-com.westernasset.cache.Currency
2014-09-25 14:49:44.143 Oracle Coherence GE 3.3.1/389 <D5> (thread=TcpRingListener, member=1): TcpRing: connecting to member 11 using TcpSocket{State=STATE_OPEN, Socket=Socket[addr=/10.199.0.29,port=53928,localport=8089]}
2014-09-25 14:49:44.874 Oracle Coherence GE 3.3.1/389 <D5> (thread=Cluster, member=1): Member 5 left service DistributedCache with senior member 1
2014-09-25 14:49:44.874 Oracle Coherence GE 3.3.1/389 <D5> (thread=Cluster, member=1): Member 5 left service ReplicatedCache with senior member 1
2014-09-25 14:49:44.879 Oracle Coherence GE 3.3.1/389 <D5> (thread=Cluster, member=1): Member 5 left Cluster with senior member 1
2014-09-25 14:49:45.789 Oracle Coherence GE 3.3.1/389 <D5> (thread=Cluster, member=1): Member(Id=12, Timestamp=2014-09-25 14:49:45.589, Address=10.199.0.32:8088, MachineId=52512, Location=process:9053@dssprod02) joined Cluster with senior member 1
2014-09-25 14:49:45.809 Oracle Coherence GE 3.3.1/389 <D5> (thread=Cluster, member=1): Member 12 joined Service DistributedCache with senior member 1
2014-09-25 14:49:45.818 Oracle Coherence GE 3.3.1/389 <D5> (thread=DistributedCache, member=1): Service DistributedCache: sending ServiceConfigSync containing 279 entries to Member 12
2014-09-25 14:49:45.850 Oracle Coherence GE 3.3.1/389 <D5> (thread=Cluster, member=1): Member 12 joined Service ReplicatedCache with senior member 1
2014-09-25 14:49:51.083 Oracle Coherence GE 3.3.1/389 <Info> (thread=SusbsystemHeartbeatService, member=1): Restarting NamedCache: near-com.westernasset.cache.CacheInspector
2014-09-25 14:49:51,121 ERROR [SubsystemHeartbeatService] SusbsystemHeartbeatService.run
java.lang.IllegalStateException: Configuration cannot be specified once the service has been started: ClusterService{Name=Cluster, State=(SERVICE_STOPPED, STATE_JOINED), Id=0, Version=3.3}
	at com.tangosol.coherence.component.util.daemon.queueProcessor.Service.setServiceConfig(Service.CDB:3)
	at com.tangosol.coherence.component.util.daemon.queueProcessor.Service.configure(Service.CDB:5)
	at com.tangosol.coherence.component.util.SafeService.startService(SafeService.CDB:6)
	at com.tangosol.coherence.component.util.SafeService.ensureRunningService(SafeService.CDB:27)
	at com.tangosol.coherence.component.util.SafeService.getRunningService(SafeService.CDB:1)
	at com.tangosol.coherence.component.util.SafeService.getInfo(SafeService.CDB:1)
	at com.westernasset.framework.subsystem.receiving.internal.jms.SubsystemHeartbeatService.fillServiceMap(SubsystemHeartbeatService.java:90)
	at com.westernasset.framework.subsystem.receiving.internal.jms.SubsystemHeartbeatService.fillInHostInfo(SubsystemHeartbeatService.java:74)
	at com.westernasset.framework.subsystem.receiving.internal.jms.SubsystemHeartbeatService.run(SubsystemHeartbeatService.java:146)
2014-09-25 14:49:59,592 INFO  [AtpTradeXMLSonicSubscriber] ATP message received
2014-09-25 14:49:59,600 INFO  [MessageProcessor] Message unmarshalled. Ticket number = 7459008
2014-09-25 14:49:59,600 INFO  [MessageQueue] Ticket 7459008 added to queue
2014-09-25 14:49:59,600 INFO  [MessageQueue] Removing the first item of 1 from the queue
2014-09-25 14:49:59,600 INFO  [MessageFetcher] Processing message started...[7459008]
2014-09-25 14:49:59,600 INFO  [TradeProcessor] Begin process method 726 MB
2014-09-25 14:49:59,602 INFO  [SecurityMasterDAOImpl] Executing db_all_securities procedure started.
2014-09-25 14:49:59,646 INFO  [SecurityMasterDAOImpl] Executing db_all_securities procedure completed.
2014-09-25 14:49:59,694 INFO  [AtpTradeXMLSonicSubscriber] ATP message received
2014-09-25 14:49:59,702 INFO  [MessageProcessor] Message unmarshalled. Ticket number = 7458578
2014-09-25 14:49:59,702 INFO  [MessageQueue] Ticket 7458578 added to queue
2014-09-25 14:49:59,859 ERROR [SecurityMasterDAOImpl] Security id = 733750
2014-09-25 14:49:59,859 ERROR [SecurityMasterDAOImpl] SecurityMasterDAOImpl.getSecurityDataObject Exception
java.lang.NullPointerException
	at com.westernasset.smss.common.util.BusinessUtils.fillDerivedValues(BusinessUtils.java:425)
	at com.westernasset.smss.server.dao.SecurityMasterDAOImpl.getSecurityDataObject(SecurityMasterDAOImpl.java:219)
	at com.westernasset.smss.server.dao.SecurityMasterDAOImpl.getOneSecurity(SecurityMasterDAOImpl.java:669)
	at com.westernasset.smss.services.DatabaseService.loadOneSecurityCache(DatabaseService.java:197)
	at com.westernasset.pss.msg.reciever.process.TradeProcessor.doSecurityExist(TradeProcessor.java:330)
	at com.westernasset.pss.msg.reciever.process.TradeProcessor.createSecurity(TradeProcessor.java:296)
	at com.westernasset.pss.msg.reciever.process.TradeProcessor.process(TradeProcessor.java:49)
	at com.westernasset.pss.msg.queue.MessageFetcher.processMessage(MessageFetcher.java:91)
	at com.westernasset.pss.msg.queue.MessageFetcher.pullMessageFromQueue(MessageFetcher.java:78)
	at com.westernasset.pss.msg.queue.MessageFetcher.run(MessageFetcher.java:48)
2014-09-25 14:49:59,860 ERROR [SecurityMasterDAOImpl] java.sql.SQLException
2014-09-25 14:49:59,866 ERROR [DatabaseService] com.westernasset.smss.common.DatabaseException
2014-09-25 14:49:59,868 INFO  [TradeProcessor] TradeList has tradeIds :[TradeId=7459008:secId=733750:tradeStatus=Voided:tradeDate=1411628400000]
2014-09-25 14:50:00,202 INFO  [TradeCacheManager] loadTradeTransactionCache size = 38
2014-09-25 14:50:00,616 INFO  [LotCacheManager] Adding 2 lots in the Cache
2014-09-25 14:50:00,890 INFO  [RollupParams] No rollups for pf 6827
2014-09-25 14:50:00,891 INFO  [RollupParams] No rollups for pf 6827
2014-09-25 14:50:00,895 INFO  [TradeProcessor] End process method 727 MB
2014-09-25 14:50:00,895 INFO  [TradeProcessor] Time taken by TradeProcessor.process method 1295
2014-09-25 14:50:00,895 INFO  [MessageFetcher] Processing message completed...[7459008]
2014-09-25 14:50:00,895 INFO  [MessageQueue] Removing the first item of 1 from the queue
2014-09-25 14:50:00,895 INFO  [MessageFetcher] Processing message started...[7458578]
2014-09-25 14:50:00,895 INFO  [TradeProcessor] Begin process method 727 MB
2014-09-25 14:50:00,896 INFO  [SecurityMasterDAOImpl] Executing db_all_securities procedure started.
2014-09-25 14:50:01,023 INFO  [SecurityMasterDAOImpl] Executing db_all_securities procedure completed.
2014-09-25 14:50:01,025 ERROR [SecurityMasterDAOImpl] Security id = 1508469
2014-09-25 14:50:01,025 ERROR [SecurityMasterDAOImpl] SecurityMasterDAOImpl.getSecurityDataObject Exception
java.lang.NullPointerException
	at com.westernasset.smss.common.util.BusinessUtils.fillDerivedValues(BusinessUtils.java:425)
	at com.westernasset.smss.server.dao.SecurityMasterDAOImpl.getSecurityDataObject(SecurityMasterDAOImpl.java:219)
	at com.westernasset.smss.server.dao.SecurityMasterDAOImpl.getOneSecurity(SecurityMasterDAOImpl.java:669)
	at com.westernasset.smss.services.DatabaseService.loadOneSecurityCache(DatabaseService.java:197)
	at com.westernasset.pss.msg.reciever.process.TradeProcessor.doSecurityExist(TradeProcessor.java:330)
	at com.westernasset.pss.msg.reciever.process.TradeProcessor.createSecurity(TradeProcessor.java:296)
	at com.westernasset.pss.msg.reciever.process.TradeProcessor.process(TradeProcessor.java:49)
	at com.westernasset.pss.msg.queue.MessageFetcher.processMessage(MessageFetcher.java:91)
	at com.westernasset.pss.msg.queue.MessageFetcher.pullMessageFromQueue(MessageFetcher.java:78)
	at com.westernasset.pss.msg.queue.MessageFetcher.run(MessageFetcher.java:48)
2014-09-25 14:50:01,025 ERROR [SecurityMasterDAOImpl] java.sql.SQLException
2014-09-25 14:50:01,028 ERROR [DatabaseService] com.westernasset.smss.common.DatabaseException
2014-09-25 14:50:01,030 INFO  [TradeProcessor] TradeList has tradeIds :[TradeId=7458578:secId=1508469:tradeStatus=Voided:tradeDate=1411628400000]
2014-09-25 14:50:01,043 INFO  [TradeCacheManager] loadTradeTransactionCache size = 39
2014-09-25 14:50:01,051 INFO  [LotCacheManager] Adding 2 lots in the Cache
2014-09-25 14:50:01,069 INFO  [RollupParams] No rollups for pf 6827
2014-09-25 14:50:01,070 INFO  [RollupParams] No rollups for pf 6827
2014-09-25 14:50:01,074 INFO  [TradeProcessor] End process method 727 MB
2014-09-25 14:50:01,074 INFO  [TradeProcessor] Time taken by TradeProcessor.process method 179
2014-09-25 14:50:01,074 INFO  [MessageFetcher] Processing message completed...[7458578]
2014-09-25 14:50:08,004 INFO  [AtpTradeXMLSonicSubscriber] ATP message received
2014-09-25 14:50:08,008 INFO  [MessageProcessor] Message unmarshalled. Ticket number = 7462104
2014-09-25 14:50:08,008 INFO  [MessageQueue] Ticket 7462104 added to queue
2014-09-25 14:50:08,008 INFO  [MessageQueue] Removing the first item of 1 from the queue
2014-09-25 14:50:08,008 INFO  [MessageFetcher] Processing message started...[7462104]
2014-09-25 14:50:08,008 INFO  [TradeProcessor] Begin process method 728 MB
2014-09-25 14:50:08,010 ERROR [AtpToPssMapper] com.westernasset.framework.subsystem.common.SubsystemException: SubsystemExceptionNested:
java.lang.NullPointerExceptionNested:
java.lang.NullPointerException
	at com.westernasset.smss.server.SecurityMasterNearCacheSubsystem.getDigitRatingFromString(SecurityMasterNearCacheSubsystem.java:187)
	at com.westernasset.smss.server.SecurityMasterNearCacheSubsystem.handleFuncCall(SecurityMasterNearCacheSubsystem.java:85)
	at com.westernasset.smss.server.SecurityMasterManagementSubsystem.handleFuncCall(SecurityMasterManagementSubsystem.java:23)
	at com.westernasset.framework.subsystem.receiving.SubsystemImpl.innerHandleFuncCall(SubsystemImpl.java:154)
	at com.westernasset.framework.subsystem.receiving.internal.InProcessFunctionCallReceiver.handleFuncCall(InProcessFunctionCallReceiver.java:49)
	at com.westernasset.framework.subsystem.calling.internal.inprocess.InProcessFunctionCallCaller.doCall(InProcessFunctionCallCaller.java:19)
	at com.westernasset.framework.subsystem.calling.internal.inprocess.ForwardIfNotFoundFunctionCallCaller.doCall(ForwardIfNotFoundFunctionCallCaller.java:28)
	at com.westernasset.framework.subsystem.calling.internal.base.BaseFunctionCallCaller.callFunc(BaseFunctionCallCaller.java:33)
	at com.westernasset.framework.subsystem.calling.internal.base.BaseSubsystem.callFunc(BaseSubsystem.java:35)
	at com.westernasset.pss.msg.mapper.AtpToPssMapper.getRating(AtpToPssMapper.java:219)
	at com.westernasset.pss.msg.mapper.AtpToPssMapper.updateSecurityWithRatings(AtpToPssMapper.java:167)
	at com.westernasset.pss.msg.mapper.AtpToPssMapper.createSecurityVO(AtpToPssMapper.java:133)
	at com.westernasset.pss.msg.reciever.process.TradeProcessor.createSecurity(TradeProcessor.java:297)
	at com.westernasset.pss.msg.reciever.process.TradeProcessor.process(TradeProcessor.java:49)
	at com.westernasset.pss.msg.queue.MessageFetcher.processMessage(MessageFetcher.java:91)
	at com.westernasset.pss.msg.queue.MessageFetcher.pullMessageFromQueue(MessageFetcher.java:78)
	at com.westernasset.pss.msg.queue.MessageFetcher.run(MessageFetcher.java:48)

2014-09-25 14:50:08,011 ERROR [AtpToPssMapper] com.westernasset.framework.subsystem.common.SubsystemException: SubsystemExceptionNested:
java.lang.NullPointerExceptionNested:
java.lang.NullPointerException
	at com.westernasset.smss.server.SecurityMasterNearCacheSubsystem.getDigitRatingFromString(SecurityMasterNearCacheSubsystem.java:187)
	at com.westernasset.smss.server.SecurityMasterNearCacheSubsystem.handleFuncCall(SecurityMasterNearCacheSubsystem.java:85)
	at com.westernasset.smss.server.SecurityMasterManagementSubsystem.handleFuncCall(SecurityMasterManagementSubsystem.java:23)
	at com.westernasset.framework.subsystem.receiving.SubsystemImpl.innerHandleFuncCall(SubsystemImpl.java:154)
	at com.westernasset.framework.subsystem.receiving.internal.InProcessFunctionCallReceiver.handleFuncCall(InProcessFunctionCallReceiver.java:49)
	at com.westernasset.framework.subsystem.calling.internal.inprocess.InProcessFunctionCallCaller.doCall(InProcessFunctionCallCaller.java:19)
	at com.westernasset.framework.subsystem.calling.internal.inprocess.ForwardIfNotFoundFunctionCallCaller.doCall(ForwardIfNotFoundFunctionCallCaller.java:28)
	at com.westernasset.framework.subsystem.calling.internal.base.BaseFunctionCallCaller.callFunc(BaseFunctionCallCaller.java:33)
	at com.westernasset.framework.subsystem.calling.internal.base.BaseSubsystem.callFunc(BaseSubsystem.java:35)
	at com.westernasset.pss.msg.mapper.AtpToPssMapper.getRating(AtpToPssMapper.java:219)
	at com.westernasset.pss.msg.mapper.AtpToPssMapper.updateSecurityWithRatings(AtpToPssMapper.java:172)
	at com.westernasset.pss.msg.mapper.AtpToPssMapper.createSecurityVO(AtpToPssMapper.java:133)
	at com.westernasset.pss.msg.reciever.process.TradeProcessor.createSecurity(TradeProcessor.java:297)
	at com.westernasset.pss.msg.reciever.process.TradeProcessor.process(TradeProcessor.java:49)
	at com.westernasset.pss.msg.queue.MessageFetcher.processMessage(MessageFetcher.java:91)
	at com.westernasset.pss.msg.queue.MessageFetcher.pullMessageFromQueue(MessageFetcher.java:78)
	at com.westernasset.pss.msg.queue.MessageFetcher.run(MessageFetcher.java:48)

2014-09-25 14:50:08,012 ERROR [AtpToPssMapper] com.westernasset.framework.subsystem.common.SubsystemException: SubsystemExceptionNested:
java.lang.NullPointerExceptionNested:
java.lang.NullPointerException
	at com.westernasset.smss.server.SecurityMasterNearCacheSubsystem.getDigitRatingFromString(SecurityMasterNearCacheSubsystem.java:187)
	at com.westernasset.smss.server.SecurityMasterNearCacheSubsystem.handleFuncCall(SecurityMasterNearCacheSubsystem.java:85)
	at com.westernasset.smss.server.SecurityMasterManagementSubsystem.handleFuncCall(SecurityMasterManagementSubsystem.java:23)
	at com.westernasset.framework.subsystem.receiving.SubsystemImpl.innerHandleFuncCall(SubsystemImpl.java:154)
	at com.westernasset.framework.subsystem.receiving.internal.InProcessFunctionCallReceiver.handleFuncCall(InProcessFunctionCallReceiver.java:49)
	at com.westernasset.framework.subsystem.calling.internal.inprocess.InProcessFunctionCallCaller.doCall(InProcessFunctionCallCaller.java:19)
	at com.westernasset.framework.subsystem.calling.internal.inprocess.ForwardIfNotFoundFunctionCallCaller.doCall(ForwardIfNotFoundFunctionCallCaller.java:28)
	at com.westernasset.framework.subsystem.calling.internal.base.BaseFunctionCallCaller.callFunc(BaseFunctionCallCaller.java:33)
	at com.westernasset.framework.subsystem.calling.internal.base.BaseSubsystem.callFunc(BaseSubsystem.java:35)
	at com.westernasset.pss.msg.mapper.AtpToPssMapper.getRating(AtpToPssMapper.java:219)
	at com.westernasset.pss.msg.mapper.AtpToPssMapper.updateSecurityWithRatings(AtpToPssMapper.java:177)
	at com.westernasset.pss.msg.mapper.AtpToPssMapper.createSecurityVO(AtpToPssMapper.java:133)
	at com.westernasset.pss.msg.reciever.process.TradeProcessor.createSecurity(TradeProcessor.java:297)
	at com.westernasset.pss.msg.reciever.process.TradeProcessor.process(TradeProcessor.java:49)
	at com.westernasset.pss.msg.queue.MessageFetcher.processMessage(MessageFetcher.java:91)
	at com.westernasset.pss.msg.queue.MessageFetcher.pullMessageFromQueue(MessageFetcher.java:78)
	at com.westernasset.pss.msg.queue.MessageFetcher.run(MessageFetcher.java:48)

2014-09-25 14:50:08,013 ERROR [AtpToPssMapper] com.westernasset.framework.subsystem.common.SubsystemException: SubsystemExceptionNested:
java.lang.NullPointerExceptionNested:
java.lang.NullPointerException
	at com.westernasset.smss.server.SecurityMasterNearCacheSubsystem.getDigitRatingFromString(SecurityMasterNearCacheSubsystem.java:187)
	at com.westernasset.smss.server.SecurityMasterNearCacheSubsystem.handleFuncCall(SecurityMasterNearCacheSubsystem.java:85)
	at com.westernasset.smss.server.SecurityMasterManagementSubsystem.handleFuncCall(SecurityMasterManagementSubsystem.java:23)
	at com.westernasset.framework.subsystem.receiving.SubsystemImpl.innerHandleFuncCall(SubsystemImpl.java:154)
	at com.westernasset.framework.subsystem.receiving.internal.InProcessFunctionCallReceiver.handleFuncCall(InProcessFunctionCallReceiver.java:49)
	at com.westernasset.framework.subsystem.calling.internal.inprocess.InProcessFunctionCallCaller.doCall(InProcessFunctionCallCaller.java:19)
	at com.westernasset.framework.subsystem.calling.internal.inprocess.ForwardIfNotFoundFunctionCallCaller.doCall(ForwardIfNotFoundFunctionCallCaller.java:28)
	at com.westernasset.framework.subsystem.calling.internal.base.BaseFunctionCallCaller.callFunc(BaseFunctionCallCaller.java:33)
	at com.westernasset.framework.subsystem.calling.internal.base.BaseSubsystem.callFunc(BaseSubsystem.java:35)
	at com.westernasset.pss.msg.mapper.AtpToPssMapper.getRating(AtpToPssMapper.java:219)
	at com.westernasset.pss.msg.mapper.AtpToPssMapper.updateSecurityWithRatings(AtpToPssMapper.java:182)
	at com.westernasset.pss.msg.mapper.AtpToPssMapper.createSecurityVO(AtpToPssMapper.java:133)
	at com.westernasset.pss.msg.reciever.process.TradeProcessor.createSecurity(TradeProcessor.java:297)
	at com.westernasset.pss.msg.reciever.process.TradeProcessor.process(TradeProcessor.java:49)
	at com.westernasset.pss.msg.queue.MessageFetcher.processMessage(MessageFetcher.java:91)
	at com.westernasset.pss.msg.queue.MessageFetcher.pullMessageFromQueue(MessageFetcher.java:78)
	at com.westernasset.pss.msg.queue.MessageFetcher.run(MessageFetcher.java:48)

2014-09-25 14:50:08,014 ERROR [AtpToPssMapper] com.westernasset.framework.subsystem.common.SubsystemException: SubsystemExceptionNested:
java.lang.NullPointerExceptionNested:
java.lang.NullPointerException
	at com.westernasset.smss.server.SecurityMasterNearCacheSubsystem.getDigitRatingFromString(SecurityMasterNearCacheSubsystem.java:187)
	at com.westernasset.smss.server.SecurityMasterNearCacheSubsystem.handleFuncCall(SecurityMasterNearCacheSubsystem.java:85)
	at com.westernasset.smss.server.SecurityMasterManagementSubsystem.handleFuncCall(SecurityMasterManagementSubsystem.java:23)
	at com.westernasset.framework.subsystem.receiving.SubsystemImpl.innerHandleFuncCall(SubsystemImpl.java:154)
	at com.westernasset.framework.subsystem.receiving.internal.InProcessFunctionCallReceiver.handleFuncCall(InProcessFunctionCallReceiver.java:49)
	at com.westernasset.framework.subsystem.calling.internal.inprocess.InProcessFunctionCallCaller.doCall(InProcessFunctionCallCaller.java:19)
	at com.westernasset.framework.subsystem.calling.internal.inprocess.ForwardIfNotFoundFunctionCallCaller.doCall(ForwardIfNotFoundFunctionCallCaller.java:28)
	at com.westernasset.framework.subsystem.calling.internal.base.BaseFunctionCallCaller.callFunc(BaseFunctionCallCaller.java:33)
	at com.westernasset.framework.subsystem.calling.internal.base.BaseSubsystem.callFunc(BaseSubsystem.java:35)
	at com.westernasset.pss.msg.mapper.AtpToPssMapper.getRating(AtpToPssMapper.java:219)
	at com.westernasset.pss.msg.mapper.AtpToPssMapper.updateSecurityWithRatings(AtpToPssMapper.java:187)
	at com.westernasset.pss.msg.mapper.AtpToPssMapper.createSecurityVO(AtpToPssMapper.java:133)
	at com.westernasset.pss.msg.reciever.process.TradeProcessor.createSecurity(TradeProcessor.java:297)
	at com.westernasset.pss.msg.reciever.process.TradeProcessor.process(TradeProcessor.java:49)
	at com.westernasset.pss.msg.queue.MessageFetcher.processMessage(MessageFetcher.java:91)
	at com.westernasset.pss.msg.queue.MessageFetcher.pullMessageFromQueue(MessageFetcher.java:78)
	at com.westernasset.pss.msg.queue.MessageFetcher.run(MessageFetcher.java:48)

2014-09-25 14:50:08,015 ERROR [AtpToPssMapper] com.westernasset.framework.subsystem.common.SubsystemException: SubsystemExceptionNested:
java.lang.NullPointerExceptionNested:
java.lang.NullPointerException
	at com.westernasset.smss.server.SecurityMasterNearCacheSubsystem.getDigitRatingFromString(SecurityMasterNearCacheSubsystem.java:187)
	at com.westernasset.smss.server.SecurityMasterNearCacheSubsystem.handleFuncCall(SecurityMasterNearCacheSubsystem.java:85)
	at com.westernasset.smss.server.SecurityMasterManagementSubsystem.handleFuncCall(SecurityMasterManagementSubsystem.java:23)
	at com.westernasset.framework.subsystem.receiving.SubsystemImpl.innerHandleFuncCall(SubsystemImpl.java:154)
	at com.westernasset.framework.subsystem.receiving.internal.InProcessFunctionCallReceiver.handleFuncCall(InProcessFunctionCallReceiver.java:49)
	at com.westernasset.framework.subsystem.calling.internal.inprocess.InProcessFunctionCallCaller.doCall(InProcessFunctionCallCaller.java:19)
	at com.westernasset.framework.subsystem.calling.internal.inprocess.ForwardIfNotFoundFunctionCallCaller.doCall(ForwardIfNotFoundFunctionCallCaller.java:28)
	at com.westernasset.framework.subsystem.calling.internal.base.BaseFunctionCallCaller.callFunc(BaseFunctionCallCaller.java:33)
	at com.westernasset.framework.subsystem.calling.internal.base.BaseSubsystem.callFunc(BaseSubsystem.java:35)
	at com.westernasset.pss.msg.mapper.AtpToPssMapper.getRating(AtpToPssMapper.java:219)
	at com.westernasset.pss.msg.mapper.AtpToPssMapper.updateSecurityWithRatings(AtpToPssMapper.java:192)
	at com.westernasset.pss.msg.mapper.AtpToPssMapper.createSecurityVO(AtpToPssMapper.java:133)
	at com.westernasset.pss.msg.reciever.process.TradeProcessor.createSecurity(TradeProcessor.java:297)
	at com.westernasset.pss.msg.reciever.process.TradeProcessor.process(TradeProcessor.java:49)
	at com.westernasset.pss.msg.queue.MessageFetcher.processMessage(MessageFetcher.java:91)
	at com.westernasset.pss.msg.queue.MessageFetcher.pullMessageFromQueue(MessageFetcher.java:78)
	at com.westernasset.pss.msg.queue.MessageFetcher.run(MessageFetcher.java:48)

2014-09-25 14:50:08,016 ERROR [AtpToPssMapper] com.westernasset.framework.subsystem.common.SubsystemException: SubsystemExceptionNested:
java.lang.NullPointerExceptionNested:
java.lang.NullPointerException
	at com.westernasset.smss.server.SecurityMasterNearCacheSubsystem.getDigitRatingFromString(SecurityMasterNearCacheSubsystem.java:187)
	at com.westernasset.smss.server.SecurityMasterNearCacheSubsystem.handleFuncCall(SecurityMasterNearCacheSubsystem.java:85)
	at com.westernasset.smss.server.SecurityMasterManagementSubsystem.handleFuncCall(SecurityMasterManagementSubsystem.java:23)
	at com.westernasset.framework.subsystem.receiving.SubsystemImpl.innerHandleFuncCall(SubsystemImpl.java:154)
	at com.westernasset.framework.subsystem.receiving.internal.InProcessFunctionCallReceiver.handleFuncCall(InProcessFunctionCallReceiver.java:49)
	at com.westernasset.framework.subsystem.calling.internal.inprocess.InProcessFunctionCallCaller.doCall(InProcessFunctionCallCaller.java:19)
	at com.westernasset.framework.subsystem.calling.internal.inprocess.ForwardIfNotFoundFunctionCallCaller.doCall(ForwardIfNotFoundFunctionCallCaller.java:28)
	at com.westernasset.framework.subsystem.calling.internal.base.BaseFunctionCallCaller.callFunc(BaseFunctionCallCaller.java:33)
	at com.westernasset.framework.subsystem.calling.internal.base.BaseSubsystem.callFunc(BaseSubsystem.java:35)
	at com.westernasset.pss.msg.mapper.AtpToPssMapper.getRating(AtpToPssMapper.java:219)
	at com.westernasset.pss.msg.mapper.AtpToPssMapper.updateSecurityWithRatings(AtpToPssMapper.java:197)
	at com.westernasset.pss.msg.mapper.AtpToPssMapper.createSecurityVO(AtpToPssMapper.java:133)
	at com.westernasset.pss.msg.reciever.process.TradeProcessor.createSecurity(TradeProcessor.java:297)
	at com.westernasset.pss.msg.reciever.process.TradeProcessor.process(TradeProcessor.java:49)
	at com.westernasset.pss.msg.queue.MessageFetcher.processMessage(MessageFetcher.java:91)
	at com.westernasset.pss.msg.queue.MessageFetcher.pullMessageFromQueue(MessageFetcher.java:78)
	at com.westernasset.pss.msg.queue.MessageFetcher.run(MessageFetcher.java:48)

2014-09-25 14:50:08,018 ERROR [AtpToPssMapper] com.westernasset.framework.subsystem.common.SubsystemException: SubsystemExceptionNested:
java.lang.NullPointerExceptionNested:
java.lang.NullPointerException
	at com.westernasset.smss.server.SecurityMasterNearCacheSubsystem.getDigitRatingFromString(SecurityMasterNearCacheSubsystem.java:187)
	at com.westernasset.smss.server.SecurityMasterNearCacheSubsystem.handleFuncCall(SecurityMasterNearCacheSubsystem.java:85)
	at com.westernasset.smss.server.SecurityMasterManagementSubsystem.handleFuncCall(SecurityMasterManagementSubsystem.java:23)
	at com.westernasset.framework.subsystem.receiving.SubsystemImpl.innerHandleFuncCall(SubsystemImpl.java:154)
	at com.westernasset.framework.subsystem.receiving.internal.InProcessFunctionCallReceiver.handleFuncCall(InProcessFunctionCallReceiver.java:49)
	at com.westernasset.framework.subsystem.calling.internal.inprocess.InProcessFunctionCallCaller.doCall(InProcessFunctionCallCaller.java:19)
	at com.westernasset.framework.subsystem.calling.internal.inprocess.ForwardIfNotFoundFunctionCallCaller.doCall(ForwardIfNotFoundFunctionCallCaller.java:28)
	at com.westernasset.framework.subsystem.calling.internal.base.BaseFunctionCallCaller.callFunc(BaseFunctionCallCaller.java:33)
	at com.westernasset.framework.subsystem.calling.internal.base.BaseSubsystem.callFunc(BaseSubsystem.java:35)
	at com.westernasset.pss.msg.mapper.AtpToPssMapper.getRating(AtpToPssMapper.java:219)
	at com.westernasset.pss.msg.mapper.AtpToPssMapper.updateSecurityWithRatings(AtpToPssMapper.java:202)
	at com.westernasset.pss.msg.mapper.AtpToPssMapper.createSecurityVO(AtpToPssMapper.java:133)
	at com.westernasset.pss.msg.reciever.process.TradeProcessor.createSecurity(TradeProcessor.java:297)
	at com.westernasset.pss.msg.reciever.process.TradeProcessor.process(TradeProcessor.java:49)
	at com.westernasset.pss.msg.queue.MessageFetcher.processMessage(MessageFetcher.java:91)
	at com.westernasset.pss.msg.queue.MessageFetcher.pullMessageFromQueue(MessageFetcher.java:78)
	at com.westernasset.pss.msg.queue.MessageFetcher.run(MessageFetcher.java:48)

2014-09-25 14:50:08.434 Oracle Coherence GE 3.3.1/389 <Info> (thread=Trade Message Fetcher, member=1): Restarting NamedCache: near-com.westernasset.cache.AssetIdSecurityIdCache
2014-09-25 14:50:08,442 INFO  [TradeProcessor] Created Security :{SecurityId=1, AMTValue=1.0, MoodyRating=0, MoodyShortRating=0, FitchRating=0, FitchShortRating=0, SecurityTypeId=26, AssetTypeId=6, ProductId=20, SpRating=0, SpShortRating=0, WaRating=0, WaShortRating=0, AssetId=USD_CASH, CurrencyCode=USD, SecurityType=CASH, Description=TRADE DATE CASH, Product=Bonds/Notes (Par), TickerSymbol=CASH, AverageLife=0.003, Coupon=0.0, Dtm=1.0, DtmLegalFinal=1.0, Factor=1.0, DurationFactor=1.0, EffectiveConvexity=0.0, EffectiveDuration=0.003, YieldToWorst=0.09, MarketCFYield=0.09, OptionASpread=0.0, SpreadDuration=0.0, Country=US, AMT=N, NyIssuer=CASH&8, LnIssuer=CASH&8, NyIssuerKey=CASH, NyLiqHYL1=UnClassified, NyLiqHYL2=UnClassified, NyMuniHYL1=UnClassified, NyMuniHYL2=UnClassified, NyMuniHYL3=UnClassified, MuniTaxStatus=Taxable, IMMFADaily=0.0, IMMFAWeekly=0.0, aSevenFivepct=0.0, aSevenTwentypct=0.0, aSevenTwentypctOld=0.0, oneDayLiquity=0.0, sevenDayLiquity=0.0, Obligor=, ForeignBankObligation=0}
2014-09-25 14:50:08,444 INFO  [TradeProcessor] TradeList has tradeIds :[TradeId=7462104:secId=1:tradeStatus=Posted:tradeDate=1411628400000]
2014-09-25 14:50:08,459 INFO  [TradeCacheManager] loadTradeTransactionCache size = 41
2014-09-25 14:50:08,463 INFO  [LotCacheManager] Adding 1 lots in the Cache
2014-09-25 14:50:08,478 INFO  [RollupParams] No rollups for pf 6070
2014-09-25 14:50:08,482 INFO  [TradeProcessor] End process method 730 MB
2014-09-25 14:50:08,482 INFO  [TradeProcessor] Time taken by TradeProcessor.process method 474
2014-09-25 14:50:08,482 INFO  [MessageFetcher] Processing message completed...[7462104]
2014-09-25 14:50:11.165 Oracle Coherence GE 3.3.1/389 <Info> (thread=SusbsystemHeartbeatService, member=1): Restarting NamedCache: near-com.westernasset.cache.ProductCache
2014-09-25 14:50:11.187 Oracle Coherence GE 3.3.1/389 <Info> (thread=SusbsystemHeartbeatService, member=1): Restarting NamedCache: near-com.westernasset.cache.PortfolioByNumCache
2014-09-25 14:50:11,189 ERROR [SubsystemHeartbeatService] SusbsystemHeartbeatService.run
java.lang.IllegalStateException: Configuration cannot be specified once the service has been started: ClusterService{Name=Cluster, State=(SERVICE_STOPPED, STATE_JOINED), Id=0, Version=3.3}
	at com.tangosol.coherence.component.util.daemon.queueProcessor.Service.setServiceConfig(Service.CDB:3)
	at com.tangosol.coherence.component.util.daemon.queueProcessor.Service.configure(Service.CDB:5)
	at com.tangosol.coherence.component.util.SafeService.startService(SafeService.CDB:6)
	at com.tangosol.coherence.component.util.SafeService.ensureRunningService(SafeService.CDB:27)
	at com.tangosol.coherence.component.util.SafeService.getRunningService(SafeService.CDB:1)
	at com.tangosol.coherence.component.util.SafeService.getInfo(SafeService.CDB:1)
	at com.westernasset.framework.subsystem.receiving.internal.jms.SubsystemHeartbeatService.fillServiceMap(SubsystemHeartbeatService.java:90)
	at com.westernasset.framework.subsystem.receiving.internal.jms.SubsystemHeartbeatService.fillInHostInfo(SubsystemHeartbeatService.java:74)
	at com.westernasset.framework.subsystem.receiving.internal.jms.SubsystemHeartbeatService.run(SubsystemHeartbeatService.java:146)
2014-09-25 14:50:15.016 Oracle Coherence GE 3.3.1/389 <D5> (thread=Cluster, member=1): Member(Id=13, Timestamp=2014-09-25 14:50:14.832, Address=10.199.0.32:8089, MachineId=52512, Location=process:9405@dssprod02) joined Cluster with senior member 1
2014-09-25 14:50:16.495 Oracle Coherence GE 3.3.1/389 <D5> (thread=Cluster, member=1): Member 13 joined Service DistributedCache with senior member 1
2014-09-25 14:50:16.703 Oracle Coherence GE 3.3.1/389 <D5> (thread=DistributedCache, member=1): Service DistributedCache: sending ServiceConfigSync containing 285 entries to Member 13
2014-09-25 14:50:31,293 ERROR [SubsystemHeartbeatService] SusbsystemHeartbeatService.run
java.lang.IllegalStateException: Configuration cannot be specified once the service has been started: ClusterService{Name=Cluster, State=(SERVICE_STOPPED, STATE_JOINED), Id=0, Version=3.3}
	at com.tangosol.coherence.component.util.daemon.queueProcessor.Service.setServiceConfig(Service.CDB:3)
	at com.tangosol.coherence.component.util.daemon.queueProcessor.Service.configure(Service.CDB:5)
	at com.tangosol.coherence.component.util.SafeService.startService(SafeService.CDB:6)
	at com.tangosol.coherence.component.util.SafeService.ensureRunningService(SafeService.CDB:27)
	at com.tangosol.coherence.component.util.SafeService.getRunningService(SafeService.CDB:1)
	at com.tangosol.coherence.component.util.SafeService.getInfo(SafeService.CDB:1)
	at com.westernasset.framework.subsystem.receiving.internal.jms.SubsystemHeartbeatService.fillServiceMap(SubsystemHeartbeatService.java:90)
	at com.westernasset.framework.subsystem.receiving.internal.jms.SubsystemHeartbeatService.fillInHostInfo(SubsystemHeartbeatService.java:74)
	at com.westernasset.framework.subsystem.receiving.internal.jms.SubsystemHeartbeatService.run(SubsystemHeartbeatService.java:146)
2014-09-25 14:50:33.230 Oracle Coherence GE 3.3.1/389 <D5> (thread=Cluster, member=1): Member(Id=14, Timestamp=2014-09-25 14:50:33.055, Address=10.199.0.30:8090, MachineId=52510, Location=process:20092@dssprod01) joined Cluster with senior member 1
2014-09-25 14:50:33.900 Oracle Coherence GE 3.3.1/389 <D5> (thread=Cluster, member=1): TcpRing: disconnected from member 4 due to a disconnect request
2014-09-25 14:50:51,341 ERROR [SubsystemHeartbeatService] SusbsystemHeartbeatService.run
java.lang.IllegalStateException: Configuration cannot be specified once the service has been started: ClusterService{Name=Cluster, State=(SERVICE_STOPPED, STATE_JOINED), Id=0, Version=3.3}
	at com.tangosol.coherence.component.util.daemon.queueProcessor.Service.setServiceConfig(Service.CDB:3)
	at com.tangosol.coherence.component.util.daemon.queueProcessor.Service.configure(Service.CDB:5)
	at com.tangosol.coherence.component.util.SafeService.startService(SafeService.CDB:6)
	at com.tangosol.coherence.component.util.SafeService.ensureRunningService(SafeService.CDB:27)
	at com.tangosol.coherence.component.util.SafeService.getRunningService(SafeService.CDB:1)
	at com.tangosol.coherence.component.util.SafeService.getInfo(SafeService.CDB:1)
	at com.westernasset.framework.subsystem.receiving.internal.jms.SubsystemHeartbeatService.fillServiceMap(SubsystemHeartbeatService.java:90)
	at com.westernasset.framework.subsystem.receiving.internal.jms.SubsystemHeartbeatService.fillInHostInfo(SubsystemHeartbeatService.java:74)
	at com.westernasset.framework.subsystem.receiving.internal.jms.SubsystemHeartbeatService.run(SubsystemHeartbeatService.java:146)
2014-09-25 14:51:11,391 ERROR [SubsystemHeartbeatService] SusbsystemHeartbeatService.run
java.lang.IllegalStateException: Configuration cannot be specified once the service has been started: ClusterService{Name=Cluster, State=(SERVICE_STOPPED, STATE_JOINED), Id=0, Version=3.3}
	at com.tangosol.coherence.component.util.daemon.queueProcessor.Service.setServiceConfig(Service.CDB:3)
	at com.tangosol.coherence.component.util.daemon.queueProcessor.Service.configure(Service.CDB:5)
	at com.tangosol.coherence.component.util.SafeService.startService(SafeService.CDB:6)
	at com.tangosol.coherence.component.util.SafeService.ensureRunningService(SafeService.CDB:27)
	at com.tangosol.coherence.component.util.SafeService.getRunningService(SafeService.CDB:1)
	at com.tangosol.coherence.component.util.SafeService.getInfo(SafeService.CDB:1)
	at com.westernasset.framework.subsystem.receiving.internal.jms.SubsystemHeartbeatService.fillServiceMap(SubsystemHeartbeatService.java:90)
	at com.westernasset.framework.subsystem.receiving.internal.jms.SubsystemHeartbeatService.fillInHostInfo(SubsystemHeartbeatService.java:74)
	at com.westernasset.framework.subsystem.receiving.internal.jms.SubsystemHeartbeatService.run(SubsystemHeartbeatService.java:146)
2014-09-25 14:51:30.271 Oracle Coherence GE 3.3.1/389 <D5> (thread=Cluster, member=1): Member 14 joined Service DistributedCache with senior member 1
2014-09-25 14:51:30.481 Oracle Coherence GE 3.3.1/389 <D5> (thread=DistributedCache, member=1): Service DistributedCache: sending ServiceConfigSync containing 285 entries to Member 14
2014-09-25 14:51:31.592 Oracle Coherence GE 3.3.1/389 <Info> (thread=SusbsystemHeartbeatService, member=1): Restarting NamedCache: near-com.westernasset.cache.PortfolioCache
2014-09-25 14:51:31,600 ERROR [SubsystemHeartbeatService] SusbsystemHeartbeatService.run
java.lang.IllegalStateException: Configuration cannot be specified once the service has been started: ClusterService{Name=Cluster, State=(SERVICE_STOPPED, STATE_JOINED), Id=0, Version=3.3}
	at com.tangosol.coherence.component.util.daemon.queueProcessor.Service.setServiceConfig(Service.CDB:3)
	at com.tangosol.coherence.component.util.daemon.queueProcessor.Service.configure(Service.CDB:5)
	at com.tangosol.coherence.component.util.SafeService.startService(SafeService.CDB:6)
	at com.tangosol.coherence.component.util.SafeService.ensureRunningService(SafeService.CDB:27)
	at com.tangosol.coherence.component.util.SafeService.getRunningService(SafeService.CDB:1)
	at com.tangosol.coherence.component.util.SafeService.getInfo(SafeService.CDB:1)
	at com.westernasset.framework.subsystem.receiving.internal.jms.SubsystemHeartbeatService.fillServiceMap(SubsystemHeartbeatService.java:90)
	at com.westernasset.framework.subsystem.receiving.internal.jms.SubsystemHeartbeatService.fillInHostInfo(SubsystemHeartbeatService.java:74)
	at com.westernasset.framework.subsystem.receiving.internal.jms.SubsystemHeartbeatService.run(SubsystemHeartbeatService.java:146)
2014-09-25 14:51:49.989 Oracle Coherence GE 3.3.1/389 <D5> (thread=Cluster, member=1): Member(Id=15, Timestamp=2014-09-25 14:51:49.806, Address=10.199.0.32:8090, MachineId=52512, Location=process:9568@dssprod02) joined Cluster with senior member 1
2014-09-25 14:51:50.198 Oracle Coherence GE 3.3.1/389 <D5> (thread=TcpRingListener, member=1): TcpRing: connecting to member 15 using TcpSocket{State=STATE_OPEN, Socket=Socket[addr=/10.199.0.32,port=46661,localport=8089]}
589.961: [GC 589.961: [ParNew: 36396K->3154K(38336K), 0.0117110 secs] 765218K->731976K(1065664K), 0.0118230 secs] [Times: user=0.02 sys=0.00, real=0.02 secs] 
2014-09-25 14:51:51,685 ERROR [SubsystemHeartbeatService] SusbsystemHeartbeatService.run
java.lang.IllegalStateException: Configuration cannot be specified once the service has been started: ClusterService{Name=Cluster, State=(SERVICE_STOPPED, STATE_JOINED), Id=0, Version=3.3}
	at com.tangosol.coherence.component.util.daemon.queueProcessor.Service.setServiceConfig(Service.CDB:3)
	at com.tangosol.coherence.component.util.daemon.queueProcessor.Service.configure(Service.CDB:5)
	at com.tangosol.coherence.component.util.SafeService.startService(SafeService.CDB:6)
	at com.tangosol.coherence.component.util.SafeService.ensureRunningService(SafeService.CDB:27)
	at com.tangosol.coherence.component.util.SafeService.getRunningService(SafeService.CDB:1)
	at com.tangosol.coherence.component.util.SafeService.getInfo(SafeService.CDB:1)
	at com.westernasset.framework.subsystem.receiving.internal.jms.SubsystemHeartbeatService.fillServiceMap(SubsystemHeartbeatService.java:90)
	at com.westernasset.framework.subsystem.receiving.internal.jms.SubsystemHeartbeatService.fillInHostInfo(SubsystemHeartbeatService.java:74)
	at com.westernasset.framework.subsystem.receiving.internal.jms.SubsystemHeartbeatService.run(SubsystemHeartbeatService.java:146)
2014-09-25 14:52:11,756 ERROR [SubsystemHeartbeatService] SusbsystemHeartbeatService.run
java.lang.IllegalStateException: Configuration cannot be specified once the service has been started: ClusterService{Name=Cluster, State=(SERVICE_STOPPED, STATE_JOINED), Id=0, Version=3.3}
	at com.tangosol.coherence.component.util.daemon.queueProcessor.Service.setServiceConfig(Service.CDB:3)
	at com.tangosol.coherence.component.util.daemon.queueProcessor.Service.configure(Service.CDB:5)
	at com.tangosol.coherence.component.util.SafeService.startService(SafeService.CDB:6)
	at com.tangosol.coherence.component.util.SafeService.ensureRunningService(SafeService.CDB:27)
	at com.tangosol.coherence.component.util.SafeService.getRunningService(SafeService.CDB:1)
	at com.tangosol.coherence.component.util.SafeService.getInfo(SafeService.CDB:1)
	at com.westernasset.framework.subsystem.receiving.internal.jms.SubsystemHeartbeatService.fillServiceMap(SubsystemHeartbeatService.java:90)
	at com.westernasset.framework.subsystem.receiving.internal.jms.SubsystemHeartbeatService.fillInHostInfo(SubsystemHeartbeatService.java:74)
	at com.westernasset.framework.subsystem.receiving.internal.jms.SubsystemHeartbeatService.run(SubsystemHeartbeatService.java:146)
2014-09-25 14:52:31.372 Oracle Coherence GE 3.3.1/389 <D5> (thread=Cluster, member=1): Member 8 left service DistributedCache with senior member 1
2014-09-25 14:52:31.372 Oracle Coherence GE 3.3.1/389 <D5> (thread=Cluster, member=1): Member 8 left service ReplicatedCache with senior member 1
2014-09-25 14:52:31.373 Oracle Coherence GE 3.3.1/389 <D5> (thread=Cluster, member=1): Member 8 left Cluster with senior member 1
2014-09-25 14:52:31,813 ERROR [SubsystemHeartbeatService] SusbsystemHeartbeatService.run
java.lang.IllegalStateException: Configuration cannot be specified once the service has been started: ClusterService{Name=Cluster, State=(SERVICE_STOPPED, STATE_JOINED), Id=0, Version=3.3}
	at com.tangosol.coherence.component.util.daemon.queueProcessor.Service.setServiceConfig(Service.CDB:3)
	at com.tangosol.coherence.component.util.daemon.queueProcessor.Service.configure(Service.CDB:5)
	at com.tangosol.coherence.component.util.SafeService.startService(SafeService.CDB:6)
	at com.tangosol.coherence.component.util.SafeService.ensureRunningService(SafeService.CDB:27)
	at com.tangosol.coherence.component.util.SafeService.getRunningService(SafeService.CDB:1)
	at com.tangosol.coherence.component.util.SafeService.getInfo(SafeService.CDB:1)
	at com.westernasset.framework.subsystem.receiving.internal.jms.SubsystemHeartbeatService.fillServiceMap(SubsystemHeartbeatService.java:90)
	at com.westernasset.framework.subsystem.receiving.internal.jms.SubsystemHeartbeatService.fillInHostInfo(SubsystemHeartbeatService.java:74)
	at com.westernasset.framework.subsystem.receiving.internal.jms.SubsystemHeartbeatService.run(SubsystemHeartbeatService.java:146)
2014-09-25 14:52:31,891 INFO  [PSSJmxManager] Stopping HTTP adaptor on pssprod01:9095
HttpAdaptor version 3.0.2 stopped on port 9095
2014-09-25 14:52:31,892 INFO  [PSSJmxManager] HTTP adaptor stopped
Sep 25, 2014 2:52:31 PM org.apache.coyote.AbstractProtocol pause
INFO: Pausing ProtocolHandler ["http-bio-8080"]
Sep 25, 2014 2:52:31 PM org.apache.coyote.AbstractProtocol pause
INFO: Pausing ProtocolHandler ["ajp-bio-8009"]
Sep 25, 2014 2:52:31 PM org.apache.catalina.core.StandardService stopInternal
INFO: Stopping service Catalina
2014-09-25 14:52:31,925 INFO  [PositionSubsystemServlet] Destroying context ...
2014-09-25 14:52:31.896 Oracle Coherence GE 3.3.1/389 <D4> (thread=ShutdownHook, member=1): ShutdownHook: stopping cluster node
2014-09-25 14:52:31.899 Oracle Coherence GE 3.3.1/389 <D5> (thread=Cluster, member=1): Service Cluster left the cluster
2014-09-25 14:52:32.005 Oracle Coherence GE 3.3.1/389 <D5> (thread=ReplicatedCache, member=1): Service ReplicatedCache left the cluster
2014-09-25 14:52:32.005 Oracle Coherence GE 3.3.1/389 <D5> (thread=DistributedCache, member=1): Service DistributedCache left the cluster
2014-09-25 14:52:33,967 INFO  [PositionSubsystemServlet] Shutting down CacheFactory ... 
2014-09-25 14:52:33.982 Oracle Coherence GE 3.3.1/389 <Info> (thread=localhost-startStop-2, member=n/a): Loaded operational configuration from resource "jar:file:/opt/projects/trading/shared/lib/coherence.jar!/tangosol-coherence.xml"
2014-09-25 14:52:33.985 Oracle Coherence GE 3.3.1/389 <Info> (thread=localhost-startStop-2, member=n/a): Loaded operational overrides from resource "file:/opt/projects/trading/shared/conf/tangosol-coherence-override-prod.xml"
2014-09-25 14:52:33.985 Oracle Coherence GE 3.3.1/389 <D5> (thread=localhost-startStop-2, member=n/a): Optional configuration override "/tangosol-coherence-override.xml" is not specified

Oracle Coherence Version 3.3.1/389
 Grid Edition: Production mode
Copyright (c) 2000-2007 Oracle. All rights reserved.

Sep 25, 2014 2:52:34 PM org.apache.catalina.loader.WebappClassLoader clearReferencesJdbc
SEVERE: The web application [/GenericPositionSubsystemWeb] registered the JDBC driver [com.sybase.jdbc4.jdbc.SybDriver] but failed to unregister it when the web application was stopped. To prevent a memory leak, the JDBC Driver has been forcibly unregistered.
Sep 25, 2014 2:52:34 PM org.apache.catalina.loader.WebappClassLoader clearReferencesJdbc
SEVERE: The web application [/GenericPositionSubsystemWeb] registered the JDBC driver [oracle.jdbc.driver.OracleDriver] but failed to unregister it when the web application was stopped. To prevent a memory leak, the JDBC Driver has been forcibly unregistered.
Sep 25, 2014 2:52:34 PM org.apache.catalina.loader.WebappClassLoader clearReferencesThreads
SEVERE: The web application [/GenericPositionSubsystemWeb] appears to have started a thread named [NonJmsDeliveryThread-1] but has failed to stop it. This is very likely to create a memory leak.
Sep 25, 2014 2:52:34 PM org.apache.catalina.loader.WebappClassLoader clearReferencesThreads
SEVERE: The web application [/GenericPositionSubsystemWeb] appears to have started a thread named [NonJmsDeliveryThread-2] but has failed to stop it. This is very likely to create a memory leak.
Sep 25, 2014 2:52:34 PM org.apache.catalina.loader.WebappClassLoader clearReferencesThreads
SEVERE: The web application [/GenericPositionSubsystemWeb] appears to have started a thread named [NonJmsDeliveryThread-3] but has failed to stop it. This is very likely to create a memory leak.
Sep 25, 2014 2:52:34 PM org.apache.catalina.loader.WebappClassLoader clearReferencesThreads
SEVERE: The web application [/GenericPositionSubsystemWeb] appears to have started a thread named [NonJmsDeliveryThread-4] but has failed to stop it. This is very likely to create a memory leak.
Sep 25, 2014 2:52:34 PM org.apache.catalina.loader.WebappClassLoader clearReferencesThreads
SEVERE: The web application [/GenericPositionSubsystemWeb] appears to have started a thread named [NonJmsDeliveryThread-5] but has failed to stop it. This is very likely to create a memory leak.
Sep 25, 2014 2:52:34 PM org.apache.catalina.loader.WebappClassLoader clearReferencesThreads
SEVERE: The web application [/GenericPositionSubsystemWeb] appears to have started a thread named [SusbsystemHeartbeatService] but has failed to stop it. This is very likely to create a memory leak.
Sep 25, 2014 2:52:34 PM org.apache.catalina.loader.WebappClassLoader clearReferencesThreads
SEVERE: The web application [/GenericPositionSubsystemWeb] appears to have started a thread named [NonJmsDeliveryThread-6] but has failed to stop it. This is very likely to create a memory leak.
Sep 25, 2014 2:52:34 PM org.apache.catalina.loader.WebappClassLoader clearReferencesThreads
SEVERE: The web application [/GenericPositionSubsystemWeb] appears to have started a thread named [Logger@9226098 3.3.1/389] but has failed to stop it. This is very likely to create a memory leak.
Sep 25, 2014 2:52:34 PM org.apache.catalina.loader.WebappClassLoader clearReferencesThreads
SEVERE: The web application [/GenericPositionSubsystemWeb] appears to have started a thread named [JMSFunctionCallCallers:1] but has failed to stop it. This is very likely to create a memory leak.
Sep 25, 2014 2:52:34 PM org.apache.catalina.loader.WebappClassLoader clearReferencesThreads
SEVERE: The web application [/GenericPositionSubsystemWeb] appears to have started a thread named [JMSFunctionCallCallers:2] but has failed to stop it. This is very likely to create a memory leak.
Sep 25, 2014 2:52:34 PM org.apache.catalina.loader.WebappClassLoader clearReferencesThreads
SEVERE: The web application [/GenericPositionSubsystemWeb] appears to have started a thread named [JMSFunctionCallCallers:3] but has failed to stop it. This is very likely to create a memory leak.
Sep 25, 2014 2:52:34 PM org.apache.catalina.loader.WebappClassLoader checkThreadLocalMapForLeaks
SEVERE: The web application [/GenericPositionSubsystemWeb] created a ThreadLocal with key of type [java.lang.ThreadLocal] (value [java.lang.ThreadLocal@38938b19]) and a value of type [org.exolab.castor.xml.Unmarshaller] (value [org.exolab.castor.xml.Unmarshaller@5e913353]) but failed to remove it when the web application was stopped. Threads are going to be renewed over time to try and avoid a probable memory leak.
Sep 25, 2014 2:52:34 PM org.apache.coyote.AbstractProtocol stop
INFO: Stopping ProtocolHandler ["http-bio-8080"]
Sep 25, 2014 2:52:34 PM org.apache.coyote.AbstractProtocol stop
INFO: Stopping ProtocolHandler ["ajp-bio-8009"]
Sep 25, 2014 2:52:34 PM org.apache.coyote.AbstractProtocol destroy
INFO: Destroying ProtocolHandler ["http-bio-8080"]
Sep 25, 2014 2:52:34 PM org.apache.coyote.AbstractProtocol destroy
INFO: Destroying ProtocolHandler ["ajp-bio-8009"]
Heap
 par new generation   total 38336K, used 15045K [0x0000000735a00000, 0x0000000738390000, 0x0000000738390000)
  eden space 34112K,  34% used [0x0000000735a00000, 0x000000073659cd10, 0x0000000737b50000)
  from space 4224K,  74% used [0x0000000737f70000, 0x0000000738284898, 0x0000000738390000)
  to   space 4224K,   0% used [0x0000000737b50000, 0x0000000737b50000, 0x0000000737f70000)
 concurrent mark-sweep generation total 1027328K, used 728822K [0x0000000738390000, 0x0000000776ed0000, 0x00000007f5a00000)
 concurrent-mark-sweep perm gen total 80164K, used 54424K [0x00000007f5a00000, 0x00000007fa849000, 0x0000000800000000)
